Archive member included to satisfy reference by file (symbol)

c:/program files (x86)/atmel/studio/7.0/toolchain/avr8/avr8-gnu-toolchain/bin/../lib/gcc/avr/5.4.0/../../../../avr/lib/avr6\libm.a(fixsfsi.o)
                              UplinkHandler.o (__fixsfsi)
c:/program files (x86)/atmel/studio/7.0/toolchain/avr8/avr8-gnu-toolchain/bin/../lib/gcc/avr/5.4.0/../../../../avr/lib/avr6\libm.a(fixunssfsi.o)
                              LightHandler.o (__fixunssfsi)
c:/program files (x86)/atmel/studio/7.0/toolchain/avr8/avr8-gnu-toolchain/bin/../lib/gcc/avr/5.4.0/../../../../avr/lib/avr6\libm.a(fp_split3.o)
                              c:/program files (x86)/atmel/studio/7.0/toolchain/avr8/avr8-gnu-toolchain/bin/../lib/gcc/avr/5.4.0/../../../../avr/lib/avr6\libm.a(fixunssfsi.o) (__fp_splitA)
c:/program files (x86)/atmel/studio/7.0/toolchain/avr8/avr8-gnu-toolchain/bin/../lib/gcc/avr/5.4.0/../../../../avr/lib/avr6\libm.a(fp_zero.o)
                              c:/program files (x86)/atmel/studio/7.0/toolchain/avr8/avr8-gnu-toolchain/bin/../lib/gcc/avr/5.4.0/../../../../avr/lib/avr6\libm.a(fixunssfsi.o) (__fp_zero)
c:/program files (x86)/atmel/studio/7.0/toolchain/avr8/avr8-gnu-toolchain/bin/../lib/gcc/avr/5.4.0/../../../../avr/lib/avr6\libm.a(modf.o)
                              UplinkHandler.o (modf)
c:/program files (x86)/atmel/studio/7.0/toolchain/avr8/avr8-gnu-toolchain/bin/../lib/gcc/avr/5.4.0/../../../../avr/lib/avr6\libm.a(mulsf3.o)
                              UplinkHandler.o (__mulsf3)
c:/program files (x86)/atmel/studio/7.0/toolchain/avr8/avr8-gnu-toolchain/bin/../lib/gcc/avr/5.4.0/../../../../avr/lib/avr6\libm.a(mulsf3x.o)
                              c:/program files (x86)/atmel/studio/7.0/toolchain/avr8/avr8-gnu-toolchain/bin/../lib/gcc/avr/5.4.0/../../../../avr/lib/avr6\libm.a(mulsf3.o) (__mulsf3x)
c:/program files (x86)/atmel/studio/7.0/toolchain/avr8/avr8-gnu-toolchain/bin/../lib/gcc/avr/5.4.0/../../../../avr/lib/avr6\libm.a(addsf3.o)
                              c:/program files (x86)/atmel/studio/7.0/toolchain/avr8/avr8-gnu-toolchain/bin/../lib/gcc/avr/5.4.0/../../../../avr/lib/avr6\libm.a(modf.o) (__subsf3)
c:/program files (x86)/atmel/studio/7.0/toolchain/avr8/avr8-gnu-toolchain/bin/../lib/gcc/avr/5.4.0/../../../../avr/lib/avr6\libm.a(addsf3x.o)
                              c:/program files (x86)/atmel/studio/7.0/toolchain/avr8/avr8-gnu-toolchain/bin/../lib/gcc/avr/5.4.0/../../../../avr/lib/avr6\libm.a(addsf3.o) (__addsf3x)
c:/program files (x86)/atmel/studio/7.0/toolchain/avr8/avr8-gnu-toolchain/bin/../lib/gcc/avr/5.4.0/../../../../avr/lib/avr6\libm.a(fp_inf.o)
                              c:/program files (x86)/atmel/studio/7.0/toolchain/avr8/avr8-gnu-toolchain/bin/../lib/gcc/avr/5.4.0/../../../../avr/lib/avr6\libm.a(mulsf3x.o) (__fp_inf)
c:/program files (x86)/atmel/studio/7.0/toolchain/avr8/avr8-gnu-toolchain/bin/../lib/gcc/avr/5.4.0/../../../../avr/lib/avr6\libm.a(fp_nan.o)
                              c:/program files (x86)/atmel/studio/7.0/toolchain/avr8/avr8-gnu-toolchain/bin/../lib/gcc/avr/5.4.0/../../../../avr/lib/avr6\libm.a(mulsf3x.o) (__fp_nan)
c:/program files (x86)/atmel/studio/7.0/toolchain/avr8/avr8-gnu-toolchain/bin/../lib/gcc/avr/5.4.0/../../../../avr/lib/avr6\libm.a(fp_pscA.o)
                              c:/program files (x86)/atmel/studio/7.0/toolchain/avr8/avr8-gnu-toolchain/bin/../lib/gcc/avr/5.4.0/../../../../avr/lib/avr6\libm.a(mulsf3x.o) (__fp_pscA)
c:/program files (x86)/atmel/studio/7.0/toolchain/avr8/avr8-gnu-toolchain/bin/../lib/gcc/avr/5.4.0/../../../../avr/lib/avr6\libm.a(fp_pscB.o)
                              c:/program files (x86)/atmel/studio/7.0/toolchain/avr8/avr8-gnu-toolchain/bin/../lib/gcc/avr/5.4.0/../../../../avr/lib/avr6\libm.a(mulsf3x.o) (__fp_pscB)
c:/program files (x86)/atmel/studio/7.0/toolchain/avr8/avr8-gnu-toolchain/bin/../lib/gcc/avr/5.4.0/../../../../avr/lib/avr6\libm.a(fp_round.o)
                              c:/program files (x86)/atmel/studio/7.0/toolchain/avr8/avr8-gnu-toolchain/bin/../lib/gcc/avr/5.4.0/../../../../avr/lib/avr6\libm.a(mulsf3.o) (__fp_round)
../drivers\libIotLibrary.a(hih8120.o)
                              TemperatureHandler.o (hih8120_initialise)
../drivers\libIotLibrary.a(lora_driver.o)
                              UplinkHandler.o (lora_driver_flushBuffers)
../drivers\libIotLibrary.a(lora_driver_utils.o)
                              ../drivers\libIotLibrary.a(lora_driver.o) (decode_port_no)
../drivers\libIotLibrary.a(mh_z19.o)
                              CO2Handler.o (mh_z19_initialise)
../drivers\libIotLibrary.a(serial.o)
                              ../drivers\libIotLibrary.a(lora_driver.o) (serial_create)
../drivers\libIotLibrary.a(stdio_driver.o)
                              main.o (stdio_initialise)
../drivers\libIotLibrary.a(status_leds.o)
                              LoRaWANHandler.o (status_leds_slowBlink)
../drivers\libIotLibrary.a(tsl2591.o)
[...]
Memory Configuration

Name             Origin             Length             Attributes
text             0x00000000         0x00040000         xr
data             0x00800200         0x00002000         rw !x
eeprom           0x00810000         0x00001000         rw !x
fuse             0x00820000         0x00000003         rw !x
lock             0x00830000         0x00000400         rw !x
signature        0x00840000         0x00000400         rw !x
user_signatures  0x00850000         0x00000400         rw !x
*default*        0x00000000         0xffffffff

Linker script and memory map

Address of section .data set to 0x800200
LOAD C:/Program Files (x86)/Atmel/Studio/7.0/Packs/atmel/ATmega_DFP/1.6.364/gcc/dev/atmega2560/avr6/crtatmega2560.o
LOAD CO2Handler.o
LOAD DownlinkHandler.o
LOAD LightHandler.o
LOAD TemperatureHandler.o
LOAD UplinkHandler.o
LOAD FreeRTOS/FreeRTOSTraceDriver/FreeRTOSTraceDriver.o
LOAD FreeRTOS/src/croutine.o
LOAD FreeRTOS/src/event_groups.o
LOAD FreeRTOS/src/heap_4.o
LOAD FreeRTOS/src/list.o
LOAD FreeRTOS/src/port.o
LOAD FreeRTOS/src/queue.o
LOAD FreeRTOS/src/stream_buffer.o
LOAD FreeRTOS/src/tasks.o
LOAD FreeRTOS/src/timers.o
LOAD FreeRTOS/src/variantHooks.o
LOAD LoRaWANHandler.o
LOAD main.o
START GROUP
LOAD c:/program files (x86)/atmel/studio/7.0/toolchain/avr8/avr8-gnu-toolchain/bin/../lib/gcc/avr/5.4.0/../../../../avr/lib/avr6\libm.a
LOAD ../drivers\libIotLibrary.a
LOAD c:/program files (x86)/atmel/studio/7.0/toolchain/avr8/avr8-gnu-toolchain/bin/../lib/gcc/avr/5.4.0/../../../../avr/lib/avr6\libprintf_flt.a
END GROUP
START GROUP
LOAD c:/program files (x86)/atmel/studio/7.0/toolchain/avr8/avr8-gnu-toolchain/bin/../lib/gcc/avr/5.4.0/avr6\libgcc.a
LOAD c:/program files (x86)/atmel/studio/7.0/toolchain/avr8/avr8-gnu-toolchain/bin/../lib/gcc/avr/5.4.0/../../../../avr/lib/avr6\libm.a
LOAD c:/program files (x86)/atmel/studio/7.0/toolchain/avr8/avr8-gnu-toolchain/bin/../lib/gcc/avr/5.4.0/../../../../avr/lib/avr6\libc.a
LOAD C:/Program Files (x86)/Atmel/Studio/7.0/Packs/atmel/ATmega_DFP/1.6.364/gcc/dev/atmega2560/avr6\libatmega2560.a
END GROUP
                0x00000000                __TEXT_REGION_ORIGIN__ = DEFINED (__TEXT_REGION_ORIGIN__)?__TEXT_REGION_ORIGIN__:0x0
                [0x00800200]                __DATA_REGION_ORIGIN__ = DEFINED (__DATA_REGION_ORIGIN__)?__DATA_REGION_ORIGIN__:0x800200
                [0x00040000]                __TEXT_REGION_LENGTH__ = DEFINED (__TEXT_REGION_LENGTH__)?__TEXT_REGION_LENGTH__:0x100000
                [0x00002000]                __DATA_REGION_LENGTH__ = DEFINED (__DATA_REGION_LENGTH__)?__DATA_REGION_LENGTH__:0xfe00
                [0x00001000]                __EEPROM_REGION_LENGTH__ = DEFINED (__EEPROM_REGION_LENGTH__)?__EEPROM_REGION_LENGTH__:0x10000
                [0x00000003]                __FUSE_REGION_LENGTH__ = DEFINED (__FUSE_REGION_LENGTH__)?__FUSE_REGION_LENGTH__:0x400
                0x00000400                __LOCK_REGION_LENGTH__ = DEFINED (__LOCK_REGION_LENGTH__)?__LOCK_REGION_LENGTH__:0x400
                0x00000400                __SIGNATURE_REGION_LENGTH__ = DEFINED (__SIGNATURE_REGION_LENGTH__)?__SIGNATURE_REGION_LENGTH__:0x400
                0x00000400                __USER_SIGNATURE_REGION_LENGTH__ = DEFINED (__USER_SIGNATURE_REGION_LENGTH__)?__USER_SIGNATURE_REGION_LENGTH__:0x400

.hash
 *(.hash)

.dynsym
 *(.dynsym)

.dynstr
 *(.dynstr)

.gnu.version
 *(.gnu.version)

.gnu.version_d
 *(.gnu.version_d)

.gnu.version_r
 *(.gnu.version_r)

.rel.init
 *(.rel.init)

.rela.init
 *(.rela.init)

.rel.text
 *(.rel.text)
 *(.rel.text.*)
 *(.rel.gnu.linkonce.t*)

.rela.text
 *(.rela.text)
 *(.rela.text.*)
 *(.rela.gnu.linkonce.t*)

.rel.fini
 *(.rel.fini)

.rela.fini
 *(.rela.fini)

.rel.rodata
 *(.rel.rodata)
 *(.rel.rodata.*)
 *(.rel.gnu.linkonce.r*)

.rela.rodata
 *(.rela.rodata)
 *(.rela.rodata.*)
 *(.rela.gnu.linkonce.r*)

.rel.data
 *(.rel.data)
 *(.rel.data.*)
 *(.rel.gnu.linkonce.d*)

.rela.data
 *(.rela.data)
 *(.rela.data.*)
 *(.rela.gnu.linkonce.d*)

.rel.ctors
 *(.rel.ctors)

.rela.ctors
 *(.rela.ctors)

.rel.dtors
 *(.rel.dtors)

.rela.dtors
 *(.rela.dtors)

.rel.got
 *(.rel.got)

.rela.got
 *(.rela.got)

.rel.bss
 *(.rel.bss)

.rela.bss
 *(.rela.bss)

.rel.plt
 *(.rel.plt)

.rela.plt
 *(.rela.plt)

.text           0x00000000     0x70f6
 *(.vectors)
 .vectors       0x00000000       0xe4 C:/Program Files (x86)/Atmel/Studio/7.0/Packs/atmel/ATmega_DFP/1.6.364/gcc/dev/atmega2560/avr6/crtatmega2560.o
                0x00000000                __vector_default
                0x00000000                __vectors
 *(.vectors)
 *(.progmem.gcc*)
 .progmem.gcc_sw_table.prvProcessReceivedCommands
                0x000000e4       0x14 FreeRTOS/src/timers.o
 .progmem.gcc_sw_table.__vector_39
                0x000000f8       0xa2 ../drivers\libIotLibrary.a(twi.o)
                0x0000019a                . = ALIGN (0x2)
                0x0000019a                __trampolines_start = .
 *(.trampolines)
 .trampolines   0x0000019a        0x0 linker stubs
 *(.trampolines*)
                0x0000019a                __trampolines_end = .
 *libprintf_flt.a:*(.progmem.data)
 .progmem.data  0x0000019a        0x8 c:/program files (x86)/atmel/studio/7.0/toolchain/avr8/avr8-gnu-toolchain/bin/../lib/gcc/avr/5.4.0/../../../../avr/lib/avr6\libprintf_flt.a(vfprintf_flt.o)
 *libc.a:*(.progmem.data)
 .progmem.data  0x000001a2       0xfa c:/program files (x86)/atmel/studio/7.0/toolchain/avr8/avr8-gnu-toolchain/bin/../lib/gcc/avr/5.4.0/../../../../avr/lib/avr6\libc.a(ftoa_engine.o)
 *(.progmem*)
                0x0000029c                . = ALIGN (0x2)
 *(.jumptables)
 *(.jumptables*)
 *(.lowtext)
 .lowtext       0x0000029c       0x16 FreeRTOS/src/tasks.o
 .lowtext       0x000002b2       0x1e FreeRTOS/src/timers.o
 *(.lowtext*)
                0x000002d0                __ctors_start = .
 *(.ctors)
                0x000002d0                __ctors_end = .
                0x000002d0                __dtors_start = .
 *(.dtors)
                0x000002d0                __dtors_end = .
 SORT(*)(.ctors)
 SORT(*)(.dtors)
 *(.init0)
 .init0         0x000002d0        0x0 C:/Program Files (x86)/Atmel/Studio/7.0/Packs/atmel/ATmega_DFP/1.6.364/gcc/dev/atmega2560/avr6/crtatmega2560.o
                0x000002d0                __init
 *(.init0)
 *(.init1)
 *(.init1)
 *(.init2)
 .init2         0x000002d0       0x10 C:/Program Files (x86)/Atmel/Studio/7.0/Packs/atmel/ATmega_DFP/1.6.364/gcc/dev/atmega2560/avr6/crtatmega2560.o
 *(.init2)
 *(.init3)
 *(.init3)
 *(.init4)
 .init4         0x000002e0       0x1a c:/program files (x86)/atmel/studio/7.0/toolchain/avr8/avr8-gnu-toolchain/bin/../lib/gcc/avr/5.4.0/avr6\libgcc.a(_copy_data.o)
                0x000002e0                __do_copy_data
 .init4         0x000002fa       0x10 c:/program files (x86)/atmel/studio/7.0/toolchain/avr8/avr8-gnu-toolchain/bin/../lib/gcc/avr/5.4.0/avr6\libgcc.a(_clear_bss.o)
                0x000002fa                __do_clear_bss
 *(.init4)
 *(.init5)
 *(.init5)
 *(.init6)
 *(.init6)
 *(.init7)
 *(.init7)
 *(.init8)
 *(.init8)
 *(.init9)
 .init9         0x0000030a        0x8 C:/Program Files (x86)/Atmel/Studio/7.0/Packs/atmel/ATmega_DFP/1.6.364/gcc/dev/atmega2560/avr6/crtatmega2560.o
 *(.init9)
 *(.text)
 .text          0x00000312        0x2 C:/Program Files (x86)/Atmel/Studio/7.0/Packs/atmel/ATmega_DFP/1.6.364/gcc/dev/atmega2560/avr6/crtatmega2560.o
                0x00000312                __vector_38
                0x00000312                __vector_22
                0x00000312                __vector_28
                0x00000312                __vector_1
                0x00000312                __vector_32
                0x00000312                __vector_34
                0x00000312                __vector_24
                0x00000312                __vector_46
                0x00000312                __bad_interrupt
                0x00000312                __vector_6
                0x00000312                __vector_31
                0x00000312                __vector_35
                0x00000312                __vector_3
                0x00000312                __vector_23
                0x00000312                __vector_30
                0x00000312                __vector_45
                0x00000312                __vector_11
                0x00000312                __vector_13
                0x00000312                __vector_17
                0x00000312                __vector_19
                0x00000312                __vector_56
                0x00000312                __vector_7
                0x00000312                __vector_49
                0x00000312                __vector_41
                0x00000312                __vector_43
                0x00000312                __vector_27
                0x00000312                __vector_5
                0x00000312                __vector_33
                0x00000312                __vector_47
                0x00000312                __vector_4
                0x00000312                __vector_44
                0x00000312                __vector_9
                0x00000312                __vector_2
                0x00000312                __vector_21
                0x00000312                __vector_15
                0x00000312                __vector_29
                0x00000312                __vector_40
                0x00000312                __vector_8
                0x00000312                __vector_48
                0x00000312                __vector_14
                0x00000312                __vector_53
                0x00000312                __vector_10
                0x00000312                __vector_50
                0x00000312                __vector_16
                0x00000312                __vector_18
                0x00000312                __vector_20
                0x00000312                __vector_42
                0x00000314                . = ALIGN (0x2)
 *(.text.*)
 .text.CO2_callback
                0x00000314        0xa CO2Handler.o
                0x00000314                CO2_callback
 .text.startReadingCO2
                0x0000031e       0xd2 CO2Handler.o
                0x0000031e                startReadingCO2
 .text.getCO2   0x000003f0        0x8 CO2Handler.o
                0x000003f0                getCO2
 .text.CO2_handler_init
                0x000003f8       0x52 CO2Handler.o
                0x000003f8                CO2_handler_init
 .text.createCO2
                0x0000044a       0x8a CO2Handler.o
                0x0000044a                createCO2
 .text.DownLinkHandler_Create
                0x000004d4       0x40 DownlinkHandler.o
                0x000004d4                DownLinkHandler_Create
 .text.lora_DownLinkHandler_StartTask
                0x00000514       0x60 DownlinkHandler.o
                0x00000514                lora_DownLinkHandler_StartTask
 .text.lora_downlink_handler_task
                0x00000574        0x8 DownlinkHandler.o
                0x00000574                lora_downlink_handler_task
 .text.tsl2591Callback
                0x0000057c      0x124 LightHandler.o
                0x0000057c                tsl2591Callback
 .text.createLightSensor
                0x000006a0       0x88 LightHandler.o
                0x000006a0                createLightSensor
 .text.getLight
                0x00000728        0x8 LightHandler.o
                0x00000728                getLight
 .text.measureTempAndHum
                0x00000730       0x6e TemperatureHandler.o
                0x00000730                measureTempAndHum
 .text.startReading
                0x0000079e       0x80 TemperatureHandler.o
                0x0000079e                startReading
 .text.temperature_handler_init
                0x0000081e       0x4a TemperatureHandler.o
                0x0000081e                temperature_handler_init
 .text.createTemp
                0x00000868       0x94 TemperatureHandler.o
                0x00000868                createTemp
 .text.getTemperature
                0x000008fc        0xc TemperatureHandler.o
                0x000008fc                getTemperature
 .text.getHumidity
                0x00000908        0x8 TemperatureHandler.o
                0x00000908                getHumidity
 .text._lora_setup
                0x00000910      0x18a UplinkHandler.o
 .text.lora_handler_task
                0x00000a9a      0x1ea UplinkHandler.o
                0x00000a9a                lora_handler_task
 .text.lora_handler_initialize
                0x00000c84       0x4c UplinkHandler.o
                0x00000c84                lora_handler_initialize
 .text.prvTestWaitCondition
                0x00000cd0       0x42 FreeRTOS/src/event_groups.o
 .text.xEventGroupCreate
                0x00000d12       0x26 FreeRTOS/src/event_groups.o
                0x00000d12                xEventGroupCreate
 .text.xEventGroupWaitBits
                0x00000d38      0x140 FreeRTOS/src/event_groups.o
                0x00000d38                xEventGroupWaitBits
 .text.xEventGroupSetBits
                0x00000e78      0x11c FreeRTOS/src/event_groups.o
                0x00000e78                xEventGroupSetBits
 .text.prvHeapInit
                0x00000f94       0x52 FreeRTOS/src/heap_4.o
 .text.prvInsertBlockIntoFreeList
                0x00000fe6       0x94 FreeRTOS/src/heap_4.o
 .text.pvPortMalloc
                0x0000107a      0x152 FreeRTOS/src/heap_4.o
                0x0000107a                pvPortMalloc
 .text.vPortFree
                0x000011cc       0x7a FreeRTOS/src/heap_4.o
                0x000011cc                vPortFree
 .text.vListInitialise
                0x00001246       0x22 FreeRTOS/src/list.o
                0x00001246                vListInitialise
 .text.vListInitialiseItem
                0x00001268        0x8 FreeRTOS/src/list.o
                0x00001268                vListInitialiseItem
 .text.vListInsert
                0x00001270       0x7a FreeRTOS/src/list.o
                0x00001270                vListInsert
 .text.uxListRemove
                0x000012ea       0x4e FreeRTOS/src/list.o
                0x000012ea                uxListRemove
 .text.prvSetupTimerInterrupt
                0x00001338       0x18 FreeRTOS/src/port.o
 .text.pxPortInitialiseStack
                0x00001350       0x2e FreeRTOS/src/port.o
                0x00001350                pxPortInitialiseStack
 .text.xPortStartScheduler
                0x0000137e       0x64 FreeRTOS/src/port.o
                0x0000137e                xPortStartScheduler
 .text.vPortYield
                0x000013e2       0xc2 FreeRTOS/src/port.o
                0x000013e2                vPortYield
 .text.vPortYieldFromTick
                0x000014a4       0xca FreeRTOS/src/port.o
                0x000014a4                vPortYieldFromTick
 .text.__vector_12
                0x0000156e        0x4 FreeRTOS/src/port.o
                0x0000156e                __vector_12
 .text.prvGetDisinheritPriorityAfterTimeout
                0x00001572       0x20 FreeRTOS/src/queue.o
 .text.prvIsQueueEmpty
                0x00001592       0x1a FreeRTOS/src/queue.o
 .text.prvIsQueueFull
                0x000015ac       0x1c FreeRTOS/src/queue.o
 .text.prvCopyDataToQueue
                0x000015c8       0xbe FreeRTOS/src/queue.o
 .text.prvCopyDataFromQueue
                0x00001686       0x34 FreeRTOS/src/queue.o
 .text.prvUnlockQueue
                0x000016ba       0x68 FreeRTOS/src/queue.o
 .text.xQueueGenericReset
                0x00001722       0x86 FreeRTOS/src/queue.o
                0x00001722                xQueueGenericReset
 .text.prvInitialiseNewQueue
                0x000017a8       0x24 FreeRTOS/src/queue.o
 .text.xQueueGenericCreate
                0x000017cc       0x46 FreeRTOS/src/queue.o
                0x000017cc                xQueueGenericCreate
 .text.xQueueGenericSend
                0x00001812      0x124 FreeRTOS/src/queue.o
                0x00001812                xQueueGenericSend
 .text.prvInitialiseMutex
                0x00001936       0x24 FreeRTOS/src/queue.o
 .text.xQueueCreateMutex
                0x0000195a       0x18 FreeRTOS/src/queue.o
                0x0000195a                xQueueCreateMutex
 .text.xQueueGenericSendFromISR
                0x00001972       0x76 FreeRTOS/src/queue.o
                0x00001972                xQueueGenericSendFromISR
 .text.xQueueReceive
                0x000019e8      0x11e FreeRTOS/src/queue.o
                0x000019e8                xQueueReceive
 .text.xQueueSemaphoreTake
                0x00001b06      0x162 FreeRTOS/src/queue.o
                0x00001b06                xQueueSemaphoreTake
 .text.vQueueWaitForMessageRestricted
                0x00001c68       0x38 FreeRTOS/src/queue.o
                0x00001c68                vQueueWaitForMessageRestricted
 .text.prvBytesInBuffer
                0x00001ca0       0x26 FreeRTOS/src/stream_buffer.o
 .text.prvInitialiseNewStreamBuffer
                0x00001cc6       0x20 FreeRTOS/src/stream_buffer.o
 .text.prvWriteBytesToBuffer
                0x00001ce6       0x92 FreeRTOS/src/stream_buffer.o
 .text.prvWriteMessageToBuffer
                0x00001d78       0x86 FreeRTOS/src/stream_buffer.o
 .text.prvReadBytesFromBuffer
                0x00001dfe       0x9e FreeRTOS/src/stream_buffer.o
 .text.prvReadMessageFromBuffer
                0x00001e9c       0x8a FreeRTOS/src/stream_buffer.o
 .text.xStreamBufferGenericCreate
                0x00001f26       0x64 FreeRTOS/src/stream_buffer.o
                0x00001f26                xStreamBufferGenericCreate
 .text.xStreamBufferReset
                0x00001f8a       0x3c FreeRTOS/src/stream_buffer.o
                0x00001f8a                xStreamBufferReset
 .text.xStreamBufferSpacesAvailable
                0x00001fc6       0x24 FreeRTOS/src/stream_buffer.o
                0x00001fc6                xStreamBufferSpacesAvailable
 .text.xStreamBufferSend
                0x00001fea      0x18a FreeRTOS/src/stream_buffer.o
                0x00001fea                xStreamBufferSend
 .text.xStreamBufferSendFromISR
                0x00002174       0x88 FreeRTOS/src/stream_buffer.o
                0x00002174                xStreamBufferSendFromISR
 .text.xStreamBufferReceive
                0x000021fc      0x106 FreeRTOS/src/stream_buffer.o
                0x000021fc                xStreamBufferReceive
 .text.prvResetNextTaskUnblockTime
                0x00002302       0x4e FreeRTOS/src/tasks.o
 .text.prvDeleteTCB
                0x00002350       0x1a FreeRTOS/src/tasks.o
 .text.prvInitialiseNewTask
                0x0000236a       0xfc FreeRTOS/src/tasks.o
 .text.prvInitialiseTaskLists
                0x00002466       0x60 FreeRTOS/src/tasks.o
 .text.prvAddNewTaskToReadyList
                0x000024c6       0xde FreeRTOS/src/tasks.o
 .text.prvCheckTasksWaitingTermination
                0x000025a4       0x4a FreeRTOS/src/tasks.o
 .text.prvAddCurrentTaskToDelayedList
                0x000025ee      0x144 FreeRTOS/src/tasks.o
 .text.xTaskCreate
                0x00002732       0x98 FreeRTOS/src/tasks.o
                0x00002732                xTaskCreate
 .text.vTaskStartScheduler
                0x000027ca       0x70 FreeRTOS/src/tasks.o
                0x000027ca                vTaskStartScheduler
 .text.vTaskSuspendAll
                0x0000283a        0xc FreeRTOS/src/tasks.o
                0x0000283a                vTaskSuspendAll
 .text.xTaskGetTickCount
                0x00002846       0x1c FreeRTOS/src/tasks.o
                0x00002846                xTaskGetTickCount
 .text.xTaskIncrementTick
                0x00002862      0x258 FreeRTOS/src/tasks.o
                0x00002862                xTaskIncrementTick
 .text.xTaskResumeAll
                0x00002aba      0x1b8 FreeRTOS/src/tasks.o
                0x00002aba                xTaskResumeAll
 .text.xTaskDelayUntil
                0x00002c72       0xca FreeRTOS/src/tasks.o
                0x00002c72                xTaskDelayUntil
 .text.vTaskDelay
                0x00002d3c       0x36 FreeRTOS/src/tasks.o
                0x00002d3c                vTaskDelay
 .text.vTaskSwitchContext
                0x00002d72       0xca FreeRTOS/src/tasks.o
                0x00002d72                vTaskSwitchContext
 .text.vTaskPlaceOnEventList
                0x00002e3c       0x2e FreeRTOS/src/tasks.o
                0x00002e3c                vTaskPlaceOnEventList
 .text.vTaskPlaceOnUnorderedEventList
                0x00002e6a       0x94 FreeRTOS/src/tasks.o
                0x00002e6a                vTaskPlaceOnUnorderedEventList
 .text.vTaskPlaceOnEventListRestricted
                0x00002efe       0x84 FreeRTOS/src/tasks.o
                0x00002efe                vTaskPlaceOnEventListRestricted
 .text.xTaskRemoveFromEventList
                0x00002f82      0x15e FreeRTOS/src/tasks.o
                0x00002f82                xTaskRemoveFromEventList
 .text.vTaskRemoveFromUnorderedEventList
                0x000030e0      0x134 FreeRTOS/src/tasks.o
                0x000030e0                vTaskRemoveFromUnorderedEventList
 .text.vTaskSetTimeOutState
                0x00003214       0x2c FreeRTOS/src/tasks.o
                0x00003214                vTaskSetTimeOutState
 .text.vTaskInternalSetTimeOutState
                0x00003240       0x22 FreeRTOS/src/tasks.o
                0x00003240                vTaskInternalSetTimeOutState
 .text.xTaskCheckForTimeOut
                0x00003262       0xcc FreeRTOS/src/tasks.o
                0x00003262                xTaskCheckForTimeOut
 .text.vTaskMissedYield
                0x0000332e        0x8 FreeRTOS/src/tasks.o
                0x0000332e                vTaskMissedYield
 .text.xTaskGetCurrentTaskHandle
                0x00003336        0xa FreeRTOS/src/tasks.o
                0x00003336                xTaskGetCurrentTaskHandle
 .text.xTaskGetSchedulerState
                0x00003340       0x1c FreeRTOS/src/tasks.o
                0x00003340                xTaskGetSchedulerState
 .text.xTaskPriorityInherit
                0x0000335c      0x10e FreeRTOS/src/tasks.o
                0x0000335c                xTaskPriorityInherit
 .text.xTaskPriorityDisinherit
                0x0000346a       0xb6 FreeRTOS/src/tasks.o
                0x0000346a                xTaskPriorityDisinherit
 .text.vTaskPriorityDisinheritAfterTimeout
                0x00003520       0xce FreeRTOS/src/tasks.o
                0x00003520                vTaskPriorityDisinheritAfterTimeout
 .text.uxTaskResetEventItemValue
                0x000035ee       0x54 FreeRTOS/src/tasks.o
                0x000035ee                uxTaskResetEventItemValue
 .text.pvTaskIncrementMutexHeldCount
                0x00003642       0x24 FreeRTOS/src/tasks.o
                0x00003642                pvTaskIncrementMutexHeldCount
 .text.xTaskGenericNotifyWait
                0x00003666      0x150 FreeRTOS/src/tasks.o
                0x00003666                xTaskGenericNotifyWait
 .text.xTaskGenericNotify
                0x000037b6      0x1ee FreeRTOS/src/tasks.o
                0x000037b6                xTaskGenericNotify
 .text.xTaskGenericNotifyFromISR
                0x000039a4      0x244 FreeRTOS/src/tasks.o
                0x000039a4                xTaskGenericNotifyFromISR
 .text.xTaskGenericNotifyStateClear
                0x00003be8       0x34 FreeRTOS/src/tasks.o
                0x00003be8                xTaskGenericNotifyStateClear
 .text.prvGetNextExpireTime
                0x00003c1c       0x30 FreeRTOS/src/timers.o
 .text.prvInsertTimerInActiveList
                0x00003c4c       0x92 FreeRTOS/src/timers.o
 .text.prvCheckForValidListAndQueue
                0x00003cde       0x52 FreeRTOS/src/timers.o
 .text.xTimerCreateTimerTask
                0x00003d30       0x42 FreeRTOS/src/timers.o
                0x00003d30                xTimerCreateTimerTask
 .text.xTimerGenericCommand
                0x00003d72       0xbc FreeRTOS/src/timers.o
                0x00003d72                xTimerGenericCommand
 .text.prvSwitchTimerLists
                0x00003e2e       0xd0 FreeRTOS/src/timers.o
 .text.prvSampleTimeNow
                0x00003efe       0x5c FreeRTOS/src/timers.o
 .text.prvProcessExpiredTimer
                0x00003f5a       0xac FreeRTOS/src/timers.o
 .text.prvProcessTimerOrBlockTask
                0x00004006       0xae FreeRTOS/src/timers.o
 .text.prvProcessReceivedCommands
                0x000040b4      0x168 FreeRTOS/src/timers.o
 .text.vApplicationIdleHook
                0x0000421c        0x2 FreeRTOS/src/variantHooks.o
                0x0000421c                vApplicationIdleHook
 .text.prvSetMainLedOn
                0x0000421e        0xe FreeRTOS/src/variantHooks.o
                0x0000421e                prvSetMainLedOn
 .text.prvBlinkMainLed
                0x0000422c        0x8 FreeRTOS/src/variantHooks.o
                0x0000422c                prvBlinkMainLed
 .text.vApplicationMallocFailedHook
                0x00004234       0x18 FreeRTOS/src/variantHooks.o
                0x00004234                vApplicationMallocFailedHook
 .text.vApplicationStackOverflowHook
                0x0000424c       0x18 FreeRTOS/src/variantHooks.o
                0x0000424c                vApplicationStackOverflowHook
 .text.createTasksForSensors
                0x00004264       0x82 main.o
                0x00004264                createTasksForSensors
 .text.create_tasks_and_semaphores
                0x000042e6       0x72 main.o
                0x000042e6                create_tasks_and_semaphores
 .text.initializeSystem
                0x00004358       0x32 main.o
                0x00004358                initializeSystem
 .text.main     0x0000438a        0x8 main.o
                0x0000438a                main
 .text.avr-libc.fplib
                0x00004392        0xa c:/program files (x86)/atmel/studio/7.0/toolchain/avr8/avr8-gnu-toolchain/bin/../lib/gcc/avr/5.4.0/../../../../avr/lib/avr6\libm.a(fixsfsi.o)
                0x00004392                __fixsfsi
 .text.avr-libc.fplib
                0x0000439c       0x58 c:/program files (x86)/atmel/studio/7.0/toolchain/avr8/avr8-gnu-toolchain/bin/../lib/gcc/avr/5.4.0/../../../../avr/lib/avr6\libm.a(fixunssfsi.o)
                0x0000439c                __fixunssfsi
 .text.avr-libc.fplib
                0x000043f4       0x44 c:/program files (x86)/atmel/studio/7.0/toolchain/avr8/avr8-gnu-toolchain/bin/../lib/gcc/avr/5.4.0/../../../../avr/lib/avr6\libm.a(fp_split3.o)
                0x000043f4                __fp_split3
                0x00004404                __fp_splitA
 .text.avr-libc.fplib
                0x00004438        0xe c:/program files (x86)/atmel/studio/7.0/toolchain/avr8/avr8-gnu-toolchain/bin/../lib/gcc/avr/5.4.0/../../../../avr/lib/avr6\libm.a(fp_zero.o)
                0x00004438                __fp_zero
                0x0000443a                __fp_szero
 .text.avr-libc.fplib
                0x00004446       0x66 c:/program files (x86)/atmel/studio/7.0/toolchain/avr8/avr8-gnu-toolchain/bin/../lib/gcc/avr/5.4.0/../../../../avr/lib/avr6\libm.a(modf.o)
                0x00004446                modf
                0x00004446                modff
 .text.avr-libc.fplib
                0x000044ac        0x4 c:/program files (x86)/atmel/studio/7.0/toolchain/avr8/avr8-gnu-toolchain/bin/../lib/gcc/avr/5.4.0/../../../../avr/lib/avr6\libm.a(mulsf3.o)
                0x000044ac                __mulsf3
 .text.avr-libc.fplib
                0x000044b0       0xc2 c:/program files (x86)/atmel/studio/7.0/toolchain/avr8/avr8-gnu-toolchain/bin/../lib/gcc/avr/5.4.0/../../../../avr/lib/avr6\libm.a(mulsf3x.o)
                0x000044c4                __mulsf3x
                0x000044c8                __mulsf3_pse
 .text.avr-libc.fplib
                0x00004572        0xa c:/program files (x86)/atmel/studio/7.0/toolchain/avr8/avr8-gnu-toolchain/bin/../lib/gcc/avr/5.4.0/../../../../avr/lib/avr6\libm.a(addsf3.o)
                0x00004572                __subsf3
                0x00004574                __addsf3
 .text.avr-libc.fplib
                0x0000457c       0xc0 c:/program files (x86)/atmel/studio/7.0/toolchain/avr8/avr8-gnu-toolchain/bin/../lib/gcc/avr/5.4.0/../../../../avr/lib/avr6\libm.a(addsf3x.o)
                0x00004596                __addsf3x
 .text.avr-libc.fplib
                0x0000463c        0xc c:/program files (x86)/atmel/studio/7.0/toolchain/avr8/avr8-gnu-toolchain/bin/../lib/gcc/avr/5.4.0/../../../../avr/lib/avr6\libm.a(fp_inf.o)
                0x0000463c                __fp_inf
 .text.avr-libc.fplib
                0x00004648        0x6 c:/program files (x86)/atmel/studio/7.0/toolchain/avr8/avr8-gnu-toolchain/bin/../lib/gcc/avr/5.4.0/../../../../avr/lib/avr6\libm.a(fp_nan.o)
                0x00004648                __fp_nan
 .text.avr-libc.fplib
                0x0000464e        0xe c:/program files (x86)/atmel/studio/7.0/toolchain/avr8/avr8-gnu-toolchain/bin/../lib/gcc/avr/5.4.0/../../../../avr/lib/avr6\libm.a(fp_pscA.o)
                0x0000464e                __fp_pscA
 .text.avr-libc.fplib
                0x0000465c        0xe c:/program files (x86)/atmel/studio/7.0/toolchain/avr8/avr8-gnu-toolchain/bin/../lib/gcc/avr/5.4.0/../../../../avr/lib/avr6\libm.a(fp_pscB.o)
                0x0000465c                __fp_pscB
 .text.avr-libc.fplib
                0x0000466a       0x22 c:/program files (x86)/atmel/studio/7.0/toolchain/avr8/avr8-gnu-toolchain/bin/../lib/gcc/avr/5.4.0/../../../../avr/lib/avr6\libm.a(fp_round.o)
                0x0000466a                __fp_round
 .text._hihTwiCallback
                0x0000468c       0x5a ../drivers\libIotLibrary.a(hih8120.o)
 .text.hih8120_initialise
                0x000046e6       0x30 ../drivers\libIotLibrary.a(hih8120.o)
                0x000046e6                hih8120_initialise
 .text.hih8120_wakeup
                0x00004716       0x2a ../drivers\libIotLibrary.a(hih8120.o)
                0x00004716                hih8120_wakeup
 .text.hih8120_measure
                0x00004740       0x22 ../drivers\libIotLibrary.a(hih8120.o)
                0x00004740                hih8120_measure
 .text.hih8120_getHumidity
                0x00004762       0x28 ../drivers\libIotLibrary.a(hih8120.o)
                0x00004762                hih8120_getHumidity
 .text.hih8120_getHumidityPercent_x10
                0x0000478a       0x12 ../drivers\libIotLibrary.a(hih8120.o)
                0x0000478a                hih8120_getHumidityPercent_x10
 .text.hih8120_getTemperature
                0x0000479c       0x32 ../drivers\libIotLibrary.a(hih8120.o)
                0x0000479c                hih8120_getTemperature
 .text._serialCallBack
                0x000047ce       0x8c ../drivers\libIotLibrary.a(lora_driver.o)
 .text._uploadMessage
                0x0000485a       0xb4 ../drivers\libIotLibrary.a(lora_driver.o)
 .text._reply2ReturnCode
                0x0000490e       0xea ../drivers\libIotLibrary.a(lora_driver.o)
 .text._uploadMessageRc
                0x000049f8        0x6 ../drivers\libIotLibrary.a(lora_driver.o)
 .text.lora_driver_flushBuffers
                0x000049fe        0xe ../drivers\libIotLibrary.a(lora_driver.o)
                0x000049fe                lora_driver_flushBuffers
 .text.lora_driver_initialise
                0x00004a0c       0x80 ../drivers\libIotLibrary.a(lora_driver.o)
                0x00004a0c                lora_driver_initialise
 .text.lora_driver_resetRn2483
                0x00004a8c       0x1c ../drivers\libIotLibrary.a(lora_driver.o)
                0x00004a8c                lora_driver_resetRn2483
 .text.lora_driver_rn2483FactoryReset
                0x00004aa8       0x24 ../drivers\libIotLibrary.a(lora_driver.o)
                0x00004aa8                lora_driver_rn2483FactoryReset
 .text.lora_driver_getRn2483Hweui
                0x00004acc       0x38 ../drivers\libIotLibrary.a(lora_driver.o)
                0x00004acc                lora_driver_getRn2483Hweui
 .text.lora_driver_setDeviceIdentifier
                0x00004b04       0x22 ../drivers\libIotLibrary.a(lora_driver.o)
                0x00004b04                lora_driver_setDeviceIdentifier
 .text.lora_driver_setApplicationIdentifier
                0x00004b26       0x22 ../drivers\libIotLibrary.a(lora_driver.o)
                0x00004b26                lora_driver_setApplicationIdentifier
 .text.lora_driver_setApplicationKey
                0x00004b48       0x22 ../drivers\libIotLibrary.a(lora_driver.o)
                0x00004b48                lora_driver_setApplicationKey
 .text.lora_driver_saveMac
                0x00004b6a        0xc ../drivers\libIotLibrary.a(lora_driver.o)
                0x00004b6a                lora_driver_saveMac
 .text.lora_driver_join
                0x00004b76       0x52 ../drivers\libIotLibrary.a(lora_driver.o)
                0x00004b76                lora_driver_join
 .text.lora_driver_sendUploadMessage
                0x00004bc8      0x196 ../drivers\libIotLibrary.a(lora_driver.o)
                0x00004bc8                lora_driver_sendUploadMessage
 .text.lora_driver_setAdaptiveDataRate
                0x00004d5e       0x16 ../drivers\libIotLibrary.a(lora_driver.o)
                0x00004d5e                lora_driver_setAdaptiveDataRate
 .text.lora_driver_setReceiveDelay
                0x00004d74       0x30 ../drivers\libIotLibrary.a(lora_driver.o)
                0x00004d74                lora_driver_setReceiveDelay
 .text.lora_driver_configureToEu868
                0x00004da4      0x1bc ../drivers\libIotLibrary.a(lora_driver.o)
                0x00004da4                lora_driver_configureToEu868
 .text.lora_driver_setOtaaIdentity
                0x00004f60       0x42 ../drivers\libIotLibrary.a(lora_driver.o)
                0x00004f60                lora_driver_setOtaaIdentity
 .text.lora_driver_mapReturnCodeToText
                0x00004fa2       0x18 ../drivers\libIotLibrary.a(lora_driver.o)
                0x00004fa2                lora_driver_mapReturnCodeToText
 .text.decode_port_no
                0x00004fba       0x58 ../drivers\libIotLibrary.a(lora_driver_utils.o)
                0x00004fba                decode_port_no
 .text.decode_hexadecimal_string_bytes
                0x00005012       0x92 ../drivers\libIotLibrary.a(lora_driver_utils.o)
                0x00005012                decode_hexadecimal_string_bytes
 .text._serialCallBack
                0x000050a4       0xb6 ../drivers\libIotLibrary.a(mh_z19.o)
 .text.mh_z19_initialise
                0x0000515a       0x4a ../drivers\libIotLibrary.a(mh_z19.o)
                0x0000515a                mh_z19_initialise
 .text.mh_z19_injectCallBack
                0x000051a4        0xa ../drivers\libIotLibrary.a(mh_z19.o)
                0x000051a4                mh_z19_injectCallBack
 .text.mh_z19_takeMeassuring
                0x000051ae       0x5e ../drivers\libIotLibrary.a(mh_z19.o)
                0x000051ae                mh_z19_takeMeassuring
 .text.serial_create
                0x0000520c      0x146 ../drivers\libIotLibrary.a(serial.o)
                0x0000520c                serial_create
 .text.serial_sendByte
                0x00005352       0x56 ../drivers\libIotLibrary.a(serial.o)
                0x00005352                serial_sendByte
 .text.serial_sendBytes
                0x000053a8       0xaa ../drivers\libIotLibrary.a(serial.o)
                0x000053a8                serial_sendBytes
 .text.serial_getByte
                0x00005452       0x40 ../drivers\libIotLibrary.a(serial.o)
                0x00005452                serial_getByte
 .text.__vector_25
                0x00005492       0xa4 ../drivers\libIotLibrary.a(serial.o)
                0x00005492                __vector_25
 .text.__vector_26
                0x00005536       0x88 ../drivers\libIotLibrary.a(serial.o)
                0x00005536                __vector_26
 .text.__vector_36
                0x000055be       0xa4 ../drivers\libIotLibrary.a(serial.o)
                0x000055be                __vector_36
 .text.__vector_37
                0x00005662       0x88 ../drivers\libIotLibrary.a(serial.o)
                0x00005662                __vector_37
 .text.__vector_51
                0x000056ea       0xa4 ../drivers\libIotLibrary.a(serial.o)
                0x000056ea                __vector_51
 .text.__vector_52
                0x0000578e       0x88 ../drivers\libIotLibrary.a(serial.o)
                0x0000578e                __vector_52
 .text.__vector_54
                0x00005816       0xa4 ../drivers\libIotLibrary.a(serial.o)
                0x00005816                __vector_54
 .text.__vector_55
                0x000058ba       0x88 ../drivers\libIotLibrary.a(serial.o)
                0x000058ba                __vector_55
 .text.usart_getchar
                0x00005942       0x2a ../drivers\libIotLibrary.a(stdio_driver.o)
 .text.usart_putchar
                0x0000596c       0x12 ../drivers\libIotLibrary.a(stdio_driver.o)
 .text.stdio_initialise
                0x0000597e       0x52 ../drivers\libIotLibrary.a(stdio_driver.o)
                0x0000597e                stdio_initialise
 .text._callBack
                0x000059d0       0x10 ../drivers\libIotLibrary.a(tsl2591.o)
 .text._tsl2591TwiCallback
                0x000059e0       0x88 ../drivers\libIotLibrary.a(tsl2591.o)
 .text._twiTransmit
                0x00005a68       0x26 ../drivers\libIotLibrary.a(tsl2591.o)
 .text.tsl2591_initialise
                0x00005a8e       0x36 ../drivers\libIotLibrary.a(tsl2591.o)
                0x00005a8e                tsl2591_initialise
 .text.tsl2591_enable
                0x00005ac4       0x2a ../drivers\libIotLibrary.a(tsl2591.o)
                0x00005ac4                tsl2591_enable
 .text.tsl259_getVisibleRaw
                0x00005aee       0x3c ../drivers\libIotLibrary.a(tsl2591.o)
                0x00005aee                tsl259_getVisibleRaw
 .text.tsl2591_getInfraredRaw
                0x00005b2a       0x1c ../drivers\libIotLibrary.a(tsl2591.o)
                0x00005b2a                tsl2591_getInfraredRaw
 .text.tsl2591_getFullSpectrumRaw
                0x00005b46       0x1c ../drivers\libIotLibrary.a(tsl2591.o)
                0x00005b46                tsl2591_getFullSpectrumRaw
 .text.tsl2591_getLux
                0x00005b62      0x1be ../drivers\libIotLibrary.a(tsl2591.o)
                0x00005b62                tsl2591_getLux
 .text._initTwiInterface
                0x00005d20       0x22 ../drivers\libIotLibrary.a(twi.o)
 .text.twiCreate
                0x00005d42       0x9a ../drivers\libIotLibrary.a(twi.o)
                0x00005d42                twiCreate
 .text.twiIsBusy
                0x00005ddc        0x8 ../drivers\libIotLibrary.a(twi.o)
                0x00005ddc                twiIsBusy
 .text.twiTransmit
                0x00005de4       0x98 ../drivers\libIotLibrary.a(twi.o)
                0x00005de4                twiTransmit
 .text.twiReceive
                0x00005e7c       0x66 ../drivers\libIotLibrary.a(twi.o)
                0x00005e7c                twiReceive
 .text.__vector_39
                0x00005ee2      0x17a ../drivers\libIotLibrary.a(twi.o)
                0x00005ee2                __vector_39
 .text.fifo_init
                0x0000605c       0x38 ../drivers\libIotLibrary.a(fifo.o)
                0x0000605c                fifo_init
 .text.avr-libc
                0x00006094      0x712 c:/program files (x86)/atmel/studio/7.0/toolchain/avr8/avr8-gnu-toolchain/bin/../lib/gcc/avr/5.4.0/../../../../avr/lib/avr6\libprintf_flt.a(vfprintf_flt.o)
                0x00006094                vfprintf
 .text.avr-libc.fplib
                0x000067a6        0x6 c:/program files (x86)/atmel/studio/7.0/toolchain/avr8/avr8-gnu-toolchain/bin/../lib/gcc/avr/5.4.0/../../../../avr/lib/avr6\libm.a(divsf3.o)
                0x000067a6                __divsf3
 .text.avr-libc.fplib
                0x000067ac       0xdc c:/program files (x86)/atmel/studio/7.0/toolchain/avr8/avr8-gnu-toolchain/bin/../lib/gcc/avr/5.4.0/../../../../avr/lib/avr6\libm.a(divsf3x.o)
                0x000067cc                __divsf3x
                0x000067d2                __divsf3_pse
 .text.avr-libc.fplib
                0x00006888       0x7a c:/program files (x86)/atmel/studio/7.0/toolchain/avr8/avr8-gnu-toolchain/bin/../lib/gcc/avr/5.4.0/../../../../avr/lib/avr6\libm.a(floatsisf.o)
                0x00006888                __floatunsisf
                0x0000688c                __floatsisf
 .text.avr-libc.fplib
                0x00006902        0x8 c:/program files (x86)/atmel/studio/7.0/toolchain/avr8/avr8-gnu-toolchain/bin/../lib/gcc/avr/5.4.0/../../../../avr/lib/avr6\libm.a(gesf2.o)
                0x00006902                __gesf2
                0x00006902                __gtsf2
 .text.avr-libc.fplib
                0x0000690a       0x48 c:/program files (x86)/atmel/studio/7.0/toolchain/avr8/avr8-gnu-toolchain/bin/../lib/gcc/avr/5.4.0/../../../../avr/lib/avr6\libm.a(fp_cmp.o)
                0x0000690a                __fp_cmp
 .text.libgcc.div
                0x00006952       0x44 c:/program files (x86)/atmel/studio/7.0/toolchain/avr8/avr8-gnu-toolchain/bin/../lib/gcc/avr/5.4.0/avr6\libgcc.a(_udivmodsi4.o)
                0x00006952                __udivmodsi4
 .text.libgcc   0x00006996       0x10 c:/program files (x86)/atmel/studio/7.0/toolchain/avr8/avr8-gnu-toolchain/bin/../lib/gcc/avr/5.4.0/avr6\libgcc.a(_tablejump2.o)
                0x00006996                __tablejump2__
 .text.libgcc.mul
                0x000069a6       0x1e c:/program files (x86)/atmel/studio/7.0/toolchain/avr8/avr8-gnu-toolchain/bin/../lib/gcc/avr/5.4.0/avr6\libgcc.a(_umulhisi3.o)
                0x000069a6                __umulhisi3
 .text.avr-libc
                0x000069c4       0x34 c:/program files (x86)/atmel/studio/7.0/toolchain/avr8/avr8-gnu-toolchain/bin/../lib/gcc/avr/5.4.0/../../../../avr/lib/avr6\libc.a(calloc.o)
                0x000069c4                calloc
 .text.avr-libc
                0x000069f8      0x242 c:/program files (x86)/atmel/studio/7.0/toolchain/avr8/avr8-gnu-toolchain/bin/../lib/gcc/avr/5.4.0/../../../../avr/lib/avr6\libc.a(malloc.o)
                0x000069f8                malloc
                0x00006b28                free
 .text.avr-libc
                0x00006c3a        0x8 c:/program files (x86)/atmel/studio/7.0/toolchain/avr8/avr8-gnu-toolchain/bin/../lib/gcc/avr/5.4.0/../../../../avr/lib/avr6\libc.a(abort.o)
                0x00006c3a                abort
 .text.avr-libc
                0x00006c42      0x1b0 c:/program files (x86)/atmel/studio/7.0/toolchain/avr8/avr8-gnu-toolchain/bin/../lib/gcc/avr/5.4.0/../../../../avr/lib/avr6\libc.a(ftoa_engine.o)
                0x00006c42                __ftoa_engine
 .text.avr-libc
                0x00006df2       0x16 c:/program files (x86)/atmel/studio/7.0/toolchain/avr8/avr8-gnu-toolchain/bin/../lib/gcc/avr/5.4.0/../../../../avr/lib/avr6\libc.a(strnlen_P.o)
                0x00006df2                strnlen_P
 .text.avr-libc
                0x00006e08       0x12 c:/program files (x86)/atmel/studio/7.0/toolchain/avr8/avr8-gnu-toolchain/bin/../lib/gcc/avr/5.4.0/../../../../avr/lib/avr6\libc.a(memcpy.o)
                0x00006e08                memcpy
 .text.avr-libc
                0x00006e1a        0xe c:/program files (x86)/atmel/studio/7.0/toolchain/avr8/avr8-gnu-toolchain/bin/../lib/gcc/avr/5.4.0/../../../../avr/lib/avr6\libc.a(memset.o)
                0x00006e1a                memset
 .text.avr-libc
                0x00006e28       0x4a c:/program files (x86)/atmel/studio/7.0/toolchain/avr8/avr8-gnu-toolchain/bin/../lib/gcc/avr/5.4.0/../../../../avr/lib/avr6\libc.a(strcasestr.o)
                0x00006e28                strcasestr
 .text.avr-libc
                0x00006e72       0x16 c:/program files (x86)/atmel/studio/7.0/toolchain/avr8/avr8-gnu-toolchain/bin/../lib/gcc/avr/5.4.0/../../../../avr/lib/avr6\libc.a(strcat.o)
                0x00006e72                strcat
 .text.avr-libc
                0x00006e88        0xe c:/program files (x86)/atmel/studio/7.0/toolchain/avr8/avr8-gnu-toolchain/bin/../lib/gcc/avr/5.4.0/../../../../avr/lib/avr6\libc.a(strcpy.o)
                0x00006e88                strcpy
 .text.avr-libc
                0x00006e96       0x30 c:/program files (x86)/atmel/studio/7.0/toolchain/avr8/avr8-gnu-toolchain/bin/../lib/gcc/avr/5.4.0/../../../../avr/lib/avr6\libc.a(strncasecmp.o)
                0x00006e96                strncasecmp
 .text.avr-libc
                0x00006ec6       0x16 c:/program files (x86)/atmel/studio/7.0/toolchain/avr8/avr8-gnu-toolchain/bin/../lib/gcc/avr/5.4.0/../../../../avr/lib/avr6\libc.a(strnlen.o)
                0x00006ec6                strnlen
 .text.avr-libc
                0x00006edc       0x78 c:/program files (x86)/atmel/studio/7.0/toolchain/avr8/avr8-gnu-toolchain/bin/../lib/gcc/avr/5.4.0/../../../../avr/lib/avr6\libc.a(fputc.o)
                0x00006edc                fputc
 .text.avr-libc
                0x00006f54       0x26 c:/program files (x86)/atmel/studio/7.0/toolchain/avr8/avr8-gnu-toolchain/bin/../lib/gcc/avr/5.4.0/../../../../avr/lib/avr6\libc.a(printf.o)
                0x00006f54                printf
 .text.avr-libc
                0x00006f7a       0x60 c:/program files (x86)/atmel/studio/7.0/toolchain/avr8/avr8-gnu-toolchain/bin/../lib/gcc/avr/5.4.0/../../../../avr/lib/avr6\libc.a(puts.o)
                0x00006f7a                puts
 .text.avr-libc
                0x00006fda       0x5c c:/program files (x86)/atmel/studio/7.0/toolchain/avr8/avr8-gnu-toolchain/bin/../lib/gcc/avr/5.4.0/../../../../avr/lib/avr6\libc.a(sprintf.o)
                0x00006fda                sprintf
 .text.avr-libc
                0x00007036       0xbc c:/program files (x86)/atmel/studio/7.0/toolchain/avr8/avr8-gnu-toolchain/bin/../lib/gcc/avr/5.4.0/../../../../avr/lib/avr6\libc.a(ultoa_invert.o)
                0x00007036                __ultoa_invert
                0x000070f2                . = ALIGN (0x2)
 *(.fini9)
 .fini9         0x000070f2        0x0 c:/program files (x86)/atmel/studio/7.0/toolchain/avr8/avr8-gnu-toolchain/bin/../lib/gcc/avr/5.4.0/avr6\libgcc.a(_exit.o)
                0x000070f2                _exit
                0x000070f2                exit
 *(.fini9)
 *(.fini8)
 *(.fini8)
 *(.fini7)
 *(.fini7)
 *(.fini6)
 *(.fini6)
 *(.fini5)
 *(.fini5)
 *(.fini4)
 *(.fini4)
 *(.fini3)
 *(.fini3)
 *(.fini2)
 *(.fini2)
 *(.fini1)
 *(.fini1)
 *(.fini0)
 .fini0         0x000070f2        0x4 c:/program files (x86)/atmel/studio/7.0/toolchain/avr8/avr8-gnu-toolchain/bin/../lib/gcc/avr/5.4.0/avr6\libgcc.a(_exit.o)
 *(.fini0)
                0x000070f6                _etext = .

.data           0x00800200      0x6ea load address 0x000070f6
                0x00800200                PROVIDE (__data_start, .)
 *(.data)
 .data          0x00800200        0x6 c:/program files (x86)/atmel/studio/7.0/toolchain/avr8/avr8-gnu-toolchain/bin/../lib/gcc/avr/5.4.0/../../../../avr/lib/avr6\libc.a(malloc.o)
                0x00800200                __malloc_heap_end
                0x00800202                __malloc_heap_start
                0x00800204                __malloc_margin
 *(.data*)
 .data.uxTopUsedPriority
                0x00800206        0x1 FreeRTOS/src/tasks.o
                0x00800206                uxTopUsedPriority
 .data._temp    0x00800207        0x2 ../drivers\libIotLibrary.a(hih8120.o)
 .data._hum     0x00800209        0x2 ../drivers\libIotLibrary.a(hih8120.o)
 .data._com_port_2_udr
                0x0080020b        0x8 ../drivers\libIotLibrary.a(serial.o)
                0x0080020b                _com_port_2_udr
 .data.mystdout.1882
                0x00800213        0xe ../drivers\libIotLibrary.a(stdio_driver.o)
 .data._twiCurrentState
                0x00800221        0x1 ../drivers\libIotLibrary.a(twi.o)
 *(.gnu.linkonce.d*)
 *(.rodata)
 .rodata        0x00800222       0x20 ../drivers\libIotLibrary.a(lora_driver.o)
 .rodata        0x00800242       0x2d ../drivers\libIotLibrary.a(mh_z19.o)
 *(.rodata*)
 .rodata.str1.1
                0x0080026f       0x40 CO2Handler.o
 .rodata.str1.1
                0x008002af       0x61 DownlinkHandler.o
 .rodata.str1.1
                0x00800310      0x139 LightHandler.o
 .rodata.str1.1
                0x00800449       0x44 TemperatureHandler.o
                                 0x65 (size before relaxing)
 .rodata.str1.1
                0x0080048d      0x183 UplinkHandler.o
                                0x1a4 (size before relaxing)
 .rodata.str1.1
                0x00800610        0x5 FreeRTOS/src/tasks.o
 .rodata.str1.1
                0x00800615        0x8 FreeRTOS/src/timers.o
 .rodata.str1.1
                0x0080061d      0x295 ../drivers\libIotLibrary.a(lora_driver.o)
                                0x2a5 (size before relaxing)
 .rodata._joinMode
                0x008008b2        0x4 ../drivers\libIotLibrary.a(lora_driver.o)
 .rodata._returnCode
                0x008008b6       0x33 ../drivers\libIotLibrary.a(lora_driver.o)
                0x008008b6                _returnCode
 *(.gnu.linkonce.r*)
                0x008008ea                . = ALIGN (0x2)
 *fill*         0x008008e9        0x1 
                0x008008ea                _edata = .
                0x008008ea                PROVIDE (__data_end, .)

.bss            0x008008ea      0xc2b
                0x008008ea                PROVIDE (__bss_start, .)
 *(.bss)
 *(.bss*)
 .bss.downlinkPayload
                0x008008ea       0x16 DownlinkHandler.o
 .bss._uplink_payload
                0x00800900       0x16 UplinkHandler.o
 .bss.xBlockAllocatedBit
                0x00800916        0x2 FreeRTOS/src/heap_4.o
 .bss.xNumberOfSuccessfulFrees
                0x00800918        0x2 FreeRTOS/src/heap_4.o
 .bss.xNumberOfSuccessfulAllocations
                0x0080091a        0x2 FreeRTOS/src/heap_4.o
 .bss.xMinimumEverFreeBytesRemaining
                0x0080091c        0x2 FreeRTOS/src/heap_4.o
 .bss.xFreeBytesRemaining
                0x0080091e        0x2 FreeRTOS/src/heap_4.o
 .bss.pxEnd     0x00800920        0x2 FreeRTOS/src/heap_4.o
 .bss.xStart    0x00800922        0x4 FreeRTOS/src/heap_4.o
 .bss.ucHeap    0x00800926      0x9c4 FreeRTOS/src/heap_4.o
 .bss.uxSchedulerSuspended
                0x008012ea        0x1 FreeRTOS/src/tasks.o
 .bss.xIdleTaskHandle
                0x008012eb        0x2 FreeRTOS/src/tasks.o
 .bss.xNextTaskUnblockTime
                0x008012ed        0x4 FreeRTOS/src/tasks.o
 .bss.uxTaskNumber
                0x008012f1        0x1 FreeRTOS/src/tasks.o
 .bss.xNumOfOverflows
                0x008012f2        0x1 FreeRTOS/src/tasks.o
 .bss.xYieldPending
                0x008012f3        0x1 FreeRTOS/src/tasks.o
 .bss.xPendedTicks
                0x008012f4        0x4 FreeRTOS/src/tasks.o
 .bss.xSchedulerRunning
                0x008012f8        0x1 FreeRTOS/src/tasks.o
 .bss.uxTopReadyPriority
                0x008012f9        0x1 FreeRTOS/src/tasks.o
 .bss.xTickCount
                0x008012fa        0x4 FreeRTOS/src/tasks.o
 .bss.uxCurrentNumberOfTasks
                0x008012fe        0x1 FreeRTOS/src/tasks.o
 .bss.xSuspendedTaskList
                0x008012ff        0xb FreeRTOS/src/tasks.o
 .bss.uxDeletedTasksWaitingCleanUp
                0x0080130a        0x1 FreeRTOS/src/tasks.o
 .bss.xTasksWaitingTermination
                0x0080130b        0xb FreeRTOS/src/tasks.o
 .bss.xPendingReadyList
                0x00801316        0xb FreeRTOS/src/tasks.o
 .bss.pxOverflowDelayedTaskList
                0x00801321        0x2 FreeRTOS/src/tasks.o
 .bss.pxDelayedTaskList
                0x00801323        0x2 FreeRTOS/src/tasks.o
 .bss.xDelayedTaskList2
                0x00801325        0xb FreeRTOS/src/tasks.o
 .bss.xDelayedTaskList1
                0x00801330        0xb FreeRTOS/src/tasks.o
 .bss.pxReadyTasksLists
                0x0080133b       0x6e FreeRTOS/src/tasks.o
 .bss.pxCurrentTCB
                0x008013a9        0x2 FreeRTOS/src/tasks.o
                0x008013a9                pxCurrentTCB
 .bss.xLastTime.2436
                0x008013ab        0x4 FreeRTOS/src/timers.o
 .bss.xTimerTaskHandle
                0x008013af        0x2 FreeRTOS/src/timers.o
 .bss.xTimerQueue
                0x008013b1        0x2 FreeRTOS/src/timers.o
 .bss.pxOverflowTimerList
                0x008013b3        0x2 FreeRTOS/src/timers.o
 .bss.pxCurrentTimerList
                0x008013b5        0x2 FreeRTOS/src/timers.o
 .bss.xActiveTimerList2
                0x008013b7        0xb FreeRTOS/src/timers.o
 .bss.xActiveTimerList1
                0x008013c2        0xb FreeRTOS/src/timers.o
 .bss.downLinkMessageBufferHandle
                0x008013cd        0x2 main.o
                0x008013cd                downLinkMessageBufferHandle
 .bss.taskReadyBits
                0x008013cf        0x2 main.o
                0x008013cf                taskReadyBits
 .bss._measuringIsReady
                0x008013d1        0x1 ../drivers\libIotLibrary.a(hih8120.o)
 .bss._hih8120Handler
                0x008013d2        0x2 ../drivers\libIotLibrary.a(hih8120.o)
 .bss._tmp_buf.2871
                0x008013d4       0x37 ../drivers\libIotLibrary.a(lora_driver.o)
 .bss.rec_buf_inp.2878
                0x0080140b        0x1 ../drivers\libIotLibrary.a(lora_driver.o)
 .bss._downlinkMessageBuffer
                0x0080140c        0x2 ../drivers\libIotLibrary.a(lora_driver.o)
 .bss._serialReplyBufferHandle
                0x0080140e        0x2 ../drivers\libIotLibrary.a(lora_driver.o)
 .bss._rn2483_serial
                0x00801410        0x2 ../drivers\libIotLibrary.a(lora_driver.o)
 .bss._downlinkPayload
                0x00801412       0x16 ../drivers\libIotLibrary.a(lora_driver.o)
 .bss._payLoadHexBytes
                0x00801428       0x15 ../drivers\libIotLibrary.a(lora_driver.o)
 .bss._recMessageBuf
                0x0080143d       0x2d ../drivers\libIotLibrary.a(lora_driver.o)
 .bss._sendMessage
                0x0080146a       0x2d ../drivers\libIotLibrary.a(lora_driver.o)
 .bss._replyMess
                0x00801497       0x2d ../drivers\libIotLibrary.a(lora_driver.o)
 .bss.data.1944
                0x008014c4        0x2 ../drivers\libIotLibrary.a(mh_z19.o)
 .bss.inDex.1943
                0x008014c6        0x1 ../drivers\libIotLibrary.a(mh_z19.o)
 .bss.crc_sum.1945
                0x008014c7        0x1 ../drivers\libIotLibrary.a(mh_z19.o)
 .bss._appCallBack
                0x008014c8        0x2 ../drivers\libIotLibrary.a(mh_z19.o)
 .bss._mh_state
                0x008014ca        0x1 ../drivers\libIotLibrary.a(mh_z19.o)
                0x008014ca                _mh_state
 .bss._ppm      0x008014cb        0x2 ../drivers\libIotLibrary.a(mh_z19.o)
 .bss._serial   0x008014cd        0x2 ../drivers\libIotLibrary.a(mh_z19.o)
 .bss._ser_handle
                0x008014cf        0x8 ../drivers\libIotLibrary.a(serial.o)
 .bss._com_serial_instance
                0x008014d7        0x2 ../drivers\libIotLibrary.a(stdio_driver.o)
 .bss._infraredRaw
                0x008014d9        0x2 ../drivers\libIotLibrary.a(tsl2591.o)
 .bss._fullSpectrumRaw
                0x008014db        0x2 ../drivers\libIotLibrary.a(tsl2591.o)
 .bss._deviceId
                0x008014dd        0x1 ../drivers\libIotLibrary.a(tsl2591.o)
 .bss._currentIntegrationTime
                0x008014de        0x1 ../drivers\libIotLibrary.a(tsl2591.o)
 .bss._currentGain
                0x008014df        0x1 ../drivers\libIotLibrary.a(tsl2591.o)
 .bss._nextState
                0x008014e0        0x1 ../drivers\libIotLibrary.a(tsl2591.o)
 .bss._callBackFunction
                0x008014e1        0x2 ../drivers\libIotLibrary.a(tsl2591.o)
 .bss._twiHandler
                0x008014e3        0x2 ../drivers\libIotLibrary.a(tsl2591.o)
 .bss._index.1885
                0x008014e5        0x1 ../drivers\libIotLibrary.a(twi.o)
 .bss._twiCurrentHandler
                0x008014e6        0x2 ../drivers\libIotLibrary.a(twi.o)
 .bss._twiMessageLen
                0x008014e8        0x1 ../drivers\libIotLibrary.a(twi.o)
 .bss._twiMessageBuffer
                0x008014e9        0xa ../drivers\libIotLibrary.a(twi.o)
 .bss._twiIsInitiated
                0x008014f3        0x1 ../drivers\libIotLibrary.a(twi.o)
 *(COMMON)
 COMMON         0x008014f4        0xb CO2Handler.o
                0x008014f4                rc
                0x008014f5                ppm
                0x008014f7                ready_bit
                0x008014fb                xMutexSemaphore
                0x008014fd                group_start
 COMMON         0x008014ff        0x6 UplinkHandler.o
                0x008014ff                light_handler
                0x00801501                co2
                0x00801503                temperatureAndHumidity
 COMMON         0x00801505        0x6 main.o
                0x00801505                temperature_sensor
                0x00801507                lighthandler
                0x00801509                co2_sensor
 COMMON         0x0080150b        0x4 c:/program files (x86)/atmel/studio/7.0/toolchain/avr8/avr8-gnu-toolchain/bin/../lib/gcc/avr/5.4.0/../../../../avr/lib/avr6\libc.a(malloc.o)
                0x0080150b                __brkval
                0x0080150d                __flp
 COMMON         0x0080150f        0x6 c:/program files (x86)/atmel/studio/7.0/toolchain/avr8/avr8-gnu-toolchain/bin/../lib/gcc/avr/5.4.0/../../../../avr/lib/avr6\libc.a(iob.o)
                0x0080150f                __iob
                0x00801515                PROVIDE (__bss_end, .)
                0x000070f6                __data_load_start = LOADADDR (.data)
                0x000077e0                __data_load_end = (__data_load_start + SIZEOF (.data))

.noinit         0x00801515        0x0
                [!provide]                PROVIDE (__noinit_start, .)
 *(.noinit*)
                [!provide]                PROVIDE (__noinit_end, .)
                0x00801515                _end = .
                0x00801515                PROVIDE (__heap_start, .)

.eeprom         0x00810000        0x0
 *(.eeprom*)
                0x00810000                __eeprom_end = .

.fuse
 *(.fuse)
 *(.lfuse)
 *(.hfuse)
 *(.efuse)

.lock
 *(.lock*)

.signature
 *(.signature*)

.user_signatures
 *(.user_signatures*)

.stab
 *(.stab)

.stabstr
 *(.stabstr)

.stab.excl
 *(.stab.excl)

.stab.exclstr
 *(.stab.exclstr)

.stab.index
 *(.stab.index)

.stab.indexstr
 *(.stab.indexstr)

.comment        0x00000000       0x5c
 *(.comment)
 .comment       0x00000000       0x30 CO2Handler.o
                                 0x31 (size before relaxing)
 .comment       0x00000030       0x31 DownlinkHandler.o
 .comment       0x00000030       0x31 LightHandler.o
 .comment       0x00000030       0x31 TemperatureHandler.o
 .comment       0x00000030       0x31 UplinkHandler.o
 .comment       0x00000030       0x31 FreeRTOS/src/event_groups.o
 .comment       0x00000030       0x31 FreeRTOS/src/heap_4.o
 .comment       0x00000030       0x31 FreeRTOS/src/list.o
 .comment       0x00000030       0x31 FreeRTOS/src/port.o
 .comment       0x00000030       0x31 FreeRTOS/src/queue.o
 .comment       0x00000030       0x31 FreeRTOS/src/stream_buffer.o
 .comment       0x00000030       0x31 FreeRTOS/src/tasks.o
 .comment       0x00000030       0x31 FreeRTOS/src/timers.o
 .comment       0x00000030       0x31 FreeRTOS/src/variantHooks.o
 .comment       0x00000030       0x31 main.o
 .comment       0x00000030       0x31 ../drivers\libIotLibrary.a(hih8120.o)
 .comment       0x00000030       0x31 ../drivers\libIotLibrary.a(lora_driver.o)
 .comment       0x00000030       0x31 ../drivers\libIotLibrary.a(lora_driver_utils.o)
 .comment       0x00000030       0x31 ../drivers\libIotLibrary.a(mh_z19.o)
 .comment       0x00000030       0x31 ../drivers\libIotLibrary.a(serial.o)
 .comment       0x00000030       0x31 ../drivers\libIotLibrary.a(stdio_driver.o)
 .comment       0x00000030       0x31 ../drivers\libIotLibrary.a(tsl2591.o)
 .comment       0x00000030       0x31 ../drivers\libIotLibrary.a(twi.o)
 .comment       0x00000030       0x31 ../drivers\libIotLibrary.a(fifo.o)
 .comment       0x00000030       0x2c c:/program files (x86)/atmel/studio/7.0/toolchain/avr8/avr8-gnu-toolchain/bin/../lib/gcc/avr/5.4.0/../../../../avr/lib/avr6\libprintf_flt.a(vfprintf_flt.o)
                                 0x2d (size before relaxing)
 .comment       0x0000005c       0x31 c:/program files (x86)/atmel/studio/7.0/toolchain/avr8/avr8-gnu-toolchain/bin/../lib/gcc/avr/5.4.0/../../../../avr/lib/avr6\libc.a(calloc.o)
 .comment       0x0000005c       0x31 c:/program files (x86)/atmel/studio/7.0/toolchain/avr8/avr8-gnu-toolchain/bin/../lib/gcc/avr/5.4.0/../../../../avr/lib/avr6\libc.a(malloc.o)
 .comment       0x0000005c       0x31 c:/program files (x86)/atmel/studio/7.0/toolchain/avr8/avr8-gnu-toolchain/bin/../lib/gcc/avr/5.4.0/../../../../avr/lib/avr6\libc.a(fputc.o)
 .comment       0x0000005c       0x31 c:/program files (x86)/atmel/studio/7.0/toolchain/avr8/avr8-gnu-toolchain/bin/../lib/gcc/avr/5.4.0/../../../../avr/lib/avr6\libc.a(iob.o)
 .comment       0x0000005c       0x31 c:/program files (x86)/atmel/studio/7.0/toolchain/avr8/avr8-gnu-toolchain/bin/../lib/gcc/avr/5.4.0/../../../../avr/lib/avr6\libc.a(printf.o)
 .comment       0x0000005c       0x31 c:/program files (x86)/atmel/studio/7.0/toolchain/avr8/avr8-gnu-toolchain/bin/../lib/gcc/avr/5.4.0/../../../../avr/lib/avr6\libc.a(puts.o)
 .comment       0x0000005c       0x31 c:/program files (x86)/atmel/studio/7.0/toolchain/avr8/avr8-gnu-toolchain/bin/../lib/gcc/avr/5.4.0/../../../../avr/lib/avr6\libc.a(sprintf.o)

.note.gnu.avr.deviceinfo
                0x00000000       0x40
 .note.gnu.avr.deviceinfo
                0x00000000       0x40 C:/Program Files (x86)/Atmel/Studio/7.0/Packs/atmel/ATmega_DFP/1.6.364/gcc/dev/atmega2560/avr6/crtatmega2560.o

.note.gnu.build-id
 *(.note.gnu.build-id)

.debug
 *(.debug)

.line
 *(.line)

.debug_srcinfo
 *(.debug_srcinfo)

.debug_sfnames
 *(.debug_sfnames)

.debug_aranges  0x00000000      0xb50
 *(.debug_aranges)
 .debug_aranges
                0x00000000       0x40 CO2Handler.o
 .debug_aranges
                0x00000040       0x30 DownlinkHandler.o
 .debug_aranges
                0x00000070       0x48 LightHandler.o
 .debug_aranges
                0x000000b8       0x48 TemperatureHandler.o
 .debug_aranges
                0x00000100       0x30 UplinkHandler.o
 .debug_aranges
                0x00000130       0x68 FreeRTOS/src/event_groups.o
 .debug_aranges
                0x00000198       0x58 FreeRTOS/src/heap_4.o
 .debug_aranges
                0x000001f0       0x40 FreeRTOS/src/list.o
 .debug_aranges
                0x00000230       0x58 FreeRTOS/src/port.o
 .debug_aranges
                0x00000288       0xf8 FreeRTOS/src/queue.o
 .debug_aranges
                0x00000380       0xc0 FreeRTOS/src/stream_buffer.o
 .debug_aranges
                0x00000440      0x1d0 FreeRTOS/src/tasks.o
 .debug_aranges
                0x00000610       0xc8 FreeRTOS/src/timers.o
 .debug_aranges
                0x000006d8       0x40 FreeRTOS/src/variantHooks.o
 .debug_aranges
                0x00000718       0x38 main.o
 .debug_aranges
                0x00000750       0x68 ../drivers\libIotLibrary.a(hih8120.o)
 .debug_aranges
                0x000007b8      0x138 ../drivers\libIotLibrary.a(lora_driver.o)
 .debug_aranges
                0x000008f0       0x28 ../drivers\libIotLibrary.a(lora_driver_utils.o)
 .debug_aranges
                0x00000918       0x58 ../drivers\libIotLibrary.a(mh_z19.o)
 .debug_aranges
                0x00000970       0x90 ../drivers\libIotLibrary.a(serial.o)
 .debug_aranges
                0x00000a00       0x38 ../drivers\libIotLibrary.a(stdio_driver.o)
 .debug_aranges
                0x00000a38       0xa8 ../drivers\libIotLibrary.a(tsl2591.o)
 .debug_aranges
                0x00000ae0       0x50 ../drivers\libIotLibrary.a(twi.o)
 .debug_aranges
                0x00000b30       0x20 ../drivers\libIotLibrary.a(fifo.o)

.debug_pubnames
 *(.debug_pubnames)

.debug_info     0x00000000     0xe684
 *(.debug_info .gnu.linkonce.wi.*)
 .debug_info    0x00000000      0xbbc C:/Program Files (x86)/Atmel/Studio/7.0/Packs/atmel/ATmega_DFP/1.6.364/gcc/dev/atmega2560/avr6/crtatmega2560.o
 .debug_info    0x00000bbc      0x58e CO2Handler.o
 .debug_info    0x0000114a      0x2b8 DownlinkHandler.o
 .debug_info    0x00001402      0x66f LightHandler.o
 .debug_info    0x00001a71      0x615 TemperatureHandler.o
 .debug_info    0x00002086      0x8cc UplinkHandler.o
 .debug_info    0x00002952      0x971 FreeRTOS/src/event_groups.o
 .debug_info    0x000032c3      0x4e6 FreeRTOS/src/heap_4.o
 .debug_info    0x000037a9      0x2e7 FreeRTOS/src/list.o
 .debug_info    0x00003a90      0x2ff FreeRTOS/src/port.o
 .debug_info    0x00003d8f     0x17e6 FreeRTOS/src/queue.o
 .debug_info    0x00005575     0x13df FreeRTOS/src/stream_buffer.o
 .debug_info    0x00006954     0x2239 FreeRTOS/src/tasks.o
 .debug_info    0x00008b8d     0x10dd FreeRTOS/src/timers.o
 .debug_info    0x00009c6a      0x20f FreeRTOS/src/variantHooks.o
 .debug_info    0x00009e79      0x477 main.o
 .debug_info    0x0000a2f0      0x3a9 ../drivers\libIotLibrary.a(hih8120.o)
 .debug_info    0x0000a699     0x1747 ../drivers\libIotLibrary.a(lora_driver.o)
 .debug_info    0x0000bde0      0x143 ../drivers\libIotLibrary.a(lora_driver_utils.o)
 .debug_info    0x0000bf23      0x556 ../drivers\libIotLibrary.a(mh_z19.o)
 .debug_info    0x0000c479      0xd9b ../drivers\libIotLibrary.a(serial.o)
 .debug_info    0x0000d214      0x3b6 ../drivers\libIotLibrary.a(stdio_driver.o)
 .debug_info    0x0000d5ca      0x99a ../drivers\libIotLibrary.a(tsl2591.o)
 .debug_info    0x0000df64      0x55d ../drivers\libIotLibrary.a(twi.o)
 .debug_info    0x0000e4c1      0x1c3 ../drivers\libIotLibrary.a(fifo.o)

.debug_abbrev   0x00000000     0x389b
 *(.debug_abbrev)
 .debug_abbrev  0x00000000      0xb1a C:/Program Files (x86)/Atmel/Studio/7.0/Packs/atmel/ATmega_DFP/1.6.364/gcc/dev/atmega2560/avr6/crtatmega2560.o
 .debug_abbrev  0x00000b1a      0x217 CO2Handler.o
 .debug_abbrev  0x00000d31      0x148 DownlinkHandler.o
 .debug_abbrev  0x00000e79      0x1e9 LightHandler.o
 .debug_abbrev  0x00001062      0x1ee TemperatureHandler.o
 .debug_abbrev  0x00001250      0x1cc UplinkHandler.o
 .debug_abbrev  0x0000141c      0x1dc FreeRTOS/src/event_groups.o
 .debug_abbrev  0x000015f8      0x200 FreeRTOS/src/heap_4.o
 .debug_abbrev  0x000017f8       0xff FreeRTOS/src/list.o
 .debug_abbrev  0x000018f7      0x179 FreeRTOS/src/port.o
 .debug_abbrev  0x00001a70      0x241 FreeRTOS/src/queue.o
 .debug_abbrev  0x00001cb1      0x246 FreeRTOS/src/stream_buffer.o
 .debug_abbrev  0x00001ef7      0x2c8 FreeRTOS/src/tasks.o
 .debug_abbrev  0x000021bf      0x28c FreeRTOS/src/timers.o
 .debug_abbrev  0x0000244b       0xff FreeRTOS/src/variantHooks.o
 .debug_abbrev  0x0000254a      0x14f main.o
 .debug_abbrev  0x00002699      0x184 ../drivers\libIotLibrary.a(hih8120.o)
 .debug_abbrev  0x0000281d      0x33b ../drivers\libIotLibrary.a(lora_driver.o)
 .debug_abbrev  0x00002b58       0xc0 ../drivers\libIotLibrary.a(lora_driver_utils.o)
 .debug_abbrev  0x00002c18      0x238 ../drivers\libIotLibrary.a(mh_z19.o)
 .debug_abbrev  0x00002e50      0x355 ../drivers\libIotLibrary.a(serial.o)
 .debug_abbrev  0x000031a5      0x1b3 ../drivers\libIotLibrary.a(stdio_driver.o)
 .debug_abbrev  0x00003358      0x244 ../drivers\libIotLibrary.a(tsl2591.o)
 .debug_abbrev  0x0000359c      0x217 ../drivers\libIotLibrary.a(twi.o)
 .debug_abbrev  0x000037b3       0xe8 ../drivers\libIotLibrary.a(fifo.o)

.debug_line     0x00000000     0x6f66
 *(.debug_line .debug_line.* .debug_line_end)
 .debug_line    0x00000000      0x1fa C:/Program Files (x86)/Atmel/Studio/7.0/Packs/atmel/ATmega_DFP/1.6.364/gcc/dev/atmega2560/avr6/crtatmega2560.o
 .debug_line    0x000001fa      0x22c CO2Handler.o
 .debug_line    0x00000426      0x171 DownlinkHandler.o
 .debug_line    0x00000597      0x29b LightHandler.o
 .debug_line    0x00000832      0x26e TemperatureHandler.o
 .debug_line    0x00000aa0      0x300 UplinkHandler.o
 .debug_line    0x00000da0      0x413 FreeRTOS/src/event_groups.o
 .debug_line    0x000011b3      0x41f FreeRTOS/src/heap_4.o
 .debug_line    0x000015d2      0x1db FreeRTOS/src/list.o
 .debug_line    0x000017ad      0x28a FreeRTOS/src/port.o
 .debug_line    0x00001a37      0xbe3 FreeRTOS/src/queue.o
 .debug_line    0x0000261a      0x79a FreeRTOS/src/stream_buffer.o
 .debug_line    0x00002db4     0x15ba FreeRTOS/src/tasks.o
 .debug_line    0x0000436e      0x624 FreeRTOS/src/timers.o
 .debug_line    0x00004992      0x1af FreeRTOS/src/variantHooks.o
 .debug_line    0x00004b41      0x2c4 main.o
 .debug_line    0x00004e05      0x24a ../drivers\libIotLibrary.a(hih8120.o)
 .debug_line    0x0000504f      0x9aa ../drivers\libIotLibrary.a(lora_driver.o)
 .debug_line    0x000059f9      0x195 ../drivers\libIotLibrary.a(lora_driver_utils.o)
 .debug_line    0x00005b8e      0x2fc ../drivers\libIotLibrary.a(mh_z19.o)
 .debug_line    0x00005e8a      0x6a0 ../drivers\libIotLibrary.a(serial.o)
 .debug_line    0x0000652a      0x146 ../drivers\libIotLibrary.a(stdio_driver.o)
 .debug_line    0x00006670      0x4bf ../drivers\libIotLibrary.a(tsl2591.o)
 .debug_line    0x00006b2f      0x31c ../drivers\libIotLibrary.a(twi.o)
 .debug_line    0x00006e4b      0x11b ../drivers\libIotLibrary.a(fifo.o)

.debug_frame    0x00000000     0x2974
 *(.debug_frame)
 .debug_frame   0x00000000       0xcc CO2Handler.o
 .debug_frame   0x000000cc       0x98 DownlinkHandler.o
 .debug_frame   0x00000164      0x114 LightHandler.o
 .debug_frame   0x00000278       0xf4 TemperatureHandler.o
 .debug_frame   0x0000036c       0x84 UplinkHandler.o
 .debug_frame   0x000003f0      0x1dc FreeRTOS/src/event_groups.o
 .debug_frame   0x000005cc       0xfc FreeRTOS/src/heap_4.o
 .debug_frame   0x000006c8       0x90 FreeRTOS/src/list.o
 .debug_frame   0x00000758       0x94 FreeRTOS/src/port.o
 .debug_frame   0x000007ec      0x3a4 FreeRTOS/src/queue.o
 .debug_frame   0x00000b90      0x40c FreeRTOS/src/stream_buffer.o
 .debug_frame   0x00000f9c      0x7a0 FreeRTOS/src/tasks.o
 .debug_frame   0x0000173c      0x3ac FreeRTOS/src/timers.o
 .debug_frame   0x00001ae8       0x64 FreeRTOS/src/variantHooks.o
 .debug_frame   0x00001b4c       0x6c main.o
 .debug_frame   0x00001bb8       0xc0 ../drivers\libIotLibrary.a(hih8120.o)
 .debug_frame   0x00001c78      0x460 ../drivers\libIotLibrary.a(lora_driver.o)
 .debug_frame   0x000020d8       0x48 ../drivers\libIotLibrary.a(lora_driver_utils.o)
 .debug_frame   0x00002120      0x100 ../drivers\libIotLibrary.a(mh_z19.o)
 .debug_frame   0x00002220      0x384 ../drivers\libIotLibrary.a(serial.o)
 .debug_frame   0x000025a4       0x94 ../drivers\libIotLibrary.a(stdio_driver.o)
 .debug_frame   0x00002638      0x1ec ../drivers\libIotLibrary.a(tsl2591.o)
 .debug_frame   0x00002824      0x12c ../drivers\libIotLibrary.a(twi.o)
 .debug_frame   0x00002950       0x24 ../drivers\libIotLibrary.a(fifo.o)

.debug_str      0x00000000     0x48e0
 *(.debug_str)
 .debug_str     0x00000000      0x3e6 C:/Program Files (x86)/Atmel/Studio/7.0/Packs/atmel/ATmega_DFP/1.6.364/gcc/dev/atmega2560/avr6/crtatmega2560.o
 .debug_str     0x000003e6      0x3d3 CO2Handler.o
                                0x43c (size before relaxing)
 .debug_str     0x000007b9      0x124 DownlinkHandler.o
                                0x2d2 (size before relaxing)
 .debug_str     0x000008dd      0x20d LightHandler.o
                                0x4cd (size before relaxing)
 .debug_str     0x00000aea      0x16f TemperatureHandler.o
                                0x481 (size before relaxing)
 .debug_str     0x00000c59      0x3fd UplinkHandler.o
                                0x735 (size before relaxing)
 .debug_str     0x00001056      0x370 FreeRTOS/src/event_groups.o
                                0x59d (size before relaxing)
 .debug_str     0x000013c6      0x2ce FreeRTOS/src/heap_4.o
                                0x493 (size before relaxing)
 .debug_str     0x00001694       0x89 FreeRTOS/src/list.o
                                0x2cf (size before relaxing)
 .debug_str     0x0000171d      0x14d FreeRTOS/src/port.o
                                0x304 (size before relaxing)
 .debug_str     0x0000186a      0x608 FreeRTOS/src/queue.o
                                0x943 (size before relaxing)
 .debug_str     0x00001e72      0x4b1 FreeRTOS/src/stream_buffer.o
                                0x7cc (size before relaxing)
 .debug_str     0x00002323      0x88f FreeRTOS/src/tasks.o
                                0xf64 (size before relaxing)
 .debug_str     0x00002bb2      0x414 FreeRTOS/src/timers.o
                                0x83a (size before relaxing)
 .debug_str     0x00002fc6       0x7a FreeRTOS/src/variantHooks.o
                                0x27b (size before relaxing)
 .debug_str     0x00003040       0xd1 main.o
                                0x417 (size before relaxing)
 .debug_str     0x00003111      0x2e6 ../drivers\libIotLibrary.a(hih8120.o)
                                0x45c (size before relaxing)
 .debug_str     0x000033f7      0x68f ../drivers\libIotLibrary.a(lora_driver.o)
                                0xcdb (size before relaxing)
 .debug_str     0x00003a86       0x4f ../drivers\libIotLibrary.a(lora_driver_utils.o)
                                0x206 (size before relaxing)
 .debug_str     0x00003ad5      0x117 ../drivers\libIotLibrary.a(mh_z19.o)
                                0x489 (size before relaxing)
 .debug_str     0x00003bec      0x2e0 ../drivers\libIotLibrary.a(serial.o)
                                0x628 (size before relaxing)
 .debug_str     0x00003ecc       0xa6 ../drivers\libIotLibrary.a(stdio_driver.o)
                                0x37d (size before relaxing)
 .debug_str     0x00003f72      0x66c ../drivers\libIotLibrary.a(tsl2591.o)
                                0xaaf (size before relaxing)
 .debug_str     0x000045de      0x2e0 ../drivers\libIotLibrary.a(twi.o)
                                0x5b4 (size before relaxing)
 .debug_str     0x000048be       0x22 ../drivers\libIotLibrary.a(fifo.o)
                                0x239 (size before relaxing)

.debug_loc      0x00000000     0xd3cd
 *(.debug_loc)
 .debug_loc     0x00000000      0x317 CO2Handler.o
 .debug_loc     0x00000317      0x1f5 DownlinkHandler.o
 .debug_loc     0x0000050c      0x4a4 LightHandler.o
 .debug_loc     0x000009b0      0x3b0 TemperatureHandler.o
 .debug_loc     0x00000d60      0x3a6 UplinkHandler.o
 .debug_loc     0x00001106      0xcc9 FreeRTOS/src/event_groups.o
 .debug_loc     0x00001dcf      0x4be FreeRTOS/src/heap_4.o
 .debug_loc     0x0000228d      0x17d FreeRTOS/src/list.o
 .debug_loc     0x0000240a       0xf6 FreeRTOS/src/port.o
 .debug_loc     0x00002500     0x1abd FreeRTOS/src/queue.o
 .debug_loc     0x00003fbd     0x1daf FreeRTOS/src/stream_buffer.o
 .debug_loc     0x00005d6c     0x2a07 FreeRTOS/src/tasks.o
 .debug_loc     0x00008773     0x10f3 FreeRTOS/src/timers.o
 .debug_loc     0x00009866       0xdc FreeRTOS/src/variantHooks.o
 .debug_loc     0x00009942       0x5e main.o
 .debug_loc     0x000099a0       0x9f ../drivers\libIotLibrary.a(hih8120.o)
 .debug_loc     0x00009a3f     0x1216 ../drivers\libIotLibrary.a(lora_driver.o)
 .debug_loc     0x0000ac55      0x1d2 ../drivers\libIotLibrary.a(lora_driver_utils.o)
 .debug_loc     0x0000ae27      0x37c ../drivers\libIotLibrary.a(mh_z19.o)
 .debug_loc     0x0000b1a3     0x114c ../drivers\libIotLibrary.a(serial.o)
 .debug_loc     0x0000c2ef      0x18c ../drivers\libIotLibrary.a(stdio_driver.o)
 .debug_loc     0x0000c47b      0x87f ../drivers\libIotLibrary.a(tsl2591.o)
 .debug_loc     0x0000ccfa      0x575 ../drivers\libIotLibrary.a(twi.o)
 .debug_loc     0x0000d26f      0x15e ../drivers\libIotLibrary.a(fifo.o)

.debug_macinfo
 *(.debug_macinfo)

.debug_weaknames
 *(.debug_weaknames)

.debug_funcnames
 *(.debug_funcnames)

.debug_typenames
 *(.debug_typenames)

.debug_varnames
 *(.debug_varnames)

.debug_pubtypes
 *(.debug_pubtypes)

.debug_ranges   0x00000000      0xaa0
 *(.debug_ranges)
 .debug_ranges  0x00000000       0x30 CO2Handler.o
 .debug_ranges  0x00000030       0x20 DownlinkHandler.o
 .debug_ranges  0x00000050       0x38 LightHandler.o
 .debug_ranges  0x00000088       0x38 TemperatureHandler.o
 .debug_ranges  0x000000c0       0x20 UplinkHandler.o
 .debug_ranges  0x000000e0       0x70 FreeRTOS/src/event_groups.o
 .debug_ranges  0x00000150       0x48 FreeRTOS/src/heap_4.o
 .debug_ranges  0x00000198       0x30 FreeRTOS/src/list.o
 .debug_ranges  0x000001c8       0x48 FreeRTOS/src/port.o
 .debug_ranges  0x00000210      0x130 FreeRTOS/src/queue.o
 .debug_ranges  0x00000340       0xb0 FreeRTOS/src/stream_buffer.o
 .debug_ranges  0x000003f0      0x200 FreeRTOS/src/tasks.o
 .debug_ranges  0x000005f0       0xb8 FreeRTOS/src/timers.o
 .debug_ranges  0x000006a8       0x30 FreeRTOS/src/variantHooks.o
 .debug_ranges  0x000006d8       0x28 main.o
 .debug_ranges  0x00000700       0x58 ../drivers\libIotLibrary.a(hih8120.o)
 .debug_ranges  0x00000758      0x128 ../drivers\libIotLibrary.a(lora_driver.o)
 .debug_ranges  0x00000880       0x30 ../drivers\libIotLibrary.a(lora_driver_utils.o)
 .debug_ranges  0x000008b0       0x48 ../drivers\libIotLibrary.a(mh_z19.o)
 .debug_ranges  0x000008f8       0x98 ../drivers\libIotLibrary.a(serial.o)
 .debug_ranges  0x00000990       0x28 ../drivers\libIotLibrary.a(stdio_driver.o)
 .debug_ranges  0x000009b8       0x98 ../drivers\libIotLibrary.a(tsl2591.o)
 .debug_ranges  0x00000a50       0x40 ../drivers\libIotLibrary.a(twi.o)
 .debug_ranges  0x00000a90       0x10 ../drivers\libIotLibrary.a(fifo.o)

.debug_macro
 *(.debug_macro)
OUTPUT(IoT.elf elf32-avr)
LOAD linker stubs
