Archive member included to satisfy reference by file (symbol)

c:/program files (x86)/atmel/studio/7.0/toolchain/avr8/avr8-gnu-toolchain/bin/../lib/gcc/avr/5.4.0/../../../../avr/lib/avr6\libm.a(fixsfsi.o)
                              UplinkHandler.o (__fixsfsi)
c:/program files (x86)/atmel/studio/7.0/toolchain/avr8/avr8-gnu-toolchain/bin/../lib/gcc/avr/5.4.0/../../../../avr/lib/avr6\libm.a(fixunssfsi.o)
                              c:/program files (x86)/atmel/studio/7.0/toolchain/avr8/avr8-gnu-toolchain/bin/../lib/gcc/avr/5.4.0/../../../../avr/lib/avr6\libm.a(fixsfsi.o) (__fixunssfsi)
c:/program files (x86)/atmel/studio/7.0/toolchain/avr8/avr8-gnu-toolchain/bin/../lib/gcc/avr/5.4.0/../../../../avr/lib/avr6\libm.a(fp_split3.o)
                              c:/program files (x86)/atmel/studio/7.0/toolchain/avr8/avr8-gnu-toolchain/bin/../lib/gcc/avr/5.4.0/../../../../avr/lib/avr6\libm.a(fixunssfsi.o) (__fp_splitA)
c:/program files (x86)/atmel/studio/7.0/toolchain/avr8/avr8-gnu-toolchain/bin/../lib/gcc/avr/5.4.0/../../../../avr/lib/avr6\libm.a(fp_zero.o)
                              c:/program files (x86)/atmel/studio/7.0/toolchain/avr8/avr8-gnu-toolchain/bin/../lib/gcc/avr/5.4.0/../../../../avr/lib/avr6\libm.a(fixunssfsi.o) (__fp_zero)
c:/program files (x86)/atmel/studio/7.0/toolchain/avr8/avr8-gnu-toolchain/bin/../lib/gcc/avr/5.4.0/../../../../avr/lib/avr6\libm.a(modf.o)
                              UplinkHandler.o (modf)
c:/program files (x86)/atmel/studio/7.0/toolchain/avr8/avr8-gnu-toolchain/bin/../lib/gcc/avr/5.4.0/../../../../avr/lib/avr6\libm.a(mulsf3.o)
                              UplinkHandler.o (__mulsf3)
c:/program files (x86)/atmel/studio/7.0/toolchain/avr8/avr8-gnu-toolchain/bin/../lib/gcc/avr/5.4.0/../../../../avr/lib/avr6\libm.a(mulsf3x.o)
                              c:/program files (x86)/atmel/studio/7.0/toolchain/avr8/avr8-gnu-toolchain/bin/../lib/gcc/avr/5.4.0/../../../../avr/lib/avr6\libm.a(mulsf3.o) (__mulsf3x)
c:/program files (x86)/atmel/studio/7.0/toolchain/avr8/avr8-gnu-toolchain/bin/../lib/gcc/avr/5.4.0/../../../../avr/lib/avr6\libm.a(addsf3.o)
                              c:/program files (x86)/atmel/studio/7.0/toolchain/avr8/avr8-gnu-toolchain/bin/../lib/gcc/avr/5.4.0/../../../../avr/lib/avr6\libm.a(modf.o) (__subsf3)
c:/program files (x86)/atmel/studio/7.0/toolchain/avr8/avr8-gnu-toolchain/bin/../lib/gcc/avr/5.4.0/../../../../avr/lib/avr6\libm.a(addsf3x.o)
                              c:/program files (x86)/atmel/studio/7.0/toolchain/avr8/avr8-gnu-toolchain/bin/../lib/gcc/avr/5.4.0/../../../../avr/lib/avr6\libm.a(addsf3.o) (__addsf3x)
c:/program files (x86)/atmel/studio/7.0/toolchain/avr8/avr8-gnu-toolchain/bin/../lib/gcc/avr/5.4.0/../../../../avr/lib/avr6\libm.a(fp_inf.o)
                              c:/program files (x86)/atmel/studio/7.0/toolchain/avr8/avr8-gnu-toolchain/bin/../lib/gcc/avr/5.4.0/../../../../avr/lib/avr6\libm.a(mulsf3x.o) (__fp_inf)
c:/program files (x86)/atmel/studio/7.0/toolchain/avr8/avr8-gnu-toolchain/bin/../lib/gcc/avr/5.4.0/../../../../avr/lib/avr6\libm.a(fp_nan.o)
                              c:/program files (x86)/atmel/studio/7.0/toolchain/avr8/avr8-gnu-toolchain/bin/../lib/gcc/avr/5.4.0/../../../../avr/lib/avr6\libm.a(mulsf3x.o) (__fp_nan)
c:/program files (x86)/atmel/studio/7.0/toolchain/avr8/avr8-gnu-toolchain/bin/../lib/gcc/avr/5.4.0/../../../../avr/lib/avr6\libm.a(fp_pscA.o)
                              c:/program files (x86)/atmel/studio/7.0/toolchain/avr8/avr8-gnu-toolchain/bin/../lib/gcc/avr/5.4.0/../../../../avr/lib/avr6\libm.a(mulsf3x.o) (__fp_pscA)
c:/program files (x86)/atmel/studio/7.0/toolchain/avr8/avr8-gnu-toolchain/bin/../lib/gcc/avr/5.4.0/../../../../avr/lib/avr6\libm.a(fp_pscB.o)
                              c:/program files (x86)/atmel/studio/7.0/toolchain/avr8/avr8-gnu-toolchain/bin/../lib/gcc/avr/5.4.0/../../../../avr/lib/avr6\libm.a(mulsf3x.o) (__fp_pscB)
c:/program files (x86)/atmel/studio/7.0/toolchain/avr8/avr8-gnu-toolchain/bin/../lib/gcc/avr/5.4.0/../../../../avr/lib/avr6\libm.a(fp_round.o)
                              c:/program files (x86)/atmel/studio/7.0/toolchain/avr8/avr8-gnu-toolchain/bin/../lib/gcc/avr/5.4.0/../../../../avr/lib/avr6\libm.a(mulsf3.o) (__fp_round)
../drivers\libIotLibrary.a(hih8120.o)
                              TemperatureHandler.o (hih8120_initialise)
../drivers\libIotLibrary.a(lora_driver.o)
                              UplinkHandler.o (lora_driver_flushBuffers)
../drivers\libIotLibrary.a(lora_driver_utils.o)
                              ../drivers\libIotLibrary.a(lora_driver.o) (decode_port_no)
../drivers\libIotLibrary.a(mh_z19.o)
                              CO2Handler.o (mh_z19_initialise)
../drivers\libIotLibrary.a(serial.o)
                              ../drivers\libIotLibrary.a(lora_driver.o) (serial_create)
../drivers\libIotLibrary.a(stdio_driver.o)
                              main.o (stdio_initialise)
../drivers\libIotLibrary.a(status_leds.o)
[...]
Memory Configuration

Name             Origin             Length             Attributes
text             0x00000000         0x00040000         xr
data             0x00800200         0x00002000         rw !x
eeprom           0x00810000         0x00001000         rw !x
fuse             0x00820000         0x00000003         rw !x
lock             0x00830000         0x00000400         rw !x
signature        0x00840000         0x00000400         rw !x
user_signatures  0x00850000         0x00000400         rw !x
*default*        0x00000000         0xffffffff

Linker script and memory map

Address of section .data set to 0x800200
LOAD C:/Program Files (x86)/Atmel/Studio/7.0/Packs/atmel/ATmega_DFP/1.6.364/gcc/dev/atmega2560/avr6/crtatmega2560.o
LOAD CO2Handler.o
LOAD TemperatureHandler.o
LOAD UplinkHandler.o
LOAD FreeRTOS/FreeRTOSTraceDriver/FreeRTOSTraceDriver.o
LOAD FreeRTOS/src/croutine.o
LOAD FreeRTOS/src/event_groups.o
LOAD FreeRTOS/src/heap_4.o
LOAD FreeRTOS/src/list.o
LOAD FreeRTOS/src/port.o
LOAD FreeRTOS/src/queue.o
LOAD FreeRTOS/src/stream_buffer.o
LOAD FreeRTOS/src/tasks.o
LOAD FreeRTOS/src/timers.o
LOAD FreeRTOS/src/variantHooks.o
LOAD LoRaWANHandler.o
LOAD main.o
START GROUP
LOAD c:/program files (x86)/atmel/studio/7.0/toolchain/avr8/avr8-gnu-toolchain/bin/../lib/gcc/avr/5.4.0/../../../../avr/lib/avr6\libm.a
LOAD ../drivers\libIotLibrary.a
LOAD c:/program files (x86)/atmel/studio/7.0/toolchain/avr8/avr8-gnu-toolchain/bin/../lib/gcc/avr/5.4.0/../../../../avr/lib/avr6\libprintf_flt.a
END GROUP
START GROUP
LOAD c:/program files (x86)/atmel/studio/7.0/toolchain/avr8/avr8-gnu-toolchain/bin/../lib/gcc/avr/5.4.0/avr6\libgcc.a
LOAD c:/program files (x86)/atmel/studio/7.0/toolchain/avr8/avr8-gnu-toolchain/bin/../lib/gcc/avr/5.4.0/../../../../avr/lib/avr6\libm.a
LOAD c:/program files (x86)/atmel/studio/7.0/toolchain/avr8/avr8-gnu-toolchain/bin/../lib/gcc/avr/5.4.0/../../../../avr/lib/avr6\libc.a
LOAD C:/Program Files (x86)/Atmel/Studio/7.0/Packs/atmel/ATmega_DFP/1.6.364/gcc/dev/atmega2560/avr6\libatmega2560.a
END GROUP
                0x00000000                __TEXT_REGION_ORIGIN__ = DEFINED (__TEXT_REGION_ORIGIN__)?__TEXT_REGION_ORIGIN__:0x0
                [0x00800200]                __DATA_REGION_ORIGIN__ = DEFINED (__DATA_REGION_ORIGIN__)?__DATA_REGION_ORIGIN__:0x800200
                [0x00040000]                __TEXT_REGION_LENGTH__ = DEFINED (__TEXT_REGION_LENGTH__)?__TEXT_REGION_LENGTH__:0x100000
                [0x00002000]                __DATA_REGION_LENGTH__ = DEFINED (__DATA_REGION_LENGTH__)?__DATA_REGION_LENGTH__:0xfe00
                [0x00001000]                __EEPROM_REGION_LENGTH__ = DEFINED (__EEPROM_REGION_LENGTH__)?__EEPROM_REGION_LENGTH__:0x10000
                [0x00000003]                __FUSE_REGION_LENGTH__ = DEFINED (__FUSE_REGION_LENGTH__)?__FUSE_REGION_LENGTH__:0x400
                0x00000400                __LOCK_REGION_LENGTH__ = DEFINED (__LOCK_REGION_LENGTH__)?__LOCK_REGION_LENGTH__:0x400
                0x00000400                __SIGNATURE_REGION_LENGTH__ = DEFINED (__SIGNATURE_REGION_LENGTH__)?__SIGNATURE_REGION_LENGTH__:0x400
                0x00000400                __USER_SIGNATURE_REGION_LENGTH__ = DEFINED (__USER_SIGNATURE_REGION_LENGTH__)?__USER_SIGNATURE_REGION_LENGTH__:0x400

.hash
 *(.hash)

.dynsym
 *(.dynsym)

.dynstr
 *(.dynstr)

.gnu.version
 *(.gnu.version)

.gnu.version_d
 *(.gnu.version_d)

.gnu.version_r
 *(.gnu.version_r)

.rel.init
 *(.rel.init)

.rela.init
 *(.rela.init)

.rel.text
 *(.rel.text)
 *(.rel.text.*)
 *(.rel.gnu.linkonce.t*)

.rela.text
 *(.rela.text)
 *(.rela.text.*)
 *(.rela.gnu.linkonce.t*)

.rel.fini
 *(.rel.fini)

.rela.fini
 *(.rela.fini)

.rel.rodata
 *(.rel.rodata)
 *(.rel.rodata.*)
 *(.rel.gnu.linkonce.r*)

.rela.rodata
 *(.rela.rodata)
 *(.rela.rodata.*)
 *(.rela.gnu.linkonce.r*)

.rel.data
 *(.rel.data)
 *(.rel.data.*)
 *(.rel.gnu.linkonce.d*)

.rela.data
 *(.rela.data)
 *(.rela.data.*)
 *(.rela.gnu.linkonce.d*)

.rel.ctors
 *(.rel.ctors)

.rela.ctors
 *(.rela.ctors)

.rel.dtors
 *(.rel.dtors)

.rela.dtors
 *(.rela.dtors)

.rel.got
 *(.rel.got)

.rela.got
 *(.rela.got)

.rel.bss
 *(.rel.bss)

.rela.bss
 *(.rela.bss)

.rel.plt
 *(.rel.plt)

.rela.plt
 *(.rela.plt)

.text           0x00000000     0x6a34
 *(.vectors)
 .vectors       0x00000000       0xe4 C:/Program Files (x86)/Atmel/Studio/7.0/Packs/atmel/ATmega_DFP/1.6.364/gcc/dev/atmega2560/avr6/crtatmega2560.o
                0x00000000                __vector_default
                0x00000000                __vectors
 *(.vectors)
 *(.progmem.gcc*)
 .progmem.gcc_sw_table.prvProcessReceivedCommands
                0x000000e4       0x14 FreeRTOS/src/timers.o
 .progmem.gcc_sw_table.__vector_39
                0x000000f8       0xa2 ../drivers\libIotLibrary.a(twi.o)
                0x0000019a                . = ALIGN (0x2)
                0x0000019a                __trampolines_start = .
 *(.trampolines)
 .trampolines   0x0000019a        0x0 linker stubs
 *(.trampolines*)
                0x0000019a                __trampolines_end = .
 *libprintf_flt.a:*(.progmem.data)
 .progmem.data  0x0000019a        0x8 c:/program files (x86)/atmel/studio/7.0/toolchain/avr8/avr8-gnu-toolchain/bin/../lib/gcc/avr/5.4.0/../../../../avr/lib/avr6\libprintf_flt.a(vfprintf_flt.o)
 *libc.a:*(.progmem.data)
 .progmem.data  0x000001a2       0xfa c:/program files (x86)/atmel/studio/7.0/toolchain/avr8/avr8-gnu-toolchain/bin/../lib/gcc/avr/5.4.0/../../../../avr/lib/avr6\libc.a(ftoa_engine.o)
 *(.progmem*)
                0x0000029c                . = ALIGN (0x2)
 *(.jumptables)
 *(.jumptables*)
 *(.lowtext)
 .lowtext       0x0000029c       0x14 FreeRTOS/src/tasks.o
 .lowtext       0x000002b0       0x1e FreeRTOS/src/timers.o
 *(.lowtext*)
                0x000002ce                __ctors_start = .
 *(.ctors)
                0x000002ce                __ctors_end = .
                0x000002ce                __dtors_start = .
 *(.dtors)
                0x000002ce                __dtors_end = .
 SORT(*)(.ctors)
 SORT(*)(.dtors)
 *(.init0)
 .init0         0x000002ce        0x0 C:/Program Files (x86)/Atmel/Studio/7.0/Packs/atmel/ATmega_DFP/1.6.364/gcc/dev/atmega2560/avr6/crtatmega2560.o
                0x000002ce                __init
 *(.init0)
 *(.init1)
 *(.init1)
 *(.init2)
 .init2         0x000002ce       0x10 C:/Program Files (x86)/Atmel/Studio/7.0/Packs/atmel/ATmega_DFP/1.6.364/gcc/dev/atmega2560/avr6/crtatmega2560.o
 *(.init2)
 *(.init3)
 *(.init3)
 *(.init4)
 .init4         0x000002de       0x1a c:/program files (x86)/atmel/studio/7.0/toolchain/avr8/avr8-gnu-toolchain/bin/../lib/gcc/avr/5.4.0/avr6\libgcc.a(_copy_data.o)
                0x000002de                __do_copy_data
 .init4         0x000002f8       0x10 c:/program files (x86)/atmel/studio/7.0/toolchain/avr8/avr8-gnu-toolchain/bin/../lib/gcc/avr/5.4.0/avr6\libgcc.a(_clear_bss.o)
                0x000002f8                __do_clear_bss
 *(.init4)
 *(.init5)
 *(.init5)
 *(.init6)
 *(.init6)
 *(.init7)
 *(.init7)
 *(.init8)
 *(.init8)
 *(.init9)
 .init9         0x00000308        0x8 C:/Program Files (x86)/Atmel/Studio/7.0/Packs/atmel/ATmega_DFP/1.6.364/gcc/dev/atmega2560/avr6/crtatmega2560.o
 *(.init9)
 *(.text)
 .text          0x00000310        0x2 C:/Program Files (x86)/Atmel/Studio/7.0/Packs/atmel/ATmega_DFP/1.6.364/gcc/dev/atmega2560/avr6/crtatmega2560.o
                0x00000310                __vector_38
                0x00000310                __vector_22
                0x00000310                __vector_28
                0x00000310                __vector_1
                0x00000310                __vector_32
                0x00000310                __vector_34
                0x00000310                __vector_24
                0x00000310                __vector_46
                0x00000310                __bad_interrupt
                0x00000310                __vector_6
                0x00000310                __vector_31
                0x00000310                __vector_35
                0x00000310                __vector_3
                0x00000310                __vector_23
                0x00000310                __vector_30
                0x00000310                __vector_45
                0x00000310                __vector_11
                0x00000310                __vector_13
                0x00000310                __vector_17
                0x00000310                __vector_19
                0x00000310                __vector_56
                0x00000310                __vector_7
                0x00000310                __vector_49
                0x00000310                __vector_41
                0x00000310                __vector_43
                0x00000310                __vector_27
                0x00000310                __vector_5
                0x00000310                __vector_33
                0x00000310                __vector_47
                0x00000310                __vector_4
                0x00000310                __vector_44
                0x00000310                __vector_9
                0x00000310                __vector_2
                0x00000310                __vector_21
                0x00000310                __vector_15
                0x00000310                __vector_29
                0x00000310                __vector_40
                0x00000310                __vector_8
                0x00000310                __vector_48
                0x00000310                __vector_14
                0x00000310                __vector_53
                0x00000310                __vector_10
                0x00000310                __vector_50
                0x00000310                __vector_16
                0x00000310                __vector_18
                0x00000310                __vector_20
                0x00000310                __vector_42
                0x00000312                . = ALIGN (0x2)
 *(.text.*)
 .text.CO2_callback
                0x00000312        0xa CO2Handler.o
                0x00000312                CO2_callback
 .text.startReadingCO2
                0x0000031c       0xd2 CO2Handler.o
                0x0000031c                startReadingCO2
 .text.getCO2   0x000003ee        0x8 CO2Handler.o
                0x000003ee                getCO2
 .text.CO2_handler_init
                0x000003f6       0x52 CO2Handler.o
                0x000003f6                CO2_handler_init
 .text.createCO2
                0x00000448       0x8a CO2Handler.o
                0x00000448                createCO2
 .text.measureTempAndHum
                0x000004d2       0x6e TemperatureHandler.o
                0x000004d2                measureTempAndHum
 .text.startReading
                0x00000540       0x80 TemperatureHandler.o
                0x00000540                startReading
 .text.temperature_handler_init
                0x000005c0       0x4a TemperatureHandler.o
                0x000005c0                temperature_handler_init
 .text.createTemp
                0x0000060a       0x94 TemperatureHandler.o
                0x0000060a                createTemp
 .text.getTemperature
                0x0000069e        0xc TemperatureHandler.o
                0x0000069e                getTemperature
 .text.getHumidity
                0x000006aa        0x8 TemperatureHandler.o
                0x000006aa                getHumidity
 .text._lora_setup
                0x000006b2      0x18a UplinkHandler.o
 .text.lora_handler_task
                0x0000083c      0x1be UplinkHandler.o
                0x0000083c                lora_handler_task
 .text.lora_handler_initialize
                0x000009fa       0x40 UplinkHandler.o
                0x000009fa                lora_handler_initialize
 .text.prvTestWaitCondition
                0x00000a3a       0x42 FreeRTOS/src/event_groups.o
 .text.xEventGroupCreate
                0x00000a7c       0x26 FreeRTOS/src/event_groups.o
                0x00000a7c                xEventGroupCreate
 .text.xEventGroupWaitBits
                0x00000aa2      0x140 FreeRTOS/src/event_groups.o
                0x00000aa2                xEventGroupWaitBits
 .text.xEventGroupSetBits
                0x00000be2      0x11c FreeRTOS/src/event_groups.o
                0x00000be2                xEventGroupSetBits
 .text.prvHeapInit
                0x00000cfe       0x52 FreeRTOS/src/heap_4.o
 .text.prvInsertBlockIntoFreeList
                0x00000d50       0x94 FreeRTOS/src/heap_4.o
 .text.pvPortMalloc
                0x00000de4      0x152 FreeRTOS/src/heap_4.o
                0x00000de4                pvPortMalloc
 .text.vPortFree
                0x00000f36       0x7a FreeRTOS/src/heap_4.o
                0x00000f36                vPortFree
 .text.vListInitialise
                0x00000fb0       0x22 FreeRTOS/src/list.o
                0x00000fb0                vListInitialise
 .text.vListInitialiseItem
                0x00000fd2        0x8 FreeRTOS/src/list.o
                0x00000fd2                vListInitialiseItem
 .text.vListInsert
                0x00000fda       0x7a FreeRTOS/src/list.o
                0x00000fda                vListInsert
 .text.uxListRemove
                0x00001054       0x4e FreeRTOS/src/list.o
                0x00001054                uxListRemove
 .text.prvSetupTimerInterrupt
                0x000010a2       0x18 FreeRTOS/src/port.o
 .text.pxPortInitialiseStack
                0x000010ba       0x2e FreeRTOS/src/port.o
                0x000010ba                pxPortInitialiseStack
 .text.xPortStartScheduler
                0x000010e8       0x64 FreeRTOS/src/port.o
                0x000010e8                xPortStartScheduler
 .text.vPortYield
                0x0000114c       0xc2 FreeRTOS/src/port.o
                0x0000114c                vPortYield
 .text.vPortYieldFromTick
                0x0000120e       0xca FreeRTOS/src/port.o
                0x0000120e                vPortYieldFromTick
 .text.__vector_12
                0x000012d8        0x4 FreeRTOS/src/port.o
                0x000012d8                __vector_12
 .text.prvGetDisinheritPriorityAfterTimeout
                0x000012dc       0x20 FreeRTOS/src/queue.o
 .text.prvIsQueueEmpty
                0x000012fc       0x1a FreeRTOS/src/queue.o
 .text.prvIsQueueFull
                0x00001316       0x1c FreeRTOS/src/queue.o
 .text.prvCopyDataToQueue
                0x00001332       0xbe FreeRTOS/src/queue.o
 .text.prvCopyDataFromQueue
                0x000013f0       0x34 FreeRTOS/src/queue.o
 .text.prvUnlockQueue
                0x00001424       0x68 FreeRTOS/src/queue.o
 .text.xQueueGenericReset
                0x0000148c       0x86 FreeRTOS/src/queue.o
                0x0000148c                xQueueGenericReset
 .text.prvInitialiseNewQueue
                0x00001512       0x24 FreeRTOS/src/queue.o
 .text.xQueueGenericCreate
                0x00001536       0x46 FreeRTOS/src/queue.o
                0x00001536                xQueueGenericCreate
 .text.xQueueGenericSend
                0x0000157c      0x124 FreeRTOS/src/queue.o
                0x0000157c                xQueueGenericSend
 .text.prvInitialiseMutex
                0x000016a0       0x24 FreeRTOS/src/queue.o
 .text.xQueueCreateMutex
                0x000016c4       0x18 FreeRTOS/src/queue.o
                0x000016c4                xQueueCreateMutex
 .text.xQueueGenericSendFromISR
                0x000016dc       0x76 FreeRTOS/src/queue.o
                0x000016dc                xQueueGenericSendFromISR
 .text.xQueueReceive
                0x00001752      0x11e FreeRTOS/src/queue.o
                0x00001752                xQueueReceive
 .text.xQueueSemaphoreTake
                0x00001870      0x162 FreeRTOS/src/queue.o
                0x00001870                xQueueSemaphoreTake
 .text.vQueueWaitForMessageRestricted
                0x000019d2       0x38 FreeRTOS/src/queue.o
                0x000019d2                vQueueWaitForMessageRestricted
 .text.prvBytesInBuffer
                0x00001a0a       0x26 FreeRTOS/src/stream_buffer.o
 .text.prvInitialiseNewStreamBuffer
                0x00001a30       0x20 FreeRTOS/src/stream_buffer.o
 .text.prvWriteBytesToBuffer
                0x00001a50       0x92 FreeRTOS/src/stream_buffer.o
 .text.prvWriteMessageToBuffer
                0x00001ae2       0x86 FreeRTOS/src/stream_buffer.o
 .text.prvReadBytesFromBuffer
                0x00001b68       0x9e FreeRTOS/src/stream_buffer.o
 .text.prvReadMessageFromBuffer
                0x00001c06       0x8a FreeRTOS/src/stream_buffer.o
 .text.xStreamBufferGenericCreate
                0x00001c90       0x64 FreeRTOS/src/stream_buffer.o
                0x00001c90                xStreamBufferGenericCreate
 .text.xStreamBufferReset
                0x00001cf4       0x3c FreeRTOS/src/stream_buffer.o
                0x00001cf4                xStreamBufferReset
 .text.xStreamBufferSpacesAvailable
                0x00001d30       0x24 FreeRTOS/src/stream_buffer.o
                0x00001d30                xStreamBufferSpacesAvailable
 .text.xStreamBufferSend
                0x00001d54      0x18a FreeRTOS/src/stream_buffer.o
                0x00001d54                xStreamBufferSend
 .text.xStreamBufferSendFromISR
                0x00001ede       0x88 FreeRTOS/src/stream_buffer.o
                0x00001ede                xStreamBufferSendFromISR
 .text.xStreamBufferReceive
                0x00001f66      0x106 FreeRTOS/src/stream_buffer.o
                0x00001f66                xStreamBufferReceive
 .text.prvResetNextTaskUnblockTime
                0x0000206c       0x4e FreeRTOS/src/tasks.o
 .text.prvDeleteTCB
                0x000020ba       0x1a FreeRTOS/src/tasks.o
 .text.prvInitialiseNewTask
                0x000020d4       0xfc FreeRTOS/src/tasks.o
 .text.prvInitialiseTaskLists
                0x000021d0       0x60 FreeRTOS/src/tasks.o
 .text.prvAddNewTaskToReadyList
                0x00002230       0xde FreeRTOS/src/tasks.o
 .text.prvCheckTasksWaitingTermination
                0x0000230e       0x4a FreeRTOS/src/tasks.o
 .text.prvAddCurrentTaskToDelayedList
                0x00002358      0x144 FreeRTOS/src/tasks.o
 .text.xTaskCreate
                0x0000249c       0x98 FreeRTOS/src/tasks.o
                0x0000249c                xTaskCreate
 .text.vTaskStartScheduler
                0x00002534       0x70 FreeRTOS/src/tasks.o
                0x00002534                vTaskStartScheduler
 .text.vTaskSuspendAll
                0x000025a4        0xc FreeRTOS/src/tasks.o
                0x000025a4                vTaskSuspendAll
 .text.xTaskGetTickCount
                0x000025b0       0x1c FreeRTOS/src/tasks.o
                0x000025b0                xTaskGetTickCount
 .text.xTaskIncrementTick
                0x000025cc      0x258 FreeRTOS/src/tasks.o
                0x000025cc                xTaskIncrementTick
 .text.xTaskResumeAll
                0x00002824      0x1b8 FreeRTOS/src/tasks.o
                0x00002824                xTaskResumeAll
 .text.xTaskDelayUntil
                0x000029dc       0xca FreeRTOS/src/tasks.o
                0x000029dc                xTaskDelayUntil
 .text.vTaskDelay
                0x00002aa6       0x36 FreeRTOS/src/tasks.o
                0x00002aa6                vTaskDelay
 .text.vTaskSwitchContext
                0x00002adc       0xca FreeRTOS/src/tasks.o
                0x00002adc                vTaskSwitchContext
 .text.vTaskPlaceOnEventList
                0x00002ba6       0x2e FreeRTOS/src/tasks.o
                0x00002ba6                vTaskPlaceOnEventList
 .text.vTaskPlaceOnUnorderedEventList
                0x00002bd4       0x94 FreeRTOS/src/tasks.o
                0x00002bd4                vTaskPlaceOnUnorderedEventList
 .text.vTaskPlaceOnEventListRestricted
                0x00002c68       0x84 FreeRTOS/src/tasks.o
                0x00002c68                vTaskPlaceOnEventListRestricted
 .text.xTaskRemoveFromEventList
                0x00002cec      0x15e FreeRTOS/src/tasks.o
                0x00002cec                xTaskRemoveFromEventList
 .text.vTaskRemoveFromUnorderedEventList
                0x00002e4a      0x134 FreeRTOS/src/tasks.o
                0x00002e4a                vTaskRemoveFromUnorderedEventList
 .text.vTaskSetTimeOutState
                0x00002f7e       0x2c FreeRTOS/src/tasks.o
                0x00002f7e                vTaskSetTimeOutState
 .text.vTaskInternalSetTimeOutState
                0x00002faa       0x22 FreeRTOS/src/tasks.o
                0x00002faa                vTaskInternalSetTimeOutState
 .text.xTaskCheckForTimeOut
                0x00002fcc       0xcc FreeRTOS/src/tasks.o
                0x00002fcc                xTaskCheckForTimeOut
 .text.vTaskMissedYield
                0x00003098        0x8 FreeRTOS/src/tasks.o
                0x00003098                vTaskMissedYield
 .text.xTaskGetCurrentTaskHandle
                0x000030a0        0xa FreeRTOS/src/tasks.o
                0x000030a0                xTaskGetCurrentTaskHandle
 .text.xTaskGetSchedulerState
                0x000030aa       0x1c FreeRTOS/src/tasks.o
                0x000030aa                xTaskGetSchedulerState
 .text.xTaskPriorityInherit
                0x000030c6      0x10e FreeRTOS/src/tasks.o
                0x000030c6                xTaskPriorityInherit
 .text.xTaskPriorityDisinherit
                0x000031d4       0xb6 FreeRTOS/src/tasks.o
                0x000031d4                xTaskPriorityDisinherit
 .text.vTaskPriorityDisinheritAfterTimeout
                0x0000328a       0xce FreeRTOS/src/tasks.o
                0x0000328a                vTaskPriorityDisinheritAfterTimeout
 .text.uxTaskResetEventItemValue
                0x00003358       0x54 FreeRTOS/src/tasks.o
                0x00003358                uxTaskResetEventItemValue
 .text.pvTaskIncrementMutexHeldCount
                0x000033ac       0x24 FreeRTOS/src/tasks.o
                0x000033ac                pvTaskIncrementMutexHeldCount
 .text.xTaskGenericNotifyWait
                0x000033d0      0x150 FreeRTOS/src/tasks.o
                0x000033d0                xTaskGenericNotifyWait
 .text.xTaskGenericNotify
                0x00003520      0x1ee FreeRTOS/src/tasks.o
                0x00003520                xTaskGenericNotify
 .text.xTaskGenericNotifyFromISR
                0x0000370e      0x244 FreeRTOS/src/tasks.o
                0x0000370e                xTaskGenericNotifyFromISR
 .text.xTaskGenericNotifyStateClear
                0x00003952       0x34 FreeRTOS/src/tasks.o
                0x00003952                xTaskGenericNotifyStateClear
 .text.prvGetNextExpireTime
                0x00003986       0x30 FreeRTOS/src/timers.o
 .text.prvInsertTimerInActiveList
                0x000039b6       0x92 FreeRTOS/src/timers.o
 .text.prvCheckForValidListAndQueue
                0x00003a48       0x52 FreeRTOS/src/timers.o
 .text.xTimerCreateTimerTask
                0x00003a9a       0x42 FreeRTOS/src/timers.o
                0x00003a9a                xTimerCreateTimerTask
 .text.xTimerGenericCommand
                0x00003adc       0xbc FreeRTOS/src/timers.o
                0x00003adc                xTimerGenericCommand
 .text.prvSwitchTimerLists
                0x00003b98       0xd0 FreeRTOS/src/timers.o
 .text.prvSampleTimeNow
                0x00003c68       0x5c FreeRTOS/src/timers.o
 .text.prvProcessExpiredTimer
                0x00003cc4       0xac FreeRTOS/src/timers.o
 .text.prvProcessTimerOrBlockTask
                0x00003d70       0xae FreeRTOS/src/timers.o
 .text.prvProcessReceivedCommands
                0x00003e1e      0x168 FreeRTOS/src/timers.o
 .text.vApplicationIdleHook
                0x00003f86        0x2 FreeRTOS/src/variantHooks.o
                0x00003f86                vApplicationIdleHook
 .text.prvSetMainLedOn
                0x00003f88        0xe FreeRTOS/src/variantHooks.o
                0x00003f88                prvSetMainLedOn
 .text.prvBlinkMainLed
                0x00003f96        0x8 FreeRTOS/src/variantHooks.o
                0x00003f96                prvBlinkMainLed
 .text.vApplicationMallocFailedHook
                0x00003f9e       0x18 FreeRTOS/src/variantHooks.o
                0x00003f9e                vApplicationMallocFailedHook
 .text.vApplicationStackOverflowHook
                0x00003fb6       0x18 FreeRTOS/src/variantHooks.o
                0x00003fb6                vApplicationStackOverflowHook
 .text.createTasksForSensors
                0x00003fce       0x5a main.o
                0x00003fce                createTasksForSensors
 .text.create_tasks_and_semaphores
                0x00004028       0x56 main.o
                0x00004028                create_tasks_and_semaphores
 .text.initializeSystem
                0x0000407e       0x1e main.o
                0x0000407e                initializeSystem
 .text.main     0x0000409c        0x8 main.o
                0x0000409c                main
 .text.avr-libc.fplib
                0x000040a4        0xa c:/program files (x86)/atmel/studio/7.0/toolchain/avr8/avr8-gnu-toolchain/bin/../lib/gcc/avr/5.4.0/../../../../avr/lib/avr6\libm.a(fixsfsi.o)
                0x000040a4                __fixsfsi
 .text.avr-libc.fplib
                0x000040ae       0x58 c:/program files (x86)/atmel/studio/7.0/toolchain/avr8/avr8-gnu-toolchain/bin/../lib/gcc/avr/5.4.0/../../../../avr/lib/avr6\libm.a(fixunssfsi.o)
                0x000040ae                __fixunssfsi
 .text.avr-libc.fplib
                0x00004106       0x44 c:/program files (x86)/atmel/studio/7.0/toolchain/avr8/avr8-gnu-toolchain/bin/../lib/gcc/avr/5.4.0/../../../../avr/lib/avr6\libm.a(fp_split3.o)
                0x00004106                __fp_split3
                0x00004116                __fp_splitA
 .text.avr-libc.fplib
                0x0000414a        0xe c:/program files (x86)/atmel/studio/7.0/toolchain/avr8/avr8-gnu-toolchain/bin/../lib/gcc/avr/5.4.0/../../../../avr/lib/avr6\libm.a(fp_zero.o)
                0x0000414a                __fp_zero
                0x0000414c                __fp_szero
 .text.avr-libc.fplib
                0x00004158       0x66 c:/program files (x86)/atmel/studio/7.0/toolchain/avr8/avr8-gnu-toolchain/bin/../lib/gcc/avr/5.4.0/../../../../avr/lib/avr6\libm.a(modf.o)
                0x00004158                modf
                0x00004158                modff
 .text.avr-libc.fplib
                0x000041be        0x4 c:/program files (x86)/atmel/studio/7.0/toolchain/avr8/avr8-gnu-toolchain/bin/../lib/gcc/avr/5.4.0/../../../../avr/lib/avr6\libm.a(mulsf3.o)
                0x000041be                __mulsf3
 .text.avr-libc.fplib
                0x000041c2       0xc2 c:/program files (x86)/atmel/studio/7.0/toolchain/avr8/avr8-gnu-toolchain/bin/../lib/gcc/avr/5.4.0/../../../../avr/lib/avr6\libm.a(mulsf3x.o)
                0x000041d6                __mulsf3x
                0x000041da                __mulsf3_pse
 .text.avr-libc.fplib
                0x00004284        0xa c:/program files (x86)/atmel/studio/7.0/toolchain/avr8/avr8-gnu-toolchain/bin/../lib/gcc/avr/5.4.0/../../../../avr/lib/avr6\libm.a(addsf3.o)
                0x00004284                __subsf3
                0x00004286                __addsf3
 .text.avr-libc.fplib
                0x0000428e       0xc0 c:/program files (x86)/atmel/studio/7.0/toolchain/avr8/avr8-gnu-toolchain/bin/../lib/gcc/avr/5.4.0/../../../../avr/lib/avr6\libm.a(addsf3x.o)
                0x000042a8                __addsf3x
 .text.avr-libc.fplib
                0x0000434e        0xc c:/program files (x86)/atmel/studio/7.0/toolchain/avr8/avr8-gnu-toolchain/bin/../lib/gcc/avr/5.4.0/../../../../avr/lib/avr6\libm.a(fp_inf.o)
                0x0000434e                __fp_inf
 .text.avr-libc.fplib
                0x0000435a        0x6 c:/program files (x86)/atmel/studio/7.0/toolchain/avr8/avr8-gnu-toolchain/bin/../lib/gcc/avr/5.4.0/../../../../avr/lib/avr6\libm.a(fp_nan.o)
                0x0000435a                __fp_nan
 .text.avr-libc.fplib
                0x00004360        0xe c:/program files (x86)/atmel/studio/7.0/toolchain/avr8/avr8-gnu-toolchain/bin/../lib/gcc/avr/5.4.0/../../../../avr/lib/avr6\libm.a(fp_pscA.o)
                0x00004360                __fp_pscA
 .text.avr-libc.fplib
                0x0000436e        0xe c:/program files (x86)/atmel/studio/7.0/toolchain/avr8/avr8-gnu-toolchain/bin/../lib/gcc/avr/5.4.0/../../../../avr/lib/avr6\libm.a(fp_pscB.o)
                0x0000436e                __fp_pscB
 .text.avr-libc.fplib
                0x0000437c       0x22 c:/program files (x86)/atmel/studio/7.0/toolchain/avr8/avr8-gnu-toolchain/bin/../lib/gcc/avr/5.4.0/../../../../avr/lib/avr6\libm.a(fp_round.o)
                0x0000437c                __fp_round
 .text._hihTwiCallback
                0x0000439e       0x5a ../drivers\libIotLibrary.a(hih8120.o)
 .text.hih8120_initialise
                0x000043f8       0x30 ../drivers\libIotLibrary.a(hih8120.o)
                0x000043f8                hih8120_initialise
 .text.hih8120_wakeup
                0x00004428       0x2a ../drivers\libIotLibrary.a(hih8120.o)
                0x00004428                hih8120_wakeup
 .text.hih8120_measure
                0x00004452       0x22 ../drivers\libIotLibrary.a(hih8120.o)
                0x00004452                hih8120_measure
 .text.hih8120_getHumidity
                0x00004474       0x28 ../drivers\libIotLibrary.a(hih8120.o)
                0x00004474                hih8120_getHumidity
 .text.hih8120_getHumidityPercent_x10
                0x0000449c       0x12 ../drivers\libIotLibrary.a(hih8120.o)
                0x0000449c                hih8120_getHumidityPercent_x10
 .text.hih8120_getTemperature
                0x000044ae       0x32 ../drivers\libIotLibrary.a(hih8120.o)
                0x000044ae                hih8120_getTemperature
 .text._serialCallBack
                0x000044e0       0x8c ../drivers\libIotLibrary.a(lora_driver.o)
 .text._uploadMessage
                0x0000456c       0xb4 ../drivers\libIotLibrary.a(lora_driver.o)
 .text._reply2ReturnCode
                0x00004620       0xea ../drivers\libIotLibrary.a(lora_driver.o)
 .text._uploadMessageRc
                0x0000470a        0x6 ../drivers\libIotLibrary.a(lora_driver.o)
 .text.lora_driver_flushBuffers
                0x00004710        0xe ../drivers\libIotLibrary.a(lora_driver.o)
                0x00004710                lora_driver_flushBuffers
 .text.lora_driver_initialise
                0x0000471e       0x80 ../drivers\libIotLibrary.a(lora_driver.o)
                0x0000471e                lora_driver_initialise
 .text.lora_driver_resetRn2483
                0x0000479e       0x1c ../drivers\libIotLibrary.a(lora_driver.o)
                0x0000479e                lora_driver_resetRn2483
 .text.lora_driver_rn2483FactoryReset
                0x000047ba       0x24 ../drivers\libIotLibrary.a(lora_driver.o)
                0x000047ba                lora_driver_rn2483FactoryReset
 .text.lora_driver_getRn2483Hweui
                0x000047de       0x38 ../drivers\libIotLibrary.a(lora_driver.o)
                0x000047de                lora_driver_getRn2483Hweui
 .text.lora_driver_setDeviceIdentifier
                0x00004816       0x22 ../drivers\libIotLibrary.a(lora_driver.o)
                0x00004816                lora_driver_setDeviceIdentifier
 .text.lora_driver_setApplicationIdentifier
                0x00004838       0x22 ../drivers\libIotLibrary.a(lora_driver.o)
                0x00004838                lora_driver_setApplicationIdentifier
 .text.lora_driver_setApplicationKey
                0x0000485a       0x22 ../drivers\libIotLibrary.a(lora_driver.o)
                0x0000485a                lora_driver_setApplicationKey
 .text.lora_driver_saveMac
                0x0000487c        0xc ../drivers\libIotLibrary.a(lora_driver.o)
                0x0000487c                lora_driver_saveMac
 .text.lora_driver_join
                0x00004888       0x52 ../drivers\libIotLibrary.a(lora_driver.o)
                0x00004888                lora_driver_join
 .text.lora_driver_sendUploadMessage
                0x000048da      0x196 ../drivers\libIotLibrary.a(lora_driver.o)
                0x000048da                lora_driver_sendUploadMessage
 .text.lora_driver_setAdaptiveDataRate
                0x00004a70       0x16 ../drivers\libIotLibrary.a(lora_driver.o)
                0x00004a70                lora_driver_setAdaptiveDataRate
 .text.lora_driver_setReceiveDelay
                0x00004a86       0x30 ../drivers\libIotLibrary.a(lora_driver.o)
                0x00004a86                lora_driver_setReceiveDelay
 .text.lora_driver_configureToEu868
                0x00004ab6      0x1bc ../drivers\libIotLibrary.a(lora_driver.o)
                0x00004ab6                lora_driver_configureToEu868
 .text.lora_driver_setOtaaIdentity
                0x00004c72       0x42 ../drivers\libIotLibrary.a(lora_driver.o)
                0x00004c72                lora_driver_setOtaaIdentity
 .text.lora_driver_mapReturnCodeToText
                0x00004cb4       0x18 ../drivers\libIotLibrary.a(lora_driver.o)
                0x00004cb4                lora_driver_mapReturnCodeToText
 .text.decode_port_no
                0x00004ccc       0x58 ../drivers\libIotLibrary.a(lora_driver_utils.o)
                0x00004ccc                decode_port_no
 .text.decode_hexadecimal_string_bytes
                0x00004d24       0x92 ../drivers\libIotLibrary.a(lora_driver_utils.o)
                0x00004d24                decode_hexadecimal_string_bytes
 .text._serialCallBack
                0x00004db6       0xb6 ../drivers\libIotLibrary.a(mh_z19.o)
 .text.mh_z19_initialise
                0x00004e6c       0x4a ../drivers\libIotLibrary.a(mh_z19.o)
                0x00004e6c                mh_z19_initialise
 .text.mh_z19_injectCallBack
                0x00004eb6        0xa ../drivers\libIotLibrary.a(mh_z19.o)
                0x00004eb6                mh_z19_injectCallBack
 .text.mh_z19_takeMeassuring
                0x00004ec0       0x5e ../drivers\libIotLibrary.a(mh_z19.o)
                0x00004ec0                mh_z19_takeMeassuring
 .text.serial_create
                0x00004f1e      0x146 ../drivers\libIotLibrary.a(serial.o)
                0x00004f1e                serial_create
 .text.serial_sendByte
                0x00005064       0x56 ../drivers\libIotLibrary.a(serial.o)
                0x00005064                serial_sendByte
 .text.serial_sendBytes
                0x000050ba       0xaa ../drivers\libIotLibrary.a(serial.o)
                0x000050ba                serial_sendBytes
 .text.serial_getByte
                0x00005164       0x40 ../drivers\libIotLibrary.a(serial.o)
                0x00005164                serial_getByte
 .text.__vector_25
                0x000051a4       0xa4 ../drivers\libIotLibrary.a(serial.o)
                0x000051a4                __vector_25
 .text.__vector_26
                0x00005248       0x88 ../drivers\libIotLibrary.a(serial.o)
                0x00005248                __vector_26
 .text.__vector_36
                0x000052d0       0xa4 ../drivers\libIotLibrary.a(serial.o)
                0x000052d0                __vector_36
 .text.__vector_37
                0x00005374       0x88 ../drivers\libIotLibrary.a(serial.o)
                0x00005374                __vector_37
 .text.__vector_51
                0x000053fc       0xa4 ../drivers\libIotLibrary.a(serial.o)
                0x000053fc                __vector_51
 .text.__vector_52
                0x000054a0       0x88 ../drivers\libIotLibrary.a(serial.o)
                0x000054a0                __vector_52
 .text.__vector_54
                0x00005528       0xa4 ../drivers\libIotLibrary.a(serial.o)
                0x00005528                __vector_54
 .text.__vector_55
                0x000055cc       0x88 ../drivers\libIotLibrary.a(serial.o)
                0x000055cc                __vector_55
 .text.usart_getchar
                0x00005654       0x2a ../drivers\libIotLibrary.a(stdio_driver.o)
 .text.usart_putchar
                0x0000567e       0x12 ../drivers\libIotLibrary.a(stdio_driver.o)
 .text.stdio_initialise
                0x00005690       0x52 ../drivers\libIotLibrary.a(stdio_driver.o)
                0x00005690                stdio_initialise
 .text._initTwiInterface
                0x000056e2       0x22 ../drivers\libIotLibrary.a(twi.o)
 .text.twiCreate
                0x00005704       0x9a ../drivers\libIotLibrary.a(twi.o)
                0x00005704                twiCreate
 .text.twiIsBusy
                0x0000579e        0x8 ../drivers\libIotLibrary.a(twi.o)
                0x0000579e                twiIsBusy
 .text.twiTransmit
                0x000057a6       0x98 ../drivers\libIotLibrary.a(twi.o)
                0x000057a6                twiTransmit
 .text.twiReceive
                0x0000583e       0x66 ../drivers\libIotLibrary.a(twi.o)
                0x0000583e                twiReceive
 .text.__vector_39
                0x000058a4      0x17a ../drivers\libIotLibrary.a(twi.o)
                0x000058a4                __vector_39
 .text.fifo_init
                0x00005a1e       0x38 ../drivers\libIotLibrary.a(fifo.o)
                0x00005a1e                fifo_init
 .text.avr-libc
                0x00005a56      0x712 c:/program files (x86)/atmel/studio/7.0/toolchain/avr8/avr8-gnu-toolchain/bin/../lib/gcc/avr/5.4.0/../../../../avr/lib/avr6\libprintf_flt.a(vfprintf_flt.o)
                0x00005a56                vfprintf
 .text.avr-libc.fplib
                0x00006168        0x6 c:/program files (x86)/atmel/studio/7.0/toolchain/avr8/avr8-gnu-toolchain/bin/../lib/gcc/avr/5.4.0/../../../../avr/lib/avr6\libm.a(divsf3.o)
                0x00006168                __divsf3
 .text.avr-libc.fplib
                0x0000616e       0xdc c:/program files (x86)/atmel/studio/7.0/toolchain/avr8/avr8-gnu-toolchain/bin/../lib/gcc/avr/5.4.0/../../../../avr/lib/avr6\libm.a(divsf3x.o)
                0x0000618e                __divsf3x
                0x00006194                __divsf3_pse
 .text.avr-libc.fplib
                0x0000624a       0x7a c:/program files (x86)/atmel/studio/7.0/toolchain/avr8/avr8-gnu-toolchain/bin/../lib/gcc/avr/5.4.0/../../../../avr/lib/avr6\libm.a(floatsisf.o)
                0x0000624a                __floatunsisf
                0x0000624e                __floatsisf
 .text.libgcc.div
                0x000062c4       0x44 c:/program files (x86)/atmel/studio/7.0/toolchain/avr8/avr8-gnu-toolchain/bin/../lib/gcc/avr/5.4.0/avr6\libgcc.a(_udivmodsi4.o)
                0x000062c4                __udivmodsi4
 .text.libgcc   0x00006308       0x10 c:/program files (x86)/atmel/studio/7.0/toolchain/avr8/avr8-gnu-toolchain/bin/../lib/gcc/avr/5.4.0/avr6\libgcc.a(_tablejump2.o)
                0x00006308                __tablejump2__
 .text.libgcc.mul
                0x00006318       0x1e c:/program files (x86)/atmel/studio/7.0/toolchain/avr8/avr8-gnu-toolchain/bin/../lib/gcc/avr/5.4.0/avr6\libgcc.a(_umulhisi3.o)
                0x00006318                __umulhisi3
 .text.avr-libc
                0x00006336      0x242 c:/program files (x86)/atmel/studio/7.0/toolchain/avr8/avr8-gnu-toolchain/bin/../lib/gcc/avr/5.4.0/../../../../avr/lib/avr6\libc.a(malloc.o)
                0x00006336                malloc
                0x00006466                free
 .text.avr-libc
                0x00006578        0x8 c:/program files (x86)/atmel/studio/7.0/toolchain/avr8/avr8-gnu-toolchain/bin/../lib/gcc/avr/5.4.0/../../../../avr/lib/avr6\libc.a(abort.o)
                0x00006578                abort
 .text.avr-libc
                0x00006580      0x1b0 c:/program files (x86)/atmel/studio/7.0/toolchain/avr8/avr8-gnu-toolchain/bin/../lib/gcc/avr/5.4.0/../../../../avr/lib/avr6\libc.a(ftoa_engine.o)
                0x00006580                __ftoa_engine
 .text.avr-libc
                0x00006730       0x16 c:/program files (x86)/atmel/studio/7.0/toolchain/avr8/avr8-gnu-toolchain/bin/../lib/gcc/avr/5.4.0/../../../../avr/lib/avr6\libc.a(strnlen_P.o)
                0x00006730                strnlen_P
 .text.avr-libc
                0x00006746       0x12 c:/program files (x86)/atmel/studio/7.0/toolchain/avr8/avr8-gnu-toolchain/bin/../lib/gcc/avr/5.4.0/../../../../avr/lib/avr6\libc.a(memcpy.o)
                0x00006746                memcpy
 .text.avr-libc
                0x00006758        0xe c:/program files (x86)/atmel/studio/7.0/toolchain/avr8/avr8-gnu-toolchain/bin/../lib/gcc/avr/5.4.0/../../../../avr/lib/avr6\libc.a(memset.o)
                0x00006758                memset
 .text.avr-libc
                0x00006766       0x4a c:/program files (x86)/atmel/studio/7.0/toolchain/avr8/avr8-gnu-toolchain/bin/../lib/gcc/avr/5.4.0/../../../../avr/lib/avr6\libc.a(strcasestr.o)
                0x00006766                strcasestr
 .text.avr-libc
                0x000067b0       0x16 c:/program files (x86)/atmel/studio/7.0/toolchain/avr8/avr8-gnu-toolchain/bin/../lib/gcc/avr/5.4.0/../../../../avr/lib/avr6\libc.a(strcat.o)
                0x000067b0                strcat
 .text.avr-libc
                0x000067c6        0xe c:/program files (x86)/atmel/studio/7.0/toolchain/avr8/avr8-gnu-toolchain/bin/../lib/gcc/avr/5.4.0/../../../../avr/lib/avr6\libc.a(strcpy.o)
                0x000067c6                strcpy
 .text.avr-libc
                0x000067d4       0x30 c:/program files (x86)/atmel/studio/7.0/toolchain/avr8/avr8-gnu-toolchain/bin/../lib/gcc/avr/5.4.0/../../../../avr/lib/avr6\libc.a(strncasecmp.o)
                0x000067d4                strncasecmp
 .text.avr-libc
                0x00006804       0x16 c:/program files (x86)/atmel/studio/7.0/toolchain/avr8/avr8-gnu-toolchain/bin/../lib/gcc/avr/5.4.0/../../../../avr/lib/avr6\libc.a(strnlen.o)
                0x00006804                strnlen
 .text.avr-libc
                0x0000681a       0x78 c:/program files (x86)/atmel/studio/7.0/toolchain/avr8/avr8-gnu-toolchain/bin/../lib/gcc/avr/5.4.0/../../../../avr/lib/avr6\libc.a(fputc.o)
                0x0000681a                fputc
 .text.avr-libc
                0x00006892       0x26 c:/program files (x86)/atmel/studio/7.0/toolchain/avr8/avr8-gnu-toolchain/bin/../lib/gcc/avr/5.4.0/../../../../avr/lib/avr6\libc.a(printf.o)
                0x00006892                printf
 .text.avr-libc
                0x000068b8       0x60 c:/program files (x86)/atmel/studio/7.0/toolchain/avr8/avr8-gnu-toolchain/bin/../lib/gcc/avr/5.4.0/../../../../avr/lib/avr6\libc.a(puts.o)
                0x000068b8                puts
 .text.avr-libc
                0x00006918       0x5c c:/program files (x86)/atmel/studio/7.0/toolchain/avr8/avr8-gnu-toolchain/bin/../lib/gcc/avr/5.4.0/../../../../avr/lib/avr6\libc.a(sprintf.o)
                0x00006918                sprintf
 .text.avr-libc
                0x00006974       0xbc c:/program files (x86)/atmel/studio/7.0/toolchain/avr8/avr8-gnu-toolchain/bin/../lib/gcc/avr/5.4.0/../../../../avr/lib/avr6\libc.a(ultoa_invert.o)
                0x00006974                __ultoa_invert
                0x00006a30                . = ALIGN (0x2)
 *(.fini9)
 .fini9         0x00006a30        0x0 c:/program files (x86)/atmel/studio/7.0/toolchain/avr8/avr8-gnu-toolchain/bin/../lib/gcc/avr/5.4.0/avr6\libgcc.a(_exit.o)
                0x00006a30                _exit
                0x00006a30                exit
 *(.fini9)
 *(.fini8)
 *(.fini8)
 *(.fini7)
 *(.fini7)
 *(.fini6)
 *(.fini6)
 *(.fini5)
 *(.fini5)
 *(.fini4)
 *(.fini4)
 *(.fini3)
 *(.fini3)
 *(.fini2)
 *(.fini2)
 *(.fini1)
 *(.fini1)
 *(.fini0)
 .fini0         0x00006a30        0x4 c:/program files (x86)/atmel/studio/7.0/toolchain/avr8/avr8-gnu-toolchain/bin/../lib/gcc/avr/5.4.0/avr6\libgcc.a(_exit.o)
 *(.fini0)
                0x00006a34                _etext = .

.data           0x00800200      0x53c load address 0x00006a34
                0x00800200                PROVIDE (__data_start, .)
 *(.data)
 .data          0x00800200        0x6 c:/program files (x86)/atmel/studio/7.0/toolchain/avr8/avr8-gnu-toolchain/bin/../lib/gcc/avr/5.4.0/../../../../avr/lib/avr6\libc.a(malloc.o)
                0x00800200                __malloc_heap_end
                0x00800202                __malloc_heap_start
                0x00800204                __malloc_margin
 *(.data*)
 .data.uxTopUsedPriority
                0x00800206        0x1 FreeRTOS/src/tasks.o
                0x00800206                uxTopUsedPriority
 .data._temp    0x00800207        0x2 ../drivers\libIotLibrary.a(hih8120.o)
 .data._hum     0x00800209        0x2 ../drivers\libIotLibrary.a(hih8120.o)
 .data._com_port_2_udr
                0x0080020b        0x8 ../drivers\libIotLibrary.a(serial.o)
                0x0080020b                _com_port_2_udr
 .data.mystdout.1882
                0x00800213        0xe ../drivers\libIotLibrary.a(stdio_driver.o)
 .data._twiCurrentState
                0x00800221        0x1 ../drivers\libIotLibrary.a(twi.o)
 *(.gnu.linkonce.d*)
 *(.rodata)
 .rodata        0x00800222       0x20 ../drivers\libIotLibrary.a(lora_driver.o)
 .rodata        0x00800242       0x2d ../drivers\libIotLibrary.a(mh_z19.o)
 *(.rodata*)
 .rodata.str1.1
                0x0080026f       0x40 CO2Handler.o
 .rodata.str1.1
                0x008002af       0x44 TemperatureHandler.o
                                 0x65 (size before relaxing)
 .rodata.str1.1
                0x008002f3      0x170 UplinkHandler.o
                                0x191 (size before relaxing)
 .rodata.str1.1
                0x00800463        0x5 FreeRTOS/src/tasks.o
 .rodata.str1.1
                0x00800468        0x8 FreeRTOS/src/timers.o
 .rodata.str1.1
                0x00800470      0x295 ../drivers\libIotLibrary.a(lora_driver.o)
                                0x2a5 (size before relaxing)
 .rodata._joinMode
                0x00800705        0x4 ../drivers\libIotLibrary.a(lora_driver.o)
 .rodata._returnCode
                0x00800709       0x33 ../drivers\libIotLibrary.a(lora_driver.o)
                0x00800709                _returnCode
 *(.gnu.linkonce.r*)
                0x0080073c                . = ALIGN (0x2)
                0x0080073c                _edata = .
                0x0080073c                PROVIDE (__data_end, .)

.bss            0x0080073c      0xc03
                0x0080073c                PROVIDE (__bss_start, .)
 *(.bss)
 *(.bss*)
 .bss._uplink_payload
                0x0080073c       0x16 UplinkHandler.o
 .bss.xBlockAllocatedBit
                0x00800752        0x2 FreeRTOS/src/heap_4.o
 .bss.xNumberOfSuccessfulFrees
                0x00800754        0x2 FreeRTOS/src/heap_4.o
 .bss.xNumberOfSuccessfulAllocations
                0x00800756        0x2 FreeRTOS/src/heap_4.o
 .bss.xMinimumEverFreeBytesRemaining
                0x00800758        0x2 FreeRTOS/src/heap_4.o
 .bss.xFreeBytesRemaining
                0x0080075a        0x2 FreeRTOS/src/heap_4.o
 .bss.pxEnd     0x0080075c        0x2 FreeRTOS/src/heap_4.o
 .bss.xStart    0x0080075e        0x4 FreeRTOS/src/heap_4.o
 .bss.ucHeap    0x00800762      0x9c4 FreeRTOS/src/heap_4.o
 .bss.uxSchedulerSuspended
                0x00801126        0x1 FreeRTOS/src/tasks.o
 .bss.xIdleTaskHandle
                0x00801127        0x2 FreeRTOS/src/tasks.o
 .bss.xNextTaskUnblockTime
                0x00801129        0x4 FreeRTOS/src/tasks.o
 .bss.uxTaskNumber
                0x0080112d        0x1 FreeRTOS/src/tasks.o
 .bss.xNumOfOverflows
                0x0080112e        0x1 FreeRTOS/src/tasks.o
 .bss.xYieldPending
                0x0080112f        0x1 FreeRTOS/src/tasks.o
 .bss.xPendedTicks
                0x00801130        0x4 FreeRTOS/src/tasks.o
 .bss.xSchedulerRunning
                0x00801134        0x1 FreeRTOS/src/tasks.o
 .bss.uxTopReadyPriority
                0x00801135        0x1 FreeRTOS/src/tasks.o
 .bss.xTickCount
                0x00801136        0x4 FreeRTOS/src/tasks.o
 .bss.uxCurrentNumberOfTasks
                0x0080113a        0x1 FreeRTOS/src/tasks.o
 .bss.xSuspendedTaskList
                0x0080113b        0xb FreeRTOS/src/tasks.o
 .bss.uxDeletedTasksWaitingCleanUp
                0x00801146        0x1 FreeRTOS/src/tasks.o
 .bss.xTasksWaitingTermination
                0x00801147        0xb FreeRTOS/src/tasks.o
 .bss.xPendingReadyList
                0x00801152        0xb FreeRTOS/src/tasks.o
 .bss.pxOverflowDelayedTaskList
                0x0080115d        0x2 FreeRTOS/src/tasks.o
 .bss.pxDelayedTaskList
                0x0080115f        0x2 FreeRTOS/src/tasks.o
 .bss.xDelayedTaskList2
                0x00801161        0xb FreeRTOS/src/tasks.o
 .bss.xDelayedTaskList1
                0x0080116c        0xb FreeRTOS/src/tasks.o
 .bss.pxReadyTasksLists
                0x00801177       0x6e FreeRTOS/src/tasks.o
 .bss.pxCurrentTCB
                0x008011e5        0x2 FreeRTOS/src/tasks.o
                0x008011e5                pxCurrentTCB
 .bss.xLastTime.2436
                0x008011e7        0x4 FreeRTOS/src/timers.o
 .bss.xTimerTaskHandle
                0x008011eb        0x2 FreeRTOS/src/timers.o
 .bss.xTimerQueue
                0x008011ed        0x2 FreeRTOS/src/timers.o
 .bss.pxOverflowTimerList
                0x008011ef        0x2 FreeRTOS/src/timers.o
 .bss.pxCurrentTimerList
                0x008011f1        0x2 FreeRTOS/src/timers.o
 .bss.xActiveTimerList2
                0x008011f3        0xb FreeRTOS/src/timers.o
 .bss.xActiveTimerList1
                0x008011fe        0xb FreeRTOS/src/timers.o
 .bss.taskReadyBits
                0x00801209        0x2 main.o
                0x00801209                taskReadyBits
 .bss._measuringIsReady
                0x0080120b        0x1 ../drivers\libIotLibrary.a(hih8120.o)
 .bss._hih8120Handler
                0x0080120c        0x2 ../drivers\libIotLibrary.a(hih8120.o)
 .bss._tmp_buf.2871
                0x0080120e       0x37 ../drivers\libIotLibrary.a(lora_driver.o)
 .bss.rec_buf_inp.2878
                0x00801245        0x1 ../drivers\libIotLibrary.a(lora_driver.o)
 .bss._downlinkMessageBuffer
                0x00801246        0x2 ../drivers\libIotLibrary.a(lora_driver.o)
 .bss._serialReplyBufferHandle
                0x00801248        0x2 ../drivers\libIotLibrary.a(lora_driver.o)
 .bss._rn2483_serial
                0x0080124a        0x2 ../drivers\libIotLibrary.a(lora_driver.o)
 .bss._downlinkPayload
                0x0080124c       0x16 ../drivers\libIotLibrary.a(lora_driver.o)
 .bss._payLoadHexBytes
                0x00801262       0x15 ../drivers\libIotLibrary.a(lora_driver.o)
 .bss._recMessageBuf
                0x00801277       0x2d ../drivers\libIotLibrary.a(lora_driver.o)
 .bss._sendMessage
                0x008012a4       0x2d ../drivers\libIotLibrary.a(lora_driver.o)
 .bss._replyMess
                0x008012d1       0x2d ../drivers\libIotLibrary.a(lora_driver.o)
 .bss.data.1944
                0x008012fe        0x2 ../drivers\libIotLibrary.a(mh_z19.o)
 .bss.inDex.1943
                0x00801300        0x1 ../drivers\libIotLibrary.a(mh_z19.o)
 .bss.crc_sum.1945
                0x00801301        0x1 ../drivers\libIotLibrary.a(mh_z19.o)
 .bss._appCallBack
                0x00801302        0x2 ../drivers\libIotLibrary.a(mh_z19.o)
 .bss._mh_state
                0x00801304        0x1 ../drivers\libIotLibrary.a(mh_z19.o)
                0x00801304                _mh_state
 .bss._ppm      0x00801305        0x2 ../drivers\libIotLibrary.a(mh_z19.o)
 .bss._serial   0x00801307        0x2 ../drivers\libIotLibrary.a(mh_z19.o)
 .bss._ser_handle
                0x00801309        0x8 ../drivers\libIotLibrary.a(serial.o)
 .bss._com_serial_instance
                0x00801311        0x2 ../drivers\libIotLibrary.a(stdio_driver.o)
 .bss._index.1885
                0x00801313        0x1 ../drivers\libIotLibrary.a(twi.o)
 .bss._twiCurrentHandler
                0x00801314        0x2 ../drivers\libIotLibrary.a(twi.o)
 .bss._twiMessageLen
                0x00801316        0x1 ../drivers\libIotLibrary.a(twi.o)
 .bss._twiMessageBuffer
                0x00801317        0xa ../drivers\libIotLibrary.a(twi.o)
 .bss._twiIsInitiated
                0x00801321        0x1 ../drivers\libIotLibrary.a(twi.o)
 *(COMMON)
 COMMON         0x00801322        0xb CO2Handler.o
                0x00801322                rc
                0x00801323                ppm
                0x00801325                ready_bit
                0x00801329                xMutexSemaphore
                0x0080132b                group_start
 COMMON         0x0080132d        0x4 UplinkHandler.o
                0x0080132d                co2
                0x0080132f                temperatureAndHumidity
 COMMON         0x00801331        0x4 main.o
                0x00801331                temperature_sensor
                0x00801333                co2_sensor
 COMMON         0x00801335        0x4 c:/program files (x86)/atmel/studio/7.0/toolchain/avr8/avr8-gnu-toolchain/bin/../lib/gcc/avr/5.4.0/../../../../avr/lib/avr6\libc.a(malloc.o)
                0x00801335                __brkval
                0x00801337                __flp
 COMMON         0x00801339        0x6 c:/program files (x86)/atmel/studio/7.0/toolchain/avr8/avr8-gnu-toolchain/bin/../lib/gcc/avr/5.4.0/../../../../avr/lib/avr6\libc.a(iob.o)
                0x00801339                __iob
                0x0080133f                PROVIDE (__bss_end, .)
                0x00006a34                __data_load_start = LOADADDR (.data)
                0x00006f70                __data_load_end = (__data_load_start + SIZEOF (.data))

.noinit         0x0080133f        0x0
                [!provide]                PROVIDE (__noinit_start, .)
 *(.noinit*)
                [!provide]                PROVIDE (__noinit_end, .)
                0x0080133f                _end = .
                0x0080133f                PROVIDE (__heap_start, .)

.eeprom         0x00810000        0x0
 *(.eeprom*)
                0x00810000                __eeprom_end = .

.fuse
 *(.fuse)
 *(.lfuse)
 *(.hfuse)
 *(.efuse)

.lock
 *(.lock*)

.signature
 *(.signature*)

.user_signatures
 *(.user_signatures*)

.stab
 *(.stab)

.stabstr
 *(.stabstr)

.stab.excl
 *(.stab.excl)

.stab.exclstr
 *(.stab.exclstr)

.stab.index
 *(.stab.index)

.stab.indexstr
 *(.stab.indexstr)

.comment        0x00000000       0x5c
 *(.comment)
 .comment       0x00000000       0x30 CO2Handler.o
                                 0x31 (size before relaxing)
 .comment       0x00000030       0x31 TemperatureHandler.o
 .comment       0x00000030       0x31 UplinkHandler.o
 .comment       0x00000030       0x31 FreeRTOS/src/event_groups.o
 .comment       0x00000030       0x31 FreeRTOS/src/heap_4.o
 .comment       0x00000030       0x31 FreeRTOS/src/list.o
 .comment       0x00000030       0x31 FreeRTOS/src/port.o
 .comment       0x00000030       0x31 FreeRTOS/src/queue.o
 .comment       0x00000030       0x31 FreeRTOS/src/stream_buffer.o
 .comment       0x00000030       0x31 FreeRTOS/src/tasks.o
 .comment       0x00000030       0x31 FreeRTOS/src/timers.o
 .comment       0x00000030       0x31 FreeRTOS/src/variantHooks.o
 .comment       0x00000030       0x31 main.o
 .comment       0x00000030       0x31 ../drivers\libIotLibrary.a(hih8120.o)
 .comment       0x00000030       0x31 ../drivers\libIotLibrary.a(lora_driver.o)
 .comment       0x00000030       0x31 ../drivers\libIotLibrary.a(lora_driver_utils.o)
 .comment       0x00000030       0x31 ../drivers\libIotLibrary.a(mh_z19.o)
 .comment       0x00000030       0x31 ../drivers\libIotLibrary.a(serial.o)
 .comment       0x00000030       0x31 ../drivers\libIotLibrary.a(stdio_driver.o)
 .comment       0x00000030       0x31 ../drivers\libIotLibrary.a(twi.o)
 .comment       0x00000030       0x31 ../drivers\libIotLibrary.a(fifo.o)
 .comment       0x00000030       0x2c c:/program files (x86)/atmel/studio/7.0/toolchain/avr8/avr8-gnu-toolchain/bin/../lib/gcc/avr/5.4.0/../../../../avr/lib/avr6\libprintf_flt.a(vfprintf_flt.o)
                                 0x2d (size before relaxing)
 .comment       0x0000005c       0x31 c:/program files (x86)/atmel/studio/7.0/toolchain/avr8/avr8-gnu-toolchain/bin/../lib/gcc/avr/5.4.0/../../../../avr/lib/avr6\libc.a(malloc.o)
 .comment       0x0000005c       0x31 c:/program files (x86)/atmel/studio/7.0/toolchain/avr8/avr8-gnu-toolchain/bin/../lib/gcc/avr/5.4.0/../../../../avr/lib/avr6\libc.a(fputc.o)
 .comment       0x0000005c       0x31 c:/program files (x86)/atmel/studio/7.0/toolchain/avr8/avr8-gnu-toolchain/bin/../lib/gcc/avr/5.4.0/../../../../avr/lib/avr6\libc.a(iob.o)
 .comment       0x0000005c       0x31 c:/program files (x86)/atmel/studio/7.0/toolchain/avr8/avr8-gnu-toolchain/bin/../lib/gcc/avr/5.4.0/../../../../avr/lib/avr6\libc.a(printf.o)
 .comment       0x0000005c       0x31 c:/program files (x86)/atmel/studio/7.0/toolchain/avr8/avr8-gnu-toolchain/bin/../lib/gcc/avr/5.4.0/../../../../avr/lib/avr6\libc.a(puts.o)
 .comment       0x0000005c       0x31 c:/program files (x86)/atmel/studio/7.0/toolchain/avr8/avr8-gnu-toolchain/bin/../lib/gcc/avr/5.4.0/../../../../avr/lib/avr6\libc.a(sprintf.o)

.note.gnu.avr.deviceinfo
                0x00000000       0x40
 .note.gnu.avr.deviceinfo
                0x00000000       0x40 C:/Program Files (x86)/Atmel/Studio/7.0/Packs/atmel/ATmega_DFP/1.6.364/gcc/dev/atmega2560/avr6/crtatmega2560.o

.note.gnu.build-id
 *(.note.gnu.build-id)

.debug
 *(.debug)

.line
 *(.line)

.debug_srcinfo
 *(.debug_srcinfo)

.debug_sfnames
 *(.debug_sfnames)

.debug_aranges  0x00000000      0xa30
 *(.debug_aranges)
 .debug_aranges
                0x00000000       0x40 CO2Handler.o
 .debug_aranges
                0x00000040       0x48 TemperatureHandler.o
 .debug_aranges
                0x00000088       0x30 UplinkHandler.o
 .debug_aranges
                0x000000b8       0x68 FreeRTOS/src/event_groups.o
 .debug_aranges
                0x00000120       0x58 FreeRTOS/src/heap_4.o
 .debug_aranges
                0x00000178       0x40 FreeRTOS/src/list.o
 .debug_aranges
                0x000001b8       0x58 FreeRTOS/src/port.o
 .debug_aranges
                0x00000210       0xf8 FreeRTOS/src/queue.o
 .debug_aranges
                0x00000308       0xc0 FreeRTOS/src/stream_buffer.o
 .debug_aranges
                0x000003c8      0x1d0 FreeRTOS/src/tasks.o
 .debug_aranges
                0x00000598       0xc8 FreeRTOS/src/timers.o
 .debug_aranges
                0x00000660       0x40 FreeRTOS/src/variantHooks.o
 .debug_aranges
                0x000006a0       0x38 main.o
 .debug_aranges
                0x000006d8       0x68 ../drivers\libIotLibrary.a(hih8120.o)
 .debug_aranges
                0x00000740      0x138 ../drivers\libIotLibrary.a(lora_driver.o)
 .debug_aranges
                0x00000878       0x28 ../drivers\libIotLibrary.a(lora_driver_utils.o)
 .debug_aranges
                0x000008a0       0x58 ../drivers\libIotLibrary.a(mh_z19.o)
 .debug_aranges
                0x000008f8       0x90 ../drivers\libIotLibrary.a(serial.o)
 .debug_aranges
                0x00000988       0x38 ../drivers\libIotLibrary.a(stdio_driver.o)
 .debug_aranges
                0x000009c0       0x50 ../drivers\libIotLibrary.a(twi.o)
 .debug_aranges
                0x00000a10       0x20 ../drivers\libIotLibrary.a(fifo.o)

.debug_pubnames
 *(.debug_pubnames)

.debug_info     0x00000000     0xd27a
 *(.debug_info .gnu.linkonce.wi.*)
 .debug_info    0x00000000      0xbbc C:/Program Files (x86)/Atmel/Studio/7.0/Packs/atmel/ATmega_DFP/1.6.364/gcc/dev/atmega2560/avr6/crtatmega2560.o
 .debug_info    0x00000bbc      0x58e CO2Handler.o
 .debug_info    0x0000114a      0x615 TemperatureHandler.o
 .debug_info    0x0000175f      0x871 UplinkHandler.o
 .debug_info    0x00001fd0      0x971 FreeRTOS/src/event_groups.o
 .debug_info    0x00002941      0x4e6 FreeRTOS/src/heap_4.o
 .debug_info    0x00002e27      0x2e7 FreeRTOS/src/list.o
 .debug_info    0x0000310e      0x2ff FreeRTOS/src/port.o
 .debug_info    0x0000340d     0x17e6 FreeRTOS/src/queue.o
 .debug_info    0x00004bf3     0x13df FreeRTOS/src/stream_buffer.o
 .debug_info    0x00005fd2     0x2239 FreeRTOS/src/tasks.o
 .debug_info    0x0000820b     0x10dd FreeRTOS/src/timers.o
 .debug_info    0x000092e8      0x20f FreeRTOS/src/variantHooks.o
 .debug_info    0x000094f7      0x389 main.o
 .debug_info    0x00009880      0x3a9 ../drivers\libIotLibrary.a(hih8120.o)
 .debug_info    0x00009c29     0x1747 ../drivers\libIotLibrary.a(lora_driver.o)
 .debug_info    0x0000b370      0x143 ../drivers\libIotLibrary.a(lora_driver_utils.o)
 .debug_info    0x0000b4b3      0x556 ../drivers\libIotLibrary.a(mh_z19.o)
 .debug_info    0x0000ba09      0xd9b ../drivers\libIotLibrary.a(serial.o)
 .debug_info    0x0000c7a4      0x3b6 ../drivers\libIotLibrary.a(stdio_driver.o)
 .debug_info    0x0000cb5a      0x55d ../drivers\libIotLibrary.a(twi.o)
 .debug_info    0x0000d0b7      0x1c3 ../drivers\libIotLibrary.a(fifo.o)

.debug_abbrev   0x00000000     0x332c
 *(.debug_abbrev)
 .debug_abbrev  0x00000000      0xb1a C:/Program Files (x86)/Atmel/Studio/7.0/Packs/atmel/ATmega_DFP/1.6.364/gcc/dev/atmega2560/avr6/crtatmega2560.o
 .debug_abbrev  0x00000b1a      0x217 CO2Handler.o
 .debug_abbrev  0x00000d31      0x1ee TemperatureHandler.o
 .debug_abbrev  0x00000f1f      0x1d9 UplinkHandler.o
 .debug_abbrev  0x000010f8      0x1dc FreeRTOS/src/event_groups.o
 .debug_abbrev  0x000012d4      0x200 FreeRTOS/src/heap_4.o
 .debug_abbrev  0x000014d4       0xff FreeRTOS/src/list.o
 .debug_abbrev  0x000015d3      0x179 FreeRTOS/src/port.o
 .debug_abbrev  0x0000174c      0x241 FreeRTOS/src/queue.o
 .debug_abbrev  0x0000198d      0x246 FreeRTOS/src/stream_buffer.o
 .debug_abbrev  0x00001bd3      0x2c8 FreeRTOS/src/tasks.o
 .debug_abbrev  0x00001e9b      0x28c FreeRTOS/src/timers.o
 .debug_abbrev  0x00002127       0xff FreeRTOS/src/variantHooks.o
 .debug_abbrev  0x00002226      0x148 main.o
 .debug_abbrev  0x0000236e      0x184 ../drivers\libIotLibrary.a(hih8120.o)
 .debug_abbrev  0x000024f2      0x33b ../drivers\libIotLibrary.a(lora_driver.o)
 .debug_abbrev  0x0000282d       0xc0 ../drivers\libIotLibrary.a(lora_driver_utils.o)
 .debug_abbrev  0x000028ed      0x238 ../drivers\libIotLibrary.a(mh_z19.o)
 .debug_abbrev  0x00002b25      0x355 ../drivers\libIotLibrary.a(serial.o)
 .debug_abbrev  0x00002e7a      0x1b3 ../drivers\libIotLibrary.a(stdio_driver.o)
 .debug_abbrev  0x0000302d      0x217 ../drivers\libIotLibrary.a(twi.o)
 .debug_abbrev  0x00003244       0xe8 ../drivers\libIotLibrary.a(fifo.o)

.debug_line     0x00000000     0x658e
 *(.debug_line .debug_line.* .debug_line_end)
 .debug_line    0x00000000      0x1fa C:/Program Files (x86)/Atmel/Studio/7.0/Packs/atmel/ATmega_DFP/1.6.364/gcc/dev/atmega2560/avr6/crtatmega2560.o
 .debug_line    0x000001fa      0x22c CO2Handler.o
 .debug_line    0x00000426      0x26e TemperatureHandler.o
 .debug_line    0x00000694      0x2c4 UplinkHandler.o
 .debug_line    0x00000958      0x413 FreeRTOS/src/event_groups.o
 .debug_line    0x00000d6b      0x41f FreeRTOS/src/heap_4.o
 .debug_line    0x0000118a      0x1db FreeRTOS/src/list.o
 .debug_line    0x00001365      0x28a FreeRTOS/src/port.o
 .debug_line    0x000015ef      0xbe3 FreeRTOS/src/queue.o
 .debug_line    0x000021d2      0x79a FreeRTOS/src/stream_buffer.o
 .debug_line    0x0000296c     0x15ba FreeRTOS/src/tasks.o
 .debug_line    0x00003f26      0x624 FreeRTOS/src/timers.o
 .debug_line    0x0000454a      0x1af FreeRTOS/src/variantHooks.o
 .debug_line    0x000046f9      0x1f3 main.o
 .debug_line    0x000048ec      0x24a ../drivers\libIotLibrary.a(hih8120.o)
 .debug_line    0x00004b36      0x9aa ../drivers\libIotLibrary.a(lora_driver.o)
 .debug_line    0x000054e0      0x195 ../drivers\libIotLibrary.a(lora_driver_utils.o)
 .debug_line    0x00005675      0x2fc ../drivers\libIotLibrary.a(mh_z19.o)
 .debug_line    0x00005971      0x6a0 ../drivers\libIotLibrary.a(serial.o)
 .debug_line    0x00006011      0x146 ../drivers\libIotLibrary.a(stdio_driver.o)
 .debug_line    0x00006157      0x31c ../drivers\libIotLibrary.a(twi.o)
 .debug_line    0x00006473      0x11b ../drivers\libIotLibrary.a(fifo.o)

.debug_frame    0x00000000     0x25d4
 *(.debug_frame)
 .debug_frame   0x00000000       0xcc CO2Handler.o
 .debug_frame   0x000000cc       0xf4 TemperatureHandler.o
 .debug_frame   0x000001c0       0x80 UplinkHandler.o
 .debug_frame   0x00000240      0x1dc FreeRTOS/src/event_groups.o
 .debug_frame   0x0000041c       0xfc FreeRTOS/src/heap_4.o
 .debug_frame   0x00000518       0x90 FreeRTOS/src/list.o
 .debug_frame   0x000005a8       0x94 FreeRTOS/src/port.o
 .debug_frame   0x0000063c      0x3a4 FreeRTOS/src/queue.o
 .debug_frame   0x000009e0      0x40c FreeRTOS/src/stream_buffer.o
 .debug_frame   0x00000dec      0x7a0 FreeRTOS/src/tasks.o
 .debug_frame   0x0000158c      0x3ac FreeRTOS/src/timers.o
 .debug_frame   0x00001938       0x64 FreeRTOS/src/variantHooks.o
 .debug_frame   0x0000199c       0x68 main.o
 .debug_frame   0x00001a04       0xc0 ../drivers\libIotLibrary.a(hih8120.o)
 .debug_frame   0x00001ac4      0x460 ../drivers\libIotLibrary.a(lora_driver.o)
 .debug_frame   0x00001f24       0x48 ../drivers\libIotLibrary.a(lora_driver_utils.o)
 .debug_frame   0x00001f6c      0x100 ../drivers\libIotLibrary.a(mh_z19.o)
 .debug_frame   0x0000206c      0x384 ../drivers\libIotLibrary.a(serial.o)
 .debug_frame   0x000023f0       0x94 ../drivers\libIotLibrary.a(stdio_driver.o)
 .debug_frame   0x00002484      0x12c ../drivers\libIotLibrary.a(twi.o)
 .debug_frame   0x000025b0       0x24 ../drivers\libIotLibrary.a(fifo.o)

.debug_str      0x00000000     0x400e
 *(.debug_str)
 .debug_str     0x00000000      0x3e6 C:/Program Files (x86)/Atmel/Studio/7.0/Packs/atmel/ATmega_DFP/1.6.364/gcc/dev/atmega2560/avr6/crtatmega2560.o
 .debug_str     0x000003e6      0x3d8 CO2Handler.o
                                0x43c (size before relaxing)
 .debug_str     0x000007be      0x175 TemperatureHandler.o
                                0x481 (size before relaxing)
 .debug_str     0x00000933      0x42d UplinkHandler.o
                                0x6fc (size before relaxing)
 .debug_str     0x00000d60      0x3c1 FreeRTOS/src/event_groups.o
                                0x5ae (size before relaxing)
 .debug_str     0x00001121      0x2ce FreeRTOS/src/heap_4.o
                                0x4a4 (size before relaxing)
 .debug_str     0x000013ef       0x89 FreeRTOS/src/list.o
                                0x2e0 (size before relaxing)
 .debug_str     0x00001478      0x14d FreeRTOS/src/port.o
                                0x315 (size before relaxing)
 .debug_str     0x000015c5      0x608 FreeRTOS/src/queue.o
                                0x954 (size before relaxing)
 .debug_str     0x00001bcd      0x4ed FreeRTOS/src/stream_buffer.o
                                0x7dd (size before relaxing)
 .debug_str     0x000020ba      0x88f FreeRTOS/src/tasks.o
                                0xf75 (size before relaxing)
 .debug_str     0x00002949      0x414 FreeRTOS/src/timers.o
                                0x84b (size before relaxing)
 .debug_str     0x00002d5d       0x7a FreeRTOS/src/variantHooks.o
                                0x28c (size before relaxing)
 .debug_str     0x00002dd7       0xa8 main.o
                                0x371 (size before relaxing)
 .debug_str     0x00002e7f      0x2f2 ../drivers\libIotLibrary.a(hih8120.o)
                                0x45c (size before relaxing)
 .debug_str     0x00003171      0x6a5 ../drivers\libIotLibrary.a(lora_driver.o)
                                0xcdb (size before relaxing)
 .debug_str     0x00003816       0x4f ../drivers\libIotLibrary.a(lora_driver_utils.o)
                                0x206 (size before relaxing)
 .debug_str     0x00003865      0x117 ../drivers\libIotLibrary.a(mh_z19.o)
                                0x489 (size before relaxing)
 .debug_str     0x0000397c      0x2e0 ../drivers\libIotLibrary.a(serial.o)
                                0x628 (size before relaxing)
 .debug_str     0x00003c5c       0xa6 ../drivers\libIotLibrary.a(stdio_driver.o)
                                0x37d (size before relaxing)
 .debug_str     0x00003d02      0x2ea ../drivers\libIotLibrary.a(twi.o)
                                0x5b4 (size before relaxing)
 .debug_str     0x00003fec       0x22 ../drivers\libIotLibrary.a(fifo.o)
                                0x239 (size before relaxing)

.debug_loc      0x00000000     0xc426
 *(.debug_loc)
 .debug_loc     0x00000000      0x317 CO2Handler.o
 .debug_loc     0x00000317      0x3b0 TemperatureHandler.o
 .debug_loc     0x000006c7      0x324 UplinkHandler.o
 .debug_loc     0x000009eb      0xcc9 FreeRTOS/src/event_groups.o
 .debug_loc     0x000016b4      0x4be FreeRTOS/src/heap_4.o
 .debug_loc     0x00001b72      0x17d FreeRTOS/src/list.o
 .debug_loc     0x00001cef       0xf6 FreeRTOS/src/port.o
 .debug_loc     0x00001de5     0x1abd FreeRTOS/src/queue.o
 .debug_loc     0x000038a2     0x1daf FreeRTOS/src/stream_buffer.o
 .debug_loc     0x00005651     0x2a07 FreeRTOS/src/tasks.o
 .debug_loc     0x00008058     0x10f3 FreeRTOS/src/timers.o
 .debug_loc     0x0000914b       0xdc FreeRTOS/src/variantHooks.o
 .debug_loc     0x00009227       0x51 main.o
 .debug_loc     0x00009278       0x9f ../drivers\libIotLibrary.a(hih8120.o)
 .debug_loc     0x00009317     0x1216 ../drivers\libIotLibrary.a(lora_driver.o)
 .debug_loc     0x0000a52d      0x1d2 ../drivers\libIotLibrary.a(lora_driver_utils.o)
 .debug_loc     0x0000a6ff      0x37c ../drivers\libIotLibrary.a(mh_z19.o)
 .debug_loc     0x0000aa7b     0x114c ../drivers\libIotLibrary.a(serial.o)
 .debug_loc     0x0000bbc7      0x18c ../drivers\libIotLibrary.a(stdio_driver.o)
 .debug_loc     0x0000bd53      0x575 ../drivers\libIotLibrary.a(twi.o)
 .debug_loc     0x0000c2c8      0x15e ../drivers\libIotLibrary.a(fifo.o)

.debug_macinfo
 *(.debug_macinfo)

.debug_weaknames
 *(.debug_weaknames)

.debug_funcnames
 *(.debug_funcnames)

.debug_typenames
 *(.debug_typenames)

.debug_varnames
 *(.debug_varnames)

.debug_pubtypes
 *(.debug_pubtypes)

.debug_ranges   0x00000000      0x9b0
 *(.debug_ranges)
 .debug_ranges  0x00000000       0x30 CO2Handler.o
 .debug_ranges  0x00000030       0x38 TemperatureHandler.o
 .debug_ranges  0x00000068       0x20 UplinkHandler.o
 .debug_ranges  0x00000088       0x70 FreeRTOS/src/event_groups.o
 .debug_ranges  0x000000f8       0x48 FreeRTOS/src/heap_4.o
 .debug_ranges  0x00000140       0x30 FreeRTOS/src/list.o
 .debug_ranges  0x00000170       0x48 FreeRTOS/src/port.o
 .debug_ranges  0x000001b8      0x130 FreeRTOS/src/queue.o
 .debug_ranges  0x000002e8       0xb0 FreeRTOS/src/stream_buffer.o
 .debug_ranges  0x00000398      0x200 FreeRTOS/src/tasks.o
 .debug_ranges  0x00000598       0xb8 FreeRTOS/src/timers.o
 .debug_ranges  0x00000650       0x30 FreeRTOS/src/variantHooks.o
 .debug_ranges  0x00000680       0x28 main.o
 .debug_ranges  0x000006a8       0x58 ../drivers\libIotLibrary.a(hih8120.o)
 .debug_ranges  0x00000700      0x128 ../drivers\libIotLibrary.a(lora_driver.o)
 .debug_ranges  0x00000828       0x30 ../drivers\libIotLibrary.a(lora_driver_utils.o)
 .debug_ranges  0x00000858       0x48 ../drivers\libIotLibrary.a(mh_z19.o)
 .debug_ranges  0x000008a0       0x98 ../drivers\libIotLibrary.a(serial.o)
 .debug_ranges  0x00000938       0x28 ../drivers\libIotLibrary.a(stdio_driver.o)
 .debug_ranges  0x00000960       0x40 ../drivers\libIotLibrary.a(twi.o)
 .debug_ranges  0x000009a0       0x10 ../drivers\libIotLibrary.a(fifo.o)

.debug_macro
 *(.debug_macro)
OUTPUT(IoT.elf elf32-avr)
LOAD linker stubs
