Archive member included to satisfy reference by file (symbol)

c:/program files (x86)/atmel/studio/7.0/toolchain/avr8/avr8-gnu-toolchain/bin/../lib/gcc/avr/5.4.0/../../../../avr/lib/avr6\libm.a(fixsfsi.o)
                              UplinkHandler.o (__fixsfsi)
c:/program files (x86)/atmel/studio/7.0/toolchain/avr8/avr8-gnu-toolchain/bin/../lib/gcc/avr/5.4.0/../../../../avr/lib/avr6\libm.a(fixunssfsi.o)
                              c:/program files (x86)/atmel/studio/7.0/toolchain/avr8/avr8-gnu-toolchain/bin/../lib/gcc/avr/5.4.0/../../../../avr/lib/avr6\libm.a(fixsfsi.o) (__fixunssfsi)
c:/program files (x86)/atmel/studio/7.0/toolchain/avr8/avr8-gnu-toolchain/bin/../lib/gcc/avr/5.4.0/../../../../avr/lib/avr6\libm.a(fp_split3.o)
                              c:/program files (x86)/atmel/studio/7.0/toolchain/avr8/avr8-gnu-toolchain/bin/../lib/gcc/avr/5.4.0/../../../../avr/lib/avr6\libm.a(fixunssfsi.o) (__fp_splitA)
c:/program files (x86)/atmel/studio/7.0/toolchain/avr8/avr8-gnu-toolchain/bin/../lib/gcc/avr/5.4.0/../../../../avr/lib/avr6\libm.a(fp_zero.o)
                              c:/program files (x86)/atmel/studio/7.0/toolchain/avr8/avr8-gnu-toolchain/bin/../lib/gcc/avr/5.4.0/../../../../avr/lib/avr6\libm.a(fixunssfsi.o) (__fp_zero)
c:/program files (x86)/atmel/studio/7.0/toolchain/avr8/avr8-gnu-toolchain/bin/../lib/gcc/avr/5.4.0/../../../../avr/lib/avr6\libm.a(modf.o)
                              UplinkHandler.o (modf)
c:/program files (x86)/atmel/studio/7.0/toolchain/avr8/avr8-gnu-toolchain/bin/../lib/gcc/avr/5.4.0/../../../../avr/lib/avr6\libm.a(mulsf3.o)
                              UplinkHandler.o (__mulsf3)
c:/program files (x86)/atmel/studio/7.0/toolchain/avr8/avr8-gnu-toolchain/bin/../lib/gcc/avr/5.4.0/../../../../avr/lib/avr6\libm.a(mulsf3x.o)
                              c:/program files (x86)/atmel/studio/7.0/toolchain/avr8/avr8-gnu-toolchain/bin/../lib/gcc/avr/5.4.0/../../../../avr/lib/avr6\libm.a(mulsf3.o) (__mulsf3x)
c:/program files (x86)/atmel/studio/7.0/toolchain/avr8/avr8-gnu-toolchain/bin/../lib/gcc/avr/5.4.0/../../../../avr/lib/avr6\libm.a(addsf3.o)
                              c:/program files (x86)/atmel/studio/7.0/toolchain/avr8/avr8-gnu-toolchain/bin/../lib/gcc/avr/5.4.0/../../../../avr/lib/avr6\libm.a(modf.o) (__subsf3)
c:/program files (x86)/atmel/studio/7.0/toolchain/avr8/avr8-gnu-toolchain/bin/../lib/gcc/avr/5.4.0/../../../../avr/lib/avr6\libm.a(addsf3x.o)
                              c:/program files (x86)/atmel/studio/7.0/toolchain/avr8/avr8-gnu-toolchain/bin/../lib/gcc/avr/5.4.0/../../../../avr/lib/avr6\libm.a(addsf3.o) (__addsf3x)
c:/program files (x86)/atmel/studio/7.0/toolchain/avr8/avr8-gnu-toolchain/bin/../lib/gcc/avr/5.4.0/../../../../avr/lib/avr6\libm.a(fp_inf.o)
                              c:/program files (x86)/atmel/studio/7.0/toolchain/avr8/avr8-gnu-toolchain/bin/../lib/gcc/avr/5.4.0/../../../../avr/lib/avr6\libm.a(mulsf3x.o) (__fp_inf)
c:/program files (x86)/atmel/studio/7.0/toolchain/avr8/avr8-gnu-toolchain/bin/../lib/gcc/avr/5.4.0/../../../../avr/lib/avr6\libm.a(fp_nan.o)
                              c:/program files (x86)/atmel/studio/7.0/toolchain/avr8/avr8-gnu-toolchain/bin/../lib/gcc/avr/5.4.0/../../../../avr/lib/avr6\libm.a(mulsf3x.o) (__fp_nan)
c:/program files (x86)/atmel/studio/7.0/toolchain/avr8/avr8-gnu-toolchain/bin/../lib/gcc/avr/5.4.0/../../../../avr/lib/avr6\libm.a(fp_pscA.o)
                              c:/program files (x86)/atmel/studio/7.0/toolchain/avr8/avr8-gnu-toolchain/bin/../lib/gcc/avr/5.4.0/../../../../avr/lib/avr6\libm.a(mulsf3x.o) (__fp_pscA)
c:/program files (x86)/atmel/studio/7.0/toolchain/avr8/avr8-gnu-toolchain/bin/../lib/gcc/avr/5.4.0/../../../../avr/lib/avr6\libm.a(fp_pscB.o)
                              c:/program files (x86)/atmel/studio/7.0/toolchain/avr8/avr8-gnu-toolchain/bin/../lib/gcc/avr/5.4.0/../../../../avr/lib/avr6\libm.a(mulsf3x.o) (__fp_pscB)
c:/program files (x86)/atmel/studio/7.0/toolchain/avr8/avr8-gnu-toolchain/bin/../lib/gcc/avr/5.4.0/../../../../avr/lib/avr6\libm.a(fp_round.o)
                              c:/program files (x86)/atmel/studio/7.0/toolchain/avr8/avr8-gnu-toolchain/bin/../lib/gcc/avr/5.4.0/../../../../avr/lib/avr6\libm.a(mulsf3.o) (__fp_round)
../drivers\libIotLibrary.a(hih8120.o)
                              TemperatureHandler.o (hih8120_initialise)
../drivers\libIotLibrary.a(lora_driver.o)
                              UplinkHandler.o (lora_driver_flushBuffers)
../drivers\libIotLibrary.a(lora_driver_utils.o)
                              ../drivers\libIotLibrary.a(lora_driver.o) (decode_port_no)
../drivers\libIotLibrary.a(mh_z19.o)
                              CO2Handler.o (mh_z19_initialise)
../drivers\libIotLibrary.a(serial.o)
                              ../drivers\libIotLibrary.a(lora_driver.o) (serial_create)
../drivers\libIotLibrary.a(stdio_driver.o)
                              main.o (stdio_initialise)
../drivers\libIotLibrary.a(status_leds.o)
[...]
Memory Configuration

Name             Origin             Length             Attributes
text             0x00000000         0x00040000         xr
data             0x00800200         0x00002000         rw !x
eeprom           0x00810000         0x00001000         rw !x
fuse             0x00820000         0x00000003         rw !x
lock             0x00830000         0x00000400         rw !x
signature        0x00840000         0x00000400         rw !x
user_signatures  0x00850000         0x00000400         rw !x
*default*        0x00000000         0xffffffff

Linker script and memory map

Address of section .data set to 0x800200
LOAD C:/Program Files (x86)/Atmel/Studio/7.0/Packs/atmel/ATmega_DFP/1.6.364/gcc/dev/atmega2560/avr6/crtatmega2560.o
LOAD CO2Handler.o
LOAD TemperatureHandler.o
LOAD UplinkHandler.o
LOAD FreeRTOS/FreeRTOSTraceDriver/FreeRTOSTraceDriver.o
LOAD FreeRTOS/src/croutine.o
LOAD FreeRTOS/src/event_groups.o
LOAD FreeRTOS/src/heap_4.o
LOAD FreeRTOS/src/list.o
LOAD FreeRTOS/src/port.o
LOAD FreeRTOS/src/queue.o
LOAD FreeRTOS/src/stream_buffer.o
LOAD FreeRTOS/src/tasks.o
LOAD FreeRTOS/src/timers.o
LOAD FreeRTOS/src/variantHooks.o
LOAD LoRaWANHandler.o
LOAD main.o
START GROUP
LOAD c:/program files (x86)/atmel/studio/7.0/toolchain/avr8/avr8-gnu-toolchain/bin/../lib/gcc/avr/5.4.0/../../../../avr/lib/avr6\libm.a
LOAD ../drivers\libIotLibrary.a
LOAD c:/program files (x86)/atmel/studio/7.0/toolchain/avr8/avr8-gnu-toolchain/bin/../lib/gcc/avr/5.4.0/../../../../avr/lib/avr6\libprintf_flt.a
END GROUP
START GROUP
LOAD c:/program files (x86)/atmel/studio/7.0/toolchain/avr8/avr8-gnu-toolchain/bin/../lib/gcc/avr/5.4.0/avr6\libgcc.a
LOAD c:/program files (x86)/atmel/studio/7.0/toolchain/avr8/avr8-gnu-toolchain/bin/../lib/gcc/avr/5.4.0/../../../../avr/lib/avr6\libm.a
LOAD c:/program files (x86)/atmel/studio/7.0/toolchain/avr8/avr8-gnu-toolchain/bin/../lib/gcc/avr/5.4.0/../../../../avr/lib/avr6\libc.a
LOAD C:/Program Files (x86)/Atmel/Studio/7.0/Packs/atmel/ATmega_DFP/1.6.364/gcc/dev/atmega2560/avr6\libatmega2560.a
END GROUP
                0x00000000                __TEXT_REGION_ORIGIN__ = DEFINED (__TEXT_REGION_ORIGIN__)?__TEXT_REGION_ORIGIN__:0x0
                [0x00800200]                __DATA_REGION_ORIGIN__ = DEFINED (__DATA_REGION_ORIGIN__)?__DATA_REGION_ORIGIN__:0x800200
                [0x00040000]                __TEXT_REGION_LENGTH__ = DEFINED (__TEXT_REGION_LENGTH__)?__TEXT_REGION_LENGTH__:0x100000
                [0x00002000]                __DATA_REGION_LENGTH__ = DEFINED (__DATA_REGION_LENGTH__)?__DATA_REGION_LENGTH__:0xfe00
                [0x00001000]                __EEPROM_REGION_LENGTH__ = DEFINED (__EEPROM_REGION_LENGTH__)?__EEPROM_REGION_LENGTH__:0x10000
                [0x00000003]                __FUSE_REGION_LENGTH__ = DEFINED (__FUSE_REGION_LENGTH__)?__FUSE_REGION_LENGTH__:0x400
                0x00000400                __LOCK_REGION_LENGTH__ = DEFINED (__LOCK_REGION_LENGTH__)?__LOCK_REGION_LENGTH__:0x400
                0x00000400                __SIGNATURE_REGION_LENGTH__ = DEFINED (__SIGNATURE_REGION_LENGTH__)?__SIGNATURE_REGION_LENGTH__:0x400
                0x00000400                __USER_SIGNATURE_REGION_LENGTH__ = DEFINED (__USER_SIGNATURE_REGION_LENGTH__)?__USER_SIGNATURE_REGION_LENGTH__:0x400

.hash
 *(.hash)

.dynsym
 *(.dynsym)

.dynstr
 *(.dynstr)

.gnu.version
 *(.gnu.version)

.gnu.version_d
 *(.gnu.version_d)

.gnu.version_r
 *(.gnu.version_r)

.rel.init
 *(.rel.init)

.rela.init
 *(.rela.init)

.rel.text
 *(.rel.text)
 *(.rel.text.*)
 *(.rel.gnu.linkonce.t*)

.rela.text
 *(.rela.text)
 *(.rela.text.*)
 *(.rela.gnu.linkonce.t*)

.rel.fini
 *(.rel.fini)

.rela.fini
 *(.rela.fini)

.rel.rodata
 *(.rel.rodata)
 *(.rel.rodata.*)
 *(.rel.gnu.linkonce.r*)

.rela.rodata
 *(.rela.rodata)
 *(.rela.rodata.*)
 *(.rela.gnu.linkonce.r*)

.rel.data
 *(.rel.data)
 *(.rel.data.*)
 *(.rel.gnu.linkonce.d*)

.rela.data
 *(.rela.data)
 *(.rela.data.*)
 *(.rela.gnu.linkonce.d*)

.rel.ctors
 *(.rel.ctors)

.rela.ctors
 *(.rela.ctors)

.rel.dtors
 *(.rel.dtors)

.rela.dtors
 *(.rela.dtors)

.rel.got
 *(.rel.got)

.rela.got
 *(.rela.got)

.rel.bss
 *(.rel.bss)

.rela.bss
 *(.rela.bss)

.rel.plt
 *(.rel.plt)

.rela.plt
 *(.rela.plt)

.text           0x00000000     0x647e
 *(.vectors)
 .vectors       0x00000000       0xe4 C:/Program Files (x86)/Atmel/Studio/7.0/Packs/atmel/ATmega_DFP/1.6.364/gcc/dev/atmega2560/avr6/crtatmega2560.o
                0x00000000                __vector_default
                0x00000000                __vectors
 *(.vectors)
 *(.progmem.gcc*)
 .progmem.gcc_sw_table.prvProcessReceivedCommands
                0x000000e4       0x14 FreeRTOS/src/timers.o
 .progmem.gcc_sw_table.__vector_39
                0x000000f8       0xa2 ../drivers\libIotLibrary.a(twi.o)
                0x0000019a                . = ALIGN (0x2)
                0x0000019a                __trampolines_start = .
 *(.trampolines)
 .trampolines   0x0000019a        0x0 linker stubs
 *(.trampolines*)
                0x0000019a                __trampolines_end = .
 *libprintf_flt.a:*(.progmem.data)
 .progmem.data  0x0000019a        0x8 c:/program files (x86)/atmel/studio/7.0/toolchain/avr8/avr8-gnu-toolchain/bin/../lib/gcc/avr/5.4.0/../../../../avr/lib/avr6\libprintf_flt.a(vfprintf_flt.o)
 *libc.a:*(.progmem.data)
 .progmem.data  0x000001a2       0xfa c:/program files (x86)/atmel/studio/7.0/toolchain/avr8/avr8-gnu-toolchain/bin/../lib/gcc/avr/5.4.0/../../../../avr/lib/avr6\libc.a(ftoa_engine.o)
 *(.progmem*)
                0x0000029c                . = ALIGN (0x2)
 *(.jumptables)
 *(.jumptables*)
 *(.lowtext)
 .lowtext       0x0000029c       0x14 FreeRTOS/src/tasks.o
 .lowtext       0x000002b0       0x1e FreeRTOS/src/timers.o
 *(.lowtext*)
                0x000002ce                __ctors_start = .
 *(.ctors)
                0x000002ce                __ctors_end = .
                0x000002ce                __dtors_start = .
 *(.dtors)
                0x000002ce                __dtors_end = .
 SORT(*)(.ctors)
 SORT(*)(.dtors)
 *(.init0)
 .init0         0x000002ce        0x0 C:/Program Files (x86)/Atmel/Studio/7.0/Packs/atmel/ATmega_DFP/1.6.364/gcc/dev/atmega2560/avr6/crtatmega2560.o
                0x000002ce                __init
 *(.init0)
 *(.init1)
 *(.init1)
 *(.init2)
 .init2         0x000002ce       0x10 C:/Program Files (x86)/Atmel/Studio/7.0/Packs/atmel/ATmega_DFP/1.6.364/gcc/dev/atmega2560/avr6/crtatmega2560.o
 *(.init2)
 *(.init3)
 *(.init3)
 *(.init4)
 .init4         0x000002de       0x1a c:/program files (x86)/atmel/studio/7.0/toolchain/avr8/avr8-gnu-toolchain/bin/../lib/gcc/avr/5.4.0/avr6\libgcc.a(_copy_data.o)
                0x000002de                __do_copy_data
 .init4         0x000002f8       0x10 c:/program files (x86)/atmel/studio/7.0/toolchain/avr8/avr8-gnu-toolchain/bin/../lib/gcc/avr/5.4.0/avr6\libgcc.a(_clear_bss.o)
                0x000002f8                __do_clear_bss
 *(.init4)
 *(.init5)
 *(.init5)
 *(.init6)
 *(.init6)
 *(.init7)
 *(.init7)
 *(.init8)
 *(.init8)
 *(.init9)
 .init9         0x00000308        0x8 C:/Program Files (x86)/Atmel/Studio/7.0/Packs/atmel/ATmega_DFP/1.6.364/gcc/dev/atmega2560/avr6/crtatmega2560.o
 *(.init9)
 *(.text)
 .text          0x00000310        0x2 C:/Program Files (x86)/Atmel/Studio/7.0/Packs/atmel/ATmega_DFP/1.6.364/gcc/dev/atmega2560/avr6/crtatmega2560.o
                0x00000310                __vector_38
                0x00000310                __vector_22
                0x00000310                __vector_28
                0x00000310                __vector_1
                0x00000310                __vector_32
                0x00000310                __vector_34
                0x00000310                __vector_24
                0x00000310                __vector_46
                0x00000310                __bad_interrupt
                0x00000310                __vector_6
                0x00000310                __vector_31
                0x00000310                __vector_35
                0x00000310                __vector_3
                0x00000310                __vector_23
                0x00000310                __vector_30
                0x00000310                __vector_45
                0x00000310                __vector_11
                0x00000310                __vector_13
                0x00000310                __vector_17
                0x00000310                __vector_19
                0x00000310                __vector_56
                0x00000310                __vector_7
                0x00000310                __vector_49
                0x00000310                __vector_41
                0x00000310                __vector_43
                0x00000310                __vector_27
                0x00000310                __vector_5
                0x00000310                __vector_33
                0x00000310                __vector_47
                0x00000310                __vector_4
                0x00000310                __vector_44
                0x00000310                __vector_9
                0x00000310                __vector_2
                0x00000310                __vector_21
                0x00000310                __vector_15
                0x00000310                __vector_29
                0x00000310                __vector_40
                0x00000310                __vector_8
                0x00000310                __vector_48
                0x00000310                __vector_14
                0x00000310                __vector_53
                0x00000310                __vector_10
                0x00000310                __vector_50
                0x00000310                __vector_16
                0x00000310                __vector_18
                0x00000310                __vector_20
                0x00000310                __vector_42
                0x00000312                . = ALIGN (0x2)
 *(.text.*)
 .text.CO2_callback
                0x00000312        0xa CO2Handler.o
                0x00000312                CO2_callback
 .text.startReadingCO2
                0x0000031c       0x6c CO2Handler.o
                0x0000031c                startReadingCO2
 .text.getCO2   0x00000388        0x8 CO2Handler.o
                0x00000388                getCO2
 .text.CO2_handler_init
                0x00000390       0x4a CO2Handler.o
                0x00000390                CO2_handler_init
 .text.createCO2
                0x000003da       0x86 CO2Handler.o
                0x000003da                createCO2
 .text.measureTemp
                0x00000460       0x18 TemperatureHandler.o
                0x00000460                measureTemp
 .text.startReading
                0x00000478       0x80 TemperatureHandler.o
                0x00000478                startReading
 .text.temperature_handler_init
                0x000004f8       0x4a TemperatureHandler.o
                0x000004f8                temperature_handler_init
 .text.createTemp
                0x00000542       0x80 TemperatureHandler.o
                0x00000542                createTemp
 .text.getTemperature
                0x000005c2        0xc TemperatureHandler.o
                0x000005c2                getTemperature
 .text._lora_setup
                0x000005ce      0x18a UplinkHandler.o
 .text.lora_handler_task
                0x00000758       0xf2 UplinkHandler.o
                0x00000758                lora_handler_task
 .text.lora_handler_initialize
                0x0000084a       0x38 UplinkHandler.o
                0x0000084a                lora_handler_initialize
 .text.prvTestWaitCondition
                0x00000882       0x42 FreeRTOS/src/event_groups.o
 .text.xEventGroupCreate
                0x000008c4       0x26 FreeRTOS/src/event_groups.o
                0x000008c4                xEventGroupCreate
 .text.xEventGroupWaitBits
                0x000008ea      0x140 FreeRTOS/src/event_groups.o
                0x000008ea                xEventGroupWaitBits
 .text.xEventGroupSetBits
                0x00000a2a      0x11c FreeRTOS/src/event_groups.o
                0x00000a2a                xEventGroupSetBits
 .text.prvHeapInit
                0x00000b46       0x52 FreeRTOS/src/heap_4.o
 .text.prvInsertBlockIntoFreeList
                0x00000b98       0x94 FreeRTOS/src/heap_4.o
 .text.pvPortMalloc
                0x00000c2c      0x152 FreeRTOS/src/heap_4.o
                0x00000c2c                pvPortMalloc
 .text.vPortFree
                0x00000d7e       0x7a FreeRTOS/src/heap_4.o
                0x00000d7e                vPortFree
 .text.vListInitialise
                0x00000df8       0x22 FreeRTOS/src/list.o
                0x00000df8                vListInitialise
 .text.vListInitialiseItem
                0x00000e1a        0x8 FreeRTOS/src/list.o
                0x00000e1a                vListInitialiseItem
 .text.vListInsert
                0x00000e22       0x7a FreeRTOS/src/list.o
                0x00000e22                vListInsert
 .text.uxListRemove
                0x00000e9c       0x4e FreeRTOS/src/list.o
                0x00000e9c                uxListRemove
 .text.prvSetupTimerInterrupt
                0x00000eea       0x18 FreeRTOS/src/port.o
 .text.pxPortInitialiseStack
                0x00000f02       0x2e FreeRTOS/src/port.o
                0x00000f02                pxPortInitialiseStack
 .text.xPortStartScheduler
                0x00000f30       0x64 FreeRTOS/src/port.o
                0x00000f30                xPortStartScheduler
 .text.vPortYield
                0x00000f94       0xc2 FreeRTOS/src/port.o
                0x00000f94                vPortYield
 .text.vPortYieldFromTick
                0x00001056       0xca FreeRTOS/src/port.o
                0x00001056                vPortYieldFromTick
 .text.__vector_12
                0x00001120        0x4 FreeRTOS/src/port.o
                0x00001120                __vector_12
 .text.prvIsQueueEmpty
                0x00001124       0x1a FreeRTOS/src/queue.o
 .text.prvIsQueueFull
                0x0000113e       0x1c FreeRTOS/src/queue.o
 .text.prvCopyDataToQueue
                0x0000115a       0xbe FreeRTOS/src/queue.o
 .text.prvCopyDataFromQueue
                0x00001218       0x34 FreeRTOS/src/queue.o
 .text.prvUnlockQueue
                0x0000124c       0x68 FreeRTOS/src/queue.o
 .text.xQueueGenericReset
                0x000012b4       0x86 FreeRTOS/src/queue.o
                0x000012b4                xQueueGenericReset
 .text.prvInitialiseNewQueue
                0x0000133a       0x24 FreeRTOS/src/queue.o
 .text.xQueueGenericCreate
                0x0000135e       0x46 FreeRTOS/src/queue.o
                0x0000135e                xQueueGenericCreate
 .text.xQueueGenericSend
                0x000013a4      0x124 FreeRTOS/src/queue.o
                0x000013a4                xQueueGenericSend
 .text.prvInitialiseMutex
                0x000014c8       0x24 FreeRTOS/src/queue.o
 .text.xQueueCreateMutex
                0x000014ec       0x18 FreeRTOS/src/queue.o
                0x000014ec                xQueueCreateMutex
 .text.xQueueGenericSendFromISR
                0x00001504       0x76 FreeRTOS/src/queue.o
                0x00001504                xQueueGenericSendFromISR
 .text.xQueueReceive
                0x0000157a      0x11e FreeRTOS/src/queue.o
                0x0000157a                xQueueReceive
 .text.vQueueWaitForMessageRestricted
                0x00001698       0x38 FreeRTOS/src/queue.o
                0x00001698                vQueueWaitForMessageRestricted
 .text.prvBytesInBuffer
                0x000016d0       0x26 FreeRTOS/src/stream_buffer.o
 .text.prvInitialiseNewStreamBuffer
                0x000016f6       0x20 FreeRTOS/src/stream_buffer.o
 .text.prvWriteBytesToBuffer
                0x00001716       0x92 FreeRTOS/src/stream_buffer.o
 .text.prvWriteMessageToBuffer
                0x000017a8       0x86 FreeRTOS/src/stream_buffer.o
 .text.prvReadBytesFromBuffer
                0x0000182e       0x9e FreeRTOS/src/stream_buffer.o
 .text.prvReadMessageFromBuffer
                0x000018cc       0x8a FreeRTOS/src/stream_buffer.o
 .text.xStreamBufferGenericCreate
                0x00001956       0x64 FreeRTOS/src/stream_buffer.o
                0x00001956                xStreamBufferGenericCreate
 .text.xStreamBufferReset
                0x000019ba       0x3c FreeRTOS/src/stream_buffer.o
                0x000019ba                xStreamBufferReset
 .text.xStreamBufferSpacesAvailable
                0x000019f6       0x24 FreeRTOS/src/stream_buffer.o
                0x000019f6                xStreamBufferSpacesAvailable
 .text.xStreamBufferSend
                0x00001a1a      0x18a FreeRTOS/src/stream_buffer.o
                0x00001a1a                xStreamBufferSend
 .text.xStreamBufferSendFromISR
                0x00001ba4       0x88 FreeRTOS/src/stream_buffer.o
                0x00001ba4                xStreamBufferSendFromISR
 .text.xStreamBufferReceive
                0x00001c2c      0x106 FreeRTOS/src/stream_buffer.o
                0x00001c2c                xStreamBufferReceive
 .text.prvResetNextTaskUnblockTime
                0x00001d32       0x4e FreeRTOS/src/tasks.o
 .text.prvDeleteTCB
                0x00001d80       0x1a FreeRTOS/src/tasks.o
 .text.prvInitialiseNewTask
                0x00001d9a       0xfa FreeRTOS/src/tasks.o
 .text.prvInitialiseTaskLists
                0x00001e94       0x60 FreeRTOS/src/tasks.o
 .text.prvAddNewTaskToReadyList
                0x00001ef4       0xde FreeRTOS/src/tasks.o
 .text.prvCheckTasksWaitingTermination
                0x00001fd2       0x4a FreeRTOS/src/tasks.o
 .text.prvAddCurrentTaskToDelayedList
                0x0000201c      0x144 FreeRTOS/src/tasks.o
 .text.xTaskCreate
                0x00002160       0x98 FreeRTOS/src/tasks.o
                0x00002160                xTaskCreate
 .text.vTaskStartScheduler
                0x000021f8       0x70 FreeRTOS/src/tasks.o
                0x000021f8                vTaskStartScheduler
 .text.vTaskSuspendAll
                0x00002268        0xc FreeRTOS/src/tasks.o
                0x00002268                vTaskSuspendAll
 .text.xTaskGetTickCount
                0x00002274       0x1c FreeRTOS/src/tasks.o
                0x00002274                xTaskGetTickCount
 .text.xTaskIncrementTick
                0x00002290      0x258 FreeRTOS/src/tasks.o
                0x00002290                xTaskIncrementTick
 .text.xTaskResumeAll
                0x000024e8      0x1b8 FreeRTOS/src/tasks.o
                0x000024e8                xTaskResumeAll
 .text.xTaskDelayUntil
                0x000026a0       0xca FreeRTOS/src/tasks.o
                0x000026a0                xTaskDelayUntil
 .text.vTaskDelay
                0x0000276a       0x36 FreeRTOS/src/tasks.o
                0x0000276a                vTaskDelay
 .text.vTaskSwitchContext
                0x000027a0       0xca FreeRTOS/src/tasks.o
                0x000027a0                vTaskSwitchContext
 .text.vTaskPlaceOnEventList
                0x0000286a       0x2e FreeRTOS/src/tasks.o
                0x0000286a                vTaskPlaceOnEventList
 .text.vTaskPlaceOnUnorderedEventList
                0x00002898       0x94 FreeRTOS/src/tasks.o
                0x00002898                vTaskPlaceOnUnorderedEventList
 .text.vTaskPlaceOnEventListRestricted
                0x0000292c       0x84 FreeRTOS/src/tasks.o
                0x0000292c                vTaskPlaceOnEventListRestricted
 .text.xTaskRemoveFromEventList
                0x000029b0      0x15e FreeRTOS/src/tasks.o
                0x000029b0                xTaskRemoveFromEventList
 .text.vTaskRemoveFromUnorderedEventList
                0x00002b0e      0x134 FreeRTOS/src/tasks.o
                0x00002b0e                vTaskRemoveFromUnorderedEventList
 .text.vTaskSetTimeOutState
                0x00002c42       0x2c FreeRTOS/src/tasks.o
                0x00002c42                vTaskSetTimeOutState
 .text.vTaskInternalSetTimeOutState
                0x00002c6e       0x22 FreeRTOS/src/tasks.o
                0x00002c6e                vTaskInternalSetTimeOutState
 .text.xTaskCheckForTimeOut
                0x00002c90       0xcc FreeRTOS/src/tasks.o
                0x00002c90                xTaskCheckForTimeOut
 .text.vTaskMissedYield
                0x00002d5c        0x8 FreeRTOS/src/tasks.o
                0x00002d5c                vTaskMissedYield
 .text.xTaskGetCurrentTaskHandle
                0x00002d64        0xa FreeRTOS/src/tasks.o
                0x00002d64                xTaskGetCurrentTaskHandle
 .text.xTaskGetSchedulerState
                0x00002d6e       0x1c FreeRTOS/src/tasks.o
                0x00002d6e                xTaskGetSchedulerState
 .text.xTaskPriorityDisinherit
                0x00002d8a       0xb6 FreeRTOS/src/tasks.o
                0x00002d8a                xTaskPriorityDisinherit
 .text.uxTaskResetEventItemValue
                0x00002e40       0x54 FreeRTOS/src/tasks.o
                0x00002e40                uxTaskResetEventItemValue
 .text.xTaskGenericNotifyWait
                0x00002e94      0x14e FreeRTOS/src/tasks.o
                0x00002e94                xTaskGenericNotifyWait
 .text.xTaskGenericNotify
                0x00002fe2      0x1ee FreeRTOS/src/tasks.o
                0x00002fe2                xTaskGenericNotify
 .text.xTaskGenericNotifyFromISR
                0x000031d0      0x244 FreeRTOS/src/tasks.o
                0x000031d0                xTaskGenericNotifyFromISR
 .text.xTaskGenericNotifyStateClear
                0x00003414       0x34 FreeRTOS/src/tasks.o
                0x00003414                xTaskGenericNotifyStateClear
 .text.prvGetNextExpireTime
                0x00003448       0x30 FreeRTOS/src/timers.o
 .text.prvInsertTimerInActiveList
                0x00003478       0x92 FreeRTOS/src/timers.o
 .text.prvCheckForValidListAndQueue
                0x0000350a       0x52 FreeRTOS/src/timers.o
 .text.xTimerCreateTimerTask
                0x0000355c       0x42 FreeRTOS/src/timers.o
                0x0000355c                xTimerCreateTimerTask
 .text.xTimerGenericCommand
                0x0000359e       0xbc FreeRTOS/src/timers.o
                0x0000359e                xTimerGenericCommand
 .text.prvSwitchTimerLists
                0x0000365a       0xd0 FreeRTOS/src/timers.o
 .text.prvSampleTimeNow
                0x0000372a       0x5c FreeRTOS/src/timers.o
 .text.prvProcessExpiredTimer
                0x00003786       0xac FreeRTOS/src/timers.o
 .text.prvProcessTimerOrBlockTask
                0x00003832       0xae FreeRTOS/src/timers.o
 .text.prvProcessReceivedCommands
                0x000038e0      0x168 FreeRTOS/src/timers.o
 .text.vApplicationIdleHook
                0x00003a48        0x2 FreeRTOS/src/variantHooks.o
                0x00003a48                vApplicationIdleHook
 .text.prvSetMainLedOn
                0x00003a4a        0xe FreeRTOS/src/variantHooks.o
                0x00003a4a                prvSetMainLedOn
 .text.prvBlinkMainLed
                0x00003a58        0x8 FreeRTOS/src/variantHooks.o
                0x00003a58                prvBlinkMainLed
 .text.vApplicationMallocFailedHook
                0x00003a60       0x18 FreeRTOS/src/variantHooks.o
                0x00003a60                vApplicationMallocFailedHook
 .text.vApplicationStackOverflowHook
                0x00003a78       0x18 FreeRTOS/src/variantHooks.o
                0x00003a78                vApplicationStackOverflowHook
 .text.createTasksForSensors
                0x00003a90       0x42 main.o
                0x00003a90                createTasksForSensors
 .text.create_tasks_and_semaphores
                0x00003ad2       0x4e main.o
                0x00003ad2                create_tasks_and_semaphores
 .text.initializeSystem
                0x00003b20       0x1e main.o
                0x00003b20                initializeSystem
 .text.main     0x00003b3e        0x8 main.o
                0x00003b3e                main
 .text.avr-libc.fplib
                0x00003b46        0xa c:/program files (x86)/atmel/studio/7.0/toolchain/avr8/avr8-gnu-toolchain/bin/../lib/gcc/avr/5.4.0/../../../../avr/lib/avr6\libm.a(fixsfsi.o)
                0x00003b46                __fixsfsi
 .text.avr-libc.fplib
                0x00003b50       0x58 c:/program files (x86)/atmel/studio/7.0/toolchain/avr8/avr8-gnu-toolchain/bin/../lib/gcc/avr/5.4.0/../../../../avr/lib/avr6\libm.a(fixunssfsi.o)
                0x00003b50                __fixunssfsi
 .text.avr-libc.fplib
                0x00003ba8       0x44 c:/program files (x86)/atmel/studio/7.0/toolchain/avr8/avr8-gnu-toolchain/bin/../lib/gcc/avr/5.4.0/../../../../avr/lib/avr6\libm.a(fp_split3.o)
                0x00003ba8                __fp_split3
                0x00003bb8                __fp_splitA
 .text.avr-libc.fplib
                0x00003bec        0xe c:/program files (x86)/atmel/studio/7.0/toolchain/avr8/avr8-gnu-toolchain/bin/../lib/gcc/avr/5.4.0/../../../../avr/lib/avr6\libm.a(fp_zero.o)
                0x00003bec                __fp_zero
                0x00003bee                __fp_szero
 .text.avr-libc.fplib
                0x00003bfa       0x66 c:/program files (x86)/atmel/studio/7.0/toolchain/avr8/avr8-gnu-toolchain/bin/../lib/gcc/avr/5.4.0/../../../../avr/lib/avr6\libm.a(modf.o)
                0x00003bfa                modf
                0x00003bfa                modff
 .text.avr-libc.fplib
                0x00003c60        0x4 c:/program files (x86)/atmel/studio/7.0/toolchain/avr8/avr8-gnu-toolchain/bin/../lib/gcc/avr/5.4.0/../../../../avr/lib/avr6\libm.a(mulsf3.o)
                0x00003c60                __mulsf3
 .text.avr-libc.fplib
                0x00003c64       0xc2 c:/program files (x86)/atmel/studio/7.0/toolchain/avr8/avr8-gnu-toolchain/bin/../lib/gcc/avr/5.4.0/../../../../avr/lib/avr6\libm.a(mulsf3x.o)
                0x00003c78                __mulsf3x
                0x00003c7c                __mulsf3_pse
 .text.avr-libc.fplib
                0x00003d26        0xa c:/program files (x86)/atmel/studio/7.0/toolchain/avr8/avr8-gnu-toolchain/bin/../lib/gcc/avr/5.4.0/../../../../avr/lib/avr6\libm.a(addsf3.o)
                0x00003d26                __subsf3
                0x00003d28                __addsf3
 .text.avr-libc.fplib
                0x00003d30       0xc0 c:/program files (x86)/atmel/studio/7.0/toolchain/avr8/avr8-gnu-toolchain/bin/../lib/gcc/avr/5.4.0/../../../../avr/lib/avr6\libm.a(addsf3x.o)
                0x00003d4a                __addsf3x
 .text.avr-libc.fplib
                0x00003df0        0xc c:/program files (x86)/atmel/studio/7.0/toolchain/avr8/avr8-gnu-toolchain/bin/../lib/gcc/avr/5.4.0/../../../../avr/lib/avr6\libm.a(fp_inf.o)
                0x00003df0                __fp_inf
 .text.avr-libc.fplib
                0x00003dfc        0x6 c:/program files (x86)/atmel/studio/7.0/toolchain/avr8/avr8-gnu-toolchain/bin/../lib/gcc/avr/5.4.0/../../../../avr/lib/avr6\libm.a(fp_nan.o)
                0x00003dfc                __fp_nan
 .text.avr-libc.fplib
                0x00003e02        0xe c:/program files (x86)/atmel/studio/7.0/toolchain/avr8/avr8-gnu-toolchain/bin/../lib/gcc/avr/5.4.0/../../../../avr/lib/avr6\libm.a(fp_pscA.o)
                0x00003e02                __fp_pscA
 .text.avr-libc.fplib
                0x00003e10        0xe c:/program files (x86)/atmel/studio/7.0/toolchain/avr8/avr8-gnu-toolchain/bin/../lib/gcc/avr/5.4.0/../../../../avr/lib/avr6\libm.a(fp_pscB.o)
                0x00003e10                __fp_pscB
 .text.avr-libc.fplib
                0x00003e1e       0x22 c:/program files (x86)/atmel/studio/7.0/toolchain/avr8/avr8-gnu-toolchain/bin/../lib/gcc/avr/5.4.0/../../../../avr/lib/avr6\libm.a(fp_round.o)
                0x00003e1e                __fp_round
 .text._hihTwiCallback
                0x00003e40       0x5a ../drivers\libIotLibrary.a(hih8120.o)
 .text.hih8120_initialise
                0x00003e9a       0x30 ../drivers\libIotLibrary.a(hih8120.o)
                0x00003e9a                hih8120_initialise
 .text.hih8120_wakeup
                0x00003eca       0x2a ../drivers\libIotLibrary.a(hih8120.o)
                0x00003eca                hih8120_wakeup
 .text.hih8120_measure
                0x00003ef4       0x22 ../drivers\libIotLibrary.a(hih8120.o)
                0x00003ef4                hih8120_measure
 .text.hih8120_getTemperature
                0x00003f16       0x32 ../drivers\libIotLibrary.a(hih8120.o)
                0x00003f16                hih8120_getTemperature
 .text._serialCallBack
                0x00003f48       0x8c ../drivers\libIotLibrary.a(lora_driver.o)
 .text._uploadMessage
                0x00003fd4       0xb4 ../drivers\libIotLibrary.a(lora_driver.o)
 .text._reply2ReturnCode
                0x00004088       0xea ../drivers\libIotLibrary.a(lora_driver.o)
 .text._uploadMessageRc
                0x00004172        0x6 ../drivers\libIotLibrary.a(lora_driver.o)
 .text.lora_driver_flushBuffers
                0x00004178        0xe ../drivers\libIotLibrary.a(lora_driver.o)
                0x00004178                lora_driver_flushBuffers
 .text.lora_driver_initialise
                0x00004186       0x80 ../drivers\libIotLibrary.a(lora_driver.o)
                0x00004186                lora_driver_initialise
 .text.lora_driver_resetRn2483
                0x00004206       0x1c ../drivers\libIotLibrary.a(lora_driver.o)
                0x00004206                lora_driver_resetRn2483
 .text.lora_driver_rn2483FactoryReset
                0x00004222       0x24 ../drivers\libIotLibrary.a(lora_driver.o)
                0x00004222                lora_driver_rn2483FactoryReset
 .text.lora_driver_getRn2483Hweui
                0x00004246       0x38 ../drivers\libIotLibrary.a(lora_driver.o)
                0x00004246                lora_driver_getRn2483Hweui
 .text.lora_driver_setDeviceIdentifier
                0x0000427e       0x22 ../drivers\libIotLibrary.a(lora_driver.o)
                0x0000427e                lora_driver_setDeviceIdentifier
 .text.lora_driver_setApplicationIdentifier
                0x000042a0       0x22 ../drivers\libIotLibrary.a(lora_driver.o)
                0x000042a0                lora_driver_setApplicationIdentifier
 .text.lora_driver_setApplicationKey
                0x000042c2       0x22 ../drivers\libIotLibrary.a(lora_driver.o)
                0x000042c2                lora_driver_setApplicationKey
 .text.lora_driver_saveMac
                0x000042e4        0xc ../drivers\libIotLibrary.a(lora_driver.o)
                0x000042e4                lora_driver_saveMac
 .text.lora_driver_join
                0x000042f0       0x52 ../drivers\libIotLibrary.a(lora_driver.o)
                0x000042f0                lora_driver_join
 .text.lora_driver_sendUploadMessage
                0x00004342      0x196 ../drivers\libIotLibrary.a(lora_driver.o)
                0x00004342                lora_driver_sendUploadMessage
 .text.lora_driver_setAdaptiveDataRate
                0x000044d8       0x16 ../drivers\libIotLibrary.a(lora_driver.o)
                0x000044d8                lora_driver_setAdaptiveDataRate
 .text.lora_driver_setReceiveDelay
                0x000044ee       0x30 ../drivers\libIotLibrary.a(lora_driver.o)
                0x000044ee                lora_driver_setReceiveDelay
 .text.lora_driver_configureToEu868
                0x0000451e      0x1bc ../drivers\libIotLibrary.a(lora_driver.o)
                0x0000451e                lora_driver_configureToEu868
 .text.lora_driver_setOtaaIdentity
                0x000046da       0x42 ../drivers\libIotLibrary.a(lora_driver.o)
                0x000046da                lora_driver_setOtaaIdentity
 .text.lora_driver_mapReturnCodeToText
                0x0000471c       0x18 ../drivers\libIotLibrary.a(lora_driver.o)
                0x0000471c                lora_driver_mapReturnCodeToText
 .text.decode_port_no
                0x00004734       0x58 ../drivers\libIotLibrary.a(lora_driver_utils.o)
                0x00004734                decode_port_no
 .text.decode_hexadecimal_string_bytes
                0x0000478c       0x92 ../drivers\libIotLibrary.a(lora_driver_utils.o)
                0x0000478c                decode_hexadecimal_string_bytes
 .text._serialCallBack
                0x0000481e       0xb6 ../drivers\libIotLibrary.a(mh_z19.o)
 .text.mh_z19_initialise
                0x000048d4       0x4a ../drivers\libIotLibrary.a(mh_z19.o)
                0x000048d4                mh_z19_initialise
 .text.mh_z19_injectCallBack
                0x0000491e        0xa ../drivers\libIotLibrary.a(mh_z19.o)
                0x0000491e                mh_z19_injectCallBack
 .text.mh_z19_takeMeassuring
                0x00004928       0x5e ../drivers\libIotLibrary.a(mh_z19.o)
                0x00004928                mh_z19_takeMeassuring
 .text.serial_create
                0x00004986      0x146 ../drivers\libIotLibrary.a(serial.o)
                0x00004986                serial_create
 .text.serial_sendByte
                0x00004acc       0x56 ../drivers\libIotLibrary.a(serial.o)
                0x00004acc                serial_sendByte
 .text.serial_sendBytes
                0x00004b22       0xaa ../drivers\libIotLibrary.a(serial.o)
                0x00004b22                serial_sendBytes
 .text.serial_getByte
                0x00004bcc       0x40 ../drivers\libIotLibrary.a(serial.o)
                0x00004bcc                serial_getByte
 .text.__vector_25
                0x00004c0c       0xa4 ../drivers\libIotLibrary.a(serial.o)
                0x00004c0c                __vector_25
 .text.__vector_26
                0x00004cb0       0x88 ../drivers\libIotLibrary.a(serial.o)
                0x00004cb0                __vector_26
 .text.__vector_36
                0x00004d38       0xa4 ../drivers\libIotLibrary.a(serial.o)
                0x00004d38                __vector_36
 .text.__vector_37
                0x00004ddc       0x88 ../drivers\libIotLibrary.a(serial.o)
                0x00004ddc                __vector_37
 .text.__vector_51
                0x00004e64       0xa4 ../drivers\libIotLibrary.a(serial.o)
                0x00004e64                __vector_51
 .text.__vector_52
                0x00004f08       0x88 ../drivers\libIotLibrary.a(serial.o)
                0x00004f08                __vector_52
 .text.__vector_54
                0x00004f90       0xa4 ../drivers\libIotLibrary.a(serial.o)
                0x00004f90                __vector_54
 .text.__vector_55
                0x00005034       0x88 ../drivers\libIotLibrary.a(serial.o)
                0x00005034                __vector_55
 .text.usart_getchar
                0x000050bc       0x2a ../drivers\libIotLibrary.a(stdio_driver.o)
 .text.usart_putchar
                0x000050e6       0x12 ../drivers\libIotLibrary.a(stdio_driver.o)
 .text.stdio_initialise
                0x000050f8       0x52 ../drivers\libIotLibrary.a(stdio_driver.o)
                0x000050f8                stdio_initialise
 .text._initTwiInterface
                0x0000514a       0x22 ../drivers\libIotLibrary.a(twi.o)
 .text.twiCreate
                0x0000516c       0x9a ../drivers\libIotLibrary.a(twi.o)
                0x0000516c                twiCreate
 .text.twiIsBusy
                0x00005206        0x8 ../drivers\libIotLibrary.a(twi.o)
                0x00005206                twiIsBusy
 .text.twiTransmit
                0x0000520e       0x98 ../drivers\libIotLibrary.a(twi.o)
                0x0000520e                twiTransmit
 .text.twiReceive
                0x000052a6       0x66 ../drivers\libIotLibrary.a(twi.o)
                0x000052a6                twiReceive
 .text.__vector_39
                0x0000530c      0x17a ../drivers\libIotLibrary.a(twi.o)
                0x0000530c                __vector_39
 .text.fifo_init
                0x00005486       0x38 ../drivers\libIotLibrary.a(fifo.o)
                0x00005486                fifo_init
 .text.avr-libc
                0x000054be      0x712 c:/program files (x86)/atmel/studio/7.0/toolchain/avr8/avr8-gnu-toolchain/bin/../lib/gcc/avr/5.4.0/../../../../avr/lib/avr6\libprintf_flt.a(vfprintf_flt.o)
                0x000054be                vfprintf
 .text.avr-libc.fplib
                0x00005bd0        0x6 c:/program files (x86)/atmel/studio/7.0/toolchain/avr8/avr8-gnu-toolchain/bin/../lib/gcc/avr/5.4.0/../../../../avr/lib/avr6\libm.a(divsf3.o)
                0x00005bd0                __divsf3
 .text.avr-libc.fplib
                0x00005bd6       0xdc c:/program files (x86)/atmel/studio/7.0/toolchain/avr8/avr8-gnu-toolchain/bin/../lib/gcc/avr/5.4.0/../../../../avr/lib/avr6\libm.a(divsf3x.o)
                0x00005bf6                __divsf3x
                0x00005bfc                __divsf3_pse
 .text.avr-libc.fplib
                0x00005cb2       0x7a c:/program files (x86)/atmel/studio/7.0/toolchain/avr8/avr8-gnu-toolchain/bin/../lib/gcc/avr/5.4.0/../../../../avr/lib/avr6\libm.a(floatsisf.o)
                0x00005cb2                __floatunsisf
                0x00005cb6                __floatsisf
 .text.libgcc.div
                0x00005d2c       0x44 c:/program files (x86)/atmel/studio/7.0/toolchain/avr8/avr8-gnu-toolchain/bin/../lib/gcc/avr/5.4.0/avr6\libgcc.a(_udivmodsi4.o)
                0x00005d2c                __udivmodsi4
 .text.libgcc   0x00005d70       0x10 c:/program files (x86)/atmel/studio/7.0/toolchain/avr8/avr8-gnu-toolchain/bin/../lib/gcc/avr/5.4.0/avr6\libgcc.a(_tablejump2.o)
                0x00005d70                __tablejump2__
 .text.avr-libc
                0x00005d80      0x242 c:/program files (x86)/atmel/studio/7.0/toolchain/avr8/avr8-gnu-toolchain/bin/../lib/gcc/avr/5.4.0/../../../../avr/lib/avr6\libc.a(malloc.o)
                0x00005d80                malloc
                0x00005eb0                free
 .text.avr-libc
                0x00005fc2        0x8 c:/program files (x86)/atmel/studio/7.0/toolchain/avr8/avr8-gnu-toolchain/bin/../lib/gcc/avr/5.4.0/../../../../avr/lib/avr6\libc.a(abort.o)
                0x00005fc2                abort
 .text.avr-libc
                0x00005fca      0x1b0 c:/program files (x86)/atmel/studio/7.0/toolchain/avr8/avr8-gnu-toolchain/bin/../lib/gcc/avr/5.4.0/../../../../avr/lib/avr6\libc.a(ftoa_engine.o)
                0x00005fca                __ftoa_engine
 .text.avr-libc
                0x0000617a       0x16 c:/program files (x86)/atmel/studio/7.0/toolchain/avr8/avr8-gnu-toolchain/bin/../lib/gcc/avr/5.4.0/../../../../avr/lib/avr6\libc.a(strnlen_P.o)
                0x0000617a                strnlen_P
 .text.avr-libc
                0x00006190       0x12 c:/program files (x86)/atmel/studio/7.0/toolchain/avr8/avr8-gnu-toolchain/bin/../lib/gcc/avr/5.4.0/../../../../avr/lib/avr6\libc.a(memcpy.o)
                0x00006190                memcpy
 .text.avr-libc
                0x000061a2        0xe c:/program files (x86)/atmel/studio/7.0/toolchain/avr8/avr8-gnu-toolchain/bin/../lib/gcc/avr/5.4.0/../../../../avr/lib/avr6\libc.a(memset.o)
                0x000061a2                memset
 .text.avr-libc
                0x000061b0       0x4a c:/program files (x86)/atmel/studio/7.0/toolchain/avr8/avr8-gnu-toolchain/bin/../lib/gcc/avr/5.4.0/../../../../avr/lib/avr6\libc.a(strcasestr.o)
                0x000061b0                strcasestr
 .text.avr-libc
                0x000061fa       0x16 c:/program files (x86)/atmel/studio/7.0/toolchain/avr8/avr8-gnu-toolchain/bin/../lib/gcc/avr/5.4.0/../../../../avr/lib/avr6\libc.a(strcat.o)
                0x000061fa                strcat
 .text.avr-libc
                0x00006210        0xe c:/program files (x86)/atmel/studio/7.0/toolchain/avr8/avr8-gnu-toolchain/bin/../lib/gcc/avr/5.4.0/../../../../avr/lib/avr6\libc.a(strcpy.o)
                0x00006210                strcpy
 .text.avr-libc
                0x0000621e       0x30 c:/program files (x86)/atmel/studio/7.0/toolchain/avr8/avr8-gnu-toolchain/bin/../lib/gcc/avr/5.4.0/../../../../avr/lib/avr6\libc.a(strncasecmp.o)
                0x0000621e                strncasecmp
 .text.avr-libc
                0x0000624e       0x16 c:/program files (x86)/atmel/studio/7.0/toolchain/avr8/avr8-gnu-toolchain/bin/../lib/gcc/avr/5.4.0/../../../../avr/lib/avr6\libc.a(strnlen.o)
                0x0000624e                strnlen
 .text.avr-libc
                0x00006264       0x78 c:/program files (x86)/atmel/studio/7.0/toolchain/avr8/avr8-gnu-toolchain/bin/../lib/gcc/avr/5.4.0/../../../../avr/lib/avr6\libc.a(fputc.o)
                0x00006264                fputc
 .text.avr-libc
                0x000062dc       0x26 c:/program files (x86)/atmel/studio/7.0/toolchain/avr8/avr8-gnu-toolchain/bin/../lib/gcc/avr/5.4.0/../../../../avr/lib/avr6\libc.a(printf.o)
                0x000062dc                printf
 .text.avr-libc
                0x00006302       0x60 c:/program files (x86)/atmel/studio/7.0/toolchain/avr8/avr8-gnu-toolchain/bin/../lib/gcc/avr/5.4.0/../../../../avr/lib/avr6\libc.a(puts.o)
                0x00006302                puts
 .text.avr-libc
                0x00006362       0x5c c:/program files (x86)/atmel/studio/7.0/toolchain/avr8/avr8-gnu-toolchain/bin/../lib/gcc/avr/5.4.0/../../../../avr/lib/avr6\libc.a(sprintf.o)
                0x00006362                sprintf
 .text.avr-libc
                0x000063be       0xbc c:/program files (x86)/atmel/studio/7.0/toolchain/avr8/avr8-gnu-toolchain/bin/../lib/gcc/avr/5.4.0/../../../../avr/lib/avr6\libc.a(ultoa_invert.o)
                0x000063be                __ultoa_invert
                0x0000647a                . = ALIGN (0x2)
 *(.fini9)
 .fini9         0x0000647a        0x0 c:/program files (x86)/atmel/studio/7.0/toolchain/avr8/avr8-gnu-toolchain/bin/../lib/gcc/avr/5.4.0/avr6\libgcc.a(_exit.o)
                0x0000647a                _exit
                0x0000647a                exit
 *(.fini9)
 *(.fini8)
 *(.fini8)
 *(.fini7)
 *(.fini7)
 *(.fini6)
 *(.fini6)
 *(.fini5)
 *(.fini5)
 *(.fini4)
 *(.fini4)
 *(.fini3)
 *(.fini3)
 *(.fini2)
 *(.fini2)
 *(.fini1)
 *(.fini1)
 *(.fini0)
 .fini0         0x0000647a        0x4 c:/program files (x86)/atmel/studio/7.0/toolchain/avr8/avr8-gnu-toolchain/bin/../lib/gcc/avr/5.4.0/avr6\libgcc.a(_exit.o)
 *(.fini0)
                0x0000647e                _etext = .

.data           0x00800200      0x4ec load address 0x0000647e
                0x00800200                PROVIDE (__data_start, .)
 *(.data)
 .data          0x00800200        0x6 c:/program files (x86)/atmel/studio/7.0/toolchain/avr8/avr8-gnu-toolchain/bin/../lib/gcc/avr/5.4.0/../../../../avr/lib/avr6\libc.a(malloc.o)
                0x00800200                __malloc_heap_end
                0x00800202                __malloc_heap_start
                0x00800204                __malloc_margin
 *(.data*)
 .data.uxTopUsedPriority
                0x00800206        0x1 FreeRTOS/src/tasks.o
                0x00800206                uxTopUsedPriority
 .data._temp    0x00800207        0x2 ../drivers\libIotLibrary.a(hih8120.o)
 .data._hum     0x00800209        0x2 ../drivers\libIotLibrary.a(hih8120.o)
 .data._com_port_2_udr
                0x0080020b        0x8 ../drivers\libIotLibrary.a(serial.o)
                0x0080020b                _com_port_2_udr
 .data.mystdout.1882
                0x00800213        0xe ../drivers\libIotLibrary.a(stdio_driver.o)
 .data._twiCurrentState
                0x00800221        0x1 ../drivers\libIotLibrary.a(twi.o)
 *(.gnu.linkonce.d*)
 *(.rodata)
 .rodata        0x00800222       0x20 ../drivers\libIotLibrary.a(lora_driver.o)
 .rodata        0x00800242       0x2d ../drivers\libIotLibrary.a(mh_z19.o)
 *(.rodata*)
 .rodata.str1.1
                0x0080026f        0x8 CO2Handler.o
 .rodata.str1.1
                0x00800277       0x44 TemperatureHandler.o
 .rodata.str1.1
                0x008002bb      0x157 UplinkHandler.o
 .rodata.str1.1
                0x00800412        0x5 FreeRTOS/src/tasks.o
 .rodata.str1.1
                0x00800417        0x8 FreeRTOS/src/timers.o
 .rodata.str1.1
                0x0080041f      0x295 ../drivers\libIotLibrary.a(lora_driver.o)
                                0x2a5 (size before relaxing)
 .rodata._joinMode
                0x008006b4        0x4 ../drivers\libIotLibrary.a(lora_driver.o)
 .rodata._returnCode
                0x008006b8       0x33 ../drivers\libIotLibrary.a(lora_driver.o)
                0x008006b8                _returnCode
 *(.gnu.linkonce.r*)
                0x008006ec                . = ALIGN (0x2)
 *fill*         0x008006eb        0x1 
                0x008006ec                _edata = .
                0x008006ec                PROVIDE (__data_end, .)

.bss            0x008006ec      0xc03
                0x008006ec                PROVIDE (__bss_start, .)
 *(.bss)
 *(.bss*)
 .bss._uplink_payload
                0x008006ec       0x16 UplinkHandler.o
 .bss.xBlockAllocatedBit
                0x00800702        0x2 FreeRTOS/src/heap_4.o
 .bss.xNumberOfSuccessfulFrees
                0x00800704        0x2 FreeRTOS/src/heap_4.o
 .bss.xNumberOfSuccessfulAllocations
                0x00800706        0x2 FreeRTOS/src/heap_4.o
 .bss.xMinimumEverFreeBytesRemaining
                0x00800708        0x2 FreeRTOS/src/heap_4.o
 .bss.xFreeBytesRemaining
                0x0080070a        0x2 FreeRTOS/src/heap_4.o
 .bss.pxEnd     0x0080070c        0x2 FreeRTOS/src/heap_4.o
 .bss.xStart    0x0080070e        0x4 FreeRTOS/src/heap_4.o
 .bss.ucHeap    0x00800712      0x9c4 FreeRTOS/src/heap_4.o
 .bss.uxSchedulerSuspended
                0x008010d6        0x1 FreeRTOS/src/tasks.o
 .bss.xIdleTaskHandle
                0x008010d7        0x2 FreeRTOS/src/tasks.o
 .bss.xNextTaskUnblockTime
                0x008010d9        0x4 FreeRTOS/src/tasks.o
 .bss.uxTaskNumber
                0x008010dd        0x1 FreeRTOS/src/tasks.o
 .bss.xNumOfOverflows
                0x008010de        0x1 FreeRTOS/src/tasks.o
 .bss.xYieldPending
                0x008010df        0x1 FreeRTOS/src/tasks.o
 .bss.xPendedTicks
                0x008010e0        0x4 FreeRTOS/src/tasks.o
 .bss.xSchedulerRunning
                0x008010e4        0x1 FreeRTOS/src/tasks.o
 .bss.uxTopReadyPriority
                0x008010e5        0x1 FreeRTOS/src/tasks.o
 .bss.xTickCount
                0x008010e6        0x4 FreeRTOS/src/tasks.o
 .bss.uxCurrentNumberOfTasks
                0x008010ea        0x1 FreeRTOS/src/tasks.o
 .bss.xSuspendedTaskList
                0x008010eb        0xb FreeRTOS/src/tasks.o
 .bss.uxDeletedTasksWaitingCleanUp
                0x008010f6        0x1 FreeRTOS/src/tasks.o
 .bss.xTasksWaitingTermination
                0x008010f7        0xb FreeRTOS/src/tasks.o
 .bss.xPendingReadyList
                0x00801102        0xb FreeRTOS/src/tasks.o
 .bss.pxOverflowDelayedTaskList
                0x0080110d        0x2 FreeRTOS/src/tasks.o
 .bss.pxDelayedTaskList
                0x0080110f        0x2 FreeRTOS/src/tasks.o
 .bss.xDelayedTaskList2
                0x00801111        0xb FreeRTOS/src/tasks.o
 .bss.xDelayedTaskList1
                0x0080111c        0xb FreeRTOS/src/tasks.o
 .bss.pxReadyTasksLists
                0x00801127       0x6e FreeRTOS/src/tasks.o
 .bss.pxCurrentTCB
                0x00801195        0x2 FreeRTOS/src/tasks.o
                0x00801195                pxCurrentTCB
 .bss.xLastTime.2436
                0x00801197        0x4 FreeRTOS/src/timers.o
 .bss.xTimerTaskHandle
                0x0080119b        0x2 FreeRTOS/src/timers.o
 .bss.xTimerQueue
                0x0080119d        0x2 FreeRTOS/src/timers.o
 .bss.pxOverflowTimerList
                0x0080119f        0x2 FreeRTOS/src/timers.o
 .bss.pxCurrentTimerList
                0x008011a1        0x2 FreeRTOS/src/timers.o
 .bss.xActiveTimerList2
                0x008011a3        0xb FreeRTOS/src/timers.o
 .bss.xActiveTimerList1
                0x008011ae        0xb FreeRTOS/src/timers.o
 .bss.taskReadyBits
                0x008011b9        0x2 main.o
                0x008011b9                taskReadyBits
 .bss._measuringIsReady
                0x008011bb        0x1 ../drivers\libIotLibrary.a(hih8120.o)
 .bss._hih8120Handler
                0x008011bc        0x2 ../drivers\libIotLibrary.a(hih8120.o)
 .bss._tmp_buf.2871
                0x008011be       0x37 ../drivers\libIotLibrary.a(lora_driver.o)
 .bss.rec_buf_inp.2878
                0x008011f5        0x1 ../drivers\libIotLibrary.a(lora_driver.o)
 .bss._downlinkMessageBuffer
                0x008011f6        0x2 ../drivers\libIotLibrary.a(lora_driver.o)
 .bss._serialReplyBufferHandle
                0x008011f8        0x2 ../drivers\libIotLibrary.a(lora_driver.o)
 .bss._rn2483_serial
                0x008011fa        0x2 ../drivers\libIotLibrary.a(lora_driver.o)
 .bss._downlinkPayload
                0x008011fc       0x16 ../drivers\libIotLibrary.a(lora_driver.o)
 .bss._payLoadHexBytes
                0x00801212       0x15 ../drivers\libIotLibrary.a(lora_driver.o)
 .bss._recMessageBuf
                0x00801227       0x2d ../drivers\libIotLibrary.a(lora_driver.o)
 .bss._sendMessage
                0x00801254       0x2d ../drivers\libIotLibrary.a(lora_driver.o)
 .bss._replyMess
                0x00801281       0x2d ../drivers\libIotLibrary.a(lora_driver.o)
 .bss.data.1944
                0x008012ae        0x2 ../drivers\libIotLibrary.a(mh_z19.o)
 .bss.inDex.1943
                0x008012b0        0x1 ../drivers\libIotLibrary.a(mh_z19.o)
 .bss.crc_sum.1945
                0x008012b1        0x1 ../drivers\libIotLibrary.a(mh_z19.o)
 .bss._appCallBack
                0x008012b2        0x2 ../drivers\libIotLibrary.a(mh_z19.o)
 .bss._mh_state
                0x008012b4        0x1 ../drivers\libIotLibrary.a(mh_z19.o)
                0x008012b4                _mh_state
 .bss._ppm      0x008012b5        0x2 ../drivers\libIotLibrary.a(mh_z19.o)
 .bss._serial   0x008012b7        0x2 ../drivers\libIotLibrary.a(mh_z19.o)
 .bss._ser_handle
                0x008012b9        0x8 ../drivers\libIotLibrary.a(serial.o)
 .bss._com_serial_instance
                0x008012c1        0x2 ../drivers\libIotLibrary.a(stdio_driver.o)
 .bss._index.1885
                0x008012c3        0x1 ../drivers\libIotLibrary.a(twi.o)
 .bss._twiCurrentHandler
                0x008012c4        0x2 ../drivers\libIotLibrary.a(twi.o)
 .bss._twiMessageLen
                0x008012c6        0x1 ../drivers\libIotLibrary.a(twi.o)
 .bss._twiMessageBuffer
                0x008012c7        0xa ../drivers\libIotLibrary.a(twi.o)
 .bss._twiIsInitiated
                0x008012d1        0x1 ../drivers\libIotLibrary.a(twi.o)
 *(COMMON)
 COMMON         0x008012d2        0x9 CO2Handler.o
                0x008012d2                rc
                0x008012d3                ppm
                0x008012d5                ready_bit
                0x008012d9                group_start
 COMMON         0x008012db        0x4 UplinkHandler.o
                0x008012db                co2
                0x008012dd                temperature
 COMMON         0x008012df        0x6 main.o
                0x008012df                temperature_sensor
                0x008012e1                xTestSemaphore
                0x008012e3                co2_sensor
 COMMON         0x008012e5        0x4 c:/program files (x86)/atmel/studio/7.0/toolchain/avr8/avr8-gnu-toolchain/bin/../lib/gcc/avr/5.4.0/../../../../avr/lib/avr6\libc.a(malloc.o)
                0x008012e5                __brkval
                0x008012e7                __flp
 COMMON         0x008012e9        0x6 c:/program files (x86)/atmel/studio/7.0/toolchain/avr8/avr8-gnu-toolchain/bin/../lib/gcc/avr/5.4.0/../../../../avr/lib/avr6\libc.a(iob.o)
                0x008012e9                __iob
                0x008012ef                PROVIDE (__bss_end, .)
                0x0000647e                __data_load_start = LOADADDR (.data)
                0x0000696a                __data_load_end = (__data_load_start + SIZEOF (.data))

.noinit         0x008012ef        0x0
                [!provide]                PROVIDE (__noinit_start, .)
 *(.noinit*)
                [!provide]                PROVIDE (__noinit_end, .)
                0x008012ef                _end = .
                0x008012ef                PROVIDE (__heap_start, .)

.eeprom         0x00810000        0x0
 *(.eeprom*)
                0x00810000                __eeprom_end = .

.fuse
 *(.fuse)
 *(.lfuse)
 *(.hfuse)
 *(.efuse)

.lock
 *(.lock*)

.signature
 *(.signature*)

.user_signatures
 *(.user_signatures*)

.stab
 *(.stab)

.stabstr
 *(.stabstr)

.stab.excl
 *(.stab.excl)

.stab.exclstr
 *(.stab.exclstr)

.stab.index
 *(.stab.index)

.stab.indexstr
 *(.stab.indexstr)

.comment        0x00000000       0x5c
 *(.comment)
 .comment       0x00000000       0x30 CO2Handler.o
                                 0x31 (size before relaxing)
 .comment       0x00000030       0x31 TemperatureHandler.o
 .comment       0x00000030       0x31 UplinkHandler.o
 .comment       0x00000030       0x31 FreeRTOS/src/event_groups.o
 .comment       0x00000030       0x31 FreeRTOS/src/heap_4.o
 .comment       0x00000030       0x31 FreeRTOS/src/list.o
 .comment       0x00000030       0x31 FreeRTOS/src/port.o
 .comment       0x00000030       0x31 FreeRTOS/src/queue.o
 .comment       0x00000030       0x31 FreeRTOS/src/stream_buffer.o
 .comment       0x00000030       0x31 FreeRTOS/src/tasks.o
 .comment       0x00000030       0x31 FreeRTOS/src/timers.o
 .comment       0x00000030       0x31 FreeRTOS/src/variantHooks.o
 .comment       0x00000030       0x31 main.o
 .comment       0x00000030       0x31 ../drivers\libIotLibrary.a(hih8120.o)
 .comment       0x00000030       0x31 ../drivers\libIotLibrary.a(lora_driver.o)
 .comment       0x00000030       0x31 ../drivers\libIotLibrary.a(lora_driver_utils.o)
 .comment       0x00000030       0x31 ../drivers\libIotLibrary.a(mh_z19.o)
 .comment       0x00000030       0x31 ../drivers\libIotLibrary.a(serial.o)
 .comment       0x00000030       0x31 ../drivers\libIotLibrary.a(stdio_driver.o)
 .comment       0x00000030       0x31 ../drivers\libIotLibrary.a(twi.o)
 .comment       0x00000030       0x31 ../drivers\libIotLibrary.a(fifo.o)
 .comment       0x00000030       0x2c c:/program files (x86)/atmel/studio/7.0/toolchain/avr8/avr8-gnu-toolchain/bin/../lib/gcc/avr/5.4.0/../../../../avr/lib/avr6\libprintf_flt.a(vfprintf_flt.o)
                                 0x2d (size before relaxing)
 .comment       0x0000005c       0x31 c:/program files (x86)/atmel/studio/7.0/toolchain/avr8/avr8-gnu-toolchain/bin/../lib/gcc/avr/5.4.0/../../../../avr/lib/avr6\libc.a(malloc.o)
 .comment       0x0000005c       0x31 c:/program files (x86)/atmel/studio/7.0/toolchain/avr8/avr8-gnu-toolchain/bin/../lib/gcc/avr/5.4.0/../../../../avr/lib/avr6\libc.a(fputc.o)
 .comment       0x0000005c       0x31 c:/program files (x86)/atmel/studio/7.0/toolchain/avr8/avr8-gnu-toolchain/bin/../lib/gcc/avr/5.4.0/../../../../avr/lib/avr6\libc.a(iob.o)
 .comment       0x0000005c       0x31 c:/program files (x86)/atmel/studio/7.0/toolchain/avr8/avr8-gnu-toolchain/bin/../lib/gcc/avr/5.4.0/../../../../avr/lib/avr6\libc.a(printf.o)
 .comment       0x0000005c       0x31 c:/program files (x86)/atmel/studio/7.0/toolchain/avr8/avr8-gnu-toolchain/bin/../lib/gcc/avr/5.4.0/../../../../avr/lib/avr6\libc.a(puts.o)
 .comment       0x0000005c       0x31 c:/program files (x86)/atmel/studio/7.0/toolchain/avr8/avr8-gnu-toolchain/bin/../lib/gcc/avr/5.4.0/../../../../avr/lib/avr6\libc.a(sprintf.o)

.note.gnu.avr.deviceinfo
                0x00000000       0x40
 .note.gnu.avr.deviceinfo
                0x00000000       0x40 C:/Program Files (x86)/Atmel/Studio/7.0/Packs/atmel/ATmega_DFP/1.6.364/gcc/dev/atmega2560/avr6/crtatmega2560.o

.note.gnu.build-id
 *(.note.gnu.build-id)

.debug
 *(.debug)

.line
 *(.line)

.debug_srcinfo
 *(.debug_srcinfo)

.debug_sfnames
 *(.debug_sfnames)

.debug_aranges  0x00000000      0xa28
 *(.debug_aranges)
 .debug_aranges
                0x00000000       0x40 CO2Handler.o
 .debug_aranges
                0x00000040       0x40 TemperatureHandler.o
 .debug_aranges
                0x00000080       0x30 UplinkHandler.o
 .debug_aranges
                0x000000b0       0x68 FreeRTOS/src/event_groups.o
 .debug_aranges
                0x00000118       0x58 FreeRTOS/src/heap_4.o
 .debug_aranges
                0x00000170       0x40 FreeRTOS/src/list.o
 .debug_aranges
                0x000001b0       0x58 FreeRTOS/src/port.o
 .debug_aranges
                0x00000208       0xf8 FreeRTOS/src/queue.o
 .debug_aranges
                0x00000300       0xc0 FreeRTOS/src/stream_buffer.o
 .debug_aranges
                0x000003c0      0x1d0 FreeRTOS/src/tasks.o
 .debug_aranges
                0x00000590       0xc8 FreeRTOS/src/timers.o
 .debug_aranges
                0x00000658       0x40 FreeRTOS/src/variantHooks.o
 .debug_aranges
                0x00000698       0x38 main.o
 .debug_aranges
                0x000006d0       0x68 ../drivers\libIotLibrary.a(hih8120.o)
 .debug_aranges
                0x00000738      0x138 ../drivers\libIotLibrary.a(lora_driver.o)
 .debug_aranges
                0x00000870       0x28 ../drivers\libIotLibrary.a(lora_driver_utils.o)
 .debug_aranges
                0x00000898       0x58 ../drivers\libIotLibrary.a(mh_z19.o)
 .debug_aranges
                0x000008f0       0x90 ../drivers\libIotLibrary.a(serial.o)
 .debug_aranges
                0x00000980       0x38 ../drivers\libIotLibrary.a(stdio_driver.o)
 .debug_aranges
                0x000009b8       0x50 ../drivers\libIotLibrary.a(twi.o)
 .debug_aranges
                0x00000a08       0x20 ../drivers\libIotLibrary.a(fifo.o)

.debug_pubnames
 *(.debug_pubnames)

.debug_info     0x00000000     0xcf86
 *(.debug_info .gnu.linkonce.wi.*)
 .debug_info    0x00000000      0xbbc C:/Program Files (x86)/Atmel/Studio/7.0/Packs/atmel/ATmega_DFP/1.6.364/gcc/dev/atmega2560/avr6/crtatmega2560.o
 .debug_info    0x00000bbc      0x4c5 CO2Handler.o
 .debug_info    0x00001081      0x501 TemperatureHandler.o
 .debug_info    0x00001582      0x770 UplinkHandler.o
 .debug_info    0x00001cf2      0x971 FreeRTOS/src/event_groups.o
 .debug_info    0x00002663      0x4e6 FreeRTOS/src/heap_4.o
 .debug_info    0x00002b49      0x2e7 FreeRTOS/src/list.o
 .debug_info    0x00002e30      0x2ff FreeRTOS/src/port.o
 .debug_info    0x0000312f     0x17e6 FreeRTOS/src/queue.o
 .debug_info    0x00004915     0x13df FreeRTOS/src/stream_buffer.o
 .debug_info    0x00005cf4     0x2239 FreeRTOS/src/tasks.o
 .debug_info    0x00007f2d     0x10dd FreeRTOS/src/timers.o
 .debug_info    0x0000900a      0x20f FreeRTOS/src/variantHooks.o
 .debug_info    0x00009219      0x373 main.o
 .debug_info    0x0000958c      0x3a9 ../drivers\libIotLibrary.a(hih8120.o)
 .debug_info    0x00009935     0x1747 ../drivers\libIotLibrary.a(lora_driver.o)
 .debug_info    0x0000b07c      0x143 ../drivers\libIotLibrary.a(lora_driver_utils.o)
 .debug_info    0x0000b1bf      0x556 ../drivers\libIotLibrary.a(mh_z19.o)
 .debug_info    0x0000b715      0xd9b ../drivers\libIotLibrary.a(serial.o)
 .debug_info    0x0000c4b0      0x3b6 ../drivers\libIotLibrary.a(stdio_driver.o)
 .debug_info    0x0000c866      0x55d ../drivers\libIotLibrary.a(twi.o)
 .debug_info    0x0000cdc3      0x1c3 ../drivers\libIotLibrary.a(fifo.o)

.debug_abbrev   0x00000000     0x3314
 *(.debug_abbrev)
 .debug_abbrev  0x00000000      0xb1a C:/Program Files (x86)/Atmel/Studio/7.0/Packs/atmel/ATmega_DFP/1.6.364/gcc/dev/atmega2560/avr6/crtatmega2560.o
 .debug_abbrev  0x00000b1a      0x217 CO2Handler.o
 .debug_abbrev  0x00000d31      0x1ee TemperatureHandler.o
 .debug_abbrev  0x00000f1f      0x1d9 UplinkHandler.o
 .debug_abbrev  0x000010f8      0x1dc FreeRTOS/src/event_groups.o
 .debug_abbrev  0x000012d4      0x200 FreeRTOS/src/heap_4.o
 .debug_abbrev  0x000014d4       0xff FreeRTOS/src/list.o
 .debug_abbrev  0x000015d3      0x179 FreeRTOS/src/port.o
 .debug_abbrev  0x0000174c      0x241 FreeRTOS/src/queue.o
 .debug_abbrev  0x0000198d      0x246 FreeRTOS/src/stream_buffer.o
 .debug_abbrev  0x00001bd3      0x2c8 FreeRTOS/src/tasks.o
 .debug_abbrev  0x00001e9b      0x28c FreeRTOS/src/timers.o
 .debug_abbrev  0x00002127       0xff FreeRTOS/src/variantHooks.o
 .debug_abbrev  0x00002226      0x130 main.o
 .debug_abbrev  0x00002356      0x184 ../drivers\libIotLibrary.a(hih8120.o)
 .debug_abbrev  0x000024da      0x33b ../drivers\libIotLibrary.a(lora_driver.o)
 .debug_abbrev  0x00002815       0xc0 ../drivers\libIotLibrary.a(lora_driver_utils.o)
 .debug_abbrev  0x000028d5      0x238 ../drivers\libIotLibrary.a(mh_z19.o)
 .debug_abbrev  0x00002b0d      0x355 ../drivers\libIotLibrary.a(serial.o)
 .debug_abbrev  0x00002e62      0x1b3 ../drivers\libIotLibrary.a(stdio_driver.o)
 .debug_abbrev  0x00003015      0x217 ../drivers\libIotLibrary.a(twi.o)
 .debug_abbrev  0x0000322c       0xe8 ../drivers\libIotLibrary.a(fifo.o)

.debug_line     0x00000000     0x6497
 *(.debug_line .debug_line.* .debug_line_end)
 .debug_line    0x00000000      0x1fa C:/Program Files (x86)/Atmel/Studio/7.0/Packs/atmel/ATmega_DFP/1.6.364/gcc/dev/atmega2560/avr6/crtatmega2560.o
 .debug_line    0x000001fa      0x1e6 CO2Handler.o
 .debug_line    0x000003e0      0x216 TemperatureHandler.o
 .debug_line    0x000005f6      0x271 UplinkHandler.o
 .debug_line    0x00000867      0x413 FreeRTOS/src/event_groups.o
 .debug_line    0x00000c7a      0x41f FreeRTOS/src/heap_4.o
 .debug_line    0x00001099      0x1db FreeRTOS/src/list.o
 .debug_line    0x00001274      0x28a FreeRTOS/src/port.o
 .debug_line    0x000014fe      0xbe3 FreeRTOS/src/queue.o
 .debug_line    0x000020e1      0x79a FreeRTOS/src/stream_buffer.o
 .debug_line    0x0000287b     0x15ba FreeRTOS/src/tasks.o
 .debug_line    0x00003e35      0x624 FreeRTOS/src/timers.o
 .debug_line    0x00004459      0x1af FreeRTOS/src/variantHooks.o
 .debug_line    0x00004608      0x1ed main.o
 .debug_line    0x000047f5      0x24a ../drivers\libIotLibrary.a(hih8120.o)
 .debug_line    0x00004a3f      0x9aa ../drivers\libIotLibrary.a(lora_driver.o)
 .debug_line    0x000053e9      0x195 ../drivers\libIotLibrary.a(lora_driver_utils.o)
 .debug_line    0x0000557e      0x2fc ../drivers\libIotLibrary.a(mh_z19.o)
 .debug_line    0x0000587a      0x6a0 ../drivers\libIotLibrary.a(serial.o)
 .debug_line    0x00005f1a      0x146 ../drivers\libIotLibrary.a(stdio_driver.o)
 .debug_line    0x00006060      0x31c ../drivers\libIotLibrary.a(twi.o)
 .debug_line    0x0000637c      0x11b ../drivers\libIotLibrary.a(fifo.o)

.debug_frame    0x00000000     0x259c
 *(.debug_frame)
 .debug_frame   0x00000000       0xc4 CO2Handler.o
 .debug_frame   0x000000c4       0xd0 TemperatureHandler.o
 .debug_frame   0x00000194       0x80 UplinkHandler.o
 .debug_frame   0x00000214      0x1dc FreeRTOS/src/event_groups.o
 .debug_frame   0x000003f0       0xfc FreeRTOS/src/heap_4.o
 .debug_frame   0x000004ec       0x90 FreeRTOS/src/list.o
 .debug_frame   0x0000057c       0x94 FreeRTOS/src/port.o
 .debug_frame   0x00000610      0x3a4 FreeRTOS/src/queue.o
 .debug_frame   0x000009b4      0x40c FreeRTOS/src/stream_buffer.o
 .debug_frame   0x00000dc0      0x7a0 FreeRTOS/src/tasks.o
 .debug_frame   0x00001560      0x3ac FreeRTOS/src/timers.o
 .debug_frame   0x0000190c       0x64 FreeRTOS/src/variantHooks.o
 .debug_frame   0x00001970       0x5c main.o
 .debug_frame   0x000019cc       0xc0 ../drivers\libIotLibrary.a(hih8120.o)
 .debug_frame   0x00001a8c      0x460 ../drivers\libIotLibrary.a(lora_driver.o)
 .debug_frame   0x00001eec       0x48 ../drivers\libIotLibrary.a(lora_driver_utils.o)
 .debug_frame   0x00001f34      0x100 ../drivers\libIotLibrary.a(mh_z19.o)
 .debug_frame   0x00002034      0x384 ../drivers\libIotLibrary.a(serial.o)
 .debug_frame   0x000023b8       0x94 ../drivers\libIotLibrary.a(stdio_driver.o)
 .debug_frame   0x0000244c      0x12c ../drivers\libIotLibrary.a(twi.o)
 .debug_frame   0x00002578       0x24 ../drivers\libIotLibrary.a(fifo.o)

.debug_str      0x00000000     0x3feb
 *(.debug_str)
 .debug_str     0x00000000      0x3e6 C:/Program Files (x86)/Atmel/Studio/7.0/Packs/atmel/ATmega_DFP/1.6.364/gcc/dev/atmega2560/avr6/crtatmega2560.o
 .debug_str     0x000003e6      0x376 CO2Handler.o
                                0x3d3 (size before relaxing)
 .debug_str     0x0000075c      0x192 TemperatureHandler.o
                                0x3ea (size before relaxing)
 .debug_str     0x000008ee      0x416 UplinkHandler.o
                                0x662 (size before relaxing)
 .debug_str     0x00000d04      0x370 FreeRTOS/src/event_groups.o
                                0x5ae (size before relaxing)
 .debug_str     0x00001074      0x2ce FreeRTOS/src/heap_4.o
                                0x4a4 (size before relaxing)
 .debug_str     0x00001342       0x89 FreeRTOS/src/list.o
                                0x2e0 (size before relaxing)
 .debug_str     0x000013cb      0x14d FreeRTOS/src/port.o
                                0x315 (size before relaxing)
 .debug_str     0x00001518      0x652 FreeRTOS/src/queue.o
                                0x954 (size before relaxing)
 .debug_str     0x00001b6a      0x4ed FreeRTOS/src/stream_buffer.o
                                0x7dd (size before relaxing)
 .debug_str     0x00002057      0x88f FreeRTOS/src/tasks.o
                                0xf75 (size before relaxing)
 .debug_str     0x000028e6      0x414 FreeRTOS/src/timers.o
                                0x84b (size before relaxing)
 .debug_str     0x00002cfa       0x7a FreeRTOS/src/variantHooks.o
                                0x28c (size before relaxing)
 .debug_str     0x00002d74       0xc9 main.o
                                0x36f (size before relaxing)
 .debug_str     0x00002e3d      0x311 ../drivers\libIotLibrary.a(hih8120.o)
                                0x45c (size before relaxing)
 .debug_str     0x0000314e      0x6a5 ../drivers\libIotLibrary.a(lora_driver.o)
                                0xcdb (size before relaxing)
 .debug_str     0x000037f3       0x4f ../drivers\libIotLibrary.a(lora_driver_utils.o)
                                0x206 (size before relaxing)
 .debug_str     0x00003842      0x117 ../drivers\libIotLibrary.a(mh_z19.o)
                                0x489 (size before relaxing)
 .debug_str     0x00003959      0x2e0 ../drivers\libIotLibrary.a(serial.o)
                                0x628 (size before relaxing)
 .debug_str     0x00003c39       0xa6 ../drivers\libIotLibrary.a(stdio_driver.o)
                                0x37d (size before relaxing)
 .debug_str     0x00003cdf      0x2ea ../drivers\libIotLibrary.a(twi.o)
                                0x5b4 (size before relaxing)
 .debug_str     0x00003fc9       0x22 ../drivers\libIotLibrary.a(fifo.o)
                                0x239 (size before relaxing)

.debug_loc      0x00000000     0xc27e
 *(.debug_loc)
 .debug_loc     0x00000000      0x2d7 CO2Handler.o
 .debug_loc     0x000002d7      0x314 TemperatureHandler.o
 .debug_loc     0x000005eb      0x287 UplinkHandler.o
 .debug_loc     0x00000872      0xcc9 FreeRTOS/src/event_groups.o
 .debug_loc     0x0000153b      0x4be FreeRTOS/src/heap_4.o
 .debug_loc     0x000019f9      0x17d FreeRTOS/src/list.o
 .debug_loc     0x00001b76       0xf6 FreeRTOS/src/port.o
 .debug_loc     0x00001c6c     0x1abd FreeRTOS/src/queue.o
 .debug_loc     0x00003729     0x1daf FreeRTOS/src/stream_buffer.o
 .debug_loc     0x000054d8     0x2a07 FreeRTOS/src/tasks.o
 .debug_loc     0x00007edf     0x10f3 FreeRTOS/src/timers.o
 .debug_loc     0x00008fd2       0xdc FreeRTOS/src/variantHooks.o
 .debug_loc     0x000090ae       0x22 main.o
 .debug_loc     0x000090d0       0x9f ../drivers\libIotLibrary.a(hih8120.o)
 .debug_loc     0x0000916f     0x1216 ../drivers\libIotLibrary.a(lora_driver.o)
 .debug_loc     0x0000a385      0x1d2 ../drivers\libIotLibrary.a(lora_driver_utils.o)
 .debug_loc     0x0000a557      0x37c ../drivers\libIotLibrary.a(mh_z19.o)
 .debug_loc     0x0000a8d3     0x114c ../drivers\libIotLibrary.a(serial.o)
 .debug_loc     0x0000ba1f      0x18c ../drivers\libIotLibrary.a(stdio_driver.o)
 .debug_loc     0x0000bbab      0x575 ../drivers\libIotLibrary.a(twi.o)
 .debug_loc     0x0000c120      0x15e ../drivers\libIotLibrary.a(fifo.o)

.debug_macinfo
 *(.debug_macinfo)

.debug_weaknames
 *(.debug_weaknames)

.debug_funcnames
 *(.debug_funcnames)

.debug_typenames
 *(.debug_typenames)

.debug_varnames
 *(.debug_varnames)

.debug_pubtypes
 *(.debug_pubtypes)

.debug_ranges   0x00000000      0x9a8
 *(.debug_ranges)
 .debug_ranges  0x00000000       0x30 CO2Handler.o
 .debug_ranges  0x00000030       0x30 TemperatureHandler.o
 .debug_ranges  0x00000060       0x20 UplinkHandler.o
 .debug_ranges  0x00000080       0x70 FreeRTOS/src/event_groups.o
 .debug_ranges  0x000000f0       0x48 FreeRTOS/src/heap_4.o
 .debug_ranges  0x00000138       0x30 FreeRTOS/src/list.o
 .debug_ranges  0x00000168       0x48 FreeRTOS/src/port.o
 .debug_ranges  0x000001b0      0x130 FreeRTOS/src/queue.o
 .debug_ranges  0x000002e0       0xb0 FreeRTOS/src/stream_buffer.o
 .debug_ranges  0x00000390      0x200 FreeRTOS/src/tasks.o
 .debug_ranges  0x00000590       0xb8 FreeRTOS/src/timers.o
 .debug_ranges  0x00000648       0x30 FreeRTOS/src/variantHooks.o
 .debug_ranges  0x00000678       0x28 main.o
 .debug_ranges  0x000006a0       0x58 ../drivers\libIotLibrary.a(hih8120.o)
 .debug_ranges  0x000006f8      0x128 ../drivers\libIotLibrary.a(lora_driver.o)
 .debug_ranges  0x00000820       0x30 ../drivers\libIotLibrary.a(lora_driver_utils.o)
 .debug_ranges  0x00000850       0x48 ../drivers\libIotLibrary.a(mh_z19.o)
 .debug_ranges  0x00000898       0x98 ../drivers\libIotLibrary.a(serial.o)
 .debug_ranges  0x00000930       0x28 ../drivers\libIotLibrary.a(stdio_driver.o)
 .debug_ranges  0x00000958       0x40 ../drivers\libIotLibrary.a(twi.o)
 .debug_ranges  0x00000998       0x10 ../drivers\libIotLibrary.a(fifo.o)

.debug_macro
 *(.debug_macro)
OUTPUT(IoT.elf elf32-avr)
LOAD linker stubs
