Archive member included to satisfy reference by file (symbol)

c:/program files (x86)/atmel/studio/7.0/toolchain/avr8/avr8-gnu-toolchain/bin/../lib/gcc/avr/5.4.0/../../../../avr/lib/avr6\libm.a(fixsfsi.o)
                              UplinkHandler.o (__fixsfsi)
c:/program files (x86)/atmel/studio/7.0/toolchain/avr8/avr8-gnu-toolchain/bin/../lib/gcc/avr/5.4.0/../../../../avr/lib/avr6\libm.a(fixunssfsi.o)
                              c:/program files (x86)/atmel/studio/7.0/toolchain/avr8/avr8-gnu-toolchain/bin/../lib/gcc/avr/5.4.0/../../../../avr/lib/avr6\libm.a(fixsfsi.o) (__fixunssfsi)
c:/program files (x86)/atmel/studio/7.0/toolchain/avr8/avr8-gnu-toolchain/bin/../lib/gcc/avr/5.4.0/../../../../avr/lib/avr6\libm.a(fp_split3.o)
                              c:/program files (x86)/atmel/studio/7.0/toolchain/avr8/avr8-gnu-toolchain/bin/../lib/gcc/avr/5.4.0/../../../../avr/lib/avr6\libm.a(fixunssfsi.o) (__fp_splitA)
c:/program files (x86)/atmel/studio/7.0/toolchain/avr8/avr8-gnu-toolchain/bin/../lib/gcc/avr/5.4.0/../../../../avr/lib/avr6\libm.a(fp_zero.o)
                              c:/program files (x86)/atmel/studio/7.0/toolchain/avr8/avr8-gnu-toolchain/bin/../lib/gcc/avr/5.4.0/../../../../avr/lib/avr6\libm.a(fixunssfsi.o) (__fp_zero)
c:/program files (x86)/atmel/studio/7.0/toolchain/avr8/avr8-gnu-toolchain/bin/../lib/gcc/avr/5.4.0/../../../../avr/lib/avr6\libm.a(modf.o)
                              UplinkHandler.o (modf)
c:/program files (x86)/atmel/studio/7.0/toolchain/avr8/avr8-gnu-toolchain/bin/../lib/gcc/avr/5.4.0/../../../../avr/lib/avr6\libm.a(mulsf3.o)
                              UplinkHandler.o (__mulsf3)
c:/program files (x86)/atmel/studio/7.0/toolchain/avr8/avr8-gnu-toolchain/bin/../lib/gcc/avr/5.4.0/../../../../avr/lib/avr6\libm.a(mulsf3x.o)
                              c:/program files (x86)/atmel/studio/7.0/toolchain/avr8/avr8-gnu-toolchain/bin/../lib/gcc/avr/5.4.0/../../../../avr/lib/avr6\libm.a(mulsf3.o) (__mulsf3x)
c:/program files (x86)/atmel/studio/7.0/toolchain/avr8/avr8-gnu-toolchain/bin/../lib/gcc/avr/5.4.0/../../../../avr/lib/avr6\libm.a(addsf3.o)
                              c:/program files (x86)/atmel/studio/7.0/toolchain/avr8/avr8-gnu-toolchain/bin/../lib/gcc/avr/5.4.0/../../../../avr/lib/avr6\libm.a(modf.o) (__subsf3)
c:/program files (x86)/atmel/studio/7.0/toolchain/avr8/avr8-gnu-toolchain/bin/../lib/gcc/avr/5.4.0/../../../../avr/lib/avr6\libm.a(addsf3x.o)
                              c:/program files (x86)/atmel/studio/7.0/toolchain/avr8/avr8-gnu-toolchain/bin/../lib/gcc/avr/5.4.0/../../../../avr/lib/avr6\libm.a(addsf3.o) (__addsf3x)
c:/program files (x86)/atmel/studio/7.0/toolchain/avr8/avr8-gnu-toolchain/bin/../lib/gcc/avr/5.4.0/../../../../avr/lib/avr6\libm.a(fp_inf.o)
                              c:/program files (x86)/atmel/studio/7.0/toolchain/avr8/avr8-gnu-toolchain/bin/../lib/gcc/avr/5.4.0/../../../../avr/lib/avr6\libm.a(mulsf3x.o) (__fp_inf)
c:/program files (x86)/atmel/studio/7.0/toolchain/avr8/avr8-gnu-toolchain/bin/../lib/gcc/avr/5.4.0/../../../../avr/lib/avr6\libm.a(fp_nan.o)
                              c:/program files (x86)/atmel/studio/7.0/toolchain/avr8/avr8-gnu-toolchain/bin/../lib/gcc/avr/5.4.0/../../../../avr/lib/avr6\libm.a(mulsf3x.o) (__fp_nan)
c:/program files (x86)/atmel/studio/7.0/toolchain/avr8/avr8-gnu-toolchain/bin/../lib/gcc/avr/5.4.0/../../../../avr/lib/avr6\libm.a(fp_pscA.o)
                              c:/program files (x86)/atmel/studio/7.0/toolchain/avr8/avr8-gnu-toolchain/bin/../lib/gcc/avr/5.4.0/../../../../avr/lib/avr6\libm.a(mulsf3x.o) (__fp_pscA)
c:/program files (x86)/atmel/studio/7.0/toolchain/avr8/avr8-gnu-toolchain/bin/../lib/gcc/avr/5.4.0/../../../../avr/lib/avr6\libm.a(fp_pscB.o)
                              c:/program files (x86)/atmel/studio/7.0/toolchain/avr8/avr8-gnu-toolchain/bin/../lib/gcc/avr/5.4.0/../../../../avr/lib/avr6\libm.a(mulsf3x.o) (__fp_pscB)
c:/program files (x86)/atmel/studio/7.0/toolchain/avr8/avr8-gnu-toolchain/bin/../lib/gcc/avr/5.4.0/../../../../avr/lib/avr6\libm.a(fp_round.o)
                              c:/program files (x86)/atmel/studio/7.0/toolchain/avr8/avr8-gnu-toolchain/bin/../lib/gcc/avr/5.4.0/../../../../avr/lib/avr6\libm.a(mulsf3.o) (__fp_round)
../drivers\libIotLibrary.a(hih8120.o)
                              TemperatureHandler.o (hih8120_initialise)
../drivers\libIotLibrary.a(lora_driver.o)
                              UplinkHandler.o (lora_driver_flushBuffers)
../drivers\libIotLibrary.a(lora_driver_utils.o)
                              ../drivers\libIotLibrary.a(lora_driver.o) (decode_port_no)
../drivers\libIotLibrary.a(mh_z19.o)
                              CO2Handler.o (mh_z19_initialise)
../drivers\libIotLibrary.a(serial.o)
                              ../drivers\libIotLibrary.a(lora_driver.o) (serial_create)
../drivers\libIotLibrary.a(stdio_driver.o)
                              main.o (stdio_initialise)
../drivers\libIotLibrary.a(status_leds.o)
[...]
Memory Configuration

Name             Origin             Length             Attributes
text             0x00000000         0x00040000         xr
data             0x00800200         0x00002000         rw !x
eeprom           0x00810000         0x00001000         rw !x
fuse             0x00820000         0x00000003         rw !x
lock             0x00830000         0x00000400         rw !x
signature        0x00840000         0x00000400         rw !x
user_signatures  0x00850000         0x00000400         rw !x
*default*        0x00000000         0xffffffff

Linker script and memory map

Address of section .data set to 0x800200
LOAD C:/Program Files (x86)/Atmel/Studio/7.0/Packs/atmel/ATmega_DFP/1.6.364/gcc/dev/atmega2560/avr6/crtatmega2560.o
LOAD CO2Handler.o
LOAD TemperatureHandler.o
LOAD UplinkHandler.o
LOAD FreeRTOS/FreeRTOSTraceDriver/FreeRTOSTraceDriver.o
LOAD FreeRTOS/src/croutine.o
LOAD FreeRTOS/src/event_groups.o
LOAD FreeRTOS/src/heap_4.o
LOAD FreeRTOS/src/list.o
LOAD FreeRTOS/src/port.o
LOAD FreeRTOS/src/queue.o
LOAD FreeRTOS/src/stream_buffer.o
LOAD FreeRTOS/src/tasks.o
LOAD FreeRTOS/src/timers.o
LOAD FreeRTOS/src/variantHooks.o
LOAD LoRaWANHandler.o
LOAD main.o
START GROUP
LOAD c:/program files (x86)/atmel/studio/7.0/toolchain/avr8/avr8-gnu-toolchain/bin/../lib/gcc/avr/5.4.0/../../../../avr/lib/avr6\libm.a
LOAD ../drivers\libIotLibrary.a
LOAD c:/program files (x86)/atmel/studio/7.0/toolchain/avr8/avr8-gnu-toolchain/bin/../lib/gcc/avr/5.4.0/../../../../avr/lib/avr6\libprintf_flt.a
END GROUP
START GROUP
LOAD c:/program files (x86)/atmel/studio/7.0/toolchain/avr8/avr8-gnu-toolchain/bin/../lib/gcc/avr/5.4.0/avr6\libgcc.a
LOAD c:/program files (x86)/atmel/studio/7.0/toolchain/avr8/avr8-gnu-toolchain/bin/../lib/gcc/avr/5.4.0/../../../../avr/lib/avr6\libm.a
LOAD c:/program files (x86)/atmel/studio/7.0/toolchain/avr8/avr8-gnu-toolchain/bin/../lib/gcc/avr/5.4.0/../../../../avr/lib/avr6\libc.a
LOAD C:/Program Files (x86)/Atmel/Studio/7.0/Packs/atmel/ATmega_DFP/1.6.364/gcc/dev/atmega2560/avr6\libatmega2560.a
END GROUP
                0x00000000                __TEXT_REGION_ORIGIN__ = DEFINED (__TEXT_REGION_ORIGIN__)?__TEXT_REGION_ORIGIN__:0x0
                [0x00800200]                __DATA_REGION_ORIGIN__ = DEFINED (__DATA_REGION_ORIGIN__)?__DATA_REGION_ORIGIN__:0x800200
                [0x00040000]                __TEXT_REGION_LENGTH__ = DEFINED (__TEXT_REGION_LENGTH__)?__TEXT_REGION_LENGTH__:0x100000
                [0x00002000]                __DATA_REGION_LENGTH__ = DEFINED (__DATA_REGION_LENGTH__)?__DATA_REGION_LENGTH__:0xfe00
                [0x00001000]                __EEPROM_REGION_LENGTH__ = DEFINED (__EEPROM_REGION_LENGTH__)?__EEPROM_REGION_LENGTH__:0x10000
                [0x00000003]                __FUSE_REGION_LENGTH__ = DEFINED (__FUSE_REGION_LENGTH__)?__FUSE_REGION_LENGTH__:0x400
                0x00000400                __LOCK_REGION_LENGTH__ = DEFINED (__LOCK_REGION_LENGTH__)?__LOCK_REGION_LENGTH__:0x400
                0x00000400                __SIGNATURE_REGION_LENGTH__ = DEFINED (__SIGNATURE_REGION_LENGTH__)?__SIGNATURE_REGION_LENGTH__:0x400
                0x00000400                __USER_SIGNATURE_REGION_LENGTH__ = DEFINED (__USER_SIGNATURE_REGION_LENGTH__)?__USER_SIGNATURE_REGION_LENGTH__:0x400

.hash
 *(.hash)

.dynsym
 *(.dynsym)

.dynstr
 *(.dynstr)

.gnu.version
 *(.gnu.version)

.gnu.version_d
 *(.gnu.version_d)

.gnu.version_r
 *(.gnu.version_r)

.rel.init
 *(.rel.init)

.rela.init
 *(.rela.init)

.rel.text
 *(.rel.text)
 *(.rel.text.*)
 *(.rel.gnu.linkonce.t*)

.rela.text
 *(.rela.text)
 *(.rela.text.*)
 *(.rela.gnu.linkonce.t*)

.rel.fini
 *(.rel.fini)

.rela.fini
 *(.rela.fini)

.rel.rodata
 *(.rel.rodata)
 *(.rel.rodata.*)
 *(.rel.gnu.linkonce.r*)

.rela.rodata
 *(.rela.rodata)
 *(.rela.rodata.*)
 *(.rela.gnu.linkonce.r*)

.rel.data
 *(.rel.data)
 *(.rel.data.*)
 *(.rel.gnu.linkonce.d*)

.rela.data
 *(.rela.data)
 *(.rela.data.*)
 *(.rela.gnu.linkonce.d*)

.rel.ctors
 *(.rel.ctors)

.rela.ctors
 *(.rela.ctors)

.rel.dtors
 *(.rel.dtors)

.rela.dtors
 *(.rela.dtors)

.rel.got
 *(.rel.got)

.rela.got
 *(.rela.got)

.rel.bss
 *(.rel.bss)

.rela.bss
 *(.rela.bss)

.rel.plt
 *(.rel.plt)

.rela.plt
 *(.rela.plt)

.text           0x00000000     0x649a
 *(.vectors)
 .vectors       0x00000000       0xe4 C:/Program Files (x86)/Atmel/Studio/7.0/Packs/atmel/ATmega_DFP/1.6.364/gcc/dev/atmega2560/avr6/crtatmega2560.o
                0x00000000                __vector_default
                0x00000000                __vectors
 *(.vectors)
 *(.progmem.gcc*)
 .progmem.gcc_sw_table.prvProcessReceivedCommands
                0x000000e4       0x14 FreeRTOS/src/timers.o
 .progmem.gcc_sw_table.__vector_39
                0x000000f8       0xa2 ../drivers\libIotLibrary.a(twi.o)
                0x0000019a                . = ALIGN (0x2)
                0x0000019a                __trampolines_start = .
 *(.trampolines)
 .trampolines   0x0000019a        0x0 linker stubs
 *(.trampolines*)
                0x0000019a                __trampolines_end = .
 *libprintf_flt.a:*(.progmem.data)
 .progmem.data  0x0000019a        0x8 c:/program files (x86)/atmel/studio/7.0/toolchain/avr8/avr8-gnu-toolchain/bin/../lib/gcc/avr/5.4.0/../../../../avr/lib/avr6\libprintf_flt.a(vfprintf_flt.o)
 *libc.a:*(.progmem.data)
 .progmem.data  0x000001a2       0xfa c:/program files (x86)/atmel/studio/7.0/toolchain/avr8/avr8-gnu-toolchain/bin/../lib/gcc/avr/5.4.0/../../../../avr/lib/avr6\libc.a(ftoa_engine.o)
 *(.progmem*)
                0x0000029c                . = ALIGN (0x2)
 *(.jumptables)
 *(.jumptables*)
 *(.lowtext)
 .lowtext       0x0000029c       0x14 FreeRTOS/src/tasks.o
 .lowtext       0x000002b0       0x1e FreeRTOS/src/timers.o
 *(.lowtext*)
                0x000002ce                __ctors_start = .
 *(.ctors)
                0x000002ce                __ctors_end = .
                0x000002ce                __dtors_start = .
 *(.dtors)
                0x000002ce                __dtors_end = .
 SORT(*)(.ctors)
 SORT(*)(.dtors)
 *(.init0)
 .init0         0x000002ce        0x0 C:/Program Files (x86)/Atmel/Studio/7.0/Packs/atmel/ATmega_DFP/1.6.364/gcc/dev/atmega2560/avr6/crtatmega2560.o
                0x000002ce                __init
 *(.init0)
 *(.init1)
 *(.init1)
 *(.init2)
 .init2         0x000002ce       0x10 C:/Program Files (x86)/Atmel/Studio/7.0/Packs/atmel/ATmega_DFP/1.6.364/gcc/dev/atmega2560/avr6/crtatmega2560.o
 *(.init2)
 *(.init3)
 *(.init3)
 *(.init4)
 .init4         0x000002de       0x1a c:/program files (x86)/atmel/studio/7.0/toolchain/avr8/avr8-gnu-toolchain/bin/../lib/gcc/avr/5.4.0/avr6\libgcc.a(_copy_data.o)
                0x000002de                __do_copy_data
 .init4         0x000002f8       0x10 c:/program files (x86)/atmel/studio/7.0/toolchain/avr8/avr8-gnu-toolchain/bin/../lib/gcc/avr/5.4.0/avr6\libgcc.a(_clear_bss.o)
                0x000002f8                __do_clear_bss
 *(.init4)
 *(.init5)
 *(.init5)
 *(.init6)
 *(.init6)
 *(.init7)
 *(.init7)
 *(.init8)
 *(.init8)
 *(.init9)
 .init9         0x00000308        0x8 C:/Program Files (x86)/Atmel/Studio/7.0/Packs/atmel/ATmega_DFP/1.6.364/gcc/dev/atmega2560/avr6/crtatmega2560.o
 *(.init9)
 *(.text)
 .text          0x00000310        0x2 C:/Program Files (x86)/Atmel/Studio/7.0/Packs/atmel/ATmega_DFP/1.6.364/gcc/dev/atmega2560/avr6/crtatmega2560.o
                0x00000310                __vector_38
                0x00000310                __vector_22
                0x00000310                __vector_28
                0x00000310                __vector_1
                0x00000310                __vector_32
                0x00000310                __vector_34
                0x00000310                __vector_24
                0x00000310                __vector_46
                0x00000310                __bad_interrupt
                0x00000310                __vector_6
                0x00000310                __vector_31
                0x00000310                __vector_35
                0x00000310                __vector_3
                0x00000310                __vector_23
                0x00000310                __vector_30
                0x00000310                __vector_45
                0x00000310                __vector_11
                0x00000310                __vector_13
                0x00000310                __vector_17
                0x00000310                __vector_19
                0x00000310                __vector_56
                0x00000310                __vector_7
                0x00000310                __vector_49
                0x00000310                __vector_41
                0x00000310                __vector_43
                0x00000310                __vector_27
                0x00000310                __vector_5
                0x00000310                __vector_33
                0x00000310                __vector_47
                0x00000310                __vector_4
                0x00000310                __vector_44
                0x00000310                __vector_9
                0x00000310                __vector_2
                0x00000310                __vector_21
                0x00000310                __vector_15
                0x00000310                __vector_29
                0x00000310                __vector_40
                0x00000310                __vector_8
                0x00000310                __vector_48
                0x00000310                __vector_14
                0x00000310                __vector_53
                0x00000310                __vector_10
                0x00000310                __vector_50
                0x00000310                __vector_16
                0x00000310                __vector_18
                0x00000310                __vector_20
                0x00000310                __vector_42
                0x00000312                . = ALIGN (0x2)
 *(.text.*)
 .text.CO2_callback
                0x00000312        0xa CO2Handler.o
                0x00000312                CO2_callback
 .text.startReadingCO2
                0x0000031c       0x8c CO2Handler.o
                0x0000031c                startReadingCO2
 .text.getCO2   0x000003a8        0x8 CO2Handler.o
                0x000003a8                getCO2
 .text.CO2_handler_init
                0x000003b0       0x52 CO2Handler.o
                0x000003b0                CO2_handler_init
 .text.createCO2
                0x00000402       0x7a CO2Handler.o
                0x00000402                createCO2
 .text.measureTemp
                0x0000047c       0x18 TemperatureHandler.o
                0x0000047c                measureTemp
 .text.startReading
                0x00000494       0x80 TemperatureHandler.o
                0x00000494                startReading
 .text.temperature_handler_init
                0x00000514       0x4a TemperatureHandler.o
                0x00000514                temperature_handler_init
 .text.createTemp
                0x0000055e       0x80 TemperatureHandler.o
                0x0000055e                createTemp
 .text.getTemperature
                0x000005de        0xc TemperatureHandler.o
                0x000005de                getTemperature
 .text._lora_setup
                0x000005ea      0x18a UplinkHandler.o
 .text.lora_handler_task
                0x00000774       0xf2 UplinkHandler.o
                0x00000774                lora_handler_task
 .text.lora_handler_initialize
                0x00000866       0x38 UplinkHandler.o
                0x00000866                lora_handler_initialize
 .text.prvTestWaitCondition
                0x0000089e       0x42 FreeRTOS/src/event_groups.o
 .text.xEventGroupCreate
                0x000008e0       0x26 FreeRTOS/src/event_groups.o
                0x000008e0                xEventGroupCreate
 .text.xEventGroupWaitBits
                0x00000906      0x140 FreeRTOS/src/event_groups.o
                0x00000906                xEventGroupWaitBits
 .text.xEventGroupSetBits
                0x00000a46      0x11c FreeRTOS/src/event_groups.o
                0x00000a46                xEventGroupSetBits
 .text.prvHeapInit
                0x00000b62       0x52 FreeRTOS/src/heap_4.o
 .text.prvInsertBlockIntoFreeList
                0x00000bb4       0x94 FreeRTOS/src/heap_4.o
 .text.pvPortMalloc
                0x00000c48      0x152 FreeRTOS/src/heap_4.o
                0x00000c48                pvPortMalloc
 .text.vPortFree
                0x00000d9a       0x7a FreeRTOS/src/heap_4.o
                0x00000d9a                vPortFree
 .text.vListInitialise
                0x00000e14       0x22 FreeRTOS/src/list.o
                0x00000e14                vListInitialise
 .text.vListInitialiseItem
                0x00000e36        0x8 FreeRTOS/src/list.o
                0x00000e36                vListInitialiseItem
 .text.vListInsert
                0x00000e3e       0x7a FreeRTOS/src/list.o
                0x00000e3e                vListInsert
 .text.uxListRemove
                0x00000eb8       0x4e FreeRTOS/src/list.o
                0x00000eb8                uxListRemove
 .text.prvSetupTimerInterrupt
                0x00000f06       0x18 FreeRTOS/src/port.o
 .text.pxPortInitialiseStack
                0x00000f1e       0x2e FreeRTOS/src/port.o
                0x00000f1e                pxPortInitialiseStack
 .text.xPortStartScheduler
                0x00000f4c       0x64 FreeRTOS/src/port.o
                0x00000f4c                xPortStartScheduler
 .text.vPortYield
                0x00000fb0       0xc2 FreeRTOS/src/port.o
                0x00000fb0                vPortYield
 .text.vPortYieldFromTick
                0x00001072       0xca FreeRTOS/src/port.o
                0x00001072                vPortYieldFromTick
 .text.__vector_12
                0x0000113c        0x4 FreeRTOS/src/port.o
                0x0000113c                __vector_12
 .text.prvIsQueueEmpty
                0x00001140       0x1a FreeRTOS/src/queue.o
 .text.prvIsQueueFull
                0x0000115a       0x1c FreeRTOS/src/queue.o
 .text.prvCopyDataToQueue
                0x00001176       0xbe FreeRTOS/src/queue.o
 .text.prvCopyDataFromQueue
                0x00001234       0x34 FreeRTOS/src/queue.o
 .text.prvUnlockQueue
                0x00001268       0x68 FreeRTOS/src/queue.o
 .text.xQueueGenericReset
                0x000012d0       0x86 FreeRTOS/src/queue.o
                0x000012d0                xQueueGenericReset
 .text.prvInitialiseNewQueue
                0x00001356       0x24 FreeRTOS/src/queue.o
 .text.xQueueGenericCreate
                0x0000137a       0x46 FreeRTOS/src/queue.o
                0x0000137a                xQueueGenericCreate
 .text.xQueueGenericSend
                0x000013c0      0x124 FreeRTOS/src/queue.o
                0x000013c0                xQueueGenericSend
 .text.prvInitialiseMutex
                0x000014e4       0x24 FreeRTOS/src/queue.o
 .text.xQueueCreateMutex
                0x00001508       0x18 FreeRTOS/src/queue.o
                0x00001508                xQueueCreateMutex
 .text.xQueueGenericSendFromISR
                0x00001520       0x76 FreeRTOS/src/queue.o
                0x00001520                xQueueGenericSendFromISR
 .text.xQueueReceive
                0x00001596      0x11e FreeRTOS/src/queue.o
                0x00001596                xQueueReceive
 .text.vQueueWaitForMessageRestricted
                0x000016b4       0x38 FreeRTOS/src/queue.o
                0x000016b4                vQueueWaitForMessageRestricted
 .text.prvBytesInBuffer
                0x000016ec       0x26 FreeRTOS/src/stream_buffer.o
 .text.prvInitialiseNewStreamBuffer
                0x00001712       0x20 FreeRTOS/src/stream_buffer.o
 .text.prvWriteBytesToBuffer
                0x00001732       0x92 FreeRTOS/src/stream_buffer.o
 .text.prvWriteMessageToBuffer
                0x000017c4       0x86 FreeRTOS/src/stream_buffer.o
 .text.prvReadBytesFromBuffer
                0x0000184a       0x9e FreeRTOS/src/stream_buffer.o
 .text.prvReadMessageFromBuffer
                0x000018e8       0x8a FreeRTOS/src/stream_buffer.o
 .text.xStreamBufferGenericCreate
                0x00001972       0x64 FreeRTOS/src/stream_buffer.o
                0x00001972                xStreamBufferGenericCreate
 .text.xStreamBufferReset
                0x000019d6       0x3c FreeRTOS/src/stream_buffer.o
                0x000019d6                xStreamBufferReset
 .text.xStreamBufferSpacesAvailable
                0x00001a12       0x24 FreeRTOS/src/stream_buffer.o
                0x00001a12                xStreamBufferSpacesAvailable
 .text.xStreamBufferSend
                0x00001a36      0x18a FreeRTOS/src/stream_buffer.o
                0x00001a36                xStreamBufferSend
 .text.xStreamBufferSendFromISR
                0x00001bc0       0x88 FreeRTOS/src/stream_buffer.o
                0x00001bc0                xStreamBufferSendFromISR
 .text.xStreamBufferReceive
                0x00001c48      0x106 FreeRTOS/src/stream_buffer.o
                0x00001c48                xStreamBufferReceive
 .text.prvResetNextTaskUnblockTime
                0x00001d4e       0x4e FreeRTOS/src/tasks.o
 .text.prvDeleteTCB
                0x00001d9c       0x1a FreeRTOS/src/tasks.o
 .text.prvInitialiseNewTask
                0x00001db6       0xfa FreeRTOS/src/tasks.o
 .text.prvInitialiseTaskLists
                0x00001eb0       0x60 FreeRTOS/src/tasks.o
 .text.prvAddNewTaskToReadyList
                0x00001f10       0xde FreeRTOS/src/tasks.o
 .text.prvCheckTasksWaitingTermination
                0x00001fee       0x4a FreeRTOS/src/tasks.o
 .text.prvAddCurrentTaskToDelayedList
                0x00002038      0x144 FreeRTOS/src/tasks.o
 .text.xTaskCreate
                0x0000217c       0x98 FreeRTOS/src/tasks.o
                0x0000217c                xTaskCreate
 .text.vTaskStartScheduler
                0x00002214       0x70 FreeRTOS/src/tasks.o
                0x00002214                vTaskStartScheduler
 .text.vTaskSuspendAll
                0x00002284        0xc FreeRTOS/src/tasks.o
                0x00002284                vTaskSuspendAll
 .text.xTaskGetTickCount
                0x00002290       0x1c FreeRTOS/src/tasks.o
                0x00002290                xTaskGetTickCount
 .text.xTaskIncrementTick
                0x000022ac      0x258 FreeRTOS/src/tasks.o
                0x000022ac                xTaskIncrementTick
 .text.xTaskResumeAll
                0x00002504      0x1b8 FreeRTOS/src/tasks.o
                0x00002504                xTaskResumeAll
 .text.xTaskDelayUntil
                0x000026bc       0xca FreeRTOS/src/tasks.o
                0x000026bc                xTaskDelayUntil
 .text.vTaskDelay
                0x00002786       0x36 FreeRTOS/src/tasks.o
                0x00002786                vTaskDelay
 .text.vTaskSwitchContext
                0x000027bc       0xca FreeRTOS/src/tasks.o
                0x000027bc                vTaskSwitchContext
 .text.vTaskPlaceOnEventList
                0x00002886       0x2e FreeRTOS/src/tasks.o
                0x00002886                vTaskPlaceOnEventList
 .text.vTaskPlaceOnUnorderedEventList
                0x000028b4       0x94 FreeRTOS/src/tasks.o
                0x000028b4                vTaskPlaceOnUnorderedEventList
 .text.vTaskPlaceOnEventListRestricted
                0x00002948       0x84 FreeRTOS/src/tasks.o
                0x00002948                vTaskPlaceOnEventListRestricted
 .text.xTaskRemoveFromEventList
                0x000029cc      0x15e FreeRTOS/src/tasks.o
                0x000029cc                xTaskRemoveFromEventList
 .text.vTaskRemoveFromUnorderedEventList
                0x00002b2a      0x134 FreeRTOS/src/tasks.o
                0x00002b2a                vTaskRemoveFromUnorderedEventList
 .text.vTaskSetTimeOutState
                0x00002c5e       0x2c FreeRTOS/src/tasks.o
                0x00002c5e                vTaskSetTimeOutState
 .text.vTaskInternalSetTimeOutState
                0x00002c8a       0x22 FreeRTOS/src/tasks.o
                0x00002c8a                vTaskInternalSetTimeOutState
 .text.xTaskCheckForTimeOut
                0x00002cac       0xcc FreeRTOS/src/tasks.o
                0x00002cac                xTaskCheckForTimeOut
 .text.vTaskMissedYield
                0x00002d78        0x8 FreeRTOS/src/tasks.o
                0x00002d78                vTaskMissedYield
 .text.xTaskGetCurrentTaskHandle
                0x00002d80        0xa FreeRTOS/src/tasks.o
                0x00002d80                xTaskGetCurrentTaskHandle
 .text.xTaskGetSchedulerState
                0x00002d8a       0x1c FreeRTOS/src/tasks.o
                0x00002d8a                xTaskGetSchedulerState
 .text.xTaskPriorityDisinherit
                0x00002da6       0xb6 FreeRTOS/src/tasks.o
                0x00002da6                xTaskPriorityDisinherit
 .text.uxTaskResetEventItemValue
                0x00002e5c       0x54 FreeRTOS/src/tasks.o
                0x00002e5c                uxTaskResetEventItemValue
 .text.xTaskGenericNotifyWait
                0x00002eb0      0x14e FreeRTOS/src/tasks.o
                0x00002eb0                xTaskGenericNotifyWait
 .text.xTaskGenericNotify
                0x00002ffe      0x1ee FreeRTOS/src/tasks.o
                0x00002ffe                xTaskGenericNotify
 .text.xTaskGenericNotifyFromISR
                0x000031ec      0x244 FreeRTOS/src/tasks.o
                0x000031ec                xTaskGenericNotifyFromISR
 .text.xTaskGenericNotifyStateClear
                0x00003430       0x34 FreeRTOS/src/tasks.o
                0x00003430                xTaskGenericNotifyStateClear
 .text.prvGetNextExpireTime
                0x00003464       0x30 FreeRTOS/src/timers.o
 .text.prvInsertTimerInActiveList
                0x00003494       0x92 FreeRTOS/src/timers.o
 .text.prvCheckForValidListAndQueue
                0x00003526       0x52 FreeRTOS/src/timers.o
 .text.xTimerCreateTimerTask
                0x00003578       0x42 FreeRTOS/src/timers.o
                0x00003578                xTimerCreateTimerTask
 .text.xTimerGenericCommand
                0x000035ba       0xbc FreeRTOS/src/timers.o
                0x000035ba                xTimerGenericCommand
 .text.prvSwitchTimerLists
                0x00003676       0xd0 FreeRTOS/src/timers.o
 .text.prvSampleTimeNow
                0x00003746       0x5c FreeRTOS/src/timers.o
 .text.prvProcessExpiredTimer
                0x000037a2       0xac FreeRTOS/src/timers.o
 .text.prvProcessTimerOrBlockTask
                0x0000384e       0xae FreeRTOS/src/timers.o
 .text.prvProcessReceivedCommands
                0x000038fc      0x168 FreeRTOS/src/timers.o
 .text.vApplicationIdleHook
                0x00003a64        0x2 FreeRTOS/src/variantHooks.o
                0x00003a64                vApplicationIdleHook
 .text.prvSetMainLedOn
                0x00003a66        0xe FreeRTOS/src/variantHooks.o
                0x00003a66                prvSetMainLedOn
 .text.prvBlinkMainLed
                0x00003a74        0x8 FreeRTOS/src/variantHooks.o
                0x00003a74                prvBlinkMainLed
 .text.vApplicationMallocFailedHook
                0x00003a7c       0x18 FreeRTOS/src/variantHooks.o
                0x00003a7c                vApplicationMallocFailedHook
 .text.vApplicationStackOverflowHook
                0x00003a94       0x18 FreeRTOS/src/variantHooks.o
                0x00003a94                vApplicationStackOverflowHook
 .text.createTasksForSensors
                0x00003aac       0x42 main.o
                0x00003aac                createTasksForSensors
 .text.create_tasks_and_semaphores
                0x00003aee       0x4e main.o
                0x00003aee                create_tasks_and_semaphores
 .text.initializeSystem
                0x00003b3c       0x1e main.o
                0x00003b3c                initializeSystem
 .text.main     0x00003b5a        0x8 main.o
                0x00003b5a                main
 .text.avr-libc.fplib
                0x00003b62        0xa c:/program files (x86)/atmel/studio/7.0/toolchain/avr8/avr8-gnu-toolchain/bin/../lib/gcc/avr/5.4.0/../../../../avr/lib/avr6\libm.a(fixsfsi.o)
                0x00003b62                __fixsfsi
 .text.avr-libc.fplib
                0x00003b6c       0x58 c:/program files (x86)/atmel/studio/7.0/toolchain/avr8/avr8-gnu-toolchain/bin/../lib/gcc/avr/5.4.0/../../../../avr/lib/avr6\libm.a(fixunssfsi.o)
                0x00003b6c                __fixunssfsi
 .text.avr-libc.fplib
                0x00003bc4       0x44 c:/program files (x86)/atmel/studio/7.0/toolchain/avr8/avr8-gnu-toolchain/bin/../lib/gcc/avr/5.4.0/../../../../avr/lib/avr6\libm.a(fp_split3.o)
                0x00003bc4                __fp_split3
                0x00003bd4                __fp_splitA
 .text.avr-libc.fplib
                0x00003c08        0xe c:/program files (x86)/atmel/studio/7.0/toolchain/avr8/avr8-gnu-toolchain/bin/../lib/gcc/avr/5.4.0/../../../../avr/lib/avr6\libm.a(fp_zero.o)
                0x00003c08                __fp_zero
                0x00003c0a                __fp_szero
 .text.avr-libc.fplib
                0x00003c16       0x66 c:/program files (x86)/atmel/studio/7.0/toolchain/avr8/avr8-gnu-toolchain/bin/../lib/gcc/avr/5.4.0/../../../../avr/lib/avr6\libm.a(modf.o)
                0x00003c16                modf
                0x00003c16                modff
 .text.avr-libc.fplib
                0x00003c7c        0x4 c:/program files (x86)/atmel/studio/7.0/toolchain/avr8/avr8-gnu-toolchain/bin/../lib/gcc/avr/5.4.0/../../../../avr/lib/avr6\libm.a(mulsf3.o)
                0x00003c7c                __mulsf3
 .text.avr-libc.fplib
                0x00003c80       0xc2 c:/program files (x86)/atmel/studio/7.0/toolchain/avr8/avr8-gnu-toolchain/bin/../lib/gcc/avr/5.4.0/../../../../avr/lib/avr6\libm.a(mulsf3x.o)
                0x00003c94                __mulsf3x
                0x00003c98                __mulsf3_pse
 .text.avr-libc.fplib
                0x00003d42        0xa c:/program files (x86)/atmel/studio/7.0/toolchain/avr8/avr8-gnu-toolchain/bin/../lib/gcc/avr/5.4.0/../../../../avr/lib/avr6\libm.a(addsf3.o)
                0x00003d42                __subsf3
                0x00003d44                __addsf3
 .text.avr-libc.fplib
                0x00003d4c       0xc0 c:/program files (x86)/atmel/studio/7.0/toolchain/avr8/avr8-gnu-toolchain/bin/../lib/gcc/avr/5.4.0/../../../../avr/lib/avr6\libm.a(addsf3x.o)
                0x00003d66                __addsf3x
 .text.avr-libc.fplib
                0x00003e0c        0xc c:/program files (x86)/atmel/studio/7.0/toolchain/avr8/avr8-gnu-toolchain/bin/../lib/gcc/avr/5.4.0/../../../../avr/lib/avr6\libm.a(fp_inf.o)
                0x00003e0c                __fp_inf
 .text.avr-libc.fplib
                0x00003e18        0x6 c:/program files (x86)/atmel/studio/7.0/toolchain/avr8/avr8-gnu-toolchain/bin/../lib/gcc/avr/5.4.0/../../../../avr/lib/avr6\libm.a(fp_nan.o)
                0x00003e18                __fp_nan
 .text.avr-libc.fplib
                0x00003e1e        0xe c:/program files (x86)/atmel/studio/7.0/toolchain/avr8/avr8-gnu-toolchain/bin/../lib/gcc/avr/5.4.0/../../../../avr/lib/avr6\libm.a(fp_pscA.o)
                0x00003e1e                __fp_pscA
 .text.avr-libc.fplib
                0x00003e2c        0xe c:/program files (x86)/atmel/studio/7.0/toolchain/avr8/avr8-gnu-toolchain/bin/../lib/gcc/avr/5.4.0/../../../../avr/lib/avr6\libm.a(fp_pscB.o)
                0x00003e2c                __fp_pscB
 .text.avr-libc.fplib
                0x00003e3a       0x22 c:/program files (x86)/atmel/studio/7.0/toolchain/avr8/avr8-gnu-toolchain/bin/../lib/gcc/avr/5.4.0/../../../../avr/lib/avr6\libm.a(fp_round.o)
                0x00003e3a                __fp_round
 .text._hihTwiCallback
                0x00003e5c       0x5a ../drivers\libIotLibrary.a(hih8120.o)
 .text.hih8120_initialise
                0x00003eb6       0x30 ../drivers\libIotLibrary.a(hih8120.o)
                0x00003eb6                hih8120_initialise
 .text.hih8120_wakeup
                0x00003ee6       0x2a ../drivers\libIotLibrary.a(hih8120.o)
                0x00003ee6                hih8120_wakeup
 .text.hih8120_measure
                0x00003f10       0x22 ../drivers\libIotLibrary.a(hih8120.o)
                0x00003f10                hih8120_measure
 .text.hih8120_getTemperature
                0x00003f32       0x32 ../drivers\libIotLibrary.a(hih8120.o)
                0x00003f32                hih8120_getTemperature
 .text._serialCallBack
                0x00003f64       0x8c ../drivers\libIotLibrary.a(lora_driver.o)
 .text._uploadMessage
                0x00003ff0       0xb4 ../drivers\libIotLibrary.a(lora_driver.o)
 .text._reply2ReturnCode
                0x000040a4       0xea ../drivers\libIotLibrary.a(lora_driver.o)
 .text._uploadMessageRc
                0x0000418e        0x6 ../drivers\libIotLibrary.a(lora_driver.o)
 .text.lora_driver_flushBuffers
                0x00004194        0xe ../drivers\libIotLibrary.a(lora_driver.o)
                0x00004194                lora_driver_flushBuffers
 .text.lora_driver_initialise
                0x000041a2       0x80 ../drivers\libIotLibrary.a(lora_driver.o)
                0x000041a2                lora_driver_initialise
 .text.lora_driver_resetRn2483
                0x00004222       0x1c ../drivers\libIotLibrary.a(lora_driver.o)
                0x00004222                lora_driver_resetRn2483
 .text.lora_driver_rn2483FactoryReset
                0x0000423e       0x24 ../drivers\libIotLibrary.a(lora_driver.o)
                0x0000423e                lora_driver_rn2483FactoryReset
 .text.lora_driver_getRn2483Hweui
                0x00004262       0x38 ../drivers\libIotLibrary.a(lora_driver.o)
                0x00004262                lora_driver_getRn2483Hweui
 .text.lora_driver_setDeviceIdentifier
                0x0000429a       0x22 ../drivers\libIotLibrary.a(lora_driver.o)
                0x0000429a                lora_driver_setDeviceIdentifier
 .text.lora_driver_setApplicationIdentifier
                0x000042bc       0x22 ../drivers\libIotLibrary.a(lora_driver.o)
                0x000042bc                lora_driver_setApplicationIdentifier
 .text.lora_driver_setApplicationKey
                0x000042de       0x22 ../drivers\libIotLibrary.a(lora_driver.o)
                0x000042de                lora_driver_setApplicationKey
 .text.lora_driver_saveMac
                0x00004300        0xc ../drivers\libIotLibrary.a(lora_driver.o)
                0x00004300                lora_driver_saveMac
 .text.lora_driver_join
                0x0000430c       0x52 ../drivers\libIotLibrary.a(lora_driver.o)
                0x0000430c                lora_driver_join
 .text.lora_driver_sendUploadMessage
                0x0000435e      0x196 ../drivers\libIotLibrary.a(lora_driver.o)
                0x0000435e                lora_driver_sendUploadMessage
 .text.lora_driver_setAdaptiveDataRate
                0x000044f4       0x16 ../drivers\libIotLibrary.a(lora_driver.o)
                0x000044f4                lora_driver_setAdaptiveDataRate
 .text.lora_driver_setReceiveDelay
                0x0000450a       0x30 ../drivers\libIotLibrary.a(lora_driver.o)
                0x0000450a                lora_driver_setReceiveDelay
 .text.lora_driver_configureToEu868
                0x0000453a      0x1bc ../drivers\libIotLibrary.a(lora_driver.o)
                0x0000453a                lora_driver_configureToEu868
 .text.lora_driver_setOtaaIdentity
                0x000046f6       0x42 ../drivers\libIotLibrary.a(lora_driver.o)
                0x000046f6                lora_driver_setOtaaIdentity
 .text.lora_driver_mapReturnCodeToText
                0x00004738       0x18 ../drivers\libIotLibrary.a(lora_driver.o)
                0x00004738                lora_driver_mapReturnCodeToText
 .text.decode_port_no
                0x00004750       0x58 ../drivers\libIotLibrary.a(lora_driver_utils.o)
                0x00004750                decode_port_no
 .text.decode_hexadecimal_string_bytes
                0x000047a8       0x92 ../drivers\libIotLibrary.a(lora_driver_utils.o)
                0x000047a8                decode_hexadecimal_string_bytes
 .text._serialCallBack
                0x0000483a       0xb6 ../drivers\libIotLibrary.a(mh_z19.o)
 .text.mh_z19_initialise
                0x000048f0       0x4a ../drivers\libIotLibrary.a(mh_z19.o)
                0x000048f0                mh_z19_initialise
 .text.mh_z19_injectCallBack
                0x0000493a        0xa ../drivers\libIotLibrary.a(mh_z19.o)
                0x0000493a                mh_z19_injectCallBack
 .text.mh_z19_takeMeassuring
                0x00004944       0x5e ../drivers\libIotLibrary.a(mh_z19.o)
                0x00004944                mh_z19_takeMeassuring
 .text.serial_create
                0x000049a2      0x146 ../drivers\libIotLibrary.a(serial.o)
                0x000049a2                serial_create
 .text.serial_sendByte
                0x00004ae8       0x56 ../drivers\libIotLibrary.a(serial.o)
                0x00004ae8                serial_sendByte
 .text.serial_sendBytes
                0x00004b3e       0xaa ../drivers\libIotLibrary.a(serial.o)
                0x00004b3e                serial_sendBytes
 .text.serial_getByte
                0x00004be8       0x40 ../drivers\libIotLibrary.a(serial.o)
                0x00004be8                serial_getByte
 .text.__vector_25
                0x00004c28       0xa4 ../drivers\libIotLibrary.a(serial.o)
                0x00004c28                __vector_25
 .text.__vector_26
                0x00004ccc       0x88 ../drivers\libIotLibrary.a(serial.o)
                0x00004ccc                __vector_26
 .text.__vector_36
                0x00004d54       0xa4 ../drivers\libIotLibrary.a(serial.o)
                0x00004d54                __vector_36
 .text.__vector_37
                0x00004df8       0x88 ../drivers\libIotLibrary.a(serial.o)
                0x00004df8                __vector_37
 .text.__vector_51
                0x00004e80       0xa4 ../drivers\libIotLibrary.a(serial.o)
                0x00004e80                __vector_51
 .text.__vector_52
                0x00004f24       0x88 ../drivers\libIotLibrary.a(serial.o)
                0x00004f24                __vector_52
 .text.__vector_54
                0x00004fac       0xa4 ../drivers\libIotLibrary.a(serial.o)
                0x00004fac                __vector_54
 .text.__vector_55
                0x00005050       0x88 ../drivers\libIotLibrary.a(serial.o)
                0x00005050                __vector_55
 .text.usart_getchar
                0x000050d8       0x2a ../drivers\libIotLibrary.a(stdio_driver.o)
 .text.usart_putchar
                0x00005102       0x12 ../drivers\libIotLibrary.a(stdio_driver.o)
 .text.stdio_initialise
                0x00005114       0x52 ../drivers\libIotLibrary.a(stdio_driver.o)
                0x00005114                stdio_initialise
 .text._initTwiInterface
                0x00005166       0x22 ../drivers\libIotLibrary.a(twi.o)
 .text.twiCreate
                0x00005188       0x9a ../drivers\libIotLibrary.a(twi.o)
                0x00005188                twiCreate
 .text.twiIsBusy
                0x00005222        0x8 ../drivers\libIotLibrary.a(twi.o)
                0x00005222                twiIsBusy
 .text.twiTransmit
                0x0000522a       0x98 ../drivers\libIotLibrary.a(twi.o)
                0x0000522a                twiTransmit
 .text.twiReceive
                0x000052c2       0x66 ../drivers\libIotLibrary.a(twi.o)
                0x000052c2                twiReceive
 .text.__vector_39
                0x00005328      0x17a ../drivers\libIotLibrary.a(twi.o)
                0x00005328                __vector_39
 .text.fifo_init
                0x000054a2       0x38 ../drivers\libIotLibrary.a(fifo.o)
                0x000054a2                fifo_init
 .text.avr-libc
                0x000054da      0x712 c:/program files (x86)/atmel/studio/7.0/toolchain/avr8/avr8-gnu-toolchain/bin/../lib/gcc/avr/5.4.0/../../../../avr/lib/avr6\libprintf_flt.a(vfprintf_flt.o)
                0x000054da                vfprintf
 .text.avr-libc.fplib
                0x00005bec        0x6 c:/program files (x86)/atmel/studio/7.0/toolchain/avr8/avr8-gnu-toolchain/bin/../lib/gcc/avr/5.4.0/../../../../avr/lib/avr6\libm.a(divsf3.o)
                0x00005bec                __divsf3
 .text.avr-libc.fplib
                0x00005bf2       0xdc c:/program files (x86)/atmel/studio/7.0/toolchain/avr8/avr8-gnu-toolchain/bin/../lib/gcc/avr/5.4.0/../../../../avr/lib/avr6\libm.a(divsf3x.o)
                0x00005c12                __divsf3x
                0x00005c18                __divsf3_pse
 .text.avr-libc.fplib
                0x00005cce       0x7a c:/program files (x86)/atmel/studio/7.0/toolchain/avr8/avr8-gnu-toolchain/bin/../lib/gcc/avr/5.4.0/../../../../avr/lib/avr6\libm.a(floatsisf.o)
                0x00005cce                __floatunsisf
                0x00005cd2                __floatsisf
 .text.libgcc.div
                0x00005d48       0x44 c:/program files (x86)/atmel/studio/7.0/toolchain/avr8/avr8-gnu-toolchain/bin/../lib/gcc/avr/5.4.0/avr6\libgcc.a(_udivmodsi4.o)
                0x00005d48                __udivmodsi4
 .text.libgcc   0x00005d8c       0x10 c:/program files (x86)/atmel/studio/7.0/toolchain/avr8/avr8-gnu-toolchain/bin/../lib/gcc/avr/5.4.0/avr6\libgcc.a(_tablejump2.o)
                0x00005d8c                __tablejump2__
 .text.avr-libc
                0x00005d9c      0x242 c:/program files (x86)/atmel/studio/7.0/toolchain/avr8/avr8-gnu-toolchain/bin/../lib/gcc/avr/5.4.0/../../../../avr/lib/avr6\libc.a(malloc.o)
                0x00005d9c                malloc
                0x00005ecc                free
 .text.avr-libc
                0x00005fde        0x8 c:/program files (x86)/atmel/studio/7.0/toolchain/avr8/avr8-gnu-toolchain/bin/../lib/gcc/avr/5.4.0/../../../../avr/lib/avr6\libc.a(abort.o)
                0x00005fde                abort
 .text.avr-libc
                0x00005fe6      0x1b0 c:/program files (x86)/atmel/studio/7.0/toolchain/avr8/avr8-gnu-toolchain/bin/../lib/gcc/avr/5.4.0/../../../../avr/lib/avr6\libc.a(ftoa_engine.o)
                0x00005fe6                __ftoa_engine
 .text.avr-libc
                0x00006196       0x16 c:/program files (x86)/atmel/studio/7.0/toolchain/avr8/avr8-gnu-toolchain/bin/../lib/gcc/avr/5.4.0/../../../../avr/lib/avr6\libc.a(strnlen_P.o)
                0x00006196                strnlen_P
 .text.avr-libc
                0x000061ac       0x12 c:/program files (x86)/atmel/studio/7.0/toolchain/avr8/avr8-gnu-toolchain/bin/../lib/gcc/avr/5.4.0/../../../../avr/lib/avr6\libc.a(memcpy.o)
                0x000061ac                memcpy
 .text.avr-libc
                0x000061be        0xe c:/program files (x86)/atmel/studio/7.0/toolchain/avr8/avr8-gnu-toolchain/bin/../lib/gcc/avr/5.4.0/../../../../avr/lib/avr6\libc.a(memset.o)
                0x000061be                memset
 .text.avr-libc
                0x000061cc       0x4a c:/program files (x86)/atmel/studio/7.0/toolchain/avr8/avr8-gnu-toolchain/bin/../lib/gcc/avr/5.4.0/../../../../avr/lib/avr6\libc.a(strcasestr.o)
                0x000061cc                strcasestr
 .text.avr-libc
                0x00006216       0x16 c:/program files (x86)/atmel/studio/7.0/toolchain/avr8/avr8-gnu-toolchain/bin/../lib/gcc/avr/5.4.0/../../../../avr/lib/avr6\libc.a(strcat.o)
                0x00006216                strcat
 .text.avr-libc
                0x0000622c        0xe c:/program files (x86)/atmel/studio/7.0/toolchain/avr8/avr8-gnu-toolchain/bin/../lib/gcc/avr/5.4.0/../../../../avr/lib/avr6\libc.a(strcpy.o)
                0x0000622c                strcpy
 .text.avr-libc
                0x0000623a       0x30 c:/program files (x86)/atmel/studio/7.0/toolchain/avr8/avr8-gnu-toolchain/bin/../lib/gcc/avr/5.4.0/../../../../avr/lib/avr6\libc.a(strncasecmp.o)
                0x0000623a                strncasecmp
 .text.avr-libc
                0x0000626a       0x16 c:/program files (x86)/atmel/studio/7.0/toolchain/avr8/avr8-gnu-toolchain/bin/../lib/gcc/avr/5.4.0/../../../../avr/lib/avr6\libc.a(strnlen.o)
                0x0000626a                strnlen
 .text.avr-libc
                0x00006280       0x78 c:/program files (x86)/atmel/studio/7.0/toolchain/avr8/avr8-gnu-toolchain/bin/../lib/gcc/avr/5.4.0/../../../../avr/lib/avr6\libc.a(fputc.o)
                0x00006280                fputc
 .text.avr-libc
                0x000062f8       0x26 c:/program files (x86)/atmel/studio/7.0/toolchain/avr8/avr8-gnu-toolchain/bin/../lib/gcc/avr/5.4.0/../../../../avr/lib/avr6\libc.a(printf.o)
                0x000062f8                printf
 .text.avr-libc
                0x0000631e       0x60 c:/program files (x86)/atmel/studio/7.0/toolchain/avr8/avr8-gnu-toolchain/bin/../lib/gcc/avr/5.4.0/../../../../avr/lib/avr6\libc.a(puts.o)
                0x0000631e                puts
 .text.avr-libc
                0x0000637e       0x5c c:/program files (x86)/atmel/studio/7.0/toolchain/avr8/avr8-gnu-toolchain/bin/../lib/gcc/avr/5.4.0/../../../../avr/lib/avr6\libc.a(sprintf.o)
                0x0000637e                sprintf
 .text.avr-libc
                0x000063da       0xbc c:/program files (x86)/atmel/studio/7.0/toolchain/avr8/avr8-gnu-toolchain/bin/../lib/gcc/avr/5.4.0/../../../../avr/lib/avr6\libc.a(ultoa_invert.o)
                0x000063da                __ultoa_invert
                0x00006496                . = ALIGN (0x2)
 *(.fini9)
 .fini9         0x00006496        0x0 c:/program files (x86)/atmel/studio/7.0/toolchain/avr8/avr8-gnu-toolchain/bin/../lib/gcc/avr/5.4.0/avr6\libgcc.a(_exit.o)
                0x00006496                _exit
                0x00006496                exit
 *(.fini9)
 *(.fini8)
 *(.fini8)
 *(.fini7)
 *(.fini7)
 *(.fini6)
 *(.fini6)
 *(.fini5)
 *(.fini5)
 *(.fini4)
 *(.fini4)
 *(.fini3)
 *(.fini3)
 *(.fini2)
 *(.fini2)
 *(.fini1)
 *(.fini1)
 *(.fini0)
 .fini0         0x00006496        0x4 c:/program files (x86)/atmel/studio/7.0/toolchain/avr8/avr8-gnu-toolchain/bin/../lib/gcc/avr/5.4.0/avr6\libgcc.a(_exit.o)
 *(.fini0)
                0x0000649a                _etext = .

.data           0x00800200      0x502 load address 0x0000649a
                0x00800200                PROVIDE (__data_start, .)
 *(.data)
 .data          0x00800200        0x6 c:/program files (x86)/atmel/studio/7.0/toolchain/avr8/avr8-gnu-toolchain/bin/../lib/gcc/avr/5.4.0/../../../../avr/lib/avr6\libc.a(malloc.o)
                0x00800200                __malloc_heap_end
                0x00800202                __malloc_heap_start
                0x00800204                __malloc_margin
 *(.data*)
 .data.uxTopUsedPriority
                0x00800206        0x1 FreeRTOS/src/tasks.o
                0x00800206                uxTopUsedPriority
 .data._temp    0x00800207        0x2 ../drivers\libIotLibrary.a(hih8120.o)
 .data._hum     0x00800209        0x2 ../drivers\libIotLibrary.a(hih8120.o)
 .data._com_port_2_udr
                0x0080020b        0x8 ../drivers\libIotLibrary.a(serial.o)
                0x0080020b                _com_port_2_udr
 .data.mystdout.1882
                0x00800213        0xe ../drivers\libIotLibrary.a(stdio_driver.o)
 .data._twiCurrentState
                0x00800221        0x1 ../drivers\libIotLibrary.a(twi.o)
 *(.gnu.linkonce.d*)
 *(.rodata)
 .rodata        0x00800222       0x20 ../drivers\libIotLibrary.a(lora_driver.o)
 .rodata        0x00800242       0x2d ../drivers\libIotLibrary.a(mh_z19.o)
 *(.rodata*)
 .rodata.str1.1
                0x0080026f       0x1f CO2Handler.o
 .rodata.str1.1
                0x0080028e       0x44 TemperatureHandler.o
 .rodata.str1.1
                0x008002d2      0x157 UplinkHandler.o
 .rodata.str1.1
                0x00800429        0x5 FreeRTOS/src/tasks.o
 .rodata.str1.1
                0x0080042e        0x8 FreeRTOS/src/timers.o
 .rodata.str1.1
                0x00800436      0x295 ../drivers\libIotLibrary.a(lora_driver.o)
                                0x2a5 (size before relaxing)
 .rodata._joinMode
                0x008006cb        0x4 ../drivers\libIotLibrary.a(lora_driver.o)
 .rodata._returnCode
                0x008006cf       0x33 ../drivers\libIotLibrary.a(lora_driver.o)
                0x008006cf                _returnCode
 *(.gnu.linkonce.r*)
                0x00800702                . = ALIGN (0x2)
                0x00800702                _edata = .
                0x00800702                PROVIDE (__data_end, .)

.bss            0x00800702      0xc03
                0x00800702                PROVIDE (__bss_start, .)
 *(.bss)
 *(.bss*)
 .bss._uplink_payload
                0x00800702       0x16 UplinkHandler.o
 .bss.xBlockAllocatedBit
                0x00800718        0x2 FreeRTOS/src/heap_4.o
 .bss.xNumberOfSuccessfulFrees
                0x0080071a        0x2 FreeRTOS/src/heap_4.o
 .bss.xNumberOfSuccessfulAllocations
                0x0080071c        0x2 FreeRTOS/src/heap_4.o
 .bss.xMinimumEverFreeBytesRemaining
                0x0080071e        0x2 FreeRTOS/src/heap_4.o
 .bss.xFreeBytesRemaining
                0x00800720        0x2 FreeRTOS/src/heap_4.o
 .bss.pxEnd     0x00800722        0x2 FreeRTOS/src/heap_4.o
 .bss.xStart    0x00800724        0x4 FreeRTOS/src/heap_4.o
 .bss.ucHeap    0x00800728      0x9c4 FreeRTOS/src/heap_4.o
 .bss.uxSchedulerSuspended
                0x008010ec        0x1 FreeRTOS/src/tasks.o
 .bss.xIdleTaskHandle
                0x008010ed        0x2 FreeRTOS/src/tasks.o
 .bss.xNextTaskUnblockTime
                0x008010ef        0x4 FreeRTOS/src/tasks.o
 .bss.uxTaskNumber
                0x008010f3        0x1 FreeRTOS/src/tasks.o
 .bss.xNumOfOverflows
                0x008010f4        0x1 FreeRTOS/src/tasks.o
 .bss.xYieldPending
                0x008010f5        0x1 FreeRTOS/src/tasks.o
 .bss.xPendedTicks
                0x008010f6        0x4 FreeRTOS/src/tasks.o
 .bss.xSchedulerRunning
                0x008010fa        0x1 FreeRTOS/src/tasks.o
 .bss.uxTopReadyPriority
                0x008010fb        0x1 FreeRTOS/src/tasks.o
 .bss.xTickCount
                0x008010fc        0x4 FreeRTOS/src/tasks.o
 .bss.uxCurrentNumberOfTasks
                0x00801100        0x1 FreeRTOS/src/tasks.o
 .bss.xSuspendedTaskList
                0x00801101        0xb FreeRTOS/src/tasks.o
 .bss.uxDeletedTasksWaitingCleanUp
                0x0080110c        0x1 FreeRTOS/src/tasks.o
 .bss.xTasksWaitingTermination
                0x0080110d        0xb FreeRTOS/src/tasks.o
 .bss.xPendingReadyList
                0x00801118        0xb FreeRTOS/src/tasks.o
 .bss.pxOverflowDelayedTaskList
                0x00801123        0x2 FreeRTOS/src/tasks.o
 .bss.pxDelayedTaskList
                0x00801125        0x2 FreeRTOS/src/tasks.o
 .bss.xDelayedTaskList2
                0x00801127        0xb FreeRTOS/src/tasks.o
 .bss.xDelayedTaskList1
                0x00801132        0xb FreeRTOS/src/tasks.o
 .bss.pxReadyTasksLists
                0x0080113d       0x6e FreeRTOS/src/tasks.o
 .bss.pxCurrentTCB
                0x008011ab        0x2 FreeRTOS/src/tasks.o
                0x008011ab                pxCurrentTCB
 .bss.xLastTime.2436
                0x008011ad        0x4 FreeRTOS/src/timers.o
 .bss.xTimerTaskHandle
                0x008011b1        0x2 FreeRTOS/src/timers.o
 .bss.xTimerQueue
                0x008011b3        0x2 FreeRTOS/src/timers.o
 .bss.pxOverflowTimerList
                0x008011b5        0x2 FreeRTOS/src/timers.o
 .bss.pxCurrentTimerList
                0x008011b7        0x2 FreeRTOS/src/timers.o
 .bss.xActiveTimerList2
                0x008011b9        0xb FreeRTOS/src/timers.o
 .bss.xActiveTimerList1
                0x008011c4        0xb FreeRTOS/src/timers.o
 .bss.taskReadyBits
                0x008011cf        0x2 main.o
                0x008011cf                taskReadyBits
 .bss._measuringIsReady
                0x008011d1        0x1 ../drivers\libIotLibrary.a(hih8120.o)
 .bss._hih8120Handler
                0x008011d2        0x2 ../drivers\libIotLibrary.a(hih8120.o)
 .bss._tmp_buf.2871
                0x008011d4       0x37 ../drivers\libIotLibrary.a(lora_driver.o)
 .bss.rec_buf_inp.2878
                0x0080120b        0x1 ../drivers\libIotLibrary.a(lora_driver.o)
 .bss._downlinkMessageBuffer
                0x0080120c        0x2 ../drivers\libIotLibrary.a(lora_driver.o)
 .bss._serialReplyBufferHandle
                0x0080120e        0x2 ../drivers\libIotLibrary.a(lora_driver.o)
 .bss._rn2483_serial
                0x00801210        0x2 ../drivers\libIotLibrary.a(lora_driver.o)
 .bss._downlinkPayload
                0x00801212       0x16 ../drivers\libIotLibrary.a(lora_driver.o)
 .bss._payLoadHexBytes
                0x00801228       0x15 ../drivers\libIotLibrary.a(lora_driver.o)
 .bss._recMessageBuf
                0x0080123d       0x2d ../drivers\libIotLibrary.a(lora_driver.o)
 .bss._sendMessage
                0x0080126a       0x2d ../drivers\libIotLibrary.a(lora_driver.o)
 .bss._replyMess
                0x00801297       0x2d ../drivers\libIotLibrary.a(lora_driver.o)
 .bss.data.1944
                0x008012c4        0x2 ../drivers\libIotLibrary.a(mh_z19.o)
 .bss.inDex.1943
                0x008012c6        0x1 ../drivers\libIotLibrary.a(mh_z19.o)
 .bss.crc_sum.1945
                0x008012c7        0x1 ../drivers\libIotLibrary.a(mh_z19.o)
 .bss._appCallBack
                0x008012c8        0x2 ../drivers\libIotLibrary.a(mh_z19.o)
 .bss._mh_state
                0x008012ca        0x1 ../drivers\libIotLibrary.a(mh_z19.o)
                0x008012ca                _mh_state
 .bss._ppm      0x008012cb        0x2 ../drivers\libIotLibrary.a(mh_z19.o)
 .bss._serial   0x008012cd        0x2 ../drivers\libIotLibrary.a(mh_z19.o)
 .bss._ser_handle
                0x008012cf        0x8 ../drivers\libIotLibrary.a(serial.o)
 .bss._com_serial_instance
                0x008012d7        0x2 ../drivers\libIotLibrary.a(stdio_driver.o)
 .bss._index.1885
                0x008012d9        0x1 ../drivers\libIotLibrary.a(twi.o)
 .bss._twiCurrentHandler
                0x008012da        0x2 ../drivers\libIotLibrary.a(twi.o)
 .bss._twiMessageLen
                0x008012dc        0x1 ../drivers\libIotLibrary.a(twi.o)
 .bss._twiMessageBuffer
                0x008012dd        0xa ../drivers\libIotLibrary.a(twi.o)
 .bss._twiIsInitiated
                0x008012e7        0x1 ../drivers\libIotLibrary.a(twi.o)
 *(COMMON)
 COMMON         0x008012e8        0x9 CO2Handler.o
                0x008012e8                rc
                0x008012e9                ppm
                0x008012eb                ready_bit
                0x008012ef                group_start
 COMMON         0x008012f1        0x4 UplinkHandler.o
                0x008012f1                co2
                0x008012f3                temperature
 COMMON         0x008012f5        0x6 main.o
                0x008012f5                temperature_sensor
                0x008012f7                xTestSemaphore
                0x008012f9                co2_sensor
 COMMON         0x008012fb        0x4 c:/program files (x86)/atmel/studio/7.0/toolchain/avr8/avr8-gnu-toolchain/bin/../lib/gcc/avr/5.4.0/../../../../avr/lib/avr6\libc.a(malloc.o)
                0x008012fb                __brkval
                0x008012fd                __flp
 COMMON         0x008012ff        0x6 c:/program files (x86)/atmel/studio/7.0/toolchain/avr8/avr8-gnu-toolchain/bin/../lib/gcc/avr/5.4.0/../../../../avr/lib/avr6\libc.a(iob.o)
                0x008012ff                __iob
                0x00801305                PROVIDE (__bss_end, .)
                0x0000649a                __data_load_start = LOADADDR (.data)
                0x0000699c                __data_load_end = (__data_load_start + SIZEOF (.data))

.noinit         0x00801305        0x0
                [!provide]                PROVIDE (__noinit_start, .)
 *(.noinit*)
                [!provide]                PROVIDE (__noinit_end, .)
                0x00801305                _end = .
                0x00801305                PROVIDE (__heap_start, .)

.eeprom         0x00810000        0x0
 *(.eeprom*)
                0x00810000                __eeprom_end = .

.fuse
 *(.fuse)
 *(.lfuse)
 *(.hfuse)
 *(.efuse)

.lock
 *(.lock*)

.signature
 *(.signature*)

.user_signatures
 *(.user_signatures*)

.stab
 *(.stab)

.stabstr
 *(.stabstr)

.stab.excl
 *(.stab.excl)

.stab.exclstr
 *(.stab.exclstr)

.stab.index
 *(.stab.index)

.stab.indexstr
 *(.stab.indexstr)

.comment        0x00000000       0x5c
 *(.comment)
 .comment       0x00000000       0x30 CO2Handler.o
                                 0x31 (size before relaxing)
 .comment       0x00000030       0x31 TemperatureHandler.o
 .comment       0x00000030       0x31 UplinkHandler.o
 .comment       0x00000030       0x31 FreeRTOS/src/event_groups.o
 .comment       0x00000030       0x31 FreeRTOS/src/heap_4.o
 .comment       0x00000030       0x31 FreeRTOS/src/list.o
 .comment       0x00000030       0x31 FreeRTOS/src/port.o
 .comment       0x00000030       0x31 FreeRTOS/src/queue.o
 .comment       0x00000030       0x31 FreeRTOS/src/stream_buffer.o
 .comment       0x00000030       0x31 FreeRTOS/src/tasks.o
 .comment       0x00000030       0x31 FreeRTOS/src/timers.o
 .comment       0x00000030       0x31 FreeRTOS/src/variantHooks.o
 .comment       0x00000030       0x31 main.o
 .comment       0x00000030       0x31 ../drivers\libIotLibrary.a(hih8120.o)
 .comment       0x00000030       0x31 ../drivers\libIotLibrary.a(lora_driver.o)
 .comment       0x00000030       0x31 ../drivers\libIotLibrary.a(lora_driver_utils.o)
 .comment       0x00000030       0x31 ../drivers\libIotLibrary.a(mh_z19.o)
 .comment       0x00000030       0x31 ../drivers\libIotLibrary.a(serial.o)
 .comment       0x00000030       0x31 ../drivers\libIotLibrary.a(stdio_driver.o)
 .comment       0x00000030       0x31 ../drivers\libIotLibrary.a(twi.o)
 .comment       0x00000030       0x31 ../drivers\libIotLibrary.a(fifo.o)
 .comment       0x00000030       0x2c c:/program files (x86)/atmel/studio/7.0/toolchain/avr8/avr8-gnu-toolchain/bin/../lib/gcc/avr/5.4.0/../../../../avr/lib/avr6\libprintf_flt.a(vfprintf_flt.o)
                                 0x2d (size before relaxing)
 .comment       0x0000005c       0x31 c:/program files (x86)/atmel/studio/7.0/toolchain/avr8/avr8-gnu-toolchain/bin/../lib/gcc/avr/5.4.0/../../../../avr/lib/avr6\libc.a(malloc.o)
 .comment       0x0000005c       0x31 c:/program files (x86)/atmel/studio/7.0/toolchain/avr8/avr8-gnu-toolchain/bin/../lib/gcc/avr/5.4.0/../../../../avr/lib/avr6\libc.a(fputc.o)
 .comment       0x0000005c       0x31 c:/program files (x86)/atmel/studio/7.0/toolchain/avr8/avr8-gnu-toolchain/bin/../lib/gcc/avr/5.4.0/../../../../avr/lib/avr6\libc.a(iob.o)
 .comment       0x0000005c       0x31 c:/program files (x86)/atmel/studio/7.0/toolchain/avr8/avr8-gnu-toolchain/bin/../lib/gcc/avr/5.4.0/../../../../avr/lib/avr6\libc.a(printf.o)
 .comment       0x0000005c       0x31 c:/program files (x86)/atmel/studio/7.0/toolchain/avr8/avr8-gnu-toolchain/bin/../lib/gcc/avr/5.4.0/../../../../avr/lib/avr6\libc.a(puts.o)
 .comment       0x0000005c       0x31 c:/program files (x86)/atmel/studio/7.0/toolchain/avr8/avr8-gnu-toolchain/bin/../lib/gcc/avr/5.4.0/../../../../avr/lib/avr6\libc.a(sprintf.o)

.note.gnu.avr.deviceinfo
                0x00000000       0x40
 .note.gnu.avr.deviceinfo
                0x00000000       0x40 C:/Program Files (x86)/Atmel/Studio/7.0/Packs/atmel/ATmega_DFP/1.6.364/gcc/dev/atmega2560/avr6/crtatmega2560.o

.note.gnu.build-id
 *(.note.gnu.build-id)

.debug
 *(.debug)

.line
 *(.line)

.debug_srcinfo
 *(.debug_srcinfo)

.debug_sfnames
 *(.debug_sfnames)

.debug_aranges  0x00000000      0xa28
 *(.debug_aranges)
 .debug_aranges
                0x00000000       0x40 CO2Handler.o
 .debug_aranges
                0x00000040       0x40 TemperatureHandler.o
 .debug_aranges
                0x00000080       0x30 UplinkHandler.o
 .debug_aranges
                0x000000b0       0x68 FreeRTOS/src/event_groups.o
 .debug_aranges
                0x00000118       0x58 FreeRTOS/src/heap_4.o
 .debug_aranges
                0x00000170       0x40 FreeRTOS/src/list.o
 .debug_aranges
                0x000001b0       0x58 FreeRTOS/src/port.o
 .debug_aranges
                0x00000208       0xf8 FreeRTOS/src/queue.o
 .debug_aranges
                0x00000300       0xc0 FreeRTOS/src/stream_buffer.o
 .debug_aranges
                0x000003c0      0x1d0 FreeRTOS/src/tasks.o
 .debug_aranges
                0x00000590       0xc8 FreeRTOS/src/timers.o
 .debug_aranges
                0x00000658       0x40 FreeRTOS/src/variantHooks.o
 .debug_aranges
                0x00000698       0x38 main.o
 .debug_aranges
                0x000006d0       0x68 ../drivers\libIotLibrary.a(hih8120.o)
 .debug_aranges
                0x00000738      0x138 ../drivers\libIotLibrary.a(lora_driver.o)
 .debug_aranges
                0x00000870       0x28 ../drivers\libIotLibrary.a(lora_driver_utils.o)
 .debug_aranges
                0x00000898       0x58 ../drivers\libIotLibrary.a(mh_z19.o)
 .debug_aranges
                0x000008f0       0x90 ../drivers\libIotLibrary.a(serial.o)
 .debug_aranges
                0x00000980       0x38 ../drivers\libIotLibrary.a(stdio_driver.o)
 .debug_aranges
                0x000009b8       0x50 ../drivers\libIotLibrary.a(twi.o)
 .debug_aranges
                0x00000a08       0x20 ../drivers\libIotLibrary.a(fifo.o)

.debug_pubnames
 *(.debug_pubnames)

.debug_info     0x00000000     0xcf9b
 *(.debug_info .gnu.linkonce.wi.*)
 .debug_info    0x00000000      0xbbc C:/Program Files (x86)/Atmel/Studio/7.0/Packs/atmel/ATmega_DFP/1.6.364/gcc/dev/atmega2560/avr6/crtatmega2560.o
 .debug_info    0x00000bbc      0x4da CO2Handler.o
 .debug_info    0x00001096      0x501 TemperatureHandler.o
 .debug_info    0x00001597      0x770 UplinkHandler.o
 .debug_info    0x00001d07      0x971 FreeRTOS/src/event_groups.o
 .debug_info    0x00002678      0x4e6 FreeRTOS/src/heap_4.o
 .debug_info    0x00002b5e      0x2e7 FreeRTOS/src/list.o
 .debug_info    0x00002e45      0x2ff FreeRTOS/src/port.o
 .debug_info    0x00003144     0x17e6 FreeRTOS/src/queue.o
 .debug_info    0x0000492a     0x13df FreeRTOS/src/stream_buffer.o
 .debug_info    0x00005d09     0x2239 FreeRTOS/src/tasks.o
 .debug_info    0x00007f42     0x10dd FreeRTOS/src/timers.o
 .debug_info    0x0000901f      0x20f FreeRTOS/src/variantHooks.o
 .debug_info    0x0000922e      0x373 main.o
 .debug_info    0x000095a1      0x3a9 ../drivers\libIotLibrary.a(hih8120.o)
 .debug_info    0x0000994a     0x1747 ../drivers\libIotLibrary.a(lora_driver.o)
 .debug_info    0x0000b091      0x143 ../drivers\libIotLibrary.a(lora_driver_utils.o)
 .debug_info    0x0000b1d4      0x556 ../drivers\libIotLibrary.a(mh_z19.o)
 .debug_info    0x0000b72a      0xd9b ../drivers\libIotLibrary.a(serial.o)
 .debug_info    0x0000c4c5      0x3b6 ../drivers\libIotLibrary.a(stdio_driver.o)
 .debug_info    0x0000c87b      0x55d ../drivers\libIotLibrary.a(twi.o)
 .debug_info    0x0000cdd8      0x1c3 ../drivers\libIotLibrary.a(fifo.o)

.debug_abbrev   0x00000000     0x3314
 *(.debug_abbrev)
 .debug_abbrev  0x00000000      0xb1a C:/Program Files (x86)/Atmel/Studio/7.0/Packs/atmel/ATmega_DFP/1.6.364/gcc/dev/atmega2560/avr6/crtatmega2560.o
 .debug_abbrev  0x00000b1a      0x217 CO2Handler.o
 .debug_abbrev  0x00000d31      0x1ee TemperatureHandler.o
 .debug_abbrev  0x00000f1f      0x1d9 UplinkHandler.o
 .debug_abbrev  0x000010f8      0x1dc FreeRTOS/src/event_groups.o
 .debug_abbrev  0x000012d4      0x200 FreeRTOS/src/heap_4.o
 .debug_abbrev  0x000014d4       0xff FreeRTOS/src/list.o
 .debug_abbrev  0x000015d3      0x179 FreeRTOS/src/port.o
 .debug_abbrev  0x0000174c      0x241 FreeRTOS/src/queue.o
 .debug_abbrev  0x0000198d      0x246 FreeRTOS/src/stream_buffer.o
 .debug_abbrev  0x00001bd3      0x2c8 FreeRTOS/src/tasks.o
 .debug_abbrev  0x00001e9b      0x28c FreeRTOS/src/timers.o
 .debug_abbrev  0x00002127       0xff FreeRTOS/src/variantHooks.o
 .debug_abbrev  0x00002226      0x130 main.o
 .debug_abbrev  0x00002356      0x184 ../drivers\libIotLibrary.a(hih8120.o)
 .debug_abbrev  0x000024da      0x33b ../drivers\libIotLibrary.a(lora_driver.o)
 .debug_abbrev  0x00002815       0xc0 ../drivers\libIotLibrary.a(lora_driver_utils.o)
 .debug_abbrev  0x000028d5      0x238 ../drivers\libIotLibrary.a(mh_z19.o)
 .debug_abbrev  0x00002b0d      0x355 ../drivers\libIotLibrary.a(serial.o)
 .debug_abbrev  0x00002e62      0x1b3 ../drivers\libIotLibrary.a(stdio_driver.o)
 .debug_abbrev  0x00003015      0x217 ../drivers\libIotLibrary.a(twi.o)
 .debug_abbrev  0x0000322c       0xe8 ../drivers\libIotLibrary.a(fifo.o)

.debug_line     0x00000000     0x64a8
 *(.debug_line .debug_line.* .debug_line_end)
 .debug_line    0x00000000      0x1fa C:/Program Files (x86)/Atmel/Studio/7.0/Packs/atmel/ATmega_DFP/1.6.364/gcc/dev/atmega2560/avr6/crtatmega2560.o
 .debug_line    0x000001fa      0x1f7 CO2Handler.o
 .debug_line    0x000003f1      0x216 TemperatureHandler.o
 .debug_line    0x00000607      0x271 UplinkHandler.o
 .debug_line    0x00000878      0x413 FreeRTOS/src/event_groups.o
 .debug_line    0x00000c8b      0x41f FreeRTOS/src/heap_4.o
 .debug_line    0x000010aa      0x1db FreeRTOS/src/list.o
 .debug_line    0x00001285      0x28a FreeRTOS/src/port.o
 .debug_line    0x0000150f      0xbe3 FreeRTOS/src/queue.o
 .debug_line    0x000020f2      0x79a FreeRTOS/src/stream_buffer.o
 .debug_line    0x0000288c     0x15ba FreeRTOS/src/tasks.o
 .debug_line    0x00003e46      0x624 FreeRTOS/src/timers.o
 .debug_line    0x0000446a      0x1af FreeRTOS/src/variantHooks.o
 .debug_line    0x00004619      0x1ed main.o
 .debug_line    0x00004806      0x24a ../drivers\libIotLibrary.a(hih8120.o)
 .debug_line    0x00004a50      0x9aa ../drivers\libIotLibrary.a(lora_driver.o)
 .debug_line    0x000053fa      0x195 ../drivers\libIotLibrary.a(lora_driver_utils.o)
 .debug_line    0x0000558f      0x2fc ../drivers\libIotLibrary.a(mh_z19.o)
 .debug_line    0x0000588b      0x6a0 ../drivers\libIotLibrary.a(serial.o)
 .debug_line    0x00005f2b      0x146 ../drivers\libIotLibrary.a(stdio_driver.o)
 .debug_line    0x00006071      0x31c ../drivers\libIotLibrary.a(twi.o)
 .debug_line    0x0000638d      0x11b ../drivers\libIotLibrary.a(fifo.o)

.debug_frame    0x00000000     0x259c
 *(.debug_frame)
 .debug_frame   0x00000000       0xc4 CO2Handler.o
 .debug_frame   0x000000c4       0xd0 TemperatureHandler.o
 .debug_frame   0x00000194       0x80 UplinkHandler.o
 .debug_frame   0x00000214      0x1dc FreeRTOS/src/event_groups.o
 .debug_frame   0x000003f0       0xfc FreeRTOS/src/heap_4.o
 .debug_frame   0x000004ec       0x90 FreeRTOS/src/list.o
 .debug_frame   0x0000057c       0x94 FreeRTOS/src/port.o
 .debug_frame   0x00000610      0x3a4 FreeRTOS/src/queue.o
 .debug_frame   0x000009b4      0x40c FreeRTOS/src/stream_buffer.o
 .debug_frame   0x00000dc0      0x7a0 FreeRTOS/src/tasks.o
 .debug_frame   0x00001560      0x3ac FreeRTOS/src/timers.o
 .debug_frame   0x0000190c       0x64 FreeRTOS/src/variantHooks.o
 .debug_frame   0x00001970       0x5c main.o
 .debug_frame   0x000019cc       0xc0 ../drivers\libIotLibrary.a(hih8120.o)
 .debug_frame   0x00001a8c      0x460 ../drivers\libIotLibrary.a(lora_driver.o)
 .debug_frame   0x00001eec       0x48 ../drivers\libIotLibrary.a(lora_driver_utils.o)
 .debug_frame   0x00001f34      0x100 ../drivers\libIotLibrary.a(mh_z19.o)
 .debug_frame   0x00002034      0x384 ../drivers\libIotLibrary.a(serial.o)
 .debug_frame   0x000023b8       0x94 ../drivers\libIotLibrary.a(stdio_driver.o)
 .debug_frame   0x0000244c      0x12c ../drivers\libIotLibrary.a(twi.o)
 .debug_frame   0x00002578       0x24 ../drivers\libIotLibrary.a(fifo.o)

.debug_str      0x00000000     0x3feb
 *(.debug_str)
 .debug_str     0x00000000      0x3e6 C:/Program Files (x86)/Atmel/Studio/7.0/Packs/atmel/ATmega_DFP/1.6.364/gcc/dev/atmega2560/avr6/crtatmega2560.o
 .debug_str     0x000003e6      0x382 CO2Handler.o
                                0x3e6 (size before relaxing)
 .debug_str     0x00000768      0x147 TemperatureHandler.o
                                0x3ea (size before relaxing)
 .debug_str     0x000008af      0x455 UplinkHandler.o
                                0x662 (size before relaxing)
 .debug_str     0x00000d04      0x370 FreeRTOS/src/event_groups.o
                                0x5ae (size before relaxing)
 .debug_str     0x00001074      0x2ce FreeRTOS/src/heap_4.o
                                0x4a4 (size before relaxing)
 .debug_str     0x00001342       0x89 FreeRTOS/src/list.o
                                0x2e0 (size before relaxing)
 .debug_str     0x000013cb      0x14d FreeRTOS/src/port.o
                                0x315 (size before relaxing)
 .debug_str     0x00001518      0x652 FreeRTOS/src/queue.o
                                0x954 (size before relaxing)
 .debug_str     0x00001b6a      0x4ed FreeRTOS/src/stream_buffer.o
                                0x7dd (size before relaxing)
 .debug_str     0x00002057      0x88f FreeRTOS/src/tasks.o
                                0xf75 (size before relaxing)
 .debug_str     0x000028e6      0x414 FreeRTOS/src/timers.o
                                0x84b (size before relaxing)
 .debug_str     0x00002cfa       0x7a FreeRTOS/src/variantHooks.o
                                0x28c (size before relaxing)
 .debug_str     0x00002d74       0xc9 main.o
                                0x381 (size before relaxing)
 .debug_str     0x00002e3d      0x311 ../drivers\libIotLibrary.a(hih8120.o)
                                0x45c (size before relaxing)
 .debug_str     0x0000314e      0x6a5 ../drivers\libIotLibrary.a(lora_driver.o)
                                0xcdb (size before relaxing)
 .debug_str     0x000037f3       0x4f ../drivers\libIotLibrary.a(lora_driver_utils.o)
                                0x206 (size before relaxing)
 .debug_str     0x00003842      0x117 ../drivers\libIotLibrary.a(mh_z19.o)
                                0x489 (size before relaxing)
 .debug_str     0x00003959      0x2e0 ../drivers\libIotLibrary.a(serial.o)
                                0x628 (size before relaxing)
 .debug_str     0x00003c39       0xa6 ../drivers\libIotLibrary.a(stdio_driver.o)
                                0x37d (size before relaxing)
 .debug_str     0x00003cdf      0x2ea ../drivers\libIotLibrary.a(twi.o)
                                0x5b4 (size before relaxing)
 .debug_str     0x00003fc9       0x22 ../drivers\libIotLibrary.a(fifo.o)
                                0x239 (size before relaxing)

.debug_loc      0x00000000     0xc27e
 *(.debug_loc)
 .debug_loc     0x00000000      0x2d7 CO2Handler.o
 .debug_loc     0x000002d7      0x314 TemperatureHandler.o
 .debug_loc     0x000005eb      0x287 UplinkHandler.o
 .debug_loc     0x00000872      0xcc9 FreeRTOS/src/event_groups.o
 .debug_loc     0x0000153b      0x4be FreeRTOS/src/heap_4.o
 .debug_loc     0x000019f9      0x17d FreeRTOS/src/list.o
 .debug_loc     0x00001b76       0xf6 FreeRTOS/src/port.o
 .debug_loc     0x00001c6c     0x1abd FreeRTOS/src/queue.o
 .debug_loc     0x00003729     0x1daf FreeRTOS/src/stream_buffer.o
 .debug_loc     0x000054d8     0x2a07 FreeRTOS/src/tasks.o
 .debug_loc     0x00007edf     0x10f3 FreeRTOS/src/timers.o
 .debug_loc     0x00008fd2       0xdc FreeRTOS/src/variantHooks.o
 .debug_loc     0x000090ae       0x22 main.o
 .debug_loc     0x000090d0       0x9f ../drivers\libIotLibrary.a(hih8120.o)
 .debug_loc     0x0000916f     0x1216 ../drivers\libIotLibrary.a(lora_driver.o)
 .debug_loc     0x0000a385      0x1d2 ../drivers\libIotLibrary.a(lora_driver_utils.o)
 .debug_loc     0x0000a557      0x37c ../drivers\libIotLibrary.a(mh_z19.o)
 .debug_loc     0x0000a8d3     0x114c ../drivers\libIotLibrary.a(serial.o)
 .debug_loc     0x0000ba1f      0x18c ../drivers\libIotLibrary.a(stdio_driver.o)
 .debug_loc     0x0000bbab      0x575 ../drivers\libIotLibrary.a(twi.o)
 .debug_loc     0x0000c120      0x15e ../drivers\libIotLibrary.a(fifo.o)

.debug_macinfo
 *(.debug_macinfo)

.debug_weaknames
 *(.debug_weaknames)

.debug_funcnames
 *(.debug_funcnames)

.debug_typenames
 *(.debug_typenames)

.debug_varnames
 *(.debug_varnames)

.debug_pubtypes
 *(.debug_pubtypes)

.debug_ranges   0x00000000      0x9a8
 *(.debug_ranges)
 .debug_ranges  0x00000000       0x30 CO2Handler.o
 .debug_ranges  0x00000030       0x30 TemperatureHandler.o
 .debug_ranges  0x00000060       0x20 UplinkHandler.o
 .debug_ranges  0x00000080       0x70 FreeRTOS/src/event_groups.o
 .debug_ranges  0x000000f0       0x48 FreeRTOS/src/heap_4.o
 .debug_ranges  0x00000138       0x30 FreeRTOS/src/list.o
 .debug_ranges  0x00000168       0x48 FreeRTOS/src/port.o
 .debug_ranges  0x000001b0      0x130 FreeRTOS/src/queue.o
 .debug_ranges  0x000002e0       0xb0 FreeRTOS/src/stream_buffer.o
 .debug_ranges  0x00000390      0x200 FreeRTOS/src/tasks.o
 .debug_ranges  0x00000590       0xb8 FreeRTOS/src/timers.o
 .debug_ranges  0x00000648       0x30 FreeRTOS/src/variantHooks.o
 .debug_ranges  0x00000678       0x28 main.o
 .debug_ranges  0x000006a0       0x58 ../drivers\libIotLibrary.a(hih8120.o)
 .debug_ranges  0x000006f8      0x128 ../drivers\libIotLibrary.a(lora_driver.o)
 .debug_ranges  0x00000820       0x30 ../drivers\libIotLibrary.a(lora_driver_utils.o)
 .debug_ranges  0x00000850       0x48 ../drivers\libIotLibrary.a(mh_z19.o)
 .debug_ranges  0x00000898       0x98 ../drivers\libIotLibrary.a(serial.o)
 .debug_ranges  0x00000930       0x28 ../drivers\libIotLibrary.a(stdio_driver.o)
 .debug_ranges  0x00000958       0x40 ../drivers\libIotLibrary.a(twi.o)
 .debug_ranges  0x00000998       0x10 ../drivers\libIotLibrary.a(fifo.o)

.debug_macro
 *(.debug_macro)
OUTPUT(IoT.elf elf32-avr)
LOAD linker stubs
