Archive member included to satisfy reference by file (symbol)

c:/program files (x86)/atmel/studio/7.0/toolchain/avr8/avr8-gnu-toolchain/bin/../lib/gcc/avr/5.4.0/../../../../avr/lib/avr6\libm.a(fixsfsi.o)
                              UplinkHandler.o (__fixsfsi)
c:/program files (x86)/atmel/studio/7.0/toolchain/avr8/avr8-gnu-toolchain/bin/../lib/gcc/avr/5.4.0/../../../../avr/lib/avr6\libm.a(fixunssfsi.o)
                              LightHandler.o (__fixunssfsi)
c:/program files (x86)/atmel/studio/7.0/toolchain/avr8/avr8-gnu-toolchain/bin/../lib/gcc/avr/5.4.0/../../../../avr/lib/avr6\libm.a(fp_split3.o)
                              c:/program files (x86)/atmel/studio/7.0/toolchain/avr8/avr8-gnu-toolchain/bin/../lib/gcc/avr/5.4.0/../../../../avr/lib/avr6\libm.a(fixunssfsi.o) (__fp_splitA)
c:/program files (x86)/atmel/studio/7.0/toolchain/avr8/avr8-gnu-toolchain/bin/../lib/gcc/avr/5.4.0/../../../../avr/lib/avr6\libm.a(fp_zero.o)
                              c:/program files (x86)/atmel/studio/7.0/toolchain/avr8/avr8-gnu-toolchain/bin/../lib/gcc/avr/5.4.0/../../../../avr/lib/avr6\libm.a(fixunssfsi.o) (__fp_zero)
c:/program files (x86)/atmel/studio/7.0/toolchain/avr8/avr8-gnu-toolchain/bin/../lib/gcc/avr/5.4.0/../../../../avr/lib/avr6\libm.a(modf.o)
                              UplinkHandler.o (modf)
c:/program files (x86)/atmel/studio/7.0/toolchain/avr8/avr8-gnu-toolchain/bin/../lib/gcc/avr/5.4.0/../../../../avr/lib/avr6\libm.a(mulsf3.o)
                              UplinkHandler.o (__mulsf3)
c:/program files (x86)/atmel/studio/7.0/toolchain/avr8/avr8-gnu-toolchain/bin/../lib/gcc/avr/5.4.0/../../../../avr/lib/avr6\libm.a(mulsf3x.o)
                              c:/program files (x86)/atmel/studio/7.0/toolchain/avr8/avr8-gnu-toolchain/bin/../lib/gcc/avr/5.4.0/../../../../avr/lib/avr6\libm.a(mulsf3.o) (__mulsf3x)
c:/program files (x86)/atmel/studio/7.0/toolchain/avr8/avr8-gnu-toolchain/bin/../lib/gcc/avr/5.4.0/../../../../avr/lib/avr6\libm.a(addsf3.o)
                              c:/program files (x86)/atmel/studio/7.0/toolchain/avr8/avr8-gnu-toolchain/bin/../lib/gcc/avr/5.4.0/../../../../avr/lib/avr6\libm.a(modf.o) (__subsf3)
c:/program files (x86)/atmel/studio/7.0/toolchain/avr8/avr8-gnu-toolchain/bin/../lib/gcc/avr/5.4.0/../../../../avr/lib/avr6\libm.a(addsf3x.o)
                              c:/program files (x86)/atmel/studio/7.0/toolchain/avr8/avr8-gnu-toolchain/bin/../lib/gcc/avr/5.4.0/../../../../avr/lib/avr6\libm.a(addsf3.o) (__addsf3x)
c:/program files (x86)/atmel/studio/7.0/toolchain/avr8/avr8-gnu-toolchain/bin/../lib/gcc/avr/5.4.0/../../../../avr/lib/avr6\libm.a(fp_inf.o)
                              c:/program files (x86)/atmel/studio/7.0/toolchain/avr8/avr8-gnu-toolchain/bin/../lib/gcc/avr/5.4.0/../../../../avr/lib/avr6\libm.a(mulsf3x.o) (__fp_inf)
c:/program files (x86)/atmel/studio/7.0/toolchain/avr8/avr8-gnu-toolchain/bin/../lib/gcc/avr/5.4.0/../../../../avr/lib/avr6\libm.a(fp_nan.o)
                              c:/program files (x86)/atmel/studio/7.0/toolchain/avr8/avr8-gnu-toolchain/bin/../lib/gcc/avr/5.4.0/../../../../avr/lib/avr6\libm.a(mulsf3x.o) (__fp_nan)
c:/program files (x86)/atmel/studio/7.0/toolchain/avr8/avr8-gnu-toolchain/bin/../lib/gcc/avr/5.4.0/../../../../avr/lib/avr6\libm.a(fp_pscA.o)
                              c:/program files (x86)/atmel/studio/7.0/toolchain/avr8/avr8-gnu-toolchain/bin/../lib/gcc/avr/5.4.0/../../../../avr/lib/avr6\libm.a(mulsf3x.o) (__fp_pscA)
c:/program files (x86)/atmel/studio/7.0/toolchain/avr8/avr8-gnu-toolchain/bin/../lib/gcc/avr/5.4.0/../../../../avr/lib/avr6\libm.a(fp_pscB.o)
                              c:/program files (x86)/atmel/studio/7.0/toolchain/avr8/avr8-gnu-toolchain/bin/../lib/gcc/avr/5.4.0/../../../../avr/lib/avr6\libm.a(mulsf3x.o) (__fp_pscB)
c:/program files (x86)/atmel/studio/7.0/toolchain/avr8/avr8-gnu-toolchain/bin/../lib/gcc/avr/5.4.0/../../../../avr/lib/avr6\libm.a(fp_round.o)
                              c:/program files (x86)/atmel/studio/7.0/toolchain/avr8/avr8-gnu-toolchain/bin/../lib/gcc/avr/5.4.0/../../../../avr/lib/avr6\libm.a(mulsf3.o) (__fp_round)
../drivers\libIotLibrary.a(hih8120.o)
                              TemperatureHandler.o (hih8120_initialise)
../drivers\libIotLibrary.a(lora_driver.o)
                              UplinkHandler.o (lora_driver_flushBuffers)
../drivers\libIotLibrary.a(lora_driver_utils.o)
                              ../drivers\libIotLibrary.a(lora_driver.o) (decode_port_no)
../drivers\libIotLibrary.a(mh_z19.o)
                              CO2Handler.o (mh_z19_initialise)
../drivers\libIotLibrary.a(rc_servo.o)
                              DownlinkHandler.o (rc_servo_setPosition)
../drivers\libIotLibrary.a(serial.o)
                              ../drivers\libIotLibrary.a(lora_driver.o) (serial_create)
../drivers\libIotLibrary.a(stdio_driver.o)
                              main.o (stdio_initialise)
../drivers\libIotLibrary.a(tsl2591.o)
[...]
Memory Configuration

Name             Origin             Length             Attributes
text             0x00000000         0x00040000         xr
data             0x00800200         0x00002000         rw !x
eeprom           0x00810000         0x00001000         rw !x
fuse             0x00820000         0x00000003         rw !x
lock             0x00830000         0x00000400         rw !x
signature        0x00840000         0x00000400         rw !x
user_signatures  0x00850000         0x00000400         rw !x
*default*        0x00000000         0xffffffff

Linker script and memory map

Address of section .data set to 0x800200
LOAD C:/Program Files (x86)/Atmel/Studio/7.0/Packs/atmel/ATmega_DFP/1.6.364/gcc/dev/atmega2560/avr6/crtatmega2560.o
LOAD CO2Handler.o
LOAD DownlinkHandler.o
LOAD LightHandler.o
LOAD SharedPrintf.o
LOAD SharedSensorData.o
LOAD TemperatureHandler.o
LOAD UplinkHandler.o
LOAD FreeRTOS/FreeRTOSTraceDriver/FreeRTOSTraceDriver.o
LOAD FreeRTOS/src/croutine.o
LOAD FreeRTOS/src/event_groups.o
LOAD FreeRTOS/src/heap_4.o
LOAD FreeRTOS/src/list.o
LOAD FreeRTOS/src/port.o
LOAD FreeRTOS/src/queue.o
LOAD FreeRTOS/src/stream_buffer.o
LOAD FreeRTOS/src/tasks.o
LOAD FreeRTOS/src/timers.o
LOAD FreeRTOS/src/variantHooks.o
LOAD main.o
START GROUP
LOAD c:/program files (x86)/atmel/studio/7.0/toolchain/avr8/avr8-gnu-toolchain/bin/../lib/gcc/avr/5.4.0/../../../../avr/lib/avr6\libm.a
LOAD ../drivers\libIotLibrary.a
LOAD c:/program files (x86)/atmel/studio/7.0/toolchain/avr8/avr8-gnu-toolchain/bin/../lib/gcc/avr/5.4.0/../../../../avr/lib/avr6\libprintf_flt.a
END GROUP
START GROUP
LOAD c:/program files (x86)/atmel/studio/7.0/toolchain/avr8/avr8-gnu-toolchain/bin/../lib/gcc/avr/5.4.0/avr6\libgcc.a
LOAD c:/program files (x86)/atmel/studio/7.0/toolchain/avr8/avr8-gnu-toolchain/bin/../lib/gcc/avr/5.4.0/../../../../avr/lib/avr6\libm.a
LOAD c:/program files (x86)/atmel/studio/7.0/toolchain/avr8/avr8-gnu-toolchain/bin/../lib/gcc/avr/5.4.0/../../../../avr/lib/avr6\libc.a
LOAD C:/Program Files (x86)/Atmel/Studio/7.0/Packs/atmel/ATmega_DFP/1.6.364/gcc/dev/atmega2560/avr6\libatmega2560.a
END GROUP
                0x00000000                __TEXT_REGION_ORIGIN__ = DEFINED (__TEXT_REGION_ORIGIN__)?__TEXT_REGION_ORIGIN__:0x0
                [0x00800200]                __DATA_REGION_ORIGIN__ = DEFINED (__DATA_REGION_ORIGIN__)?__DATA_REGION_ORIGIN__:0x800200
                [0x00040000]                __TEXT_REGION_LENGTH__ = DEFINED (__TEXT_REGION_LENGTH__)?__TEXT_REGION_LENGTH__:0x100000
                [0x00002000]                __DATA_REGION_LENGTH__ = DEFINED (__DATA_REGION_LENGTH__)?__DATA_REGION_LENGTH__:0xfe00
                [0x00001000]                __EEPROM_REGION_LENGTH__ = DEFINED (__EEPROM_REGION_LENGTH__)?__EEPROM_REGION_LENGTH__:0x10000
                [0x00000003]                __FUSE_REGION_LENGTH__ = DEFINED (__FUSE_REGION_LENGTH__)?__FUSE_REGION_LENGTH__:0x400
                0x00000400                __LOCK_REGION_LENGTH__ = DEFINED (__LOCK_REGION_LENGTH__)?__LOCK_REGION_LENGTH__:0x400
                0x00000400                __SIGNATURE_REGION_LENGTH__ = DEFINED (__SIGNATURE_REGION_LENGTH__)?__SIGNATURE_REGION_LENGTH__:0x400
                0x00000400                __USER_SIGNATURE_REGION_LENGTH__ = DEFINED (__USER_SIGNATURE_REGION_LENGTH__)?__USER_SIGNATURE_REGION_LENGTH__:0x400

.hash
 *(.hash)

.dynsym
 *(.dynsym)

.dynstr
 *(.dynstr)

.gnu.version
 *(.gnu.version)

.gnu.version_d
 *(.gnu.version_d)

.gnu.version_r
 *(.gnu.version_r)

.rel.init
 *(.rel.init)

.rela.init
 *(.rela.init)

.rel.text
 *(.rel.text)
 *(.rel.text.*)
 *(.rel.gnu.linkonce.t*)

.rela.text
 *(.rela.text)
 *(.rela.text.*)
 *(.rela.gnu.linkonce.t*)

.rel.fini
 *(.rel.fini)

.rela.fini
 *(.rela.fini)

.rel.rodata
 *(.rel.rodata)
 *(.rel.rodata.*)
 *(.rel.gnu.linkonce.r*)

.rela.rodata
 *(.rela.rodata)
 *(.rela.rodata.*)
 *(.rela.gnu.linkonce.r*)

.rel.data
 *(.rel.data)
 *(.rel.data.*)
 *(.rel.gnu.linkonce.d*)

.rela.data
 *(.rela.data)
 *(.rela.data.*)
 *(.rela.gnu.linkonce.d*)

.rel.ctors
 *(.rel.ctors)

.rela.ctors
 *(.rela.ctors)

.rel.dtors
 *(.rel.dtors)

.rela.dtors
 *(.rela.dtors)

.rel.got
 *(.rel.got)

.rela.got
 *(.rela.got)

.rel.bss
 *(.rel.bss)

.rela.bss
 *(.rela.bss)

.rel.plt
 *(.rel.plt)

.rela.plt
 *(.rela.plt)

.text           0x00000000     0x7286
 *(.vectors)
 .vectors       0x00000000       0xe4 C:/Program Files (x86)/Atmel/Studio/7.0/Packs/atmel/ATmega_DFP/1.6.364/gcc/dev/atmega2560/avr6/crtatmega2560.o
                0x00000000                __vector_default
                0x00000000                __vectors
 *(.vectors)
 *(.progmem.gcc*)
 .progmem.gcc_sw_table.prvProcessReceivedCommands
                0x000000e4       0x14 FreeRTOS/src/timers.o
 .progmem.gcc_sw_table.__vector_39
                0x000000f8       0xa2 ../drivers\libIotLibrary.a(twi.o)
                0x0000019a                . = ALIGN (0x2)
                0x0000019a                __trampolines_start = .
 *(.trampolines)
 .trampolines   0x0000019a        0x0 linker stubs
 *(.trampolines*)
                0x0000019a                __trampolines_end = .
 *libprintf_flt.a:*(.progmem.data)
 .progmem.data  0x0000019a        0x8 c:/program files (x86)/atmel/studio/7.0/toolchain/avr8/avr8-gnu-toolchain/bin/../lib/gcc/avr/5.4.0/../../../../avr/lib/avr6\libprintf_flt.a(vfprintf_flt.o)
 *libc.a:*(.progmem.data)
 .progmem.data  0x000001a2       0xfa c:/program files (x86)/atmel/studio/7.0/toolchain/avr8/avr8-gnu-toolchain/bin/../lib/gcc/avr/5.4.0/../../../../avr/lib/avr6\libc.a(ftoa_engine.o)
 *(.progmem*)
                0x0000029c                . = ALIGN (0x2)
 *(.jumptables)
 *(.jumptables*)
 *(.lowtext)
 .lowtext       0x0000029c       0x16 FreeRTOS/src/tasks.o
 .lowtext       0x000002b2       0x1e FreeRTOS/src/timers.o
 *(.lowtext*)
                0x000002d0                __ctors_start = .
 *(.ctors)
                0x000002d0                __ctors_end = .
                0x000002d0                __dtors_start = .
 *(.dtors)
                0x000002d0                __dtors_end = .
 SORT(*)(.ctors)
 SORT(*)(.dtors)
 *(.init0)
 .init0         0x000002d0        0x0 C:/Program Files (x86)/Atmel/Studio/7.0/Packs/atmel/ATmega_DFP/1.6.364/gcc/dev/atmega2560/avr6/crtatmega2560.o
                0x000002d0                __init
 *(.init0)
 *(.init1)
 *(.init1)
 *(.init2)
 .init2         0x000002d0       0x10 C:/Program Files (x86)/Atmel/Studio/7.0/Packs/atmel/ATmega_DFP/1.6.364/gcc/dev/atmega2560/avr6/crtatmega2560.o
 *(.init2)
 *(.init3)
 *(.init3)
 *(.init4)
 .init4         0x000002e0       0x1a c:/program files (x86)/atmel/studio/7.0/toolchain/avr8/avr8-gnu-toolchain/bin/../lib/gcc/avr/5.4.0/avr6\libgcc.a(_copy_data.o)
                0x000002e0                __do_copy_data
 .init4         0x000002fa       0x10 c:/program files (x86)/atmel/studio/7.0/toolchain/avr8/avr8-gnu-toolchain/bin/../lib/gcc/avr/5.4.0/avr6\libgcc.a(_clear_bss.o)
                0x000002fa                __do_clear_bss
 *(.init4)
 *(.init5)
 *(.init5)
 *(.init6)
 *(.init6)
 *(.init7)
 *(.init7)
 *(.init8)
 *(.init8)
 *(.init9)
 .init9         0x0000030a        0x8 C:/Program Files (x86)/Atmel/Studio/7.0/Packs/atmel/ATmega_DFP/1.6.364/gcc/dev/atmega2560/avr6/crtatmega2560.o
 *(.init9)
 *(.text)
 .text          0x00000312        0x2 C:/Program Files (x86)/Atmel/Studio/7.0/Packs/atmel/ATmega_DFP/1.6.364/gcc/dev/atmega2560/avr6/crtatmega2560.o
                0x00000312                __vector_38
                0x00000312                __vector_22
                0x00000312                __vector_28
                0x00000312                __vector_1
                0x00000312                __vector_32
                0x00000312                __vector_34
                0x00000312                __vector_24
                0x00000312                __vector_46
                0x00000312                __bad_interrupt
                0x00000312                __vector_6
                0x00000312                __vector_31
                0x00000312                __vector_35
                0x00000312                __vector_3
                0x00000312                __vector_23
                0x00000312                __vector_30
                0x00000312                __vector_45
                0x00000312                __vector_11
                0x00000312                __vector_13
                0x00000312                __vector_17
                0x00000312                __vector_19
                0x00000312                __vector_56
                0x00000312                __vector_7
                0x00000312                __vector_49
                0x00000312                __vector_41
                0x00000312                __vector_43
                0x00000312                __vector_27
                0x00000312                __vector_5
                0x00000312                __vector_33
                0x00000312                __vector_47
                0x00000312                __vector_4
                0x00000312                __vector_44
                0x00000312                __vector_9
                0x00000312                __vector_2
                0x00000312                __vector_21
                0x00000312                __vector_15
                0x00000312                __vector_29
                0x00000312                __vector_40
                0x00000312                __vector_8
                0x00000312                __vector_48
                0x00000312                __vector_14
                0x00000312                __vector_53
                0x00000312                __vector_10
                0x00000312                __vector_50
                0x00000312                __vector_16
                0x00000312                __vector_18
                0x00000312                __vector_20
                0x00000312                __vector_42
                0x00000314                . = ALIGN (0x2)
 *(.text.*)
 .text.CO2_callback
                0x00000314        0xa CO2Handler.o
                0x00000314                CO2_callback
 .text.startReadingCO2
                0x0000031e       0x84 CO2Handler.o
                0x0000031e                startReadingCO2
 .text.CO2_handler_init
                0x000003a2       0x4a CO2Handler.o
                0x000003a2                CO2_handler_init
 .text.createCO2
                0x000003ec       0x7a CO2Handler.o
                0x000003ec                createCO2
 .text.getCO2   0x00000466        0x8 CO2Handler.o
                0x00000466                getCO2
 .text.set_co2  0x0000046e       0x10 CO2Handler.o
                0x0000046e                set_co2
 .text.DownLinkHandler_Create
                0x0000047e       0x40 DownlinkHandler.o
                0x0000047e                DownLinkHandler_Create
 .text.lora_DownLinkHandler_StartTask
                0x000004be       0x6a DownlinkHandler.o
                0x000004be                lora_DownLinkHandler_StartTask
 .text.lora_downlink_handler_task
                0x00000528        0x8 DownlinkHandler.o
                0x00000528                lora_downlink_handler_task
 .text.tsl2591Callback
                0x00000530       0x7a LightHandler.o
                0x00000530                tsl2591Callback
 .text.createLightTask
                0x000005aa       0x4a LightHandler.o
                0x000005aa                createLightTask
 .text.createLightSensor
                0x000005f4       0x8a LightHandler.o
                0x000005f4                createLightSensor
 .text.measure_light
                0x0000067e       0x7e LightHandler.o
                0x0000067e                measure_light
 .text.startReadingLight
                0x000006fc       0x30 LightHandler.o
                0x000006fc                startReadingLight
 .text.getLight
                0x0000072c        0x8 LightHandler.o
                0x0000072c                getLight
 .text.setLight
                0x00000734       0x10 LightHandler.o
                0x00000734                setLight
 .text.create_shared_printf
                0x00000744       0x1c SharedPrintf.o
                0x00000744                create_shared_printf
 .text.print_sharedf
                0x00000760       0x50 SharedPrintf.o
                0x00000760                print_sharedf
 .text.create_semaphore_mutex_and_sensors
                0x000007b0       0x52 SharedSensorData.o
                0x000007b0                create_semaphore_mutex_and_sensors
 .text.set_temp_hum_mutex
                0x00000802       0x50 SharedSensorData.o
                0x00000802                set_temp_hum_mutex
 .text.get_humidity_val
                0x00000852       0x64 SharedSensorData.o
                0x00000852                get_humidity_val
 .text.get_temp_val
                0x000008b6       0x80 SharedSensorData.o
                0x000008b6                get_temp_val
 .text.set_co2_mutex
                0x00000936       0x50 SharedSensorData.o
                0x00000936                set_co2_mutex
 .text.get_co2_mutex
                0x00000986       0x62 SharedSensorData.o
                0x00000986                get_co2_mutex
 .text.set_light_mutex
                0x000009e8       0x4e SharedSensorData.o
                0x000009e8                set_light_mutex
 .text.get_light_mutex
                0x00000a36       0x62 SharedSensorData.o
                0x00000a36                get_light_mutex
 .text.temperature_handler_init
                0x00000a98       0x4a TemperatureHandler.o
                0x00000a98                temperature_handler_init
 .text.createTemp
                0x00000ae2       0x84 TemperatureHandler.o
                0x00000ae2                createTemp
 .text.measureTempAndHum
                0x00000b66        0x4 TemperatureHandler.o
                0x00000b66                measureTempAndHum
 .text.startReading
                0x00000b6a       0xa6 TemperatureHandler.o
                0x00000b6a                startReading
 .text.getTemperature
                0x00000c10        0xc TemperatureHandler.o
                0x00000c10                getTemperature
 .text.getHumidity
                0x00000c1c        0x8 TemperatureHandler.o
                0x00000c1c                getHumidity
 .text.temp_hum_set
                0x00000c24       0x36 TemperatureHandler.o
                0x00000c24                temp_hum_set
 .text._lora_setup
                0x00000c5a       0xc2 UplinkHandler.o
 .text.lora_handler_task
                0x00000d1c      0x13c UplinkHandler.o
                0x00000d1c                lora_handler_task
 .text.lora_handler_initialize
                0x00000e58       0x28 UplinkHandler.o
                0x00000e58                lora_handler_initialize
 .text.prvTestWaitCondition
                0x00000e80       0x42 FreeRTOS/src/event_groups.o
 .text.xEventGroupCreate
                0x00000ec2       0x26 FreeRTOS/src/event_groups.o
                0x00000ec2                xEventGroupCreate
 .text.xEventGroupWaitBits
                0x00000ee8      0x140 FreeRTOS/src/event_groups.o
                0x00000ee8                xEventGroupWaitBits
 .text.xEventGroupSetBits
                0x00001028      0x11c FreeRTOS/src/event_groups.o
                0x00001028                xEventGroupSetBits
 .text.prvHeapInit
                0x00001144       0x52 FreeRTOS/src/heap_4.o
 .text.prvInsertBlockIntoFreeList
                0x00001196       0x94 FreeRTOS/src/heap_4.o
 .text.pvPortMalloc
                0x0000122a      0x152 FreeRTOS/src/heap_4.o
                0x0000122a                pvPortMalloc
 .text.vPortFree
                0x0000137c       0x7a FreeRTOS/src/heap_4.o
                0x0000137c                vPortFree
 .text.vListInitialise
                0x000013f6       0x22 FreeRTOS/src/list.o
                0x000013f6                vListInitialise
 .text.vListInitialiseItem
                0x00001418        0x8 FreeRTOS/src/list.o
                0x00001418                vListInitialiseItem
 .text.vListInsert
                0x00001420       0x7a FreeRTOS/src/list.o
                0x00001420                vListInsert
 .text.uxListRemove
                0x0000149a       0x4e FreeRTOS/src/list.o
                0x0000149a                uxListRemove
 .text.prvSetupTimerInterrupt
                0x000014e8       0x18 FreeRTOS/src/port.o
 .text.pxPortInitialiseStack
                0x00001500       0x2e FreeRTOS/src/port.o
                0x00001500                pxPortInitialiseStack
 .text.xPortStartScheduler
                0x0000152e       0x64 FreeRTOS/src/port.o
                0x0000152e                xPortStartScheduler
 .text.vPortYield
                0x00001592       0xc2 FreeRTOS/src/port.o
                0x00001592                vPortYield
 .text.vPortYieldFromTick
                0x00001654       0xca FreeRTOS/src/port.o
                0x00001654                vPortYieldFromTick
 .text.__vector_12
                0x0000171e        0x4 FreeRTOS/src/port.o
                0x0000171e                __vector_12
 .text.prvGetDisinheritPriorityAfterTimeout
                0x00001722       0x20 FreeRTOS/src/queue.o
 .text.prvIsQueueEmpty
                0x00001742       0x1a FreeRTOS/src/queue.o
 .text.prvIsQueueFull
                0x0000175c       0x1c FreeRTOS/src/queue.o
 .text.prvCopyDataToQueue
                0x00001778       0xbe FreeRTOS/src/queue.o
 .text.prvCopyDataFromQueue
                0x00001836       0x34 FreeRTOS/src/queue.o
 .text.prvUnlockQueue
                0x0000186a       0x68 FreeRTOS/src/queue.o
 .text.xQueueGenericReset
                0x000018d2       0x86 FreeRTOS/src/queue.o
                0x000018d2                xQueueGenericReset
 .text.prvInitialiseNewQueue
                0x00001958       0x24 FreeRTOS/src/queue.o
 .text.xQueueGenericCreate
                0x0000197c       0x46 FreeRTOS/src/queue.o
                0x0000197c                xQueueGenericCreate
 .text.xQueueGenericSend
                0x000019c2      0x124 FreeRTOS/src/queue.o
                0x000019c2                xQueueGenericSend
 .text.prvInitialiseMutex
                0x00001ae6       0x24 FreeRTOS/src/queue.o
 .text.xQueueCreateMutex
                0x00001b0a       0x18 FreeRTOS/src/queue.o
                0x00001b0a                xQueueCreateMutex
 .text.xQueueGenericSendFromISR
                0x00001b22       0x76 FreeRTOS/src/queue.o
                0x00001b22                xQueueGenericSendFromISR
 .text.xQueueReceive
                0x00001b98      0x11e FreeRTOS/src/queue.o
                0x00001b98                xQueueReceive
 .text.xQueueSemaphoreTake
                0x00001cb6      0x162 FreeRTOS/src/queue.o
                0x00001cb6                xQueueSemaphoreTake
 .text.vQueueWaitForMessageRestricted
                0x00001e18       0x38 FreeRTOS/src/queue.o
                0x00001e18                vQueueWaitForMessageRestricted
 .text.prvBytesInBuffer
                0x00001e50       0x26 FreeRTOS/src/stream_buffer.o
 .text.prvInitialiseNewStreamBuffer
                0x00001e76       0x20 FreeRTOS/src/stream_buffer.o
 .text.prvWriteBytesToBuffer
                0x00001e96       0x92 FreeRTOS/src/stream_buffer.o
 .text.prvWriteMessageToBuffer
                0x00001f28       0x86 FreeRTOS/src/stream_buffer.o
 .text.prvReadBytesFromBuffer
                0x00001fae       0x9e FreeRTOS/src/stream_buffer.o
 .text.prvReadMessageFromBuffer
                0x0000204c       0x8a FreeRTOS/src/stream_buffer.o
 .text.xStreamBufferGenericCreate
                0x000020d6       0x64 FreeRTOS/src/stream_buffer.o
                0x000020d6                xStreamBufferGenericCreate
 .text.xStreamBufferReset
                0x0000213a       0x3c FreeRTOS/src/stream_buffer.o
                0x0000213a                xStreamBufferReset
 .text.xStreamBufferSpacesAvailable
                0x00002176       0x24 FreeRTOS/src/stream_buffer.o
                0x00002176                xStreamBufferSpacesAvailable
 .text.xStreamBufferSend
                0x0000219a      0x18a FreeRTOS/src/stream_buffer.o
                0x0000219a                xStreamBufferSend
 .text.xStreamBufferSendFromISR
                0x00002324       0x88 FreeRTOS/src/stream_buffer.o
                0x00002324                xStreamBufferSendFromISR
 .text.xStreamBufferReceive
                0x000023ac      0x106 FreeRTOS/src/stream_buffer.o
                0x000023ac                xStreamBufferReceive
 .text.prvResetNextTaskUnblockTime
                0x000024b2       0x4e FreeRTOS/src/tasks.o
 .text.prvDeleteTCB
                0x00002500       0x1a FreeRTOS/src/tasks.o
 .text.prvInitialiseNewTask
                0x0000251a       0xfc FreeRTOS/src/tasks.o
 .text.prvInitialiseTaskLists
                0x00002616       0x60 FreeRTOS/src/tasks.o
 .text.prvAddNewTaskToReadyList
                0x00002676       0xde FreeRTOS/src/tasks.o
 .text.prvCheckTasksWaitingTermination
                0x00002754       0x4a FreeRTOS/src/tasks.o
 .text.prvAddCurrentTaskToDelayedList
                0x0000279e      0x144 FreeRTOS/src/tasks.o
 .text.xTaskCreate
                0x000028e2       0x98 FreeRTOS/src/tasks.o
                0x000028e2                xTaskCreate
 .text.vTaskStartScheduler
                0x0000297a       0x70 FreeRTOS/src/tasks.o
                0x0000297a                vTaskStartScheduler
 .text.vTaskSuspendAll
                0x000029ea        0xc FreeRTOS/src/tasks.o
                0x000029ea                vTaskSuspendAll
 .text.xTaskGetTickCount
                0x000029f6       0x1c FreeRTOS/src/tasks.o
                0x000029f6                xTaskGetTickCount
 .text.xTaskIncrementTick
                0x00002a12      0x258 FreeRTOS/src/tasks.o
                0x00002a12                xTaskIncrementTick
 .text.xTaskResumeAll
                0x00002c6a      0x1b8 FreeRTOS/src/tasks.o
                0x00002c6a                xTaskResumeAll
 .text.xTaskDelayUntil
                0x00002e22       0xca FreeRTOS/src/tasks.o
                0x00002e22                xTaskDelayUntil
 .text.vTaskDelay
                0x00002eec       0x36 FreeRTOS/src/tasks.o
                0x00002eec                vTaskDelay
 .text.vTaskSwitchContext
                0x00002f22       0xca FreeRTOS/src/tasks.o
                0x00002f22                vTaskSwitchContext
 .text.vTaskPlaceOnEventList
                0x00002fec       0x2e FreeRTOS/src/tasks.o
                0x00002fec                vTaskPlaceOnEventList
 .text.vTaskPlaceOnUnorderedEventList
                0x0000301a       0x94 FreeRTOS/src/tasks.o
                0x0000301a                vTaskPlaceOnUnorderedEventList
 .text.vTaskPlaceOnEventListRestricted
                0x000030ae       0x84 FreeRTOS/src/tasks.o
                0x000030ae                vTaskPlaceOnEventListRestricted
 .text.xTaskRemoveFromEventList
                0x00003132      0x15e FreeRTOS/src/tasks.o
                0x00003132                xTaskRemoveFromEventList
 .text.vTaskRemoveFromUnorderedEventList
                0x00003290      0x134 FreeRTOS/src/tasks.o
                0x00003290                vTaskRemoveFromUnorderedEventList
 .text.vTaskSetTimeOutState
                0x000033c4       0x2c FreeRTOS/src/tasks.o
                0x000033c4                vTaskSetTimeOutState
 .text.vTaskInternalSetTimeOutState
                0x000033f0       0x22 FreeRTOS/src/tasks.o
                0x000033f0                vTaskInternalSetTimeOutState
 .text.xTaskCheckForTimeOut
                0x00003412       0xcc FreeRTOS/src/tasks.o
                0x00003412                xTaskCheckForTimeOut
 .text.vTaskMissedYield
                0x000034de        0x8 FreeRTOS/src/tasks.o
                0x000034de                vTaskMissedYield
 .text.xTaskGetCurrentTaskHandle
                0x000034e6        0xa FreeRTOS/src/tasks.o
                0x000034e6                xTaskGetCurrentTaskHandle
 .text.xTaskGetSchedulerState
                0x000034f0       0x1c FreeRTOS/src/tasks.o
                0x000034f0                xTaskGetSchedulerState
 .text.xTaskPriorityInherit
                0x0000350c      0x10e FreeRTOS/src/tasks.o
                0x0000350c                xTaskPriorityInherit
 .text.xTaskPriorityDisinherit
                0x0000361a       0xb6 FreeRTOS/src/tasks.o
                0x0000361a                xTaskPriorityDisinherit
 .text.vTaskPriorityDisinheritAfterTimeout
                0x000036d0       0xce FreeRTOS/src/tasks.o
                0x000036d0                vTaskPriorityDisinheritAfterTimeout
 .text.uxTaskResetEventItemValue
                0x0000379e       0x54 FreeRTOS/src/tasks.o
                0x0000379e                uxTaskResetEventItemValue
 .text.pvTaskIncrementMutexHeldCount
                0x000037f2       0x24 FreeRTOS/src/tasks.o
                0x000037f2                pvTaskIncrementMutexHeldCount
 .text.xTaskGenericNotifyWait
                0x00003816      0x150 FreeRTOS/src/tasks.o
                0x00003816                xTaskGenericNotifyWait
 .text.xTaskGenericNotify
                0x00003966      0x1ee FreeRTOS/src/tasks.o
                0x00003966                xTaskGenericNotify
 .text.xTaskGenericNotifyFromISR
                0x00003b54      0x244 FreeRTOS/src/tasks.o
                0x00003b54                xTaskGenericNotifyFromISR
 .text.xTaskGenericNotifyStateClear
                0x00003d98       0x34 FreeRTOS/src/tasks.o
                0x00003d98                xTaskGenericNotifyStateClear
 .text.prvGetNextExpireTime
                0x00003dcc       0x30 FreeRTOS/src/timers.o
 .text.prvInsertTimerInActiveList
                0x00003dfc       0x92 FreeRTOS/src/timers.o
 .text.prvCheckForValidListAndQueue
                0x00003e8e       0x52 FreeRTOS/src/timers.o
 .text.xTimerCreateTimerTask
                0x00003ee0       0x42 FreeRTOS/src/timers.o
                0x00003ee0                xTimerCreateTimerTask
 .text.xTimerGenericCommand
                0x00003f22       0xbc FreeRTOS/src/timers.o
                0x00003f22                xTimerGenericCommand
 .text.prvSwitchTimerLists
                0x00003fde       0xd0 FreeRTOS/src/timers.o
 .text.prvSampleTimeNow
                0x000040ae       0x5c FreeRTOS/src/timers.o
 .text.prvProcessExpiredTimer
                0x0000410a       0xac FreeRTOS/src/timers.o
 .text.prvProcessTimerOrBlockTask
                0x000041b6       0xae FreeRTOS/src/timers.o
 .text.prvProcessReceivedCommands
                0x00004264      0x168 FreeRTOS/src/timers.o
 .text.vApplicationIdleHook
                0x000043cc        0x2 FreeRTOS/src/variantHooks.o
                0x000043cc                vApplicationIdleHook
 .text.prvSetMainLedOn
                0x000043ce        0xe FreeRTOS/src/variantHooks.o
                0x000043ce                prvSetMainLedOn
 .text.prvBlinkMainLed
                0x000043dc        0x8 FreeRTOS/src/variantHooks.o
                0x000043dc                prvBlinkMainLed
 .text.vApplicationMallocFailedHook
                0x000043e4       0x18 FreeRTOS/src/variantHooks.o
                0x000043e4                vApplicationMallocFailedHook
 .text.vApplicationStackOverflowHook
                0x000043fc       0x18 FreeRTOS/src/variantHooks.o
                0x000043fc                vApplicationStackOverflowHook
 .text.createTasksForSensors
                0x00004414       0x60 main.o
                0x00004414                createTasksForSensors
 .text.create_tasks_and_semaphores
                0x00004474       0x4c main.o
                0x00004474                create_tasks_and_semaphores
 .text.initializeSystem
                0x000044c0       0x34 main.o
                0x000044c0                initializeSystem
 .text.main     0x000044f4        0x8 main.o
                0x000044f4                main
 .text.avr-libc.fplib
                0x000044fc        0xa c:/program files (x86)/atmel/studio/7.0/toolchain/avr8/avr8-gnu-toolchain/bin/../lib/gcc/avr/5.4.0/../../../../avr/lib/avr6\libm.a(fixsfsi.o)
                0x000044fc                __fixsfsi
 .text.avr-libc.fplib
                0x00004506       0x58 c:/program files (x86)/atmel/studio/7.0/toolchain/avr8/avr8-gnu-toolchain/bin/../lib/gcc/avr/5.4.0/../../../../avr/lib/avr6\libm.a(fixunssfsi.o)
                0x00004506                __fixunssfsi
 .text.avr-libc.fplib
                0x0000455e       0x44 c:/program files (x86)/atmel/studio/7.0/toolchain/avr8/avr8-gnu-toolchain/bin/../lib/gcc/avr/5.4.0/../../../../avr/lib/avr6\libm.a(fp_split3.o)
                0x0000455e                __fp_split3
                0x0000456e                __fp_splitA
 .text.avr-libc.fplib
                0x000045a2        0xe c:/program files (x86)/atmel/studio/7.0/toolchain/avr8/avr8-gnu-toolchain/bin/../lib/gcc/avr/5.4.0/../../../../avr/lib/avr6\libm.a(fp_zero.o)
                0x000045a2                __fp_zero
                0x000045a4                __fp_szero
 .text.avr-libc.fplib
                0x000045b0       0x66 c:/program files (x86)/atmel/studio/7.0/toolchain/avr8/avr8-gnu-toolchain/bin/../lib/gcc/avr/5.4.0/../../../../avr/lib/avr6\libm.a(modf.o)
                0x000045b0                modf
                0x000045b0                modff
 .text.avr-libc.fplib
                0x00004616        0x4 c:/program files (x86)/atmel/studio/7.0/toolchain/avr8/avr8-gnu-toolchain/bin/../lib/gcc/avr/5.4.0/../../../../avr/lib/avr6\libm.a(mulsf3.o)
                0x00004616                __mulsf3
 .text.avr-libc.fplib
                0x0000461a       0xc2 c:/program files (x86)/atmel/studio/7.0/toolchain/avr8/avr8-gnu-toolchain/bin/../lib/gcc/avr/5.4.0/../../../../avr/lib/avr6\libm.a(mulsf3x.o)
                0x0000462e                __mulsf3x
                0x00004632                __mulsf3_pse
 .text.avr-libc.fplib
                0x000046dc        0xa c:/program files (x86)/atmel/studio/7.0/toolchain/avr8/avr8-gnu-toolchain/bin/../lib/gcc/avr/5.4.0/../../../../avr/lib/avr6\libm.a(addsf3.o)
                0x000046dc                __subsf3
                0x000046de                __addsf3
 .text.avr-libc.fplib
                0x000046e6       0xc0 c:/program files (x86)/atmel/studio/7.0/toolchain/avr8/avr8-gnu-toolchain/bin/../lib/gcc/avr/5.4.0/../../../../avr/lib/avr6\libm.a(addsf3x.o)
                0x00004700                __addsf3x
 .text.avr-libc.fplib
                0x000047a6        0xc c:/program files (x86)/atmel/studio/7.0/toolchain/avr8/avr8-gnu-toolchain/bin/../lib/gcc/avr/5.4.0/../../../../avr/lib/avr6\libm.a(fp_inf.o)
                0x000047a6                __fp_inf
 .text.avr-libc.fplib
                0x000047b2        0x6 c:/program files (x86)/atmel/studio/7.0/toolchain/avr8/avr8-gnu-toolchain/bin/../lib/gcc/avr/5.4.0/../../../../avr/lib/avr6\libm.a(fp_nan.o)
                0x000047b2                __fp_nan
 .text.avr-libc.fplib
                0x000047b8        0xe c:/program files (x86)/atmel/studio/7.0/toolchain/avr8/avr8-gnu-toolchain/bin/../lib/gcc/avr/5.4.0/../../../../avr/lib/avr6\libm.a(fp_pscA.o)
                0x000047b8                __fp_pscA
 .text.avr-libc.fplib
                0x000047c6        0xe c:/program files (x86)/atmel/studio/7.0/toolchain/avr8/avr8-gnu-toolchain/bin/../lib/gcc/avr/5.4.0/../../../../avr/lib/avr6\libm.a(fp_pscB.o)
                0x000047c6                __fp_pscB
 .text.avr-libc.fplib
                0x000047d4       0x22 c:/program files (x86)/atmel/studio/7.0/toolchain/avr8/avr8-gnu-toolchain/bin/../lib/gcc/avr/5.4.0/../../../../avr/lib/avr6\libm.a(fp_round.o)
                0x000047d4                __fp_round
 .text._hihTwiCallback
                0x000047f6       0x5a ../drivers\libIotLibrary.a(hih8120.o)
 .text.hih8120_initialise
                0x00004850       0x30 ../drivers\libIotLibrary.a(hih8120.o)
                0x00004850                hih8120_initialise
 .text.hih8120_wakeup
                0x00004880       0x2a ../drivers\libIotLibrary.a(hih8120.o)
                0x00004880                hih8120_wakeup
 .text.hih8120_measure
                0x000048aa       0x22 ../drivers\libIotLibrary.a(hih8120.o)
                0x000048aa                hih8120_measure
 .text.hih8120_getHumidity
                0x000048cc       0x28 ../drivers\libIotLibrary.a(hih8120.o)
                0x000048cc                hih8120_getHumidity
 .text.hih8120_getHumidityPercent_x10
                0x000048f4       0x12 ../drivers\libIotLibrary.a(hih8120.o)
                0x000048f4                hih8120_getHumidityPercent_x10
 .text.hih8120_getTemperature
                0x00004906       0x32 ../drivers\libIotLibrary.a(hih8120.o)
                0x00004906                hih8120_getTemperature
 .text._serialCallBack
                0x00004938       0x8c ../drivers\libIotLibrary.a(lora_driver.o)
 .text._uploadMessage
                0x000049c4       0xb4 ../drivers\libIotLibrary.a(lora_driver.o)
 .text._reply2ReturnCode
                0x00004a78       0xea ../drivers\libIotLibrary.a(lora_driver.o)
 .text._uploadMessageRc
                0x00004b62        0x6 ../drivers\libIotLibrary.a(lora_driver.o)
 .text.lora_driver_flushBuffers
                0x00004b68        0xe ../drivers\libIotLibrary.a(lora_driver.o)
                0x00004b68                lora_driver_flushBuffers
 .text.lora_driver_initialise
                0x00004b76       0x80 ../drivers\libIotLibrary.a(lora_driver.o)
                0x00004b76                lora_driver_initialise
 .text.lora_driver_resetRn2483
                0x00004bf6       0x1c ../drivers\libIotLibrary.a(lora_driver.o)
                0x00004bf6                lora_driver_resetRn2483
 .text.lora_driver_rn2483FactoryReset
                0x00004c12       0x24 ../drivers\libIotLibrary.a(lora_driver.o)
                0x00004c12                lora_driver_rn2483FactoryReset
 .text.lora_driver_getRn2483Hweui
                0x00004c36       0x38 ../drivers\libIotLibrary.a(lora_driver.o)
                0x00004c36                lora_driver_getRn2483Hweui
 .text.lora_driver_setDeviceIdentifier
                0x00004c6e       0x22 ../drivers\libIotLibrary.a(lora_driver.o)
                0x00004c6e                lora_driver_setDeviceIdentifier
 .text.lora_driver_setApplicationIdentifier
                0x00004c90       0x22 ../drivers\libIotLibrary.a(lora_driver.o)
                0x00004c90                lora_driver_setApplicationIdentifier
 .text.lora_driver_setApplicationKey
                0x00004cb2       0x22 ../drivers\libIotLibrary.a(lora_driver.o)
                0x00004cb2                lora_driver_setApplicationKey
 .text.lora_driver_saveMac
                0x00004cd4        0xc ../drivers\libIotLibrary.a(lora_driver.o)
                0x00004cd4                lora_driver_saveMac
 .text.lora_driver_join
                0x00004ce0       0x52 ../drivers\libIotLibrary.a(lora_driver.o)
                0x00004ce0                lora_driver_join
 .text.lora_driver_sendUploadMessage
                0x00004d32      0x196 ../drivers\libIotLibrary.a(lora_driver.o)
                0x00004d32                lora_driver_sendUploadMessage
 .text.lora_driver_setAdaptiveDataRate
                0x00004ec8       0x16 ../drivers\libIotLibrary.a(lora_driver.o)
                0x00004ec8                lora_driver_setAdaptiveDataRate
 .text.lora_driver_setReceiveDelay
                0x00004ede       0x30 ../drivers\libIotLibrary.a(lora_driver.o)
                0x00004ede                lora_driver_setReceiveDelay
 .text.lora_driver_configureToEu868
                0x00004f0e      0x1bc ../drivers\libIotLibrary.a(lora_driver.o)
                0x00004f0e                lora_driver_configureToEu868
 .text.lora_driver_setOtaaIdentity
                0x000050ca       0x42 ../drivers\libIotLibrary.a(lora_driver.o)
                0x000050ca                lora_driver_setOtaaIdentity
 .text.lora_driver_mapReturnCodeToText
                0x0000510c       0x18 ../drivers\libIotLibrary.a(lora_driver.o)
                0x0000510c                lora_driver_mapReturnCodeToText
 .text.decode_port_no
                0x00005124       0x58 ../drivers\libIotLibrary.a(lora_driver_utils.o)
                0x00005124                decode_port_no
 .text.decode_hexadecimal_string_bytes
                0x0000517c       0x92 ../drivers\libIotLibrary.a(lora_driver_utils.o)
                0x0000517c                decode_hexadecimal_string_bytes
 .text._serialCallBack
                0x0000520e       0xb6 ../drivers\libIotLibrary.a(mh_z19.o)
 .text.mh_z19_initialise
                0x000052c4       0x4a ../drivers\libIotLibrary.a(mh_z19.o)
                0x000052c4                mh_z19_initialise
 .text.mh_z19_injectCallBack
                0x0000530e        0xa ../drivers\libIotLibrary.a(mh_z19.o)
                0x0000530e                mh_z19_injectCallBack
 .text.mh_z19_takeMeassuring
                0x00005318       0x5e ../drivers\libIotLibrary.a(mh_z19.o)
                0x00005318                mh_z19_takeMeassuring
 .text.rc_servo_setPosition
                0x00005376       0x30 ../drivers\libIotLibrary.a(rc_servo.o)
                0x00005376                rc_servo_setPosition
 .text.rc_servo_initialise
                0x000053a6       0x38 ../drivers\libIotLibrary.a(rc_servo.o)
                0x000053a6                rc_servo_initialise
 .text.serial_create
                0x000053de      0x146 ../drivers\libIotLibrary.a(serial.o)
                0x000053de                serial_create
 .text.serial_sendByte
                0x00005524       0x56 ../drivers\libIotLibrary.a(serial.o)
                0x00005524                serial_sendByte
 .text.serial_sendBytes
                0x0000557a       0xaa ../drivers\libIotLibrary.a(serial.o)
                0x0000557a                serial_sendBytes
 .text.serial_getByte
                0x00005624       0x40 ../drivers\libIotLibrary.a(serial.o)
                0x00005624                serial_getByte
 .text.__vector_25
                0x00005664       0xa4 ../drivers\libIotLibrary.a(serial.o)
                0x00005664                __vector_25
 .text.__vector_26
                0x00005708       0x88 ../drivers\libIotLibrary.a(serial.o)
                0x00005708                __vector_26
 .text.__vector_36
                0x00005790       0xa4 ../drivers\libIotLibrary.a(serial.o)
                0x00005790                __vector_36
 .text.__vector_37
                0x00005834       0x88 ../drivers\libIotLibrary.a(serial.o)
                0x00005834                __vector_37
 .text.__vector_51
                0x000058bc       0xa4 ../drivers\libIotLibrary.a(serial.o)
                0x000058bc                __vector_51
 .text.__vector_52
                0x00005960       0x88 ../drivers\libIotLibrary.a(serial.o)
                0x00005960                __vector_52
 .text.__vector_54
                0x000059e8       0xa4 ../drivers\libIotLibrary.a(serial.o)
                0x000059e8                __vector_54
 .text.__vector_55
                0x00005a8c       0x88 ../drivers\libIotLibrary.a(serial.o)
                0x00005a8c                __vector_55
 .text.usart_getchar
                0x00005b14       0x2a ../drivers\libIotLibrary.a(stdio_driver.o)
 .text.usart_putchar
                0x00005b3e       0x12 ../drivers\libIotLibrary.a(stdio_driver.o)
 .text.stdio_initialise
                0x00005b50       0x52 ../drivers\libIotLibrary.a(stdio_driver.o)
                0x00005b50                stdio_initialise
 .text._callBack
                0x00005ba2       0x10 ../drivers\libIotLibrary.a(tsl2591.o)
 .text._tsl2591TwiCallback
                0x00005bb2       0x88 ../drivers\libIotLibrary.a(tsl2591.o)
 .text._twiTransmit
                0x00005c3a       0x26 ../drivers\libIotLibrary.a(tsl2591.o)
 .text.tsl2591_initialise
                0x00005c60       0x36 ../drivers\libIotLibrary.a(tsl2591.o)
                0x00005c60                tsl2591_initialise
 .text.tsl2591_enable
                0x00005c96       0x2a ../drivers\libIotLibrary.a(tsl2591.o)
                0x00005c96                tsl2591_enable
 .text.tsl2591_fetchData
                0x00005cc0       0x24 ../drivers\libIotLibrary.a(tsl2591.o)
                0x00005cc0                tsl2591_fetchData
 .text.tsl2591_getLux
                0x00005ce4      0x1be ../drivers\libIotLibrary.a(tsl2591.o)
                0x00005ce4                tsl2591_getLux
 .text._initTwiInterface
                0x00005ea2       0x22 ../drivers\libIotLibrary.a(twi.o)
 .text.twiCreate
                0x00005ec4       0x9a ../drivers\libIotLibrary.a(twi.o)
                0x00005ec4                twiCreate
 .text.twiIsBusy
                0x00005f5e        0x8 ../drivers\libIotLibrary.a(twi.o)
                0x00005f5e                twiIsBusy
 .text.twiTransmit
                0x00005f66       0x98 ../drivers\libIotLibrary.a(twi.o)
                0x00005f66                twiTransmit
 .text.twiReceive
                0x00005ffe       0x66 ../drivers\libIotLibrary.a(twi.o)
                0x00005ffe                twiReceive
 .text.__vector_39
                0x00006064      0x17a ../drivers\libIotLibrary.a(twi.o)
                0x00006064                __vector_39
 .text.fifo_init
                0x000061de       0x38 ../drivers\libIotLibrary.a(fifo.o)
                0x000061de                fifo_init
 .text.avr-libc
                0x00006216      0x712 c:/program files (x86)/atmel/studio/7.0/toolchain/avr8/avr8-gnu-toolchain/bin/../lib/gcc/avr/5.4.0/../../../../avr/lib/avr6\libprintf_flt.a(vfprintf_flt.o)
                0x00006216                vfprintf
 .text.avr-libc.fplib
                0x00006928        0x6 c:/program files (x86)/atmel/studio/7.0/toolchain/avr8/avr8-gnu-toolchain/bin/../lib/gcc/avr/5.4.0/../../../../avr/lib/avr6\libm.a(divsf3.o)
                0x00006928                __divsf3
 .text.avr-libc.fplib
                0x0000692e       0xdc c:/program files (x86)/atmel/studio/7.0/toolchain/avr8/avr8-gnu-toolchain/bin/../lib/gcc/avr/5.4.0/../../../../avr/lib/avr6\libm.a(divsf3x.o)
                0x0000694e                __divsf3x
                0x00006954                __divsf3_pse
 .text.avr-libc.fplib
                0x00006a0a       0x7a c:/program files (x86)/atmel/studio/7.0/toolchain/avr8/avr8-gnu-toolchain/bin/../lib/gcc/avr/5.4.0/../../../../avr/lib/avr6\libm.a(floatsisf.o)
                0x00006a0a                __floatunsisf
                0x00006a0e                __floatsisf
 .text.avr-libc.fplib
                0x00006a84        0x8 c:/program files (x86)/atmel/studio/7.0/toolchain/avr8/avr8-gnu-toolchain/bin/../lib/gcc/avr/5.4.0/../../../../avr/lib/avr6\libm.a(gesf2.o)
                0x00006a84                __gesf2
                0x00006a84                __gtsf2
 .text.avr-libc.fplib
                0x00006a8c       0x48 c:/program files (x86)/atmel/studio/7.0/toolchain/avr8/avr8-gnu-toolchain/bin/../lib/gcc/avr/5.4.0/../../../../avr/lib/avr6\libm.a(fp_cmp.o)
                0x00006a8c                __fp_cmp
 .text.libgcc.div
                0x00006ad4       0x44 c:/program files (x86)/atmel/studio/7.0/toolchain/avr8/avr8-gnu-toolchain/bin/../lib/gcc/avr/5.4.0/avr6\libgcc.a(_udivmodsi4.o)
                0x00006ad4                __udivmodsi4
 .text.libgcc   0x00006b18       0x10 c:/program files (x86)/atmel/studio/7.0/toolchain/avr8/avr8-gnu-toolchain/bin/../lib/gcc/avr/5.4.0/avr6\libgcc.a(_tablejump2.o)
                0x00006b18                __tablejump2__
 .text.libgcc.mul
                0x00006b28       0x1e c:/program files (x86)/atmel/studio/7.0/toolchain/avr8/avr8-gnu-toolchain/bin/../lib/gcc/avr/5.4.0/avr6\libgcc.a(_umulhisi3.o)
                0x00006b28                __umulhisi3
 .text.avr-libc
                0x00006b46       0x34 c:/program files (x86)/atmel/studio/7.0/toolchain/avr8/avr8-gnu-toolchain/bin/../lib/gcc/avr/5.4.0/../../../../avr/lib/avr6\libc.a(calloc.o)
                0x00006b46                calloc
 .text.avr-libc
                0x00006b7a      0x242 c:/program files (x86)/atmel/studio/7.0/toolchain/avr8/avr8-gnu-toolchain/bin/../lib/gcc/avr/5.4.0/../../../../avr/lib/avr6\libc.a(malloc.o)
                0x00006b7a                malloc
                0x00006caa                free
 .text.avr-libc
                0x00006dbc        0x8 c:/program files (x86)/atmel/studio/7.0/toolchain/avr8/avr8-gnu-toolchain/bin/../lib/gcc/avr/5.4.0/../../../../avr/lib/avr6\libc.a(abort.o)
                0x00006dbc                abort
 .text.avr-libc
                0x00006dc4      0x1b0 c:/program files (x86)/atmel/studio/7.0/toolchain/avr8/avr8-gnu-toolchain/bin/../lib/gcc/avr/5.4.0/../../../../avr/lib/avr6\libc.a(ftoa_engine.o)
                0x00006dc4                __ftoa_engine
 .text.avr-libc
                0x00006f74       0x16 c:/program files (x86)/atmel/studio/7.0/toolchain/avr8/avr8-gnu-toolchain/bin/../lib/gcc/avr/5.4.0/../../../../avr/lib/avr6\libc.a(strnlen_P.o)
                0x00006f74                strnlen_P
 .text.avr-libc
                0x00006f8a       0x12 c:/program files (x86)/atmel/studio/7.0/toolchain/avr8/avr8-gnu-toolchain/bin/../lib/gcc/avr/5.4.0/../../../../avr/lib/avr6\libc.a(memcpy.o)
                0x00006f8a                memcpy
 .text.avr-libc
                0x00006f9c        0xe c:/program files (x86)/atmel/studio/7.0/toolchain/avr8/avr8-gnu-toolchain/bin/../lib/gcc/avr/5.4.0/../../../../avr/lib/avr6\libc.a(memset.o)
                0x00006f9c                memset
 .text.avr-libc
                0x00006faa       0x4a c:/program files (x86)/atmel/studio/7.0/toolchain/avr8/avr8-gnu-toolchain/bin/../lib/gcc/avr/5.4.0/../../../../avr/lib/avr6\libc.a(strcasestr.o)
                0x00006faa                strcasestr
 .text.avr-libc
                0x00006ff4       0x16 c:/program files (x86)/atmel/studio/7.0/toolchain/avr8/avr8-gnu-toolchain/bin/../lib/gcc/avr/5.4.0/../../../../avr/lib/avr6\libc.a(strcat.o)
                0x00006ff4                strcat
 .text.avr-libc
                0x0000700a        0xe c:/program files (x86)/atmel/studio/7.0/toolchain/avr8/avr8-gnu-toolchain/bin/../lib/gcc/avr/5.4.0/../../../../avr/lib/avr6\libc.a(strcpy.o)
                0x0000700a                strcpy
 .text.avr-libc
                0x00007018       0x30 c:/program files (x86)/atmel/studio/7.0/toolchain/avr8/avr8-gnu-toolchain/bin/../lib/gcc/avr/5.4.0/../../../../avr/lib/avr6\libc.a(strncasecmp.o)
                0x00007018                strncasecmp
 .text.avr-libc
                0x00007048       0x16 c:/program files (x86)/atmel/studio/7.0/toolchain/avr8/avr8-gnu-toolchain/bin/../lib/gcc/avr/5.4.0/../../../../avr/lib/avr6\libc.a(strnlen.o)
                0x00007048                strnlen
 .text.avr-libc
                0x0000705e       0x78 c:/program files (x86)/atmel/studio/7.0/toolchain/avr8/avr8-gnu-toolchain/bin/../lib/gcc/avr/5.4.0/../../../../avr/lib/avr6\libc.a(fputc.o)
                0x0000705e                fputc
 .text.avr-libc
                0x000070d6       0x26 c:/program files (x86)/atmel/studio/7.0/toolchain/avr8/avr8-gnu-toolchain/bin/../lib/gcc/avr/5.4.0/../../../../avr/lib/avr6\libc.a(printf.o)
                0x000070d6                printf
 .text.avr-libc
                0x000070fc       0x60 c:/program files (x86)/atmel/studio/7.0/toolchain/avr8/avr8-gnu-toolchain/bin/../lib/gcc/avr/5.4.0/../../../../avr/lib/avr6\libc.a(puts.o)
                0x000070fc                puts
 .text.avr-libc
                0x0000715c       0x5c c:/program files (x86)/atmel/studio/7.0/toolchain/avr8/avr8-gnu-toolchain/bin/../lib/gcc/avr/5.4.0/../../../../avr/lib/avr6\libc.a(sprintf.o)
                0x0000715c                sprintf
 .text.avr-libc
                0x000071b8        0xe c:/program files (x86)/atmel/studio/7.0/toolchain/avr8/avr8-gnu-toolchain/bin/../lib/gcc/avr/5.4.0/../../../../avr/lib/avr6\libc.a(vprintf.o)
                0x000071b8                vprintf
 .text.avr-libc
                0x000071c6       0xbc c:/program files (x86)/atmel/studio/7.0/toolchain/avr8/avr8-gnu-toolchain/bin/../lib/gcc/avr/5.4.0/../../../../avr/lib/avr6\libc.a(ultoa_invert.o)
                0x000071c6                __ultoa_invert
                0x00007282                . = ALIGN (0x2)
 *(.fini9)
 .fini9         0x00007282        0x0 c:/program files (x86)/atmel/studio/7.0/toolchain/avr8/avr8-gnu-toolchain/bin/../lib/gcc/avr/5.4.0/avr6\libgcc.a(_exit.o)
                0x00007282                _exit
                0x00007282                exit
 *(.fini9)
 *(.fini8)
 *(.fini8)
 *(.fini7)
 *(.fini7)
 *(.fini6)
 *(.fini6)
 *(.fini5)
 *(.fini5)
 *(.fini4)
 *(.fini4)
 *(.fini3)
 *(.fini3)
 *(.fini2)
 *(.fini2)
 *(.fini1)
 *(.fini1)
 *(.fini0)
 .fini0         0x00007282        0x4 c:/program files (x86)/atmel/studio/7.0/toolchain/avr8/avr8-gnu-toolchain/bin/../lib/gcc/avr/5.4.0/avr6\libgcc.a(_exit.o)
 *(.fini0)
                0x00007286                _etext = .

.data           0x00800200      0x552 load address 0x00007286
                0x00800200                PROVIDE (__data_start, .)
 *(.data)
 .data          0x00800200        0x6 c:/program files (x86)/atmel/studio/7.0/toolchain/avr8/avr8-gnu-toolchain/bin/../lib/gcc/avr/5.4.0/../../../../avr/lib/avr6\libc.a(malloc.o)
                0x00800200                __malloc_heap_end
                0x00800202                __malloc_heap_start
                0x00800204                __malloc_margin
 *(.data*)
 .data.uxTopUsedPriority
                0x00800206        0x1 FreeRTOS/src/tasks.o
                0x00800206                uxTopUsedPriority
 .data._temp    0x00800207        0x2 ../drivers\libIotLibrary.a(hih8120.o)
 .data._hum     0x00800209        0x2 ../drivers\libIotLibrary.a(hih8120.o)
 .data._com_port_2_udr
                0x0080020b        0x8 ../drivers\libIotLibrary.a(serial.o)
                0x0080020b                _com_port_2_udr
 .data.mystdout.1882
                0x00800213        0xe ../drivers\libIotLibrary.a(stdio_driver.o)
 .data._twiCurrentState
                0x00800221        0x1 ../drivers\libIotLibrary.a(twi.o)
 *(.gnu.linkonce.d*)
 *(.rodata)
 .rodata        0x00800222       0x20 ../drivers\libIotLibrary.a(lora_driver.o)
 .rodata        0x00800242       0x2d ../drivers\libIotLibrary.a(mh_z19.o)
 *(.rodata*)
 .rodata.str1.1
                0x0080026f        0x8 CO2Handler.o
 .rodata.str1.1
                0x00800277       0x56 DownlinkHandler.o
 .rodata.str1.1
                0x008002cd       0x61 LightHandler.o
 .rodata.str1.1
                0x0080032e       0x21 SharedSensorData.o
 .rodata.str1.1
                0x0080034f       0x44 TemperatureHandler.o
 .rodata.str1.1
                0x00800393       0xd6 UplinkHandler.o
 .rodata.str1.1
                0x00800469        0x5 FreeRTOS/src/tasks.o
 .rodata.str1.1
                0x0080046e        0x8 FreeRTOS/src/timers.o
 .rodata.str1.1
                0x00800476        0xf main.o
 .rodata.str1.1
                0x00800485      0x295 ../drivers\libIotLibrary.a(lora_driver.o)
                                0x2a5 (size before relaxing)
 .rodata._joinMode
                0x0080071a        0x4 ../drivers\libIotLibrary.a(lora_driver.o)
 .rodata._returnCode
                0x0080071e       0x33 ../drivers\libIotLibrary.a(lora_driver.o)
                0x0080071e                _returnCode
 *(.gnu.linkonce.r*)
                0x00800752                . = ALIGN (0x2)
 *fill*         0x00800751        0x1 
                0x00800752                _edata = .
                0x00800752                PROVIDE (__data_end, .)

.bss            0x00800752      0xe23
                0x00800752                PROVIDE (__bss_start, .)
 *(.bss)
 *(.bss*)
 .bss.downlinkPayload
                0x00800752       0x16 DownlinkHandler.o
 .bss.lux_val   0x00800768        0x2 LightHandler.o
                0x00800768                lux_val
 .bss._uplink_payload
                0x0080076a       0x16 UplinkHandler.o
 .bss.xBlockAllocatedBit
                0x00800780        0x2 FreeRTOS/src/heap_4.o
 .bss.xNumberOfSuccessfulFrees
                0x00800782        0x2 FreeRTOS/src/heap_4.o
 .bss.xNumberOfSuccessfulAllocations
                0x00800784        0x2 FreeRTOS/src/heap_4.o
 .bss.xMinimumEverFreeBytesRemaining
                0x00800786        0x2 FreeRTOS/src/heap_4.o
 .bss.xFreeBytesRemaining
                0x00800788        0x2 FreeRTOS/src/heap_4.o
 .bss.pxEnd     0x0080078a        0x2 FreeRTOS/src/heap_4.o
 .bss.xStart    0x0080078c        0x4 FreeRTOS/src/heap_4.o
 .bss.ucHeap    0x00800790      0xbb8 FreeRTOS/src/heap_4.o
 .bss.uxSchedulerSuspended
                0x00801348        0x1 FreeRTOS/src/tasks.o
 .bss.xIdleTaskHandle
                0x00801349        0x2 FreeRTOS/src/tasks.o
 .bss.xNextTaskUnblockTime
                0x0080134b        0x4 FreeRTOS/src/tasks.o
 .bss.uxTaskNumber
                0x0080134f        0x1 FreeRTOS/src/tasks.o
 .bss.xNumOfOverflows
                0x00801350        0x1 FreeRTOS/src/tasks.o
 .bss.xYieldPending
                0x00801351        0x1 FreeRTOS/src/tasks.o
 .bss.xPendedTicks
                0x00801352        0x4 FreeRTOS/src/tasks.o
 .bss.xSchedulerRunning
                0x00801356        0x1 FreeRTOS/src/tasks.o
 .bss.uxTopReadyPriority
                0x00801357        0x1 FreeRTOS/src/tasks.o
 .bss.xTickCount
                0x00801358        0x4 FreeRTOS/src/tasks.o
 .bss.uxCurrentNumberOfTasks
                0x0080135c        0x1 FreeRTOS/src/tasks.o
 .bss.xSuspendedTaskList
                0x0080135d        0xb FreeRTOS/src/tasks.o
 .bss.uxDeletedTasksWaitingCleanUp
                0x00801368        0x1 FreeRTOS/src/tasks.o
 .bss.xTasksWaitingTermination
                0x00801369        0xb FreeRTOS/src/tasks.o
 .bss.xPendingReadyList
                0x00801374        0xb FreeRTOS/src/tasks.o
 .bss.pxOverflowDelayedTaskList
                0x0080137f        0x2 FreeRTOS/src/tasks.o
 .bss.pxDelayedTaskList
                0x00801381        0x2 FreeRTOS/src/tasks.o
 .bss.xDelayedTaskList2
                0x00801383        0xb FreeRTOS/src/tasks.o
 .bss.xDelayedTaskList1
                0x0080138e        0xb FreeRTOS/src/tasks.o
 .bss.pxReadyTasksLists
                0x00801399       0x6e FreeRTOS/src/tasks.o
 .bss.pxCurrentTCB
                0x00801407        0x2 FreeRTOS/src/tasks.o
                0x00801407                pxCurrentTCB
 .bss.xLastTime.2436
                0x00801409        0x4 FreeRTOS/src/timers.o
 .bss.xTimerTaskHandle
                0x0080140d        0x2 FreeRTOS/src/timers.o
 .bss.xTimerQueue
                0x0080140f        0x2 FreeRTOS/src/timers.o
 .bss.pxOverflowTimerList
                0x00801411        0x2 FreeRTOS/src/timers.o
 .bss.pxCurrentTimerList
                0x00801413        0x2 FreeRTOS/src/timers.o
 .bss.xActiveTimerList2
                0x00801415        0xb FreeRTOS/src/timers.o
 .bss.xActiveTimerList1
                0x00801420        0xb FreeRTOS/src/timers.o
 .bss.downLinkMessageBufferHandle
                0x0080142b        0x2 main.o
                0x0080142b                downLinkMessageBufferHandle
 .bss.taskReadyBits
                0x0080142d        0x2 main.o
                0x0080142d                taskReadyBits
 .bss._measuringIsReady
                0x0080142f        0x1 ../drivers\libIotLibrary.a(hih8120.o)
 .bss._hih8120Handler
                0x00801430        0x2 ../drivers\libIotLibrary.a(hih8120.o)
 .bss._tmp_buf.2871
                0x00801432       0x37 ../drivers\libIotLibrary.a(lora_driver.o)
 .bss.rec_buf_inp.2878
                0x00801469        0x1 ../drivers\libIotLibrary.a(lora_driver.o)
 .bss._downlinkMessageBuffer
                0x0080146a        0x2 ../drivers\libIotLibrary.a(lora_driver.o)
 .bss._serialReplyBufferHandle
                0x0080146c        0x2 ../drivers\libIotLibrary.a(lora_driver.o)
 .bss._rn2483_serial
                0x0080146e        0x2 ../drivers\libIotLibrary.a(lora_driver.o)
 .bss._downlinkPayload
                0x00801470       0x16 ../drivers\libIotLibrary.a(lora_driver.o)
 .bss._payLoadHexBytes
                0x00801486       0x15 ../drivers\libIotLibrary.a(lora_driver.o)
 .bss._recMessageBuf
                0x0080149b       0x2d ../drivers\libIotLibrary.a(lora_driver.o)
 .bss._sendMessage
                0x008014c8       0x2d ../drivers\libIotLibrary.a(lora_driver.o)
 .bss._replyMess
                0x008014f5       0x2d ../drivers\libIotLibrary.a(lora_driver.o)
 .bss.data.1944
                0x00801522        0x2 ../drivers\libIotLibrary.a(mh_z19.o)
 .bss.inDex.1943
                0x00801524        0x1 ../drivers\libIotLibrary.a(mh_z19.o)
 .bss.crc_sum.1945
                0x00801525        0x1 ../drivers\libIotLibrary.a(mh_z19.o)
 .bss._appCallBack
                0x00801526        0x2 ../drivers\libIotLibrary.a(mh_z19.o)
 .bss._mh_state
                0x00801528        0x1 ../drivers\libIotLibrary.a(mh_z19.o)
                0x00801528                _mh_state
 .bss._ppm      0x00801529        0x2 ../drivers\libIotLibrary.a(mh_z19.o)
 .bss._serial   0x0080152b        0x2 ../drivers\libIotLibrary.a(mh_z19.o)
 .bss._ser_handle
                0x0080152d        0x8 ../drivers\libIotLibrary.a(serial.o)
 .bss._com_serial_instance
                0x00801535        0x2 ../drivers\libIotLibrary.a(stdio_driver.o)
 .bss._infraredRaw
                0x00801537        0x2 ../drivers\libIotLibrary.a(tsl2591.o)
 .bss._fullSpectrumRaw
                0x00801539        0x2 ../drivers\libIotLibrary.a(tsl2591.o)
 .bss._deviceId
                0x0080153b        0x1 ../drivers\libIotLibrary.a(tsl2591.o)
 .bss._currentIntegrationTime
                0x0080153c        0x1 ../drivers\libIotLibrary.a(tsl2591.o)
 .bss._currentGain
                0x0080153d        0x1 ../drivers\libIotLibrary.a(tsl2591.o)
 .bss._nextState
                0x0080153e        0x1 ../drivers\libIotLibrary.a(tsl2591.o)
 .bss._callBackFunction
                0x0080153f        0x2 ../drivers\libIotLibrary.a(tsl2591.o)
 .bss._twiHandler
                0x00801541        0x2 ../drivers\libIotLibrary.a(tsl2591.o)
 .bss._index.1885
                0x00801543        0x1 ../drivers\libIotLibrary.a(twi.o)
 .bss._twiCurrentHandler
                0x00801544        0x2 ../drivers\libIotLibrary.a(twi.o)
 .bss._twiMessageLen
                0x00801546        0x1 ../drivers\libIotLibrary.a(twi.o)
 .bss._twiMessageBuffer
                0x00801547        0xa ../drivers\libIotLibrary.a(twi.o)
 .bss._twiIsInitiated
                0x00801551        0x1 ../drivers\libIotLibrary.a(twi.o)
 *(COMMON)
 COMMON         0x00801552        0x9 CO2Handler.o
                0x00801552                rc
                0x00801553                ppm
                0x00801555                ready_bit
                0x00801559                group_start
 COMMON         0x0080155b        0x2 SharedPrintf.o
                0x0080155b                xMutexPrint
 COMMON         0x0080155d        0x8 SharedSensorData.o
                0x0080155d                tempHum
                0x0080155f                co2
                0x00801561                light
                0x00801563                xMutexSemaphore
 COMMON         0x00801565        0x6 main.o
                0x00801565                temperature_sensor
                0x00801567                lighthandler
                0x00801569                co2_sensor
 COMMON         0x0080156b        0x4 c:/program files (x86)/atmel/studio/7.0/toolchain/avr8/avr8-gnu-toolchain/bin/../lib/gcc/avr/5.4.0/../../../../avr/lib/avr6\libc.a(malloc.o)
                0x0080156b                __brkval
                0x0080156d                __flp
 COMMON         0x0080156f        0x6 c:/program files (x86)/atmel/studio/7.0/toolchain/avr8/avr8-gnu-toolchain/bin/../lib/gcc/avr/5.4.0/../../../../avr/lib/avr6\libc.a(iob.o)
                0x0080156f                __iob
                0x00801575                PROVIDE (__bss_end, .)
                0x00007286                __data_load_start = LOADADDR (.data)
                0x000077d8                __data_load_end = (__data_load_start + SIZEOF (.data))

.noinit         0x00801575        0x0
                [!provide]                PROVIDE (__noinit_start, .)
 *(.noinit*)
                [!provide]                PROVIDE (__noinit_end, .)
                0x00801575                _end = .
                0x00801575                PROVIDE (__heap_start, .)

.eeprom         0x00810000        0x0
 *(.eeprom*)
                0x00810000                __eeprom_end = .

.fuse
 *(.fuse)
 *(.lfuse)
 *(.hfuse)
 *(.efuse)

.lock
 *(.lock*)

.signature
 *(.signature*)

.user_signatures
 *(.user_signatures*)

.stab
 *(.stab)

.stabstr
 *(.stabstr)

.stab.excl
 *(.stab.excl)

.stab.exclstr
 *(.stab.exclstr)

.stab.index
 *(.stab.index)

.stab.indexstr
 *(.stab.indexstr)

.comment        0x00000000       0x5c
 *(.comment)
 .comment       0x00000000       0x30 CO2Handler.o
                                 0x31 (size before relaxing)
 .comment       0x00000030       0x31 DownlinkHandler.o
 .comment       0x00000030       0x31 LightHandler.o
 .comment       0x00000030       0x31 SharedPrintf.o
 .comment       0x00000030       0x31 SharedSensorData.o
 .comment       0x00000030       0x31 TemperatureHandler.o
 .comment       0x00000030       0x31 UplinkHandler.o
 .comment       0x00000030       0x31 FreeRTOS/src/event_groups.o
 .comment       0x00000030       0x31 FreeRTOS/src/heap_4.o
 .comment       0x00000030       0x31 FreeRTOS/src/list.o
 .comment       0x00000030       0x31 FreeRTOS/src/port.o
 .comment       0x00000030       0x31 FreeRTOS/src/queue.o
 .comment       0x00000030       0x31 FreeRTOS/src/stream_buffer.o
 .comment       0x00000030       0x31 FreeRTOS/src/tasks.o
 .comment       0x00000030       0x31 FreeRTOS/src/timers.o
 .comment       0x00000030       0x31 FreeRTOS/src/variantHooks.o
 .comment       0x00000030       0x31 main.o
 .comment       0x00000030       0x31 ../drivers\libIotLibrary.a(hih8120.o)
 .comment       0x00000030       0x31 ../drivers\libIotLibrary.a(lora_driver.o)
 .comment       0x00000030       0x31 ../drivers\libIotLibrary.a(lora_driver_utils.o)
 .comment       0x00000030       0x31 ../drivers\libIotLibrary.a(mh_z19.o)
 .comment       0x00000030       0x31 ../drivers\libIotLibrary.a(rc_servo.o)
 .comment       0x00000030       0x31 ../drivers\libIotLibrary.a(serial.o)
 .comment       0x00000030       0x31 ../drivers\libIotLibrary.a(stdio_driver.o)
 .comment       0x00000030       0x31 ../drivers\libIotLibrary.a(tsl2591.o)
 .comment       0x00000030       0x31 ../drivers\libIotLibrary.a(twi.o)
 .comment       0x00000030       0x31 ../drivers\libIotLibrary.a(fifo.o)
 .comment       0x00000030       0x2c c:/program files (x86)/atmel/studio/7.0/toolchain/avr8/avr8-gnu-toolchain/bin/../lib/gcc/avr/5.4.0/../../../../avr/lib/avr6\libprintf_flt.a(vfprintf_flt.o)
                                 0x2d (size before relaxing)
 .comment       0x0000005c       0x31 c:/program files (x86)/atmel/studio/7.0/toolchain/avr8/avr8-gnu-toolchain/bin/../lib/gcc/avr/5.4.0/../../../../avr/lib/avr6\libc.a(calloc.o)
 .comment       0x0000005c       0x31 c:/program files (x86)/atmel/studio/7.0/toolchain/avr8/avr8-gnu-toolchain/bin/../lib/gcc/avr/5.4.0/../../../../avr/lib/avr6\libc.a(malloc.o)
 .comment       0x0000005c       0x31 c:/program files (x86)/atmel/studio/7.0/toolchain/avr8/avr8-gnu-toolchain/bin/../lib/gcc/avr/5.4.0/../../../../avr/lib/avr6\libc.a(fputc.o)
 .comment       0x0000005c       0x31 c:/program files (x86)/atmel/studio/7.0/toolchain/avr8/avr8-gnu-toolchain/bin/../lib/gcc/avr/5.4.0/../../../../avr/lib/avr6\libc.a(iob.o)
 .comment       0x0000005c       0x31 c:/program files (x86)/atmel/studio/7.0/toolchain/avr8/avr8-gnu-toolchain/bin/../lib/gcc/avr/5.4.0/../../../../avr/lib/avr6\libc.a(printf.o)
 .comment       0x0000005c       0x31 c:/program files (x86)/atmel/studio/7.0/toolchain/avr8/avr8-gnu-toolchain/bin/../lib/gcc/avr/5.4.0/../../../../avr/lib/avr6\libc.a(puts.o)
 .comment       0x0000005c       0x31 c:/program files (x86)/atmel/studio/7.0/toolchain/avr8/avr8-gnu-toolchain/bin/../lib/gcc/avr/5.4.0/../../../../avr/lib/avr6\libc.a(sprintf.o)
 .comment       0x0000005c       0x31 c:/program files (x86)/atmel/studio/7.0/toolchain/avr8/avr8-gnu-toolchain/bin/../lib/gcc/avr/5.4.0/../../../../avr/lib/avr6\libc.a(vprintf.o)

.note.gnu.avr.deviceinfo
                0x00000000       0x40
 .note.gnu.avr.deviceinfo
                0x00000000       0x40 C:/Program Files (x86)/Atmel/Studio/7.0/Packs/atmel/ATmega_DFP/1.6.364/gcc/dev/atmega2560/avr6/crtatmega2560.o

.note.gnu.build-id
 *(.note.gnu.build-id)

.debug
 *(.debug)

.line
 *(.line)

.debug_srcinfo
 *(.debug_srcinfo)

.debug_sfnames
 *(.debug_sfnames)

.debug_aranges  0x00000000      0xc10
 *(.debug_aranges)
 .debug_aranges
                0x00000000       0x48 CO2Handler.o
 .debug_aranges
                0x00000048       0x30 DownlinkHandler.o
 .debug_aranges
                0x00000078       0x50 LightHandler.o
 .debug_aranges
                0x000000c8       0x28 SharedPrintf.o
 .debug_aranges
                0x000000f0       0x58 SharedSensorData.o
 .debug_aranges
                0x00000148       0x50 TemperatureHandler.o
 .debug_aranges
                0x00000198       0x30 UplinkHandler.o
 .debug_aranges
                0x000001c8       0x68 FreeRTOS/src/event_groups.o
 .debug_aranges
                0x00000230       0x58 FreeRTOS/src/heap_4.o
 .debug_aranges
                0x00000288       0x40 FreeRTOS/src/list.o
 .debug_aranges
                0x000002c8       0x58 FreeRTOS/src/port.o
 .debug_aranges
                0x00000320       0xf8 FreeRTOS/src/queue.o
 .debug_aranges
                0x00000418       0xc0 FreeRTOS/src/stream_buffer.o
 .debug_aranges
                0x000004d8      0x1d0 FreeRTOS/src/tasks.o
 .debug_aranges
                0x000006a8       0xc8 FreeRTOS/src/timers.o
 .debug_aranges
                0x00000770       0x40 FreeRTOS/src/variantHooks.o
 .debug_aranges
                0x000007b0       0x38 main.o
 .debug_aranges
                0x000007e8       0x68 ../drivers\libIotLibrary.a(hih8120.o)
 .debug_aranges
                0x00000850      0x138 ../drivers\libIotLibrary.a(lora_driver.o)
 .debug_aranges
                0x00000988       0x28 ../drivers\libIotLibrary.a(lora_driver_utils.o)
 .debug_aranges
                0x000009b0       0x58 ../drivers\libIotLibrary.a(mh_z19.o)
 .debug_aranges
                0x00000a08       0x28 ../drivers\libIotLibrary.a(rc_servo.o)
 .debug_aranges
                0x00000a30       0x90 ../drivers\libIotLibrary.a(serial.o)
 .debug_aranges
                0x00000ac0       0x38 ../drivers\libIotLibrary.a(stdio_driver.o)
 .debug_aranges
                0x00000af8       0xa8 ../drivers\libIotLibrary.a(tsl2591.o)
 .debug_aranges
                0x00000ba0       0x50 ../drivers\libIotLibrary.a(twi.o)
 .debug_aranges
                0x00000bf0       0x20 ../drivers\libIotLibrary.a(fifo.o)

.debug_pubnames
 *(.debug_pubnames)

.debug_info     0x00000000     0xeb41
 *(.debug_info .gnu.linkonce.wi.*)
 .debug_info    0x00000000      0xbbc C:/Program Files (x86)/Atmel/Studio/7.0/Packs/atmel/ATmega_DFP/1.6.364/gcc/dev/atmega2560/avr6/crtatmega2560.o
 .debug_info    0x00000bbc      0x4cd CO2Handler.o
 .debug_info    0x00001089      0x2c9 DownlinkHandler.o
 .debug_info    0x00001352      0x581 LightHandler.o
 .debug_info    0x000018d3      0x207 SharedPrintf.o
 .debug_info    0x00001ada      0x5f3 SharedSensorData.o
 .debug_info    0x000020cd      0x571 TemperatureHandler.o
 .debug_info    0x0000263e      0x75f UplinkHandler.o
 .debug_info    0x00002d9d      0x971 FreeRTOS/src/event_groups.o
 .debug_info    0x0000370e      0x4e6 FreeRTOS/src/heap_4.o
 .debug_info    0x00003bf4      0x2e7 FreeRTOS/src/list.o
 .debug_info    0x00003edb      0x2ff FreeRTOS/src/port.o
 .debug_info    0x000041da     0x17e6 FreeRTOS/src/queue.o
 .debug_info    0x000059c0     0x13df FreeRTOS/src/stream_buffer.o
 .debug_info    0x00006d9f     0x2239 FreeRTOS/src/tasks.o
 .debug_info    0x00008fd8     0x10dd FreeRTOS/src/timers.o
 .debug_info    0x0000a0b5      0x20f FreeRTOS/src/variantHooks.o
 .debug_info    0x0000a2c4      0x3da main.o
 .debug_info    0x0000a69e      0x3a9 ../drivers\libIotLibrary.a(hih8120.o)
 .debug_info    0x0000aa47     0x1747 ../drivers\libIotLibrary.a(lora_driver.o)
 .debug_info    0x0000c18e      0x143 ../drivers\libIotLibrary.a(lora_driver_utils.o)
 .debug_info    0x0000c2d1      0x556 ../drivers\libIotLibrary.a(mh_z19.o)
 .debug_info    0x0000c827      0x10f ../drivers\libIotLibrary.a(rc_servo.o)
 .debug_info    0x0000c936      0xd9b ../drivers\libIotLibrary.a(serial.o)
 .debug_info    0x0000d6d1      0x3b6 ../drivers\libIotLibrary.a(stdio_driver.o)
 .debug_info    0x0000da87      0x99a ../drivers\libIotLibrary.a(tsl2591.o)
 .debug_info    0x0000e421      0x55d ../drivers\libIotLibrary.a(twi.o)
 .debug_info    0x0000e97e      0x1c3 ../drivers\libIotLibrary.a(fifo.o)

.debug_abbrev   0x00000000     0x3b09
 *(.debug_abbrev)
 .debug_abbrev  0x00000000      0xb1a C:/Program Files (x86)/Atmel/Studio/7.0/Packs/atmel/ATmega_DFP/1.6.364/gcc/dev/atmega2560/avr6/crtatmega2560.o
 .debug_abbrev  0x00000b1a      0x1f2 CO2Handler.o
 .debug_abbrev  0x00000d0c      0x139 DownlinkHandler.o
 .debug_abbrev  0x00000e45      0x1f0 LightHandler.o
 .debug_abbrev  0x00001035       0xf0 SharedPrintf.o
 .debug_abbrev  0x00001125      0x12a SharedSensorData.o
 .debug_abbrev  0x0000124f      0x1e3 TemperatureHandler.o
 .debug_abbrev  0x00001432      0x1cc UplinkHandler.o
 .debug_abbrev  0x000015fe      0x1dc FreeRTOS/src/event_groups.o
 .debug_abbrev  0x000017da      0x200 FreeRTOS/src/heap_4.o
 .debug_abbrev  0x000019da       0xff FreeRTOS/src/list.o
 .debug_abbrev  0x00001ad9      0x179 FreeRTOS/src/port.o
 .debug_abbrev  0x00001c52      0x241 FreeRTOS/src/queue.o
 .debug_abbrev  0x00001e93      0x246 FreeRTOS/src/stream_buffer.o
 .debug_abbrev  0x000020d9      0x2c8 FreeRTOS/src/tasks.o
 .debug_abbrev  0x000023a1      0x28c FreeRTOS/src/timers.o
 .debug_abbrev  0x0000262d       0xff FreeRTOS/src/variantHooks.o
 .debug_abbrev  0x0000272c      0x11f main.o
 .debug_abbrev  0x0000284b      0x184 ../drivers\libIotLibrary.a(hih8120.o)
 .debug_abbrev  0x000029cf      0x33b ../drivers\libIotLibrary.a(lora_driver.o)
 .debug_abbrev  0x00002d0a       0xc0 ../drivers\libIotLibrary.a(lora_driver_utils.o)
 .debug_abbrev  0x00002dca      0x238 ../drivers\libIotLibrary.a(mh_z19.o)
 .debug_abbrev  0x00003002       0xbc ../drivers\libIotLibrary.a(rc_servo.o)
 .debug_abbrev  0x000030be      0x355 ../drivers\libIotLibrary.a(serial.o)
 .debug_abbrev  0x00003413      0x1b3 ../drivers\libIotLibrary.a(stdio_driver.o)
 .debug_abbrev  0x000035c6      0x244 ../drivers\libIotLibrary.a(tsl2591.o)
 .debug_abbrev  0x0000380a      0x217 ../drivers\libIotLibrary.a(twi.o)
 .debug_abbrev  0x00003a21       0xe8 ../drivers\libIotLibrary.a(fifo.o)

.debug_line     0x00000000     0x7498
 *(.debug_line .debug_line.* .debug_line_end)
 .debug_line    0x00000000      0x1fa C:/Program Files (x86)/Atmel/Studio/7.0/Packs/atmel/ATmega_DFP/1.6.364/gcc/dev/atmega2560/avr6/crtatmega2560.o
 .debug_line    0x000001fa      0x215 CO2Handler.o
 .debug_line    0x0000040f      0x191 DownlinkHandler.o
 .debug_line    0x000005a0      0x26f LightHandler.o
 .debug_line    0x0000080f      0x188 SharedPrintf.o
 .debug_line    0x00000997      0x2c4 SharedSensorData.o
 .debug_line    0x00000c5b      0x265 TemperatureHandler.o
 .debug_line    0x00000ec0      0x2fe UplinkHandler.o
 .debug_line    0x000011be      0x413 FreeRTOS/src/event_groups.o
 .debug_line    0x000015d1      0x41f FreeRTOS/src/heap_4.o
 .debug_line    0x000019f0      0x1db FreeRTOS/src/list.o
 .debug_line    0x00001bcb      0x28a FreeRTOS/src/port.o
 .debug_line    0x00001e55      0xbe3 FreeRTOS/src/queue.o
 .debug_line    0x00002a38      0x79a FreeRTOS/src/stream_buffer.o
 .debug_line    0x000031d2     0x15ba FreeRTOS/src/tasks.o
 .debug_line    0x0000478c      0x624 FreeRTOS/src/timers.o
 .debug_line    0x00004db0      0x1af FreeRTOS/src/variantHooks.o
 .debug_line    0x00004f5f      0x2db main.o
 .debug_line    0x0000523a      0x24a ../drivers\libIotLibrary.a(hih8120.o)
 .debug_line    0x00005484      0x9aa ../drivers\libIotLibrary.a(lora_driver.o)
 .debug_line    0x00005e2e      0x195 ../drivers\libIotLibrary.a(lora_driver_utils.o)
 .debug_line    0x00005fc3      0x2fc ../drivers\libIotLibrary.a(mh_z19.o)
 .debug_line    0x000062bf       0xfd ../drivers\libIotLibrary.a(rc_servo.o)
 .debug_line    0x000063bc      0x6a0 ../drivers\libIotLibrary.a(serial.o)
 .debug_line    0x00006a5c      0x146 ../drivers\libIotLibrary.a(stdio_driver.o)
 .debug_line    0x00006ba2      0x4bf ../drivers\libIotLibrary.a(tsl2591.o)
 .debug_line    0x00007061      0x31c ../drivers\libIotLibrary.a(twi.o)
 .debug_line    0x0000737d      0x11b ../drivers\libIotLibrary.a(fifo.o)

.debug_frame    0x00000000     0x2b3c
 *(.debug_frame)
 .debug_frame   0x00000000       0xd4 CO2Handler.o
 .debug_frame   0x000000d4       0x94 DownlinkHandler.o
 .debug_frame   0x00000168      0x120 LightHandler.o
 .debug_frame   0x00000288       0x48 SharedPrintf.o
 .debug_frame   0x000002d0      0x150 SharedSensorData.o
 .debug_frame   0x00000420       0xf0 TemperatureHandler.o
 .debug_frame   0x00000510       0x80 UplinkHandler.o
 .debug_frame   0x00000590      0x1dc FreeRTOS/src/event_groups.o
 .debug_frame   0x0000076c       0xfc FreeRTOS/src/heap_4.o
 .debug_frame   0x00000868       0x90 FreeRTOS/src/list.o
 .debug_frame   0x000008f8       0x94 FreeRTOS/src/port.o
 .debug_frame   0x0000098c      0x3a4 FreeRTOS/src/queue.o
 .debug_frame   0x00000d30      0x40c FreeRTOS/src/stream_buffer.o
 .debug_frame   0x0000113c      0x7a0 FreeRTOS/src/tasks.o
 .debug_frame   0x000018dc      0x3ac FreeRTOS/src/timers.o
 .debug_frame   0x00001c88       0x64 FreeRTOS/src/variantHooks.o
 .debug_frame   0x00001cec       0x60 main.o
 .debug_frame   0x00001d4c       0xc0 ../drivers\libIotLibrary.a(hih8120.o)
 .debug_frame   0x00001e0c      0x460 ../drivers\libIotLibrary.a(lora_driver.o)
 .debug_frame   0x0000226c       0x48 ../drivers\libIotLibrary.a(lora_driver_utils.o)
 .debug_frame   0x000022b4      0x100 ../drivers\libIotLibrary.a(mh_z19.o)
 .debug_frame   0x000023b4       0x34 ../drivers\libIotLibrary.a(rc_servo.o)
 .debug_frame   0x000023e8      0x384 ../drivers\libIotLibrary.a(serial.o)
 .debug_frame   0x0000276c       0x94 ../drivers\libIotLibrary.a(stdio_driver.o)
 .debug_frame   0x00002800      0x1ec ../drivers\libIotLibrary.a(tsl2591.o)
 .debug_frame   0x000029ec      0x12c ../drivers\libIotLibrary.a(twi.o)
 .debug_frame   0x00002b18       0x24 ../drivers\libIotLibrary.a(fifo.o)

.debug_str      0x00000000     0x4a78
 *(.debug_str)
 .debug_str     0x00000000      0x3e6 C:/Program Files (x86)/Atmel/Studio/7.0/Packs/atmel/ATmega_DFP/1.6.364/gcc/dev/atmega2560/avr6/crtatmega2560.o
 .debug_str     0x000003e6      0x382 CO2Handler.o
                                0x3df (size before relaxing)
 .debug_str     0x00000768      0x139 DownlinkHandler.o
                                0x2e7 (size before relaxing)
 .debug_str     0x000008a1      0x1f2 LightHandler.o
                                0x45f (size before relaxing)
 .debug_str     0x00000a93       0xc8 SharedPrintf.o
                                0x274 (size before relaxing)
 .debug_str     0x00000b5b       0xf8 SharedSensorData.o
                                0x39b (size before relaxing)
 .debug_str     0x00000c53      0x153 TemperatureHandler.o
                                0x433 (size before relaxing)
 .debug_str     0x00000da6      0x3d5 UplinkHandler.o
                                0x6ac (size before relaxing)
 .debug_str     0x0000117b      0x364 FreeRTOS/src/event_groups.o
                                0x59d (size before relaxing)
 .debug_str     0x000014df      0x2ce FreeRTOS/src/heap_4.o
                                0x493 (size before relaxing)
 .debug_str     0x000017ad       0x89 FreeRTOS/src/list.o
                                0x2cf (size before relaxing)
 .debug_str     0x00001836      0x147 FreeRTOS/src/port.o
                                0x304 (size before relaxing)
 .debug_str     0x0000197d      0x5f6 FreeRTOS/src/queue.o
                                0x943 (size before relaxing)
 .debug_str     0x00001f73      0x4b1 FreeRTOS/src/stream_buffer.o
                                0x7cc (size before relaxing)
 .debug_str     0x00002424      0x88f FreeRTOS/src/tasks.o
                                0xf64 (size before relaxing)
 .debug_str     0x00002cb3      0x414 FreeRTOS/src/timers.o
                                0x83a (size before relaxing)
 .debug_str     0x000030c7       0x7a FreeRTOS/src/variantHooks.o
                                0x27b (size before relaxing)
 .debug_str     0x00003141       0xe5 main.o
                                0x3f6 (size before relaxing)
 .debug_str     0x00003226      0x2e6 ../drivers\libIotLibrary.a(hih8120.o)
                                0x45c (size before relaxing)
 .debug_str     0x0000350c      0x68f ../drivers\libIotLibrary.a(lora_driver.o)
                                0xcdb (size before relaxing)
 .debug_str     0x00003b9b       0x4f ../drivers\libIotLibrary.a(lora_driver_utils.o)
                                0x206 (size before relaxing)
 .debug_str     0x00003bea      0x117 ../drivers\libIotLibrary.a(mh_z19.o)
                                0x489 (size before relaxing)
 .debug_str     0x00003d01       0x3c ../drivers\libIotLibrary.a(rc_servo.o)
                                0x1e2 (size before relaxing)
 .debug_str     0x00003d3d      0x2e0 ../drivers\libIotLibrary.a(serial.o)
                                0x628 (size before relaxing)
 .debug_str     0x0000401d       0xa6 ../drivers\libIotLibrary.a(stdio_driver.o)
                                0x37d (size before relaxing)
 .debug_str     0x000040c3      0x6b3 ../drivers\libIotLibrary.a(tsl2591.o)
                                0xaaf (size before relaxing)
 .debug_str     0x00004776      0x2e0 ../drivers\libIotLibrary.a(twi.o)
                                0x5b4 (size before relaxing)
 .debug_str     0x00004a56       0x22 ../drivers\libIotLibrary.a(fifo.o)
                                0x239 (size before relaxing)

.debug_loc      0x00000000     0xd5f3
 *(.debug_loc)
 .debug_loc     0x00000000      0x2f3 CO2Handler.o
 .debug_loc     0x000002f3      0x1cb DownlinkHandler.o
 .debug_loc     0x000004be      0x463 LightHandler.o
 .debug_loc     0x00000921       0x5d SharedPrintf.o
 .debug_loc     0x0000097e      0x47b SharedSensorData.o
 .debug_loc     0x00000df9      0x380 TemperatureHandler.o
 .debug_loc     0x00001179      0x1a6 UplinkHandler.o
 .debug_loc     0x0000131f      0xcc9 FreeRTOS/src/event_groups.o
 .debug_loc     0x00001fe8      0x4be FreeRTOS/src/heap_4.o
 .debug_loc     0x000024a6      0x17d FreeRTOS/src/list.o
 .debug_loc     0x00002623       0xf6 FreeRTOS/src/port.o
 .debug_loc     0x00002719     0x1abd FreeRTOS/src/queue.o
 .debug_loc     0x000041d6     0x1daf FreeRTOS/src/stream_buffer.o
 .debug_loc     0x00005f85     0x2a07 FreeRTOS/src/tasks.o
 .debug_loc     0x0000898c     0x10f3 FreeRTOS/src/timers.o
 .debug_loc     0x00009a7f       0xdc FreeRTOS/src/variantHooks.o
 .debug_loc     0x00009b5b       0x3c main.o
 .debug_loc     0x00009b97       0x9f ../drivers\libIotLibrary.a(hih8120.o)
 .debug_loc     0x00009c36     0x1216 ../drivers\libIotLibrary.a(lora_driver.o)
 .debug_loc     0x0000ae4c      0x1d2 ../drivers\libIotLibrary.a(lora_driver_utils.o)
 .debug_loc     0x0000b01e      0x37c ../drivers\libIotLibrary.a(mh_z19.o)
 .debug_loc     0x0000b39a       0x2f ../drivers\libIotLibrary.a(rc_servo.o)
 .debug_loc     0x0000b3c9     0x114c ../drivers\libIotLibrary.a(serial.o)
 .debug_loc     0x0000c515      0x18c ../drivers\libIotLibrary.a(stdio_driver.o)
 .debug_loc     0x0000c6a1      0x87f ../drivers\libIotLibrary.a(tsl2591.o)
 .debug_loc     0x0000cf20      0x575 ../drivers\libIotLibrary.a(twi.o)
 .debug_loc     0x0000d495      0x15e ../drivers\libIotLibrary.a(fifo.o)

.debug_macinfo
 *(.debug_macinfo)

.debug_weaknames
 *(.debug_weaknames)

.debug_funcnames
 *(.debug_funcnames)

.debug_typenames
 *(.debug_typenames)

.debug_varnames
 *(.debug_varnames)

.debug_pubtypes
 *(.debug_pubtypes)

.debug_ranges   0x00000000      0xb30
 *(.debug_ranges)
 .debug_ranges  0x00000000       0x38 CO2Handler.o
 .debug_ranges  0x00000038       0x20 DownlinkHandler.o
 .debug_ranges  0x00000058       0x40 LightHandler.o
 .debug_ranges  0x00000098       0x18 SharedPrintf.o
 .debug_ranges  0x000000b0       0x48 SharedSensorData.o
 .debug_ranges  0x000000f8       0x40 TemperatureHandler.o
 .debug_ranges  0x00000138       0x20 UplinkHandler.o
 .debug_ranges  0x00000158       0x70 FreeRTOS/src/event_groups.o
 .debug_ranges  0x000001c8       0x48 FreeRTOS/src/heap_4.o
 .debug_ranges  0x00000210       0x30 FreeRTOS/src/list.o
 .debug_ranges  0x00000240       0x48 FreeRTOS/src/port.o
 .debug_ranges  0x00000288      0x130 FreeRTOS/src/queue.o
 .debug_ranges  0x000003b8       0xb0 FreeRTOS/src/stream_buffer.o
 .debug_ranges  0x00000468      0x200 FreeRTOS/src/tasks.o
 .debug_ranges  0x00000668       0xb8 FreeRTOS/src/timers.o
 .debug_ranges  0x00000720       0x30 FreeRTOS/src/variantHooks.o
 .debug_ranges  0x00000750       0x28 main.o
 .debug_ranges  0x00000778       0x58 ../drivers\libIotLibrary.a(hih8120.o)
 .debug_ranges  0x000007d0      0x128 ../drivers\libIotLibrary.a(lora_driver.o)
 .debug_ranges  0x000008f8       0x30 ../drivers\libIotLibrary.a(lora_driver_utils.o)
 .debug_ranges  0x00000928       0x48 ../drivers\libIotLibrary.a(mh_z19.o)
 .debug_ranges  0x00000970       0x18 ../drivers\libIotLibrary.a(rc_servo.o)
 .debug_ranges  0x00000988       0x98 ../drivers\libIotLibrary.a(serial.o)
 .debug_ranges  0x00000a20       0x28 ../drivers\libIotLibrary.a(stdio_driver.o)
 .debug_ranges  0x00000a48       0x98 ../drivers\libIotLibrary.a(tsl2591.o)
 .debug_ranges  0x00000ae0       0x40 ../drivers\libIotLibrary.a(twi.o)
 .debug_ranges  0x00000b20       0x10 ../drivers\libIotLibrary.a(fifo.o)

.debug_macro
 *(.debug_macro)
OUTPUT(IoT.elf elf32-avr)
LOAD linker stubs
