Archive member included to satisfy reference by file (symbol)

c:/program files (x86)/atmel/studio/7.0/toolchain/avr8/avr8-gnu-toolchain/bin/../lib/gcc/avr/5.4.0/../../../../avr/lib/avr6\libm.a(fixsfsi.o)
                              UplinkHandler.o (__fixsfsi)
c:/program files (x86)/atmel/studio/7.0/toolchain/avr8/avr8-gnu-toolchain/bin/../lib/gcc/avr/5.4.0/../../../../avr/lib/avr6\libm.a(fixunssfsi.o)
                              c:/program files (x86)/atmel/studio/7.0/toolchain/avr8/avr8-gnu-toolchain/bin/../lib/gcc/avr/5.4.0/../../../../avr/lib/avr6\libm.a(fixsfsi.o) (__fixunssfsi)
c:/program files (x86)/atmel/studio/7.0/toolchain/avr8/avr8-gnu-toolchain/bin/../lib/gcc/avr/5.4.0/../../../../avr/lib/avr6\libm.a(fp_split3.o)
                              c:/program files (x86)/atmel/studio/7.0/toolchain/avr8/avr8-gnu-toolchain/bin/../lib/gcc/avr/5.4.0/../../../../avr/lib/avr6\libm.a(fixunssfsi.o) (__fp_splitA)
c:/program files (x86)/atmel/studio/7.0/toolchain/avr8/avr8-gnu-toolchain/bin/../lib/gcc/avr/5.4.0/../../../../avr/lib/avr6\libm.a(fp_zero.o)
                              c:/program files (x86)/atmel/studio/7.0/toolchain/avr8/avr8-gnu-toolchain/bin/../lib/gcc/avr/5.4.0/../../../../avr/lib/avr6\libm.a(fixunssfsi.o) (__fp_zero)
c:/program files (x86)/atmel/studio/7.0/toolchain/avr8/avr8-gnu-toolchain/bin/../lib/gcc/avr/5.4.0/../../../../avr/lib/avr6\libm.a(modf.o)
                              UplinkHandler.o (modf)
c:/program files (x86)/atmel/studio/7.0/toolchain/avr8/avr8-gnu-toolchain/bin/../lib/gcc/avr/5.4.0/../../../../avr/lib/avr6\libm.a(mulsf3.o)
                              UplinkHandler.o (__mulsf3)
c:/program files (x86)/atmel/studio/7.0/toolchain/avr8/avr8-gnu-toolchain/bin/../lib/gcc/avr/5.4.0/../../../../avr/lib/avr6\libm.a(mulsf3x.o)
                              c:/program files (x86)/atmel/studio/7.0/toolchain/avr8/avr8-gnu-toolchain/bin/../lib/gcc/avr/5.4.0/../../../../avr/lib/avr6\libm.a(mulsf3.o) (__mulsf3x)
c:/program files (x86)/atmel/studio/7.0/toolchain/avr8/avr8-gnu-toolchain/bin/../lib/gcc/avr/5.4.0/../../../../avr/lib/avr6\libm.a(addsf3.o)
                              c:/program files (x86)/atmel/studio/7.0/toolchain/avr8/avr8-gnu-toolchain/bin/../lib/gcc/avr/5.4.0/../../../../avr/lib/avr6\libm.a(modf.o) (__subsf3)
c:/program files (x86)/atmel/studio/7.0/toolchain/avr8/avr8-gnu-toolchain/bin/../lib/gcc/avr/5.4.0/../../../../avr/lib/avr6\libm.a(addsf3x.o)
                              c:/program files (x86)/atmel/studio/7.0/toolchain/avr8/avr8-gnu-toolchain/bin/../lib/gcc/avr/5.4.0/../../../../avr/lib/avr6\libm.a(addsf3.o) (__addsf3x)
c:/program files (x86)/atmel/studio/7.0/toolchain/avr8/avr8-gnu-toolchain/bin/../lib/gcc/avr/5.4.0/../../../../avr/lib/avr6\libm.a(fp_inf.o)
                              c:/program files (x86)/atmel/studio/7.0/toolchain/avr8/avr8-gnu-toolchain/bin/../lib/gcc/avr/5.4.0/../../../../avr/lib/avr6\libm.a(mulsf3x.o) (__fp_inf)
c:/program files (x86)/atmel/studio/7.0/toolchain/avr8/avr8-gnu-toolchain/bin/../lib/gcc/avr/5.4.0/../../../../avr/lib/avr6\libm.a(fp_nan.o)
                              c:/program files (x86)/atmel/studio/7.0/toolchain/avr8/avr8-gnu-toolchain/bin/../lib/gcc/avr/5.4.0/../../../../avr/lib/avr6\libm.a(mulsf3x.o) (__fp_nan)
c:/program files (x86)/atmel/studio/7.0/toolchain/avr8/avr8-gnu-toolchain/bin/../lib/gcc/avr/5.4.0/../../../../avr/lib/avr6\libm.a(fp_pscA.o)
                              c:/program files (x86)/atmel/studio/7.0/toolchain/avr8/avr8-gnu-toolchain/bin/../lib/gcc/avr/5.4.0/../../../../avr/lib/avr6\libm.a(mulsf3x.o) (__fp_pscA)
c:/program files (x86)/atmel/studio/7.0/toolchain/avr8/avr8-gnu-toolchain/bin/../lib/gcc/avr/5.4.0/../../../../avr/lib/avr6\libm.a(fp_pscB.o)
                              c:/program files (x86)/atmel/studio/7.0/toolchain/avr8/avr8-gnu-toolchain/bin/../lib/gcc/avr/5.4.0/../../../../avr/lib/avr6\libm.a(mulsf3x.o) (__fp_pscB)
c:/program files (x86)/atmel/studio/7.0/toolchain/avr8/avr8-gnu-toolchain/bin/../lib/gcc/avr/5.4.0/../../../../avr/lib/avr6\libm.a(fp_round.o)
                              c:/program files (x86)/atmel/studio/7.0/toolchain/avr8/avr8-gnu-toolchain/bin/../lib/gcc/avr/5.4.0/../../../../avr/lib/avr6\libm.a(mulsf3.o) (__fp_round)
../drivers\libIotLibrary.a(hih8120.o)
                              TemperatureHandler.o (hih8120_initialise)
../drivers\libIotLibrary.a(lora_driver.o)
                              UplinkHandler.o (lora_driver_flushBuffers)
../drivers\libIotLibrary.a(lora_driver_utils.o)
                              ../drivers\libIotLibrary.a(lora_driver.o) (decode_port_no)
../drivers\libIotLibrary.a(mh_z19.o)
                              CO2Handler.o (mh_z19_initialise)
../drivers\libIotLibrary.a(serial.o)
                              ../drivers\libIotLibrary.a(lora_driver.o) (serial_create)
../drivers\libIotLibrary.a(stdio_driver.o)
                              main.o (stdio_initialise)
../drivers\libIotLibrary.a(status_leds.o)
[...]
Memory Configuration

Name             Origin             Length             Attributes
text             0x00000000         0x00040000         xr
data             0x00800200         0x00002000         rw !x
eeprom           0x00810000         0x00001000         rw !x
fuse             0x00820000         0x00000003         rw !x
lock             0x00830000         0x00000400         rw !x
signature        0x00840000         0x00000400         rw !x
user_signatures  0x00850000         0x00000400         rw !x
*default*        0x00000000         0xffffffff

Linker script and memory map

Address of section .data set to 0x800200
LOAD C:/Program Files (x86)/Atmel/Studio/7.0/Packs/atmel/ATmega_DFP/1.6.364/gcc/dev/atmega2560/avr6/crtatmega2560.o
LOAD CO2Handler.o
LOAD DownlinkHandler.o
LOAD TemperatureHandler.o
LOAD UplinkHandler.o
LOAD FreeRTOS/FreeRTOSTraceDriver/FreeRTOSTraceDriver.o
LOAD FreeRTOS/src/croutine.o
LOAD FreeRTOS/src/event_groups.o
LOAD FreeRTOS/src/heap_4.o
LOAD FreeRTOS/src/list.o
LOAD FreeRTOS/src/port.o
LOAD FreeRTOS/src/queue.o
LOAD FreeRTOS/src/stream_buffer.o
LOAD FreeRTOS/src/tasks.o
LOAD FreeRTOS/src/timers.o
LOAD FreeRTOS/src/variantHooks.o
LOAD LoRaWANHandler.o
LOAD main.o
START GROUP
LOAD c:/program files (x86)/atmel/studio/7.0/toolchain/avr8/avr8-gnu-toolchain/bin/../lib/gcc/avr/5.4.0/../../../../avr/lib/avr6\libm.a
LOAD ../drivers\libIotLibrary.a
LOAD c:/program files (x86)/atmel/studio/7.0/toolchain/avr8/avr8-gnu-toolchain/bin/../lib/gcc/avr/5.4.0/../../../../avr/lib/avr6\libprintf_flt.a
END GROUP
START GROUP
LOAD c:/program files (x86)/atmel/studio/7.0/toolchain/avr8/avr8-gnu-toolchain/bin/../lib/gcc/avr/5.4.0/avr6\libgcc.a
LOAD c:/program files (x86)/atmel/studio/7.0/toolchain/avr8/avr8-gnu-toolchain/bin/../lib/gcc/avr/5.4.0/../../../../avr/lib/avr6\libm.a
LOAD c:/program files (x86)/atmel/studio/7.0/toolchain/avr8/avr8-gnu-toolchain/bin/../lib/gcc/avr/5.4.0/../../../../avr/lib/avr6\libc.a
LOAD C:/Program Files (x86)/Atmel/Studio/7.0/Packs/atmel/ATmega_DFP/1.6.364/gcc/dev/atmega2560/avr6\libatmega2560.a
END GROUP
                0x00000000                __TEXT_REGION_ORIGIN__ = DEFINED (__TEXT_REGION_ORIGIN__)?__TEXT_REGION_ORIGIN__:0x0
                [0x00800200]                __DATA_REGION_ORIGIN__ = DEFINED (__DATA_REGION_ORIGIN__)?__DATA_REGION_ORIGIN__:0x800200
                [0x00040000]                __TEXT_REGION_LENGTH__ = DEFINED (__TEXT_REGION_LENGTH__)?__TEXT_REGION_LENGTH__:0x100000
                [0x00002000]                __DATA_REGION_LENGTH__ = DEFINED (__DATA_REGION_LENGTH__)?__DATA_REGION_LENGTH__:0xfe00
                [0x00001000]                __EEPROM_REGION_LENGTH__ = DEFINED (__EEPROM_REGION_LENGTH__)?__EEPROM_REGION_LENGTH__:0x10000
                [0x00000003]                __FUSE_REGION_LENGTH__ = DEFINED (__FUSE_REGION_LENGTH__)?__FUSE_REGION_LENGTH__:0x400
                0x00000400                __LOCK_REGION_LENGTH__ = DEFINED (__LOCK_REGION_LENGTH__)?__LOCK_REGION_LENGTH__:0x400
                0x00000400                __SIGNATURE_REGION_LENGTH__ = DEFINED (__SIGNATURE_REGION_LENGTH__)?__SIGNATURE_REGION_LENGTH__:0x400
                0x00000400                __USER_SIGNATURE_REGION_LENGTH__ = DEFINED (__USER_SIGNATURE_REGION_LENGTH__)?__USER_SIGNATURE_REGION_LENGTH__:0x400

.hash
 *(.hash)

.dynsym
 *(.dynsym)

.dynstr
 *(.dynstr)

.gnu.version
 *(.gnu.version)

.gnu.version_d
 *(.gnu.version_d)

.gnu.version_r
 *(.gnu.version_r)

.rel.init
 *(.rel.init)

.rela.init
 *(.rela.init)

.rel.text
 *(.rel.text)
 *(.rel.text.*)
 *(.rel.gnu.linkonce.t*)

.rela.text
 *(.rela.text)
 *(.rela.text.*)
 *(.rela.gnu.linkonce.t*)

.rel.fini
 *(.rel.fini)

.rela.fini
 *(.rela.fini)

.rel.rodata
 *(.rel.rodata)
 *(.rel.rodata.*)
 *(.rel.gnu.linkonce.r*)

.rela.rodata
 *(.rela.rodata)
 *(.rela.rodata.*)
 *(.rela.gnu.linkonce.r*)

.rel.data
 *(.rel.data)
 *(.rel.data.*)
 *(.rel.gnu.linkonce.d*)

.rela.data
 *(.rela.data)
 *(.rela.data.*)
 *(.rela.gnu.linkonce.d*)

.rel.ctors
 *(.rel.ctors)

.rela.ctors
 *(.rela.ctors)

.rel.dtors
 *(.rel.dtors)

.rela.dtors
 *(.rela.dtors)

.rel.got
 *(.rel.got)

.rela.got
 *(.rela.got)

.rel.bss
 *(.rel.bss)

.rela.bss
 *(.rela.bss)

.rel.plt
 *(.rel.plt)

.rela.plt
 *(.rela.plt)

.text           0x00000000     0x6b00
 *(.vectors)
 .vectors       0x00000000       0xe4 C:/Program Files (x86)/Atmel/Studio/7.0/Packs/atmel/ATmega_DFP/1.6.364/gcc/dev/atmega2560/avr6/crtatmega2560.o
                0x00000000                __vector_default
                0x00000000                __vectors
 *(.vectors)
 *(.progmem.gcc*)
 .progmem.gcc_sw_table.prvProcessReceivedCommands
                0x000000e4       0x14 FreeRTOS/src/timers.o
 .progmem.gcc_sw_table.__vector_39
                0x000000f8       0xa2 ../drivers\libIotLibrary.a(twi.o)
                0x0000019a                . = ALIGN (0x2)
                0x0000019a                __trampolines_start = .
 *(.trampolines)
 .trampolines   0x0000019a        0x0 linker stubs
 *(.trampolines*)
                0x0000019a                __trampolines_end = .
 *libprintf_flt.a:*(.progmem.data)
 .progmem.data  0x0000019a        0x8 c:/program files (x86)/atmel/studio/7.0/toolchain/avr8/avr8-gnu-toolchain/bin/../lib/gcc/avr/5.4.0/../../../../avr/lib/avr6\libprintf_flt.a(vfprintf_flt.o)
 *libc.a:*(.progmem.data)
 .progmem.data  0x000001a2       0xfa c:/program files (x86)/atmel/studio/7.0/toolchain/avr8/avr8-gnu-toolchain/bin/../lib/gcc/avr/5.4.0/../../../../avr/lib/avr6\libc.a(ftoa_engine.o)
 *(.progmem*)
                0x0000029c                . = ALIGN (0x2)
 *(.jumptables)
 *(.jumptables*)
 *(.lowtext)
 .lowtext       0x0000029c       0x14 FreeRTOS/src/tasks.o
 .lowtext       0x000002b0       0x1e FreeRTOS/src/timers.o
 *(.lowtext*)
                0x000002ce                __ctors_start = .
 *(.ctors)
                0x000002ce                __ctors_end = .
                0x000002ce                __dtors_start = .
 *(.dtors)
                0x000002ce                __dtors_end = .
 SORT(*)(.ctors)
 SORT(*)(.dtors)
 *(.init0)
 .init0         0x000002ce        0x0 C:/Program Files (x86)/Atmel/Studio/7.0/Packs/atmel/ATmega_DFP/1.6.364/gcc/dev/atmega2560/avr6/crtatmega2560.o
                0x000002ce                __init
 *(.init0)
 *(.init1)
 *(.init1)
 *(.init2)
 .init2         0x000002ce       0x10 C:/Program Files (x86)/Atmel/Studio/7.0/Packs/atmel/ATmega_DFP/1.6.364/gcc/dev/atmega2560/avr6/crtatmega2560.o
 *(.init2)
 *(.init3)
 *(.init3)
 *(.init4)
 .init4         0x000002de       0x1a c:/program files (x86)/atmel/studio/7.0/toolchain/avr8/avr8-gnu-toolchain/bin/../lib/gcc/avr/5.4.0/avr6\libgcc.a(_copy_data.o)
                0x000002de                __do_copy_data
 .init4         0x000002f8       0x10 c:/program files (x86)/atmel/studio/7.0/toolchain/avr8/avr8-gnu-toolchain/bin/../lib/gcc/avr/5.4.0/avr6\libgcc.a(_clear_bss.o)
                0x000002f8                __do_clear_bss
 *(.init4)
 *(.init5)
 *(.init5)
 *(.init6)
 *(.init6)
 *(.init7)
 *(.init7)
 *(.init8)
 *(.init8)
 *(.init9)
 .init9         0x00000308        0x8 C:/Program Files (x86)/Atmel/Studio/7.0/Packs/atmel/ATmega_DFP/1.6.364/gcc/dev/atmega2560/avr6/crtatmega2560.o
 *(.init9)
 *(.text)
 .text          0x00000310        0x2 C:/Program Files (x86)/Atmel/Studio/7.0/Packs/atmel/ATmega_DFP/1.6.364/gcc/dev/atmega2560/avr6/crtatmega2560.o
                0x00000310                __vector_38
                0x00000310                __vector_22
                0x00000310                __vector_28
                0x00000310                __vector_1
                0x00000310                __vector_32
                0x00000310                __vector_34
                0x00000310                __vector_24
                0x00000310                __vector_46
                0x00000310                __bad_interrupt
                0x00000310                __vector_6
                0x00000310                __vector_31
                0x00000310                __vector_35
                0x00000310                __vector_3
                0x00000310                __vector_23
                0x00000310                __vector_30
                0x00000310                __vector_45
                0x00000310                __vector_11
                0x00000310                __vector_13
                0x00000310                __vector_17
                0x00000310                __vector_19
                0x00000310                __vector_56
                0x00000310                __vector_7
                0x00000310                __vector_49
                0x00000310                __vector_41
                0x00000310                __vector_43
                0x00000310                __vector_27
                0x00000310                __vector_5
                0x00000310                __vector_33
                0x00000310                __vector_47
                0x00000310                __vector_4
                0x00000310                __vector_44
                0x00000310                __vector_9
                0x00000310                __vector_2
                0x00000310                __vector_21
                0x00000310                __vector_15
                0x00000310                __vector_29
                0x00000310                __vector_40
                0x00000310                __vector_8
                0x00000310                __vector_48
                0x00000310                __vector_14
                0x00000310                __vector_53
                0x00000310                __vector_10
                0x00000310                __vector_50
                0x00000310                __vector_16
                0x00000310                __vector_18
                0x00000310                __vector_20
                0x00000310                __vector_42
                0x00000312                . = ALIGN (0x2)
 *(.text.*)
 .text.CO2_callback
                0x00000312        0xa CO2Handler.o
                0x00000312                CO2_callback
 .text.startReadingCO2
                0x0000031c       0xd2 CO2Handler.o
                0x0000031c                startReadingCO2
 .text.getCO2   0x000003ee        0x8 CO2Handler.o
                0x000003ee                getCO2
 .text.CO2_handler_init
                0x000003f6       0x52 CO2Handler.o
                0x000003f6                CO2_handler_init
 .text.createCO2
                0x00000448       0x8a CO2Handler.o
                0x00000448                createCO2
 .text.DownLinkHandler_Create
                0x000004d2       0x40 DownlinkHandler.o
                0x000004d2                DownLinkHandler_Create
 .text.lora_DownLinkHandler_StartTask
                0x00000512       0x60 DownlinkHandler.o
                0x00000512                lora_DownLinkHandler_StartTask
 .text.lora_downlink_handler_task
                0x00000572        0x8 DownlinkHandler.o
                0x00000572                lora_downlink_handler_task
 .text.measureTempAndHum
                0x0000057a       0x6e TemperatureHandler.o
                0x0000057a                measureTempAndHum
 .text.startReading
                0x000005e8       0x80 TemperatureHandler.o
                0x000005e8                startReading
 .text.temperature_handler_init
                0x00000668       0x4a TemperatureHandler.o
                0x00000668                temperature_handler_init
 .text.createTemp
                0x000006b2       0x94 TemperatureHandler.o
                0x000006b2                createTemp
 .text.getTemperature
                0x00000746        0xc TemperatureHandler.o
                0x00000746                getTemperature
 .text.getHumidity
                0x00000752        0x8 TemperatureHandler.o
                0x00000752                getHumidity
 .text._lora_setup
                0x0000075a      0x18a UplinkHandler.o
 .text.lora_handler_task
                0x000008e4      0x1be UplinkHandler.o
                0x000008e4                lora_handler_task
 .text.lora_handler_initialize
                0x00000aa2       0x40 UplinkHandler.o
                0x00000aa2                lora_handler_initialize
 .text.prvTestWaitCondition
                0x00000ae2       0x42 FreeRTOS/src/event_groups.o
 .text.xEventGroupCreate
                0x00000b24       0x26 FreeRTOS/src/event_groups.o
                0x00000b24                xEventGroupCreate
 .text.xEventGroupWaitBits
                0x00000b4a      0x140 FreeRTOS/src/event_groups.o
                0x00000b4a                xEventGroupWaitBits
 .text.xEventGroupSetBits
                0x00000c8a      0x11c FreeRTOS/src/event_groups.o
                0x00000c8a                xEventGroupSetBits
 .text.prvHeapInit
                0x00000da6       0x52 FreeRTOS/src/heap_4.o
 .text.prvInsertBlockIntoFreeList
                0x00000df8       0x94 FreeRTOS/src/heap_4.o
 .text.pvPortMalloc
                0x00000e8c      0x152 FreeRTOS/src/heap_4.o
                0x00000e8c                pvPortMalloc
 .text.vPortFree
                0x00000fde       0x7a FreeRTOS/src/heap_4.o
                0x00000fde                vPortFree
 .text.vListInitialise
                0x00001058       0x22 FreeRTOS/src/list.o
                0x00001058                vListInitialise
 .text.vListInitialiseItem
                0x0000107a        0x8 FreeRTOS/src/list.o
                0x0000107a                vListInitialiseItem
 .text.vListInsert
                0x00001082       0x7a FreeRTOS/src/list.o
                0x00001082                vListInsert
 .text.uxListRemove
                0x000010fc       0x4e FreeRTOS/src/list.o
                0x000010fc                uxListRemove
 .text.prvSetupTimerInterrupt
                0x0000114a       0x18 FreeRTOS/src/port.o
 .text.pxPortInitialiseStack
                0x00001162       0x2e FreeRTOS/src/port.o
                0x00001162                pxPortInitialiseStack
 .text.xPortStartScheduler
                0x00001190       0x64 FreeRTOS/src/port.o
                0x00001190                xPortStartScheduler
 .text.vPortYield
                0x000011f4       0xc2 FreeRTOS/src/port.o
                0x000011f4                vPortYield
 .text.vPortYieldFromTick
                0x000012b6       0xca FreeRTOS/src/port.o
                0x000012b6                vPortYieldFromTick
 .text.__vector_12
                0x00001380        0x4 FreeRTOS/src/port.o
                0x00001380                __vector_12
 .text.prvGetDisinheritPriorityAfterTimeout
                0x00001384       0x20 FreeRTOS/src/queue.o
 .text.prvIsQueueEmpty
                0x000013a4       0x1a FreeRTOS/src/queue.o
 .text.prvIsQueueFull
                0x000013be       0x1c FreeRTOS/src/queue.o
 .text.prvCopyDataToQueue
                0x000013da       0xbe FreeRTOS/src/queue.o
 .text.prvCopyDataFromQueue
                0x00001498       0x34 FreeRTOS/src/queue.o
 .text.prvUnlockQueue
                0x000014cc       0x68 FreeRTOS/src/queue.o
 .text.xQueueGenericReset
                0x00001534       0x86 FreeRTOS/src/queue.o
                0x00001534                xQueueGenericReset
 .text.prvInitialiseNewQueue
                0x000015ba       0x24 FreeRTOS/src/queue.o
 .text.xQueueGenericCreate
                0x000015de       0x46 FreeRTOS/src/queue.o
                0x000015de                xQueueGenericCreate
 .text.xQueueGenericSend
                0x00001624      0x124 FreeRTOS/src/queue.o
                0x00001624                xQueueGenericSend
 .text.prvInitialiseMutex
                0x00001748       0x24 FreeRTOS/src/queue.o
 .text.xQueueCreateMutex
                0x0000176c       0x18 FreeRTOS/src/queue.o
                0x0000176c                xQueueCreateMutex
 .text.xQueueGenericSendFromISR
                0x00001784       0x76 FreeRTOS/src/queue.o
                0x00001784                xQueueGenericSendFromISR
 .text.xQueueReceive
                0x000017fa      0x11e FreeRTOS/src/queue.o
                0x000017fa                xQueueReceive
 .text.xQueueSemaphoreTake
                0x00001918      0x162 FreeRTOS/src/queue.o
                0x00001918                xQueueSemaphoreTake
 .text.vQueueWaitForMessageRestricted
                0x00001a7a       0x38 FreeRTOS/src/queue.o
                0x00001a7a                vQueueWaitForMessageRestricted
 .text.prvBytesInBuffer
                0x00001ab2       0x26 FreeRTOS/src/stream_buffer.o
 .text.prvInitialiseNewStreamBuffer
                0x00001ad8       0x20 FreeRTOS/src/stream_buffer.o
 .text.prvWriteBytesToBuffer
                0x00001af8       0x92 FreeRTOS/src/stream_buffer.o
 .text.prvWriteMessageToBuffer
                0x00001b8a       0x86 FreeRTOS/src/stream_buffer.o
 .text.prvReadBytesFromBuffer
                0x00001c10       0x9e FreeRTOS/src/stream_buffer.o
 .text.prvReadMessageFromBuffer
                0x00001cae       0x8a FreeRTOS/src/stream_buffer.o
 .text.xStreamBufferGenericCreate
                0x00001d38       0x64 FreeRTOS/src/stream_buffer.o
                0x00001d38                xStreamBufferGenericCreate
 .text.xStreamBufferReset
                0x00001d9c       0x3c FreeRTOS/src/stream_buffer.o
                0x00001d9c                xStreamBufferReset
 .text.xStreamBufferSpacesAvailable
                0x00001dd8       0x24 FreeRTOS/src/stream_buffer.o
                0x00001dd8                xStreamBufferSpacesAvailable
 .text.xStreamBufferSend
                0x00001dfc      0x18a FreeRTOS/src/stream_buffer.o
                0x00001dfc                xStreamBufferSend
 .text.xStreamBufferSendFromISR
                0x00001f86       0x88 FreeRTOS/src/stream_buffer.o
                0x00001f86                xStreamBufferSendFromISR
 .text.xStreamBufferReceive
                0x0000200e      0x106 FreeRTOS/src/stream_buffer.o
                0x0000200e                xStreamBufferReceive
 .text.prvResetNextTaskUnblockTime
                0x00002114       0x4e FreeRTOS/src/tasks.o
 .text.prvDeleteTCB
                0x00002162       0x1a FreeRTOS/src/tasks.o
 .text.prvInitialiseNewTask
                0x0000217c       0xfc FreeRTOS/src/tasks.o
 .text.prvInitialiseTaskLists
                0x00002278       0x60 FreeRTOS/src/tasks.o
 .text.prvAddNewTaskToReadyList
                0x000022d8       0xde FreeRTOS/src/tasks.o
 .text.prvCheckTasksWaitingTermination
                0x000023b6       0x4a FreeRTOS/src/tasks.o
 .text.prvAddCurrentTaskToDelayedList
                0x00002400      0x144 FreeRTOS/src/tasks.o
 .text.xTaskCreate
                0x00002544       0x98 FreeRTOS/src/tasks.o
                0x00002544                xTaskCreate
 .text.vTaskStartScheduler
                0x000025dc       0x70 FreeRTOS/src/tasks.o
                0x000025dc                vTaskStartScheduler
 .text.vTaskSuspendAll
                0x0000264c        0xc FreeRTOS/src/tasks.o
                0x0000264c                vTaskSuspendAll
 .text.xTaskGetTickCount
                0x00002658       0x1c FreeRTOS/src/tasks.o
                0x00002658                xTaskGetTickCount
 .text.xTaskIncrementTick
                0x00002674      0x258 FreeRTOS/src/tasks.o
                0x00002674                xTaskIncrementTick
 .text.xTaskResumeAll
                0x000028cc      0x1b8 FreeRTOS/src/tasks.o
                0x000028cc                xTaskResumeAll
 .text.xTaskDelayUntil
                0x00002a84       0xca FreeRTOS/src/tasks.o
                0x00002a84                xTaskDelayUntil
 .text.vTaskDelay
                0x00002b4e       0x36 FreeRTOS/src/tasks.o
                0x00002b4e                vTaskDelay
 .text.vTaskSwitchContext
                0x00002b84       0xca FreeRTOS/src/tasks.o
                0x00002b84                vTaskSwitchContext
 .text.vTaskPlaceOnEventList
                0x00002c4e       0x2e FreeRTOS/src/tasks.o
                0x00002c4e                vTaskPlaceOnEventList
 .text.vTaskPlaceOnUnorderedEventList
                0x00002c7c       0x94 FreeRTOS/src/tasks.o
                0x00002c7c                vTaskPlaceOnUnorderedEventList
 .text.vTaskPlaceOnEventListRestricted
                0x00002d10       0x84 FreeRTOS/src/tasks.o
                0x00002d10                vTaskPlaceOnEventListRestricted
 .text.xTaskRemoveFromEventList
                0x00002d94      0x15e FreeRTOS/src/tasks.o
                0x00002d94                xTaskRemoveFromEventList
 .text.vTaskRemoveFromUnorderedEventList
                0x00002ef2      0x134 FreeRTOS/src/tasks.o
                0x00002ef2                vTaskRemoveFromUnorderedEventList
 .text.vTaskSetTimeOutState
                0x00003026       0x2c FreeRTOS/src/tasks.o
                0x00003026                vTaskSetTimeOutState
 .text.vTaskInternalSetTimeOutState
                0x00003052       0x22 FreeRTOS/src/tasks.o
                0x00003052                vTaskInternalSetTimeOutState
 .text.xTaskCheckForTimeOut
                0x00003074       0xcc FreeRTOS/src/tasks.o
                0x00003074                xTaskCheckForTimeOut
 .text.vTaskMissedYield
                0x00003140        0x8 FreeRTOS/src/tasks.o
                0x00003140                vTaskMissedYield
 .text.xTaskGetCurrentTaskHandle
                0x00003148        0xa FreeRTOS/src/tasks.o
                0x00003148                xTaskGetCurrentTaskHandle
 .text.xTaskGetSchedulerState
                0x00003152       0x1c FreeRTOS/src/tasks.o
                0x00003152                xTaskGetSchedulerState
 .text.xTaskPriorityInherit
                0x0000316e      0x10e FreeRTOS/src/tasks.o
                0x0000316e                xTaskPriorityInherit
 .text.xTaskPriorityDisinherit
                0x0000327c       0xb6 FreeRTOS/src/tasks.o
                0x0000327c                xTaskPriorityDisinherit
 .text.vTaskPriorityDisinheritAfterTimeout
                0x00003332       0xce FreeRTOS/src/tasks.o
                0x00003332                vTaskPriorityDisinheritAfterTimeout
 .text.uxTaskResetEventItemValue
                0x00003400       0x54 FreeRTOS/src/tasks.o
                0x00003400                uxTaskResetEventItemValue
 .text.pvTaskIncrementMutexHeldCount
                0x00003454       0x24 FreeRTOS/src/tasks.o
                0x00003454                pvTaskIncrementMutexHeldCount
 .text.xTaskGenericNotifyWait
                0x00003478      0x150 FreeRTOS/src/tasks.o
                0x00003478                xTaskGenericNotifyWait
 .text.xTaskGenericNotify
                0x000035c8      0x1ee FreeRTOS/src/tasks.o
                0x000035c8                xTaskGenericNotify
 .text.xTaskGenericNotifyFromISR
                0x000037b6      0x244 FreeRTOS/src/tasks.o
                0x000037b6                xTaskGenericNotifyFromISR
 .text.xTaskGenericNotifyStateClear
                0x000039fa       0x34 FreeRTOS/src/tasks.o
                0x000039fa                xTaskGenericNotifyStateClear
 .text.prvGetNextExpireTime
                0x00003a2e       0x30 FreeRTOS/src/timers.o
 .text.prvInsertTimerInActiveList
                0x00003a5e       0x92 FreeRTOS/src/timers.o
 .text.prvCheckForValidListAndQueue
                0x00003af0       0x52 FreeRTOS/src/timers.o
 .text.xTimerCreateTimerTask
                0x00003b42       0x42 FreeRTOS/src/timers.o
                0x00003b42                xTimerCreateTimerTask
 .text.xTimerGenericCommand
                0x00003b84       0xbc FreeRTOS/src/timers.o
                0x00003b84                xTimerGenericCommand
 .text.prvSwitchTimerLists
                0x00003c40       0xd0 FreeRTOS/src/timers.o
 .text.prvSampleTimeNow
                0x00003d10       0x5c FreeRTOS/src/timers.o
 .text.prvProcessExpiredTimer
                0x00003d6c       0xac FreeRTOS/src/timers.o
 .text.prvProcessTimerOrBlockTask
                0x00003e18       0xae FreeRTOS/src/timers.o
 .text.prvProcessReceivedCommands
                0x00003ec6      0x168 FreeRTOS/src/timers.o
 .text.vApplicationIdleHook
                0x0000402e        0x2 FreeRTOS/src/variantHooks.o
                0x0000402e                vApplicationIdleHook
 .text.prvSetMainLedOn
                0x00004030        0xe FreeRTOS/src/variantHooks.o
                0x00004030                prvSetMainLedOn
 .text.prvBlinkMainLed
                0x0000403e        0x8 FreeRTOS/src/variantHooks.o
                0x0000403e                prvBlinkMainLed
 .text.vApplicationMallocFailedHook
                0x00004046       0x18 FreeRTOS/src/variantHooks.o
                0x00004046                vApplicationMallocFailedHook
 .text.vApplicationStackOverflowHook
                0x0000405e       0x18 FreeRTOS/src/variantHooks.o
                0x0000405e                vApplicationStackOverflowHook
 .text.createTasksForSensors
                0x00004076       0x5a main.o
                0x00004076                createTasksForSensors
 .text.create_tasks_and_semaphores
                0x000040d0       0x66 main.o
                0x000040d0                create_tasks_and_semaphores
 .text.initializeSystem
                0x00004136       0x32 main.o
                0x00004136                initializeSystem
 .text.main     0x00004168        0x8 main.o
                0x00004168                main
 .text.avr-libc.fplib
                0x00004170        0xa c:/program files (x86)/atmel/studio/7.0/toolchain/avr8/avr8-gnu-toolchain/bin/../lib/gcc/avr/5.4.0/../../../../avr/lib/avr6\libm.a(fixsfsi.o)
                0x00004170                __fixsfsi
 .text.avr-libc.fplib
                0x0000417a       0x58 c:/program files (x86)/atmel/studio/7.0/toolchain/avr8/avr8-gnu-toolchain/bin/../lib/gcc/avr/5.4.0/../../../../avr/lib/avr6\libm.a(fixunssfsi.o)
                0x0000417a                __fixunssfsi
 .text.avr-libc.fplib
                0x000041d2       0x44 c:/program files (x86)/atmel/studio/7.0/toolchain/avr8/avr8-gnu-toolchain/bin/../lib/gcc/avr/5.4.0/../../../../avr/lib/avr6\libm.a(fp_split3.o)
                0x000041d2                __fp_split3
                0x000041e2                __fp_splitA
 .text.avr-libc.fplib
                0x00004216        0xe c:/program files (x86)/atmel/studio/7.0/toolchain/avr8/avr8-gnu-toolchain/bin/../lib/gcc/avr/5.4.0/../../../../avr/lib/avr6\libm.a(fp_zero.o)
                0x00004216                __fp_zero
                0x00004218                __fp_szero
 .text.avr-libc.fplib
                0x00004224       0x66 c:/program files (x86)/atmel/studio/7.0/toolchain/avr8/avr8-gnu-toolchain/bin/../lib/gcc/avr/5.4.0/../../../../avr/lib/avr6\libm.a(modf.o)
                0x00004224                modf
                0x00004224                modff
 .text.avr-libc.fplib
                0x0000428a        0x4 c:/program files (x86)/atmel/studio/7.0/toolchain/avr8/avr8-gnu-toolchain/bin/../lib/gcc/avr/5.4.0/../../../../avr/lib/avr6\libm.a(mulsf3.o)
                0x0000428a                __mulsf3
 .text.avr-libc.fplib
                0x0000428e       0xc2 c:/program files (x86)/atmel/studio/7.0/toolchain/avr8/avr8-gnu-toolchain/bin/../lib/gcc/avr/5.4.0/../../../../avr/lib/avr6\libm.a(mulsf3x.o)
                0x000042a2                __mulsf3x
                0x000042a6                __mulsf3_pse
 .text.avr-libc.fplib
                0x00004350        0xa c:/program files (x86)/atmel/studio/7.0/toolchain/avr8/avr8-gnu-toolchain/bin/../lib/gcc/avr/5.4.0/../../../../avr/lib/avr6\libm.a(addsf3.o)
                0x00004350                __subsf3
                0x00004352                __addsf3
 .text.avr-libc.fplib
                0x0000435a       0xc0 c:/program files (x86)/atmel/studio/7.0/toolchain/avr8/avr8-gnu-toolchain/bin/../lib/gcc/avr/5.4.0/../../../../avr/lib/avr6\libm.a(addsf3x.o)
                0x00004374                __addsf3x
 .text.avr-libc.fplib
                0x0000441a        0xc c:/program files (x86)/atmel/studio/7.0/toolchain/avr8/avr8-gnu-toolchain/bin/../lib/gcc/avr/5.4.0/../../../../avr/lib/avr6\libm.a(fp_inf.o)
                0x0000441a                __fp_inf
 .text.avr-libc.fplib
                0x00004426        0x6 c:/program files (x86)/atmel/studio/7.0/toolchain/avr8/avr8-gnu-toolchain/bin/../lib/gcc/avr/5.4.0/../../../../avr/lib/avr6\libm.a(fp_nan.o)
                0x00004426                __fp_nan
 .text.avr-libc.fplib
                0x0000442c        0xe c:/program files (x86)/atmel/studio/7.0/toolchain/avr8/avr8-gnu-toolchain/bin/../lib/gcc/avr/5.4.0/../../../../avr/lib/avr6\libm.a(fp_pscA.o)
                0x0000442c                __fp_pscA
 .text.avr-libc.fplib
                0x0000443a        0xe c:/program files (x86)/atmel/studio/7.0/toolchain/avr8/avr8-gnu-toolchain/bin/../lib/gcc/avr/5.4.0/../../../../avr/lib/avr6\libm.a(fp_pscB.o)
                0x0000443a                __fp_pscB
 .text.avr-libc.fplib
                0x00004448       0x22 c:/program files (x86)/atmel/studio/7.0/toolchain/avr8/avr8-gnu-toolchain/bin/../lib/gcc/avr/5.4.0/../../../../avr/lib/avr6\libm.a(fp_round.o)
                0x00004448                __fp_round
 .text._hihTwiCallback
                0x0000446a       0x5a ../drivers\libIotLibrary.a(hih8120.o)
 .text.hih8120_initialise
                0x000044c4       0x30 ../drivers\libIotLibrary.a(hih8120.o)
                0x000044c4                hih8120_initialise
 .text.hih8120_wakeup
                0x000044f4       0x2a ../drivers\libIotLibrary.a(hih8120.o)
                0x000044f4                hih8120_wakeup
 .text.hih8120_measure
                0x0000451e       0x22 ../drivers\libIotLibrary.a(hih8120.o)
                0x0000451e                hih8120_measure
 .text.hih8120_getHumidity
                0x00004540       0x28 ../drivers\libIotLibrary.a(hih8120.o)
                0x00004540                hih8120_getHumidity
 .text.hih8120_getHumidityPercent_x10
                0x00004568       0x12 ../drivers\libIotLibrary.a(hih8120.o)
                0x00004568                hih8120_getHumidityPercent_x10
 .text.hih8120_getTemperature
                0x0000457a       0x32 ../drivers\libIotLibrary.a(hih8120.o)
                0x0000457a                hih8120_getTemperature
 .text._serialCallBack
                0x000045ac       0x8c ../drivers\libIotLibrary.a(lora_driver.o)
 .text._uploadMessage
                0x00004638       0xb4 ../drivers\libIotLibrary.a(lora_driver.o)
 .text._reply2ReturnCode
                0x000046ec       0xea ../drivers\libIotLibrary.a(lora_driver.o)
 .text._uploadMessageRc
                0x000047d6        0x6 ../drivers\libIotLibrary.a(lora_driver.o)
 .text.lora_driver_flushBuffers
                0x000047dc        0xe ../drivers\libIotLibrary.a(lora_driver.o)
                0x000047dc                lora_driver_flushBuffers
 .text.lora_driver_initialise
                0x000047ea       0x80 ../drivers\libIotLibrary.a(lora_driver.o)
                0x000047ea                lora_driver_initialise
 .text.lora_driver_resetRn2483
                0x0000486a       0x1c ../drivers\libIotLibrary.a(lora_driver.o)
                0x0000486a                lora_driver_resetRn2483
 .text.lora_driver_rn2483FactoryReset
                0x00004886       0x24 ../drivers\libIotLibrary.a(lora_driver.o)
                0x00004886                lora_driver_rn2483FactoryReset
 .text.lora_driver_getRn2483Hweui
                0x000048aa       0x38 ../drivers\libIotLibrary.a(lora_driver.o)
                0x000048aa                lora_driver_getRn2483Hweui
 .text.lora_driver_setDeviceIdentifier
                0x000048e2       0x22 ../drivers\libIotLibrary.a(lora_driver.o)
                0x000048e2                lora_driver_setDeviceIdentifier
 .text.lora_driver_setApplicationIdentifier
                0x00004904       0x22 ../drivers\libIotLibrary.a(lora_driver.o)
                0x00004904                lora_driver_setApplicationIdentifier
 .text.lora_driver_setApplicationKey
                0x00004926       0x22 ../drivers\libIotLibrary.a(lora_driver.o)
                0x00004926                lora_driver_setApplicationKey
 .text.lora_driver_saveMac
                0x00004948        0xc ../drivers\libIotLibrary.a(lora_driver.o)
                0x00004948                lora_driver_saveMac
 .text.lora_driver_join
                0x00004954       0x52 ../drivers\libIotLibrary.a(lora_driver.o)
                0x00004954                lora_driver_join
 .text.lora_driver_sendUploadMessage
                0x000049a6      0x196 ../drivers\libIotLibrary.a(lora_driver.o)
                0x000049a6                lora_driver_sendUploadMessage
 .text.lora_driver_setAdaptiveDataRate
                0x00004b3c       0x16 ../drivers\libIotLibrary.a(lora_driver.o)
                0x00004b3c                lora_driver_setAdaptiveDataRate
 .text.lora_driver_setReceiveDelay
                0x00004b52       0x30 ../drivers\libIotLibrary.a(lora_driver.o)
                0x00004b52                lora_driver_setReceiveDelay
 .text.lora_driver_configureToEu868
                0x00004b82      0x1bc ../drivers\libIotLibrary.a(lora_driver.o)
                0x00004b82                lora_driver_configureToEu868
 .text.lora_driver_setOtaaIdentity
                0x00004d3e       0x42 ../drivers\libIotLibrary.a(lora_driver.o)
                0x00004d3e                lora_driver_setOtaaIdentity
 .text.lora_driver_mapReturnCodeToText
                0x00004d80       0x18 ../drivers\libIotLibrary.a(lora_driver.o)
                0x00004d80                lora_driver_mapReturnCodeToText
 .text.decode_port_no
                0x00004d98       0x58 ../drivers\libIotLibrary.a(lora_driver_utils.o)
                0x00004d98                decode_port_no
 .text.decode_hexadecimal_string_bytes
                0x00004df0       0x92 ../drivers\libIotLibrary.a(lora_driver_utils.o)
                0x00004df0                decode_hexadecimal_string_bytes
 .text._serialCallBack
                0x00004e82       0xb6 ../drivers\libIotLibrary.a(mh_z19.o)
 .text.mh_z19_initialise
                0x00004f38       0x4a ../drivers\libIotLibrary.a(mh_z19.o)
                0x00004f38                mh_z19_initialise
 .text.mh_z19_injectCallBack
                0x00004f82        0xa ../drivers\libIotLibrary.a(mh_z19.o)
                0x00004f82                mh_z19_injectCallBack
 .text.mh_z19_takeMeassuring
                0x00004f8c       0x5e ../drivers\libIotLibrary.a(mh_z19.o)
                0x00004f8c                mh_z19_takeMeassuring
 .text.serial_create
                0x00004fea      0x146 ../drivers\libIotLibrary.a(serial.o)
                0x00004fea                serial_create
 .text.serial_sendByte
                0x00005130       0x56 ../drivers\libIotLibrary.a(serial.o)
                0x00005130                serial_sendByte
 .text.serial_sendBytes
                0x00005186       0xaa ../drivers\libIotLibrary.a(serial.o)
                0x00005186                serial_sendBytes
 .text.serial_getByte
                0x00005230       0x40 ../drivers\libIotLibrary.a(serial.o)
                0x00005230                serial_getByte
 .text.__vector_25
                0x00005270       0xa4 ../drivers\libIotLibrary.a(serial.o)
                0x00005270                __vector_25
 .text.__vector_26
                0x00005314       0x88 ../drivers\libIotLibrary.a(serial.o)
                0x00005314                __vector_26
 .text.__vector_36
                0x0000539c       0xa4 ../drivers\libIotLibrary.a(serial.o)
                0x0000539c                __vector_36
 .text.__vector_37
                0x00005440       0x88 ../drivers\libIotLibrary.a(serial.o)
                0x00005440                __vector_37
 .text.__vector_51
                0x000054c8       0xa4 ../drivers\libIotLibrary.a(serial.o)
                0x000054c8                __vector_51
 .text.__vector_52
                0x0000556c       0x88 ../drivers\libIotLibrary.a(serial.o)
                0x0000556c                __vector_52
 .text.__vector_54
                0x000055f4       0xa4 ../drivers\libIotLibrary.a(serial.o)
                0x000055f4                __vector_54
 .text.__vector_55
                0x00005698       0x88 ../drivers\libIotLibrary.a(serial.o)
                0x00005698                __vector_55
 .text.usart_getchar
                0x00005720       0x2a ../drivers\libIotLibrary.a(stdio_driver.o)
 .text.usart_putchar
                0x0000574a       0x12 ../drivers\libIotLibrary.a(stdio_driver.o)
 .text.stdio_initialise
                0x0000575c       0x52 ../drivers\libIotLibrary.a(stdio_driver.o)
                0x0000575c                stdio_initialise
 .text._initTwiInterface
                0x000057ae       0x22 ../drivers\libIotLibrary.a(twi.o)
 .text.twiCreate
                0x000057d0       0x9a ../drivers\libIotLibrary.a(twi.o)
                0x000057d0                twiCreate
 .text.twiIsBusy
                0x0000586a        0x8 ../drivers\libIotLibrary.a(twi.o)
                0x0000586a                twiIsBusy
 .text.twiTransmit
                0x00005872       0x98 ../drivers\libIotLibrary.a(twi.o)
                0x00005872                twiTransmit
 .text.twiReceive
                0x0000590a       0x66 ../drivers\libIotLibrary.a(twi.o)
                0x0000590a                twiReceive
 .text.__vector_39
                0x00005970      0x17a ../drivers\libIotLibrary.a(twi.o)
                0x00005970                __vector_39
 .text.fifo_init
                0x00005aea       0x38 ../drivers\libIotLibrary.a(fifo.o)
                0x00005aea                fifo_init
 .text.avr-libc
                0x00005b22      0x712 c:/program files (x86)/atmel/studio/7.0/toolchain/avr8/avr8-gnu-toolchain/bin/../lib/gcc/avr/5.4.0/../../../../avr/lib/avr6\libprintf_flt.a(vfprintf_flt.o)
                0x00005b22                vfprintf
 .text.avr-libc.fplib
                0x00006234        0x6 c:/program files (x86)/atmel/studio/7.0/toolchain/avr8/avr8-gnu-toolchain/bin/../lib/gcc/avr/5.4.0/../../../../avr/lib/avr6\libm.a(divsf3.o)
                0x00006234                __divsf3
 .text.avr-libc.fplib
                0x0000623a       0xdc c:/program files (x86)/atmel/studio/7.0/toolchain/avr8/avr8-gnu-toolchain/bin/../lib/gcc/avr/5.4.0/../../../../avr/lib/avr6\libm.a(divsf3x.o)
                0x0000625a                __divsf3x
                0x00006260                __divsf3_pse
 .text.avr-libc.fplib
                0x00006316       0x7a c:/program files (x86)/atmel/studio/7.0/toolchain/avr8/avr8-gnu-toolchain/bin/../lib/gcc/avr/5.4.0/../../../../avr/lib/avr6\libm.a(floatsisf.o)
                0x00006316                __floatunsisf
                0x0000631a                __floatsisf
 .text.libgcc.div
                0x00006390       0x44 c:/program files (x86)/atmel/studio/7.0/toolchain/avr8/avr8-gnu-toolchain/bin/../lib/gcc/avr/5.4.0/avr6\libgcc.a(_udivmodsi4.o)
                0x00006390                __udivmodsi4
 .text.libgcc   0x000063d4       0x10 c:/program files (x86)/atmel/studio/7.0/toolchain/avr8/avr8-gnu-toolchain/bin/../lib/gcc/avr/5.4.0/avr6\libgcc.a(_tablejump2.o)
                0x000063d4                __tablejump2__
 .text.libgcc.mul
                0x000063e4       0x1e c:/program files (x86)/atmel/studio/7.0/toolchain/avr8/avr8-gnu-toolchain/bin/../lib/gcc/avr/5.4.0/avr6\libgcc.a(_umulhisi3.o)
                0x000063e4                __umulhisi3
 .text.avr-libc
                0x00006402      0x242 c:/program files (x86)/atmel/studio/7.0/toolchain/avr8/avr8-gnu-toolchain/bin/../lib/gcc/avr/5.4.0/../../../../avr/lib/avr6\libc.a(malloc.o)
                0x00006402                malloc
                0x00006532                free
 .text.avr-libc
                0x00006644        0x8 c:/program files (x86)/atmel/studio/7.0/toolchain/avr8/avr8-gnu-toolchain/bin/../lib/gcc/avr/5.4.0/../../../../avr/lib/avr6\libc.a(abort.o)
                0x00006644                abort
 .text.avr-libc
                0x0000664c      0x1b0 c:/program files (x86)/atmel/studio/7.0/toolchain/avr8/avr8-gnu-toolchain/bin/../lib/gcc/avr/5.4.0/../../../../avr/lib/avr6\libc.a(ftoa_engine.o)
                0x0000664c                __ftoa_engine
 .text.avr-libc
                0x000067fc       0x16 c:/program files (x86)/atmel/studio/7.0/toolchain/avr8/avr8-gnu-toolchain/bin/../lib/gcc/avr/5.4.0/../../../../avr/lib/avr6\libc.a(strnlen_P.o)
                0x000067fc                strnlen_P
 .text.avr-libc
                0x00006812       0x12 c:/program files (x86)/atmel/studio/7.0/toolchain/avr8/avr8-gnu-toolchain/bin/../lib/gcc/avr/5.4.0/../../../../avr/lib/avr6\libc.a(memcpy.o)
                0x00006812                memcpy
 .text.avr-libc
                0x00006824        0xe c:/program files (x86)/atmel/studio/7.0/toolchain/avr8/avr8-gnu-toolchain/bin/../lib/gcc/avr/5.4.0/../../../../avr/lib/avr6\libc.a(memset.o)
                0x00006824                memset
 .text.avr-libc
                0x00006832       0x4a c:/program files (x86)/atmel/studio/7.0/toolchain/avr8/avr8-gnu-toolchain/bin/../lib/gcc/avr/5.4.0/../../../../avr/lib/avr6\libc.a(strcasestr.o)
                0x00006832                strcasestr
 .text.avr-libc
                0x0000687c       0x16 c:/program files (x86)/atmel/studio/7.0/toolchain/avr8/avr8-gnu-toolchain/bin/../lib/gcc/avr/5.4.0/../../../../avr/lib/avr6\libc.a(strcat.o)
                0x0000687c                strcat
 .text.avr-libc
                0x00006892        0xe c:/program files (x86)/atmel/studio/7.0/toolchain/avr8/avr8-gnu-toolchain/bin/../lib/gcc/avr/5.4.0/../../../../avr/lib/avr6\libc.a(strcpy.o)
                0x00006892                strcpy
 .text.avr-libc
                0x000068a0       0x30 c:/program files (x86)/atmel/studio/7.0/toolchain/avr8/avr8-gnu-toolchain/bin/../lib/gcc/avr/5.4.0/../../../../avr/lib/avr6\libc.a(strncasecmp.o)
                0x000068a0                strncasecmp
 .text.avr-libc
                0x000068d0       0x16 c:/program files (x86)/atmel/studio/7.0/toolchain/avr8/avr8-gnu-toolchain/bin/../lib/gcc/avr/5.4.0/../../../../avr/lib/avr6\libc.a(strnlen.o)
                0x000068d0                strnlen
 .text.avr-libc
                0x000068e6       0x78 c:/program files (x86)/atmel/studio/7.0/toolchain/avr8/avr8-gnu-toolchain/bin/../lib/gcc/avr/5.4.0/../../../../avr/lib/avr6\libc.a(fputc.o)
                0x000068e6                fputc
 .text.avr-libc
                0x0000695e       0x26 c:/program files (x86)/atmel/studio/7.0/toolchain/avr8/avr8-gnu-toolchain/bin/../lib/gcc/avr/5.4.0/../../../../avr/lib/avr6\libc.a(printf.o)
                0x0000695e                printf
 .text.avr-libc
                0x00006984       0x60 c:/program files (x86)/atmel/studio/7.0/toolchain/avr8/avr8-gnu-toolchain/bin/../lib/gcc/avr/5.4.0/../../../../avr/lib/avr6\libc.a(puts.o)
                0x00006984                puts
 .text.avr-libc
                0x000069e4       0x5c c:/program files (x86)/atmel/studio/7.0/toolchain/avr8/avr8-gnu-toolchain/bin/../lib/gcc/avr/5.4.0/../../../../avr/lib/avr6\libc.a(sprintf.o)
                0x000069e4                sprintf
 .text.avr-libc
                0x00006a40       0xbc c:/program files (x86)/atmel/studio/7.0/toolchain/avr8/avr8-gnu-toolchain/bin/../lib/gcc/avr/5.4.0/../../../../avr/lib/avr6\libc.a(ultoa_invert.o)
                0x00006a40                __ultoa_invert
                0x00006afc                . = ALIGN (0x2)
 *(.fini9)
 .fini9         0x00006afc        0x0 c:/program files (x86)/atmel/studio/7.0/toolchain/avr8/avr8-gnu-toolchain/bin/../lib/gcc/avr/5.4.0/avr6\libgcc.a(_exit.o)
                0x00006afc                _exit
                0x00006afc                exit
 *(.fini9)
 *(.fini8)
 *(.fini8)
 *(.fini7)
 *(.fini7)
 *(.fini6)
 *(.fini6)
 *(.fini5)
 *(.fini5)
 *(.fini4)
 *(.fini4)
 *(.fini3)
 *(.fini3)
 *(.fini2)
 *(.fini2)
 *(.fini1)
 *(.fini1)
 *(.fini0)
 .fini0         0x00006afc        0x4 c:/program files (x86)/atmel/studio/7.0/toolchain/avr8/avr8-gnu-toolchain/bin/../lib/gcc/avr/5.4.0/avr6\libgcc.a(_exit.o)
 *(.fini0)
                0x00006b00                _etext = .

.data           0x00800200      0x59e load address 0x00006b00
                0x00800200                PROVIDE (__data_start, .)
 *(.data)
 .data          0x00800200        0x6 c:/program files (x86)/atmel/studio/7.0/toolchain/avr8/avr8-gnu-toolchain/bin/../lib/gcc/avr/5.4.0/../../../../avr/lib/avr6\libc.a(malloc.o)
                0x00800200                __malloc_heap_end
                0x00800202                __malloc_heap_start
                0x00800204                __malloc_margin
 *(.data*)
 .data.uxTopUsedPriority
                0x00800206        0x1 FreeRTOS/src/tasks.o
                0x00800206                uxTopUsedPriority
 .data._temp    0x00800207        0x2 ../drivers\libIotLibrary.a(hih8120.o)
 .data._hum     0x00800209        0x2 ../drivers\libIotLibrary.a(hih8120.o)
 .data._com_port_2_udr
                0x0080020b        0x8 ../drivers\libIotLibrary.a(serial.o)
                0x0080020b                _com_port_2_udr
 .data.mystdout.1882
                0x00800213        0xe ../drivers\libIotLibrary.a(stdio_driver.o)
 .data._twiCurrentState
                0x00800221        0x1 ../drivers\libIotLibrary.a(twi.o)
 *(.gnu.linkonce.d*)
 *(.rodata)
 .rodata        0x00800222       0x20 ../drivers\libIotLibrary.a(lora_driver.o)
 .rodata        0x00800242       0x2d ../drivers\libIotLibrary.a(mh_z19.o)
 *(.rodata*)
 .rodata.str1.1
                0x0080026f       0x40 CO2Handler.o
 .rodata.str1.1
                0x008002af       0x61 DownlinkHandler.o
 .rodata.str1.1
                0x00800310       0x44 TemperatureHandler.o
                                 0x65 (size before relaxing)
 .rodata.str1.1
                0x00800354      0x170 UplinkHandler.o
                                0x191 (size before relaxing)
 .rodata.str1.1
                0x008004c4        0x5 FreeRTOS/src/tasks.o
 .rodata.str1.1
                0x008004c9        0x8 FreeRTOS/src/timers.o
 .rodata.str1.1
                0x008004d1      0x295 ../drivers\libIotLibrary.a(lora_driver.o)
                                0x2a5 (size before relaxing)
 .rodata._joinMode
                0x00800766        0x4 ../drivers\libIotLibrary.a(lora_driver.o)
 .rodata._returnCode
                0x0080076a       0x33 ../drivers\libIotLibrary.a(lora_driver.o)
                0x0080076a                _returnCode
 *(.gnu.linkonce.r*)
                0x0080079e                . = ALIGN (0x2)
 *fill*         0x0080079d        0x1 
                0x0080079e                _edata = .
                0x0080079e                PROVIDE (__data_end, .)

.bss            0x0080079e      0xc1b
                0x0080079e                PROVIDE (__bss_start, .)
 *(.bss)
 *(.bss*)
 .bss.downlinkPayload
                0x0080079e       0x16 DownlinkHandler.o
 .bss._uplink_payload
                0x008007b4       0x16 UplinkHandler.o
 .bss.xBlockAllocatedBit
                0x008007ca        0x2 FreeRTOS/src/heap_4.o
 .bss.xNumberOfSuccessfulFrees
                0x008007cc        0x2 FreeRTOS/src/heap_4.o
 .bss.xNumberOfSuccessfulAllocations
                0x008007ce        0x2 FreeRTOS/src/heap_4.o
 .bss.xMinimumEverFreeBytesRemaining
                0x008007d0        0x2 FreeRTOS/src/heap_4.o
 .bss.xFreeBytesRemaining
                0x008007d2        0x2 FreeRTOS/src/heap_4.o
 .bss.pxEnd     0x008007d4        0x2 FreeRTOS/src/heap_4.o
 .bss.xStart    0x008007d6        0x4 FreeRTOS/src/heap_4.o
 .bss.ucHeap    0x008007da      0x9c4 FreeRTOS/src/heap_4.o
 .bss.uxSchedulerSuspended
                0x0080119e        0x1 FreeRTOS/src/tasks.o
 .bss.xIdleTaskHandle
                0x0080119f        0x2 FreeRTOS/src/tasks.o
 .bss.xNextTaskUnblockTime
                0x008011a1        0x4 FreeRTOS/src/tasks.o
 .bss.uxTaskNumber
                0x008011a5        0x1 FreeRTOS/src/tasks.o
 .bss.xNumOfOverflows
                0x008011a6        0x1 FreeRTOS/src/tasks.o
 .bss.xYieldPending
                0x008011a7        0x1 FreeRTOS/src/tasks.o
 .bss.xPendedTicks
                0x008011a8        0x4 FreeRTOS/src/tasks.o
 .bss.xSchedulerRunning
                0x008011ac        0x1 FreeRTOS/src/tasks.o
 .bss.uxTopReadyPriority
                0x008011ad        0x1 FreeRTOS/src/tasks.o
 .bss.xTickCount
                0x008011ae        0x4 FreeRTOS/src/tasks.o
 .bss.uxCurrentNumberOfTasks
                0x008011b2        0x1 FreeRTOS/src/tasks.o
 .bss.xSuspendedTaskList
                0x008011b3        0xb FreeRTOS/src/tasks.o
 .bss.uxDeletedTasksWaitingCleanUp
                0x008011be        0x1 FreeRTOS/src/tasks.o
 .bss.xTasksWaitingTermination
                0x008011bf        0xb FreeRTOS/src/tasks.o
 .bss.xPendingReadyList
                0x008011ca        0xb FreeRTOS/src/tasks.o
 .bss.pxOverflowDelayedTaskList
                0x008011d5        0x2 FreeRTOS/src/tasks.o
 .bss.pxDelayedTaskList
                0x008011d7        0x2 FreeRTOS/src/tasks.o
 .bss.xDelayedTaskList2
                0x008011d9        0xb FreeRTOS/src/tasks.o
 .bss.xDelayedTaskList1
                0x008011e4        0xb FreeRTOS/src/tasks.o
 .bss.pxReadyTasksLists
                0x008011ef       0x6e FreeRTOS/src/tasks.o
 .bss.pxCurrentTCB
                0x0080125d        0x2 FreeRTOS/src/tasks.o
                0x0080125d                pxCurrentTCB
 .bss.xLastTime.2436
                0x0080125f        0x4 FreeRTOS/src/timers.o
 .bss.xTimerTaskHandle
                0x00801263        0x2 FreeRTOS/src/timers.o
 .bss.xTimerQueue
                0x00801265        0x2 FreeRTOS/src/timers.o
 .bss.pxOverflowTimerList
                0x00801267        0x2 FreeRTOS/src/timers.o
 .bss.pxCurrentTimerList
                0x00801269        0x2 FreeRTOS/src/timers.o
 .bss.xActiveTimerList2
                0x0080126b        0xb FreeRTOS/src/timers.o
 .bss.xActiveTimerList1
                0x00801276        0xb FreeRTOS/src/timers.o
 .bss.downLinkMessageBufferHandle
                0x00801281        0x2 main.o
                0x00801281                downLinkMessageBufferHandle
 .bss.taskReadyBits
                0x00801283        0x2 main.o
                0x00801283                taskReadyBits
 .bss._measuringIsReady
                0x00801285        0x1 ../drivers\libIotLibrary.a(hih8120.o)
 .bss._hih8120Handler
                0x00801286        0x2 ../drivers\libIotLibrary.a(hih8120.o)
 .bss._tmp_buf.2871
                0x00801288       0x37 ../drivers\libIotLibrary.a(lora_driver.o)
 .bss.rec_buf_inp.2878
                0x008012bf        0x1 ../drivers\libIotLibrary.a(lora_driver.o)
 .bss._downlinkMessageBuffer
                0x008012c0        0x2 ../drivers\libIotLibrary.a(lora_driver.o)
 .bss._serialReplyBufferHandle
                0x008012c2        0x2 ../drivers\libIotLibrary.a(lora_driver.o)
 .bss._rn2483_serial
                0x008012c4        0x2 ../drivers\libIotLibrary.a(lora_driver.o)
 .bss._downlinkPayload
                0x008012c6       0x16 ../drivers\libIotLibrary.a(lora_driver.o)
 .bss._payLoadHexBytes
                0x008012dc       0x15 ../drivers\libIotLibrary.a(lora_driver.o)
 .bss._recMessageBuf
                0x008012f1       0x2d ../drivers\libIotLibrary.a(lora_driver.o)
 .bss._sendMessage
                0x0080131e       0x2d ../drivers\libIotLibrary.a(lora_driver.o)
 .bss._replyMess
                0x0080134b       0x2d ../drivers\libIotLibrary.a(lora_driver.o)
 .bss.data.1944
                0x00801378        0x2 ../drivers\libIotLibrary.a(mh_z19.o)
 .bss.inDex.1943
                0x0080137a        0x1 ../drivers\libIotLibrary.a(mh_z19.o)
 .bss.crc_sum.1945
                0x0080137b        0x1 ../drivers\libIotLibrary.a(mh_z19.o)
 .bss._appCallBack
                0x0080137c        0x2 ../drivers\libIotLibrary.a(mh_z19.o)
 .bss._mh_state
                0x0080137e        0x1 ../drivers\libIotLibrary.a(mh_z19.o)
                0x0080137e                _mh_state
 .bss._ppm      0x0080137f        0x2 ../drivers\libIotLibrary.a(mh_z19.o)
 .bss._serial   0x00801381        0x2 ../drivers\libIotLibrary.a(mh_z19.o)
 .bss._ser_handle
                0x00801383        0x8 ../drivers\libIotLibrary.a(serial.o)
 .bss._com_serial_instance
                0x0080138b        0x2 ../drivers\libIotLibrary.a(stdio_driver.o)
 .bss._index.1885
                0x0080138d        0x1 ../drivers\libIotLibrary.a(twi.o)
 .bss._twiCurrentHandler
                0x0080138e        0x2 ../drivers\libIotLibrary.a(twi.o)
 .bss._twiMessageLen
                0x00801390        0x1 ../drivers\libIotLibrary.a(twi.o)
 .bss._twiMessageBuffer
                0x00801391        0xa ../drivers\libIotLibrary.a(twi.o)
 .bss._twiIsInitiated
                0x0080139b        0x1 ../drivers\libIotLibrary.a(twi.o)
 *(COMMON)
 COMMON         0x0080139c        0xb CO2Handler.o
                0x0080139c                rc
                0x0080139d                ppm
                0x0080139f                ready_bit
                0x008013a3                xMutexSemaphore
                0x008013a5                group_start
 COMMON         0x008013a7        0x4 UplinkHandler.o
                0x008013a7                co2
                0x008013a9                temperatureAndHumidity
 COMMON         0x008013ab        0x4 main.o
                0x008013ab                temperature_sensor
                0x008013ad                co2_sensor
 COMMON         0x008013af        0x4 c:/program files (x86)/atmel/studio/7.0/toolchain/avr8/avr8-gnu-toolchain/bin/../lib/gcc/avr/5.4.0/../../../../avr/lib/avr6\libc.a(malloc.o)
                0x008013af                __brkval
                0x008013b1                __flp
 COMMON         0x008013b3        0x6 c:/program files (x86)/atmel/studio/7.0/toolchain/avr8/avr8-gnu-toolchain/bin/../lib/gcc/avr/5.4.0/../../../../avr/lib/avr6\libc.a(iob.o)
                0x008013b3                __iob
                0x008013b9                PROVIDE (__bss_end, .)
                0x00006b00                __data_load_start = LOADADDR (.data)
                0x0000709e                __data_load_end = (__data_load_start + SIZEOF (.data))

.noinit         0x008013b9        0x0
                [!provide]                PROVIDE (__noinit_start, .)
 *(.noinit*)
                [!provide]                PROVIDE (__noinit_end, .)
                0x008013b9                _end = .
                0x008013b9                PROVIDE (__heap_start, .)

.eeprom         0x00810000        0x0
 *(.eeprom*)
                0x00810000                __eeprom_end = .

.fuse
 *(.fuse)
 *(.lfuse)
 *(.hfuse)
 *(.efuse)

.lock
 *(.lock*)

.signature
 *(.signature*)

.user_signatures
 *(.user_signatures*)

.stab
 *(.stab)

.stabstr
 *(.stabstr)

.stab.excl
 *(.stab.excl)

.stab.exclstr
 *(.stab.exclstr)

.stab.index
 *(.stab.index)

.stab.indexstr
 *(.stab.indexstr)

.comment        0x00000000       0x5c
 *(.comment)
 .comment       0x00000000       0x30 CO2Handler.o
                                 0x31 (size before relaxing)
 .comment       0x00000030       0x31 DownlinkHandler.o
 .comment       0x00000030       0x31 TemperatureHandler.o
 .comment       0x00000030       0x31 UplinkHandler.o
 .comment       0x00000030       0x31 FreeRTOS/src/event_groups.o
 .comment       0x00000030       0x31 FreeRTOS/src/heap_4.o
 .comment       0x00000030       0x31 FreeRTOS/src/list.o
 .comment       0x00000030       0x31 FreeRTOS/src/port.o
 .comment       0x00000030       0x31 FreeRTOS/src/queue.o
 .comment       0x00000030       0x31 FreeRTOS/src/stream_buffer.o
 .comment       0x00000030       0x31 FreeRTOS/src/tasks.o
 .comment       0x00000030       0x31 FreeRTOS/src/timers.o
 .comment       0x00000030       0x31 FreeRTOS/src/variantHooks.o
 .comment       0x00000030       0x31 main.o
 .comment       0x00000030       0x31 ../drivers\libIotLibrary.a(hih8120.o)
 .comment       0x00000030       0x31 ../drivers\libIotLibrary.a(lora_driver.o)
 .comment       0x00000030       0x31 ../drivers\libIotLibrary.a(lora_driver_utils.o)
 .comment       0x00000030       0x31 ../drivers\libIotLibrary.a(mh_z19.o)
 .comment       0x00000030       0x31 ../drivers\libIotLibrary.a(serial.o)
 .comment       0x00000030       0x31 ../drivers\libIotLibrary.a(stdio_driver.o)
 .comment       0x00000030       0x31 ../drivers\libIotLibrary.a(twi.o)
 .comment       0x00000030       0x31 ../drivers\libIotLibrary.a(fifo.o)
 .comment       0x00000030       0x2c c:/program files (x86)/atmel/studio/7.0/toolchain/avr8/avr8-gnu-toolchain/bin/../lib/gcc/avr/5.4.0/../../../../avr/lib/avr6\libprintf_flt.a(vfprintf_flt.o)
                                 0x2d (size before relaxing)
 .comment       0x0000005c       0x31 c:/program files (x86)/atmel/studio/7.0/toolchain/avr8/avr8-gnu-toolchain/bin/../lib/gcc/avr/5.4.0/../../../../avr/lib/avr6\libc.a(malloc.o)
 .comment       0x0000005c       0x31 c:/program files (x86)/atmel/studio/7.0/toolchain/avr8/avr8-gnu-toolchain/bin/../lib/gcc/avr/5.4.0/../../../../avr/lib/avr6\libc.a(fputc.o)
 .comment       0x0000005c       0x31 c:/program files (x86)/atmel/studio/7.0/toolchain/avr8/avr8-gnu-toolchain/bin/../lib/gcc/avr/5.4.0/../../../../avr/lib/avr6\libc.a(iob.o)
 .comment       0x0000005c       0x31 c:/program files (x86)/atmel/studio/7.0/toolchain/avr8/avr8-gnu-toolchain/bin/../lib/gcc/avr/5.4.0/../../../../avr/lib/avr6\libc.a(printf.o)
 .comment       0x0000005c       0x31 c:/program files (x86)/atmel/studio/7.0/toolchain/avr8/avr8-gnu-toolchain/bin/../lib/gcc/avr/5.4.0/../../../../avr/lib/avr6\libc.a(puts.o)
 .comment       0x0000005c       0x31 c:/program files (x86)/atmel/studio/7.0/toolchain/avr8/avr8-gnu-toolchain/bin/../lib/gcc/avr/5.4.0/../../../../avr/lib/avr6\libc.a(sprintf.o)

.note.gnu.avr.deviceinfo
                0x00000000       0x40
 .note.gnu.avr.deviceinfo
                0x00000000       0x40 C:/Program Files (x86)/Atmel/Studio/7.0/Packs/atmel/ATmega_DFP/1.6.364/gcc/dev/atmega2560/avr6/crtatmega2560.o

.note.gnu.build-id
 *(.note.gnu.build-id)

.debug
 *(.debug)

.line
 *(.line)

.debug_srcinfo
 *(.debug_srcinfo)

.debug_sfnames
 *(.debug_sfnames)

.debug_aranges  0x00000000      0xa60
 *(.debug_aranges)
 .debug_aranges
                0x00000000       0x40 CO2Handler.o
 .debug_aranges
                0x00000040       0x30 DownlinkHandler.o
 .debug_aranges
                0x00000070       0x48 TemperatureHandler.o
 .debug_aranges
                0x000000b8       0x30 UplinkHandler.o
 .debug_aranges
                0x000000e8       0x68 FreeRTOS/src/event_groups.o
 .debug_aranges
                0x00000150       0x58 FreeRTOS/src/heap_4.o
 .debug_aranges
                0x000001a8       0x40 FreeRTOS/src/list.o
 .debug_aranges
                0x000001e8       0x58 FreeRTOS/src/port.o
 .debug_aranges
                0x00000240       0xf8 FreeRTOS/src/queue.o
 .debug_aranges
                0x00000338       0xc0 FreeRTOS/src/stream_buffer.o
 .debug_aranges
                0x000003f8      0x1d0 FreeRTOS/src/tasks.o
 .debug_aranges
                0x000005c8       0xc8 FreeRTOS/src/timers.o
 .debug_aranges
                0x00000690       0x40 FreeRTOS/src/variantHooks.o
 .debug_aranges
                0x000006d0       0x38 main.o
 .debug_aranges
                0x00000708       0x68 ../drivers\libIotLibrary.a(hih8120.o)
 .debug_aranges
                0x00000770      0x138 ../drivers\libIotLibrary.a(lora_driver.o)
 .debug_aranges
                0x000008a8       0x28 ../drivers\libIotLibrary.a(lora_driver_utils.o)
 .debug_aranges
                0x000008d0       0x58 ../drivers\libIotLibrary.a(mh_z19.o)
 .debug_aranges
                0x00000928       0x90 ../drivers\libIotLibrary.a(serial.o)
 .debug_aranges
                0x000009b8       0x38 ../drivers\libIotLibrary.a(stdio_driver.o)
 .debug_aranges
                0x000009f0       0x50 ../drivers\libIotLibrary.a(twi.o)
 .debug_aranges
                0x00000a40       0x20 ../drivers\libIotLibrary.a(fifo.o)

.debug_pubnames
 *(.debug_pubnames)

.debug_info     0x00000000     0xd5a1
 *(.debug_info .gnu.linkonce.wi.*)
 .debug_info    0x00000000      0xbbc C:/Program Files (x86)/Atmel/Studio/7.0/Packs/atmel/ATmega_DFP/1.6.364/gcc/dev/atmega2560/avr6/crtatmega2560.o
 .debug_info    0x00000bbc      0x58e CO2Handler.o
 .debug_info    0x0000114a      0x2b8 DownlinkHandler.o
 .debug_info    0x00001402      0x615 TemperatureHandler.o
 .debug_info    0x00001a17      0x866 UplinkHandler.o
 .debug_info    0x0000227d      0x971 FreeRTOS/src/event_groups.o
 .debug_info    0x00002bee      0x4e6 FreeRTOS/src/heap_4.o
 .debug_info    0x000030d4      0x2e7 FreeRTOS/src/list.o
 .debug_info    0x000033bb      0x2ff FreeRTOS/src/port.o
 .debug_info    0x000036ba     0x17e6 FreeRTOS/src/queue.o
 .debug_info    0x00004ea0     0x13df FreeRTOS/src/stream_buffer.o
 .debug_info    0x0000627f     0x2239 FreeRTOS/src/tasks.o
 .debug_info    0x000084b8     0x10dd FreeRTOS/src/timers.o
 .debug_info    0x00009595      0x20f FreeRTOS/src/variantHooks.o
 .debug_info    0x000097a4      0x403 main.o
 .debug_info    0x00009ba7      0x3a9 ../drivers\libIotLibrary.a(hih8120.o)
 .debug_info    0x00009f50     0x1747 ../drivers\libIotLibrary.a(lora_driver.o)
 .debug_info    0x0000b697      0x143 ../drivers\libIotLibrary.a(lora_driver_utils.o)
 .debug_info    0x0000b7da      0x556 ../drivers\libIotLibrary.a(mh_z19.o)
 .debug_info    0x0000bd30      0xd9b ../drivers\libIotLibrary.a(serial.o)
 .debug_info    0x0000cacb      0x3b6 ../drivers\libIotLibrary.a(stdio_driver.o)
 .debug_info    0x0000ce81      0x55d ../drivers\libIotLibrary.a(twi.o)
 .debug_info    0x0000d3de      0x1c3 ../drivers\libIotLibrary.a(fifo.o)

.debug_abbrev   0x00000000     0x346e
 *(.debug_abbrev)
 .debug_abbrev  0x00000000      0xb1a C:/Program Files (x86)/Atmel/Studio/7.0/Packs/atmel/ATmega_DFP/1.6.364/gcc/dev/atmega2560/avr6/crtatmega2560.o
 .debug_abbrev  0x00000b1a      0x217 CO2Handler.o
 .debug_abbrev  0x00000d31      0x148 DownlinkHandler.o
 .debug_abbrev  0x00000e79      0x1ee TemperatureHandler.o
 .debug_abbrev  0x00001067      0x1cc UplinkHandler.o
 .debug_abbrev  0x00001233      0x1dc FreeRTOS/src/event_groups.o
 .debug_abbrev  0x0000140f      0x200 FreeRTOS/src/heap_4.o
 .debug_abbrev  0x0000160f       0xff FreeRTOS/src/list.o
 .debug_abbrev  0x0000170e      0x179 FreeRTOS/src/port.o
 .debug_abbrev  0x00001887      0x241 FreeRTOS/src/queue.o
 .debug_abbrev  0x00001ac8      0x246 FreeRTOS/src/stream_buffer.o
 .debug_abbrev  0x00001d0e      0x2c8 FreeRTOS/src/tasks.o
 .debug_abbrev  0x00001fd6      0x28c FreeRTOS/src/timers.o
 .debug_abbrev  0x00002262       0xff FreeRTOS/src/variantHooks.o
 .debug_abbrev  0x00002361      0x14f main.o
 .debug_abbrev  0x000024b0      0x184 ../drivers\libIotLibrary.a(hih8120.o)
 .debug_abbrev  0x00002634      0x33b ../drivers\libIotLibrary.a(lora_driver.o)
 .debug_abbrev  0x0000296f       0xc0 ../drivers\libIotLibrary.a(lora_driver_utils.o)
 .debug_abbrev  0x00002a2f      0x238 ../drivers\libIotLibrary.a(mh_z19.o)
 .debug_abbrev  0x00002c67      0x355 ../drivers\libIotLibrary.a(serial.o)
 .debug_abbrev  0x00002fbc      0x1b3 ../drivers\libIotLibrary.a(stdio_driver.o)
 .debug_abbrev  0x0000316f      0x217 ../drivers\libIotLibrary.a(twi.o)
 .debug_abbrev  0x00003386       0xe8 ../drivers\libIotLibrary.a(fifo.o)

.debug_line     0x00000000     0x67b7
 *(.debug_line .debug_line.* .debug_line_end)
 .debug_line    0x00000000      0x1fa C:/Program Files (x86)/Atmel/Studio/7.0/Packs/atmel/ATmega_DFP/1.6.364/gcc/dev/atmega2560/avr6/crtatmega2560.o
 .debug_line    0x000001fa      0x22c CO2Handler.o
 .debug_line    0x00000426      0x171 DownlinkHandler.o
 .debug_line    0x00000597      0x26e TemperatureHandler.o
 .debug_line    0x00000805      0x2c4 UplinkHandler.o
 .debug_line    0x00000ac9      0x413 FreeRTOS/src/event_groups.o
 .debug_line    0x00000edc      0x41f FreeRTOS/src/heap_4.o
 .debug_line    0x000012fb      0x1db FreeRTOS/src/list.o
 .debug_line    0x000014d6      0x28a FreeRTOS/src/port.o
 .debug_line    0x00001760      0xbe3 FreeRTOS/src/queue.o
 .debug_line    0x00002343      0x79a FreeRTOS/src/stream_buffer.o
 .debug_line    0x00002add     0x15ba FreeRTOS/src/tasks.o
 .debug_line    0x00004097      0x624 FreeRTOS/src/timers.o
 .debug_line    0x000046bb      0x1af FreeRTOS/src/variantHooks.o
 .debug_line    0x0000486a      0x2ab main.o
 .debug_line    0x00004b15      0x24a ../drivers\libIotLibrary.a(hih8120.o)
 .debug_line    0x00004d5f      0x9aa ../drivers\libIotLibrary.a(lora_driver.o)
 .debug_line    0x00005709      0x195 ../drivers\libIotLibrary.a(lora_driver_utils.o)
 .debug_line    0x0000589e      0x2fc ../drivers\libIotLibrary.a(mh_z19.o)
 .debug_line    0x00005b9a      0x6a0 ../drivers\libIotLibrary.a(serial.o)
 .debug_line    0x0000623a      0x146 ../drivers\libIotLibrary.a(stdio_driver.o)
 .debug_line    0x00006380      0x31c ../drivers\libIotLibrary.a(twi.o)
 .debug_line    0x0000669c      0x11b ../drivers\libIotLibrary.a(fifo.o)

.debug_frame    0x00000000     0x266c
 *(.debug_frame)
 .debug_frame   0x00000000       0xcc CO2Handler.o
 .debug_frame   0x000000cc       0x98 DownlinkHandler.o
 .debug_frame   0x00000164       0xf4 TemperatureHandler.o
 .debug_frame   0x00000258       0x80 UplinkHandler.o
 .debug_frame   0x000002d8      0x1dc FreeRTOS/src/event_groups.o
 .debug_frame   0x000004b4       0xfc FreeRTOS/src/heap_4.o
 .debug_frame   0x000005b0       0x90 FreeRTOS/src/list.o
 .debug_frame   0x00000640       0x94 FreeRTOS/src/port.o
 .debug_frame   0x000006d4      0x3a4 FreeRTOS/src/queue.o
 .debug_frame   0x00000a78      0x40c FreeRTOS/src/stream_buffer.o
 .debug_frame   0x00000e84      0x7a0 FreeRTOS/src/tasks.o
 .debug_frame   0x00001624      0x3ac FreeRTOS/src/timers.o
 .debug_frame   0x000019d0       0x64 FreeRTOS/src/variantHooks.o
 .debug_frame   0x00001a34       0x68 main.o
 .debug_frame   0x00001a9c       0xc0 ../drivers\libIotLibrary.a(hih8120.o)
 .debug_frame   0x00001b5c      0x460 ../drivers\libIotLibrary.a(lora_driver.o)
 .debug_frame   0x00001fbc       0x48 ../drivers\libIotLibrary.a(lora_driver_utils.o)
 .debug_frame   0x00002004      0x100 ../drivers\libIotLibrary.a(mh_z19.o)
 .debug_frame   0x00002104      0x384 ../drivers\libIotLibrary.a(serial.o)
 .debug_frame   0x00002488       0x94 ../drivers\libIotLibrary.a(stdio_driver.o)
 .debug_frame   0x0000251c      0x12c ../drivers\libIotLibrary.a(twi.o)
 .debug_frame   0x00002648       0x24 ../drivers\libIotLibrary.a(fifo.o)

.debug_str      0x00000000     0x40a8
 *(.debug_str)
 .debug_str     0x00000000      0x3e6 C:/Program Files (x86)/Atmel/Studio/7.0/Packs/atmel/ATmega_DFP/1.6.364/gcc/dev/atmega2560/avr6/crtatmega2560.o
 .debug_str     0x000003e6      0x3d8 CO2Handler.o
                                0x43c (size before relaxing)
 .debug_str     0x000007be      0x124 DownlinkHandler.o
                                0x2d2 (size before relaxing)
 .debug_str     0x000008e2      0x175 TemperatureHandler.o
                                0x481 (size before relaxing)
 .debug_str     0x00000a57      0x3d9 UplinkHandler.o
                                0x6ec (size before relaxing)
 .debug_str     0x00000e30      0x3c1 FreeRTOS/src/event_groups.o
                                0x5ae (size before relaxing)
 .debug_str     0x000011f1      0x2ce FreeRTOS/src/heap_4.o
                                0x4a4 (size before relaxing)
 .debug_str     0x000014bf       0x89 FreeRTOS/src/list.o
                                0x2e0 (size before relaxing)
 .debug_str     0x00001548      0x14d FreeRTOS/src/port.o
                                0x315 (size before relaxing)
 .debug_str     0x00001695      0x608 FreeRTOS/src/queue.o
                                0x954 (size before relaxing)
 .debug_str     0x00001c9d      0x4b1 FreeRTOS/src/stream_buffer.o
                                0x7dd (size before relaxing)
 .debug_str     0x0000214e      0x88f FreeRTOS/src/tasks.o
                                0xf75 (size before relaxing)
 .debug_str     0x000029dd      0x414 FreeRTOS/src/timers.o
                                0x84b (size before relaxing)
 .debug_str     0x00002df1       0x7a FreeRTOS/src/variantHooks.o
                                0x28c (size before relaxing)
 .debug_str     0x00002e6b       0xc4 main.o
                                0x3dc (size before relaxing)
 .debug_str     0x00002f2f      0x2f2 ../drivers\libIotLibrary.a(hih8120.o)
                                0x45c (size before relaxing)
 .debug_str     0x00003221      0x68f ../drivers\libIotLibrary.a(lora_driver.o)
                                0xcdb (size before relaxing)
 .debug_str     0x000038b0       0x4f ../drivers\libIotLibrary.a(lora_driver_utils.o)
                                0x206 (size before relaxing)
 .debug_str     0x000038ff      0x117 ../drivers\libIotLibrary.a(mh_z19.o)
                                0x489 (size before relaxing)
 .debug_str     0x00003a16      0x2e0 ../drivers\libIotLibrary.a(serial.o)
                                0x628 (size before relaxing)
 .debug_str     0x00003cf6       0xa6 ../drivers\libIotLibrary.a(stdio_driver.o)
                                0x37d (size before relaxing)
 .debug_str     0x00003d9c      0x2ea ../drivers\libIotLibrary.a(twi.o)
                                0x5b4 (size before relaxing)
 .debug_str     0x00004086       0x22 ../drivers\libIotLibrary.a(fifo.o)
                                0x239 (size before relaxing)

.debug_loc      0x00000000     0xc61b
 *(.debug_loc)
 .debug_loc     0x00000000      0x317 CO2Handler.o
 .debug_loc     0x00000317      0x1f5 DownlinkHandler.o
 .debug_loc     0x0000050c      0x3b0 TemperatureHandler.o
 .debug_loc     0x000008bc      0x324 UplinkHandler.o
 .debug_loc     0x00000be0      0xcc9 FreeRTOS/src/event_groups.o
 .debug_loc     0x000018a9      0x4be FreeRTOS/src/heap_4.o
 .debug_loc     0x00001d67      0x17d FreeRTOS/src/list.o
 .debug_loc     0x00001ee4       0xf6 FreeRTOS/src/port.o
 .debug_loc     0x00001fda     0x1abd FreeRTOS/src/queue.o
 .debug_loc     0x00003a97     0x1daf FreeRTOS/src/stream_buffer.o
 .debug_loc     0x00005846     0x2a07 FreeRTOS/src/tasks.o
 .debug_loc     0x0000824d     0x10f3 FreeRTOS/src/timers.o
 .debug_loc     0x00009340       0xdc FreeRTOS/src/variantHooks.o
 .debug_loc     0x0000941c       0x51 main.o
 .debug_loc     0x0000946d       0x9f ../drivers\libIotLibrary.a(hih8120.o)
 .debug_loc     0x0000950c     0x1216 ../drivers\libIotLibrary.a(lora_driver.o)
 .debug_loc     0x0000a722      0x1d2 ../drivers\libIotLibrary.a(lora_driver_utils.o)
 .debug_loc     0x0000a8f4      0x37c ../drivers\libIotLibrary.a(mh_z19.o)
 .debug_loc     0x0000ac70     0x114c ../drivers\libIotLibrary.a(serial.o)
 .debug_loc     0x0000bdbc      0x18c ../drivers\libIotLibrary.a(stdio_driver.o)
 .debug_loc     0x0000bf48      0x575 ../drivers\libIotLibrary.a(twi.o)
 .debug_loc     0x0000c4bd      0x15e ../drivers\libIotLibrary.a(fifo.o)

.debug_macinfo
 *(.debug_macinfo)

.debug_weaknames
 *(.debug_weaknames)

.debug_funcnames
 *(.debug_funcnames)

.debug_typenames
 *(.debug_typenames)

.debug_varnames
 *(.debug_varnames)

.debug_pubtypes
 *(.debug_pubtypes)

.debug_ranges   0x00000000      0x9d0
 *(.debug_ranges)
 .debug_ranges  0x00000000       0x30 CO2Handler.o
 .debug_ranges  0x00000030       0x20 DownlinkHandler.o
 .debug_ranges  0x00000050       0x38 TemperatureHandler.o
 .debug_ranges  0x00000088       0x20 UplinkHandler.o
 .debug_ranges  0x000000a8       0x70 FreeRTOS/src/event_groups.o
 .debug_ranges  0x00000118       0x48 FreeRTOS/src/heap_4.o
 .debug_ranges  0x00000160       0x30 FreeRTOS/src/list.o
 .debug_ranges  0x00000190       0x48 FreeRTOS/src/port.o
 .debug_ranges  0x000001d8      0x130 FreeRTOS/src/queue.o
 .debug_ranges  0x00000308       0xb0 FreeRTOS/src/stream_buffer.o
 .debug_ranges  0x000003b8      0x200 FreeRTOS/src/tasks.o
 .debug_ranges  0x000005b8       0xb8 FreeRTOS/src/timers.o
 .debug_ranges  0x00000670       0x30 FreeRTOS/src/variantHooks.o
 .debug_ranges  0x000006a0       0x28 main.o
 .debug_ranges  0x000006c8       0x58 ../drivers\libIotLibrary.a(hih8120.o)
 .debug_ranges  0x00000720      0x128 ../drivers\libIotLibrary.a(lora_driver.o)
 .debug_ranges  0x00000848       0x30 ../drivers\libIotLibrary.a(lora_driver_utils.o)
 .debug_ranges  0x00000878       0x48 ../drivers\libIotLibrary.a(mh_z19.o)
 .debug_ranges  0x000008c0       0x98 ../drivers\libIotLibrary.a(serial.o)
 .debug_ranges  0x00000958       0x28 ../drivers\libIotLibrary.a(stdio_driver.o)
 .debug_ranges  0x00000980       0x40 ../drivers\libIotLibrary.a(twi.o)
 .debug_ranges  0x000009c0       0x10 ../drivers\libIotLibrary.a(fifo.o)

.debug_macro
 *(.debug_macro)
OUTPUT(IoT.elf elf32-avr)
LOAD linker stubs
