Archive member included to satisfy reference by file (symbol)

c:/program files (x86)/atmel/studio/7.0/toolchain/avr8/avr8-gnu-toolchain/bin/../lib/gcc/avr/5.4.0/../../../../avr/lib/avr6\libm.a(fixsfsi.o)
                              UplinkHandler.o (__fixsfsi)
c:/program files (x86)/atmel/studio/7.0/toolchain/avr8/avr8-gnu-toolchain/bin/../lib/gcc/avr/5.4.0/../../../../avr/lib/avr6\libm.a(fixunssfsi.o)
                              LightHandler.o (__fixunssfsi)
c:/program files (x86)/atmel/studio/7.0/toolchain/avr8/avr8-gnu-toolchain/bin/../lib/gcc/avr/5.4.0/../../../../avr/lib/avr6\libm.a(fp_split3.o)
                              c:/program files (x86)/atmel/studio/7.0/toolchain/avr8/avr8-gnu-toolchain/bin/../lib/gcc/avr/5.4.0/../../../../avr/lib/avr6\libm.a(fixunssfsi.o) (__fp_splitA)
c:/program files (x86)/atmel/studio/7.0/toolchain/avr8/avr8-gnu-toolchain/bin/../lib/gcc/avr/5.4.0/../../../../avr/lib/avr6\libm.a(fp_zero.o)
                              c:/program files (x86)/atmel/studio/7.0/toolchain/avr8/avr8-gnu-toolchain/bin/../lib/gcc/avr/5.4.0/../../../../avr/lib/avr6\libm.a(fixunssfsi.o) (__fp_zero)
c:/program files (x86)/atmel/studio/7.0/toolchain/avr8/avr8-gnu-toolchain/bin/../lib/gcc/avr/5.4.0/../../../../avr/lib/avr6\libm.a(modf.o)
                              UplinkHandler.o (modf)
c:/program files (x86)/atmel/studio/7.0/toolchain/avr8/avr8-gnu-toolchain/bin/../lib/gcc/avr/5.4.0/../../../../avr/lib/avr6\libm.a(mulsf3.o)
                              UplinkHandler.o (__mulsf3)
c:/program files (x86)/atmel/studio/7.0/toolchain/avr8/avr8-gnu-toolchain/bin/../lib/gcc/avr/5.4.0/../../../../avr/lib/avr6\libm.a(mulsf3x.o)
                              c:/program files (x86)/atmel/studio/7.0/toolchain/avr8/avr8-gnu-toolchain/bin/../lib/gcc/avr/5.4.0/../../../../avr/lib/avr6\libm.a(mulsf3.o) (__mulsf3x)
c:/program files (x86)/atmel/studio/7.0/toolchain/avr8/avr8-gnu-toolchain/bin/../lib/gcc/avr/5.4.0/../../../../avr/lib/avr6\libm.a(addsf3.o)
                              c:/program files (x86)/atmel/studio/7.0/toolchain/avr8/avr8-gnu-toolchain/bin/../lib/gcc/avr/5.4.0/../../../../avr/lib/avr6\libm.a(modf.o) (__subsf3)
c:/program files (x86)/atmel/studio/7.0/toolchain/avr8/avr8-gnu-toolchain/bin/../lib/gcc/avr/5.4.0/../../../../avr/lib/avr6\libm.a(addsf3x.o)
                              c:/program files (x86)/atmel/studio/7.0/toolchain/avr8/avr8-gnu-toolchain/bin/../lib/gcc/avr/5.4.0/../../../../avr/lib/avr6\libm.a(addsf3.o) (__addsf3x)
c:/program files (x86)/atmel/studio/7.0/toolchain/avr8/avr8-gnu-toolchain/bin/../lib/gcc/avr/5.4.0/../../../../avr/lib/avr6\libm.a(fp_inf.o)
                              c:/program files (x86)/atmel/studio/7.0/toolchain/avr8/avr8-gnu-toolchain/bin/../lib/gcc/avr/5.4.0/../../../../avr/lib/avr6\libm.a(mulsf3x.o) (__fp_inf)
c:/program files (x86)/atmel/studio/7.0/toolchain/avr8/avr8-gnu-toolchain/bin/../lib/gcc/avr/5.4.0/../../../../avr/lib/avr6\libm.a(fp_nan.o)
                              c:/program files (x86)/atmel/studio/7.0/toolchain/avr8/avr8-gnu-toolchain/bin/../lib/gcc/avr/5.4.0/../../../../avr/lib/avr6\libm.a(mulsf3x.o) (__fp_nan)
c:/program files (x86)/atmel/studio/7.0/toolchain/avr8/avr8-gnu-toolchain/bin/../lib/gcc/avr/5.4.0/../../../../avr/lib/avr6\libm.a(fp_pscA.o)
                              c:/program files (x86)/atmel/studio/7.0/toolchain/avr8/avr8-gnu-toolchain/bin/../lib/gcc/avr/5.4.0/../../../../avr/lib/avr6\libm.a(mulsf3x.o) (__fp_pscA)
c:/program files (x86)/atmel/studio/7.0/toolchain/avr8/avr8-gnu-toolchain/bin/../lib/gcc/avr/5.4.0/../../../../avr/lib/avr6\libm.a(fp_pscB.o)
                              c:/program files (x86)/atmel/studio/7.0/toolchain/avr8/avr8-gnu-toolchain/bin/../lib/gcc/avr/5.4.0/../../../../avr/lib/avr6\libm.a(mulsf3x.o) (__fp_pscB)
c:/program files (x86)/atmel/studio/7.0/toolchain/avr8/avr8-gnu-toolchain/bin/../lib/gcc/avr/5.4.0/../../../../avr/lib/avr6\libm.a(fp_round.o)
                              c:/program files (x86)/atmel/studio/7.0/toolchain/avr8/avr8-gnu-toolchain/bin/../lib/gcc/avr/5.4.0/../../../../avr/lib/avr6\libm.a(mulsf3.o) (__fp_round)
../drivers\libIotLibrary.a(hih8120.o)
                              TemperatureHandler.o (hih8120_initialise)
../drivers\libIotLibrary.a(lora_driver.o)
                              UplinkHandler.o (lora_driver_flushBuffers)
../drivers\libIotLibrary.a(lora_driver_utils.o)
                              ../drivers\libIotLibrary.a(lora_driver.o) (decode_port_no)
../drivers\libIotLibrary.a(mh_z19.o)
                              CO2Handler.o (mh_z19_initialise)
../drivers\libIotLibrary.a(rc_servo.o)
                              DownlinkHandler.o (rc_servo_setPosition)
../drivers\libIotLibrary.a(serial.o)
                              ../drivers\libIotLibrary.a(lora_driver.o) (serial_create)
../drivers\libIotLibrary.a(stdio_driver.o)
                              main.o (stdio_initialise)
../drivers\libIotLibrary.a(status_leds.o)
[...]
Memory Configuration

Name             Origin             Length             Attributes
text             0x00000000         0x00040000         xr
data             0x00800200         0x00002000         rw !x
eeprom           0x00810000         0x00001000         rw !x
fuse             0x00820000         0x00000003         rw !x
lock             0x00830000         0x00000400         rw !x
signature        0x00840000         0x00000400         rw !x
user_signatures  0x00850000         0x00000400         rw !x
*default*        0x00000000         0xffffffff

Linker script and memory map

Address of section .data set to 0x800200
LOAD C:/Program Files (x86)/Atmel/Studio/7.0/Packs/atmel/ATmega_DFP/1.6.364/gcc/dev/atmega2560/avr6/crtatmega2560.o
LOAD CO2Handler.o
LOAD DownlinkHandler.o
LOAD LightHandler.o
LOAD SharedPrintf.o
LOAD SharedSensorData.o
LOAD TemperatureHandler.o
LOAD UplinkHandler.o
LOAD FreeRTOS/FreeRTOSTraceDriver/FreeRTOSTraceDriver.o
LOAD FreeRTOS/src/croutine.o
LOAD FreeRTOS/src/event_groups.o
LOAD FreeRTOS/src/heap_4.o
LOAD FreeRTOS/src/list.o
LOAD FreeRTOS/src/port.o
LOAD FreeRTOS/src/queue.o
LOAD FreeRTOS/src/stream_buffer.o
LOAD FreeRTOS/src/tasks.o
LOAD FreeRTOS/src/timers.o
LOAD FreeRTOS/src/variantHooks.o
LOAD LoRaWANHandler.o
LOAD main.o
START GROUP
LOAD c:/program files (x86)/atmel/studio/7.0/toolchain/avr8/avr8-gnu-toolchain/bin/../lib/gcc/avr/5.4.0/../../../../avr/lib/avr6\libm.a
LOAD ../drivers\libIotLibrary.a
LOAD c:/program files (x86)/atmel/studio/7.0/toolchain/avr8/avr8-gnu-toolchain/bin/../lib/gcc/avr/5.4.0/../../../../avr/lib/avr6\libprintf_flt.a
END GROUP
START GROUP
LOAD c:/program files (x86)/atmel/studio/7.0/toolchain/avr8/avr8-gnu-toolchain/bin/../lib/gcc/avr/5.4.0/avr6\libgcc.a
LOAD c:/program files (x86)/atmel/studio/7.0/toolchain/avr8/avr8-gnu-toolchain/bin/../lib/gcc/avr/5.4.0/../../../../avr/lib/avr6\libm.a
LOAD c:/program files (x86)/atmel/studio/7.0/toolchain/avr8/avr8-gnu-toolchain/bin/../lib/gcc/avr/5.4.0/../../../../avr/lib/avr6\libc.a
LOAD C:/Program Files (x86)/Atmel/Studio/7.0/Packs/atmel/ATmega_DFP/1.6.364/gcc/dev/atmega2560/avr6\libatmega2560.a
END GROUP
                0x00000000                __TEXT_REGION_ORIGIN__ = DEFINED (__TEXT_REGION_ORIGIN__)?__TEXT_REGION_ORIGIN__:0x0
                [0x00800200]                __DATA_REGION_ORIGIN__ = DEFINED (__DATA_REGION_ORIGIN__)?__DATA_REGION_ORIGIN__:0x800200
                [0x00040000]                __TEXT_REGION_LENGTH__ = DEFINED (__TEXT_REGION_LENGTH__)?__TEXT_REGION_LENGTH__:0x100000
                [0x00002000]                __DATA_REGION_LENGTH__ = DEFINED (__DATA_REGION_LENGTH__)?__DATA_REGION_LENGTH__:0xfe00
                [0x00001000]                __EEPROM_REGION_LENGTH__ = DEFINED (__EEPROM_REGION_LENGTH__)?__EEPROM_REGION_LENGTH__:0x10000
                [0x00000003]                __FUSE_REGION_LENGTH__ = DEFINED (__FUSE_REGION_LENGTH__)?__FUSE_REGION_LENGTH__:0x400
                0x00000400                __LOCK_REGION_LENGTH__ = DEFINED (__LOCK_REGION_LENGTH__)?__LOCK_REGION_LENGTH__:0x400
                0x00000400                __SIGNATURE_REGION_LENGTH__ = DEFINED (__SIGNATURE_REGION_LENGTH__)?__SIGNATURE_REGION_LENGTH__:0x400
                0x00000400                __USER_SIGNATURE_REGION_LENGTH__ = DEFINED (__USER_SIGNATURE_REGION_LENGTH__)?__USER_SIGNATURE_REGION_LENGTH__:0x400

.hash
 *(.hash)

.dynsym
 *(.dynsym)

.dynstr
 *(.dynstr)

.gnu.version
 *(.gnu.version)

.gnu.version_d
 *(.gnu.version_d)

.gnu.version_r
 *(.gnu.version_r)

.rel.init
 *(.rel.init)

.rela.init
 *(.rela.init)

.rel.text
 *(.rel.text)
 *(.rel.text.*)
 *(.rel.gnu.linkonce.t*)

.rela.text
 *(.rela.text)
 *(.rela.text.*)
 *(.rela.gnu.linkonce.t*)

.rel.fini
 *(.rel.fini)

.rela.fini
 *(.rela.fini)

.rel.rodata
 *(.rel.rodata)
 *(.rel.rodata.*)
 *(.rel.gnu.linkonce.r*)

.rela.rodata
 *(.rela.rodata)
 *(.rela.rodata.*)
 *(.rela.gnu.linkonce.r*)

.rel.data
 *(.rel.data)
 *(.rel.data.*)
 *(.rel.gnu.linkonce.d*)

.rela.data
 *(.rela.data)
 *(.rela.data.*)
 *(.rela.gnu.linkonce.d*)

.rel.ctors
 *(.rel.ctors)

.rela.ctors
 *(.rela.ctors)

.rel.dtors
 *(.rel.dtors)

.rela.dtors
 *(.rela.dtors)

.rel.got
 *(.rel.got)

.rela.got
 *(.rela.got)

.rel.bss
 *(.rel.bss)

.rela.bss
 *(.rela.bss)

.rel.plt
 *(.rel.plt)

.rela.plt
 *(.rela.plt)

.text           0x00000000     0x7282
 *(.vectors)
 .vectors       0x00000000       0xe4 C:/Program Files (x86)/Atmel/Studio/7.0/Packs/atmel/ATmega_DFP/1.6.364/gcc/dev/atmega2560/avr6/crtatmega2560.o
                0x00000000                __vector_default
                0x00000000                __vectors
 *(.vectors)
 *(.progmem.gcc*)
 .progmem.gcc_sw_table.prvProcessReceivedCommands
                0x000000e4       0x14 FreeRTOS/src/timers.o
 .progmem.gcc_sw_table.__vector_39
                0x000000f8       0xa2 ../drivers\libIotLibrary.a(twi.o)
                0x0000019a                . = ALIGN (0x2)
                0x0000019a                __trampolines_start = .
 *(.trampolines)
 .trampolines   0x0000019a        0x0 linker stubs
 *(.trampolines*)
                0x0000019a                __trampolines_end = .
 *libprintf_flt.a:*(.progmem.data)
 .progmem.data  0x0000019a        0x8 c:/program files (x86)/atmel/studio/7.0/toolchain/avr8/avr8-gnu-toolchain/bin/../lib/gcc/avr/5.4.0/../../../../avr/lib/avr6\libprintf_flt.a(vfprintf_flt.o)
 *libc.a:*(.progmem.data)
 .progmem.data  0x000001a2       0xfa c:/program files (x86)/atmel/studio/7.0/toolchain/avr8/avr8-gnu-toolchain/bin/../lib/gcc/avr/5.4.0/../../../../avr/lib/avr6\libc.a(ftoa_engine.o)
 *(.progmem*)
                0x0000029c                . = ALIGN (0x2)
 *(.jumptables)
 *(.jumptables*)
 *(.lowtext)
 .lowtext       0x0000029c       0x16 FreeRTOS/src/tasks.o
 .lowtext       0x000002b2       0x1e FreeRTOS/src/timers.o
 *(.lowtext*)
                0x000002d0                __ctors_start = .
 *(.ctors)
                0x000002d0                __ctors_end = .
                0x000002d0                __dtors_start = .
 *(.dtors)
                0x000002d0                __dtors_end = .
 SORT(*)(.ctors)
 SORT(*)(.dtors)
 *(.init0)
 .init0         0x000002d0        0x0 C:/Program Files (x86)/Atmel/Studio/7.0/Packs/atmel/ATmega_DFP/1.6.364/gcc/dev/atmega2560/avr6/crtatmega2560.o
                0x000002d0                __init
 *(.init0)
 *(.init1)
 *(.init1)
 *(.init2)
 .init2         0x000002d0       0x10 C:/Program Files (x86)/Atmel/Studio/7.0/Packs/atmel/ATmega_DFP/1.6.364/gcc/dev/atmega2560/avr6/crtatmega2560.o
 *(.init2)
 *(.init3)
 *(.init3)
 *(.init4)
 .init4         0x000002e0       0x1a c:/program files (x86)/atmel/studio/7.0/toolchain/avr8/avr8-gnu-toolchain/bin/../lib/gcc/avr/5.4.0/avr6\libgcc.a(_copy_data.o)
                0x000002e0                __do_copy_data
 .init4         0x000002fa       0x10 c:/program files (x86)/atmel/studio/7.0/toolchain/avr8/avr8-gnu-toolchain/bin/../lib/gcc/avr/5.4.0/avr6\libgcc.a(_clear_bss.o)
                0x000002fa                __do_clear_bss
 *(.init4)
 *(.init5)
 *(.init5)
 *(.init6)
 *(.init6)
 *(.init7)
 *(.init7)
 *(.init8)
 *(.init8)
 *(.init9)
 .init9         0x0000030a        0x8 C:/Program Files (x86)/Atmel/Studio/7.0/Packs/atmel/ATmega_DFP/1.6.364/gcc/dev/atmega2560/avr6/crtatmega2560.o
 *(.init9)
 *(.text)
 .text          0x00000312        0x2 C:/Program Files (x86)/Atmel/Studio/7.0/Packs/atmel/ATmega_DFP/1.6.364/gcc/dev/atmega2560/avr6/crtatmega2560.o
                0x00000312                __vector_38
                0x00000312                __vector_22
                0x00000312                __vector_28
                0x00000312                __vector_1
                0x00000312                __vector_32
                0x00000312                __vector_34
                0x00000312                __vector_24
                0x00000312                __vector_46
                0x00000312                __bad_interrupt
                0x00000312                __vector_6
                0x00000312                __vector_31
                0x00000312                __vector_35
                0x00000312                __vector_3
                0x00000312                __vector_23
                0x00000312                __vector_30
                0x00000312                __vector_45
                0x00000312                __vector_11
                0x00000312                __vector_13
                0x00000312                __vector_17
                0x00000312                __vector_19
                0x00000312                __vector_56
                0x00000312                __vector_7
                0x00000312                __vector_49
                0x00000312                __vector_41
                0x00000312                __vector_43
                0x00000312                __vector_27
                0x00000312                __vector_5
                0x00000312                __vector_33
                0x00000312                __vector_47
                0x00000312                __vector_4
                0x00000312                __vector_44
                0x00000312                __vector_9
                0x00000312                __vector_2
                0x00000312                __vector_21
                0x00000312                __vector_15
                0x00000312                __vector_29
                0x00000312                __vector_40
                0x00000312                __vector_8
                0x00000312                __vector_48
                0x00000312                __vector_14
                0x00000312                __vector_53
                0x00000312                __vector_10
                0x00000312                __vector_50
                0x00000312                __vector_16
                0x00000312                __vector_18
                0x00000312                __vector_20
                0x00000312                __vector_42
                0x00000314                . = ALIGN (0x2)
 *(.text.*)
 .text.CO2_callback
                0x00000314        0xa CO2Handler.o
                0x00000314                CO2_callback
 .text.startReadingCO2
                0x0000031e       0xd2 CO2Handler.o
                0x0000031e                startReadingCO2
 .text.getCO2   0x000003f0        0x8 CO2Handler.o
                0x000003f0                getCO2
 .text.CO2_handler_init
                0x000003f8       0x4a CO2Handler.o
                0x000003f8                CO2_handler_init
 .text.createCO2
                0x00000442       0x8a CO2Handler.o
                0x00000442                createCO2
 .text.DownLinkHandler_Create
                0x000004cc       0x40 DownlinkHandler.o
                0x000004cc                DownLinkHandler_Create
 .text.lora_DownLinkHandler_StartTask
                0x0000050c       0x84 DownlinkHandler.o
                0x0000050c                lora_DownLinkHandler_StartTask
 .text.lora_downlink_handler_task
                0x00000590        0x8 DownlinkHandler.o
                0x00000590                lora_downlink_handler_task
 .text.tsl2591Callback
                0x00000598       0x7c LightHandler.o
                0x00000598                tsl2591Callback
 .text.createLightTask
                0x00000614       0x4a LightHandler.o
                0x00000614                createLightTask
 .text.createLightSensor
                0x0000065e       0x96 LightHandler.o
                0x0000065e                createLightSensor
 .text.measure_light
                0x000006f4       0x54 LightHandler.o
                0x000006f4                measure_light
 .text.startReadingLight
                0x00000748       0x30 LightHandler.o
                0x00000748                startReadingLight
 .text.getLight
                0x00000778        0x8 LightHandler.o
                0x00000778                getLight
 .text.create_shared_printf
                0x00000780       0x1c SharedPrintf.o
                0x00000780                create_shared_printf
 .text.print_sharedf
                0x0000079c       0x50 SharedPrintf.o
                0x0000079c                print_sharedf
 .text.create_semaphore_mutex_and_sensors
                0x000007ec       0x2e SharedSensorData.o
                0x000007ec                create_semaphore_mutex_and_sensors
 .text.set_temp_hum_val
                0x0000081a       0x56 SharedSensorData.o
                0x0000081a                set_temp_hum_val
 .text.get_humidity_val
                0x00000870       0x3a SharedSensorData.o
                0x00000870                get_humidity_val
 .text.measureTempAndHum
                0x000008aa        0x4 TemperatureHandler.o
                0x000008aa                measureTempAndHum
 .text.startReading
                0x000008ae       0x80 TemperatureHandler.o
                0x000008ae                startReading
 .text.temperature_handler_init
                0x0000092e       0x4a TemperatureHandler.o
                0x0000092e                temperature_handler_init
 .text.createTemp
                0x00000978       0x94 TemperatureHandler.o
                0x00000978                createTemp
 .text.getTemperature
                0x00000a0c        0xc TemperatureHandler.o
                0x00000a0c                getTemperature
 .text.getHumidity
                0x00000a18        0x8 TemperatureHandler.o
                0x00000a18                getHumidity
 .text.set_values
                0x00000a20       0x36 TemperatureHandler.o
                0x00000a20                set_values
 .text._lora_setup
                0x00000a56      0x18a UplinkHandler.o
 .text.lora_handler_task
                0x00000be0      0x1fa UplinkHandler.o
                0x00000be0                lora_handler_task
 .text.lora_handler_initialize
                0x00000dda       0x4c UplinkHandler.o
                0x00000dda                lora_handler_initialize
 .text.prvTestWaitCondition
                0x00000e26       0x42 FreeRTOS/src/event_groups.o
 .text.xEventGroupCreate
                0x00000e68       0x26 FreeRTOS/src/event_groups.o
                0x00000e68                xEventGroupCreate
 .text.xEventGroupWaitBits
                0x00000e8e      0x140 FreeRTOS/src/event_groups.o
                0x00000e8e                xEventGroupWaitBits
 .text.xEventGroupSetBits
                0x00000fce      0x11c FreeRTOS/src/event_groups.o
                0x00000fce                xEventGroupSetBits
 .text.prvHeapInit
                0x000010ea       0x52 FreeRTOS/src/heap_4.o
 .text.prvInsertBlockIntoFreeList
                0x0000113c       0x94 FreeRTOS/src/heap_4.o
 .text.pvPortMalloc
                0x000011d0      0x152 FreeRTOS/src/heap_4.o
                0x000011d0                pvPortMalloc
 .text.vPortFree
                0x00001322       0x7a FreeRTOS/src/heap_4.o
                0x00001322                vPortFree
 .text.vListInitialise
                0x0000139c       0x22 FreeRTOS/src/list.o
                0x0000139c                vListInitialise
 .text.vListInitialiseItem
                0x000013be        0x8 FreeRTOS/src/list.o
                0x000013be                vListInitialiseItem
 .text.vListInsert
                0x000013c6       0x7a FreeRTOS/src/list.o
                0x000013c6                vListInsert
 .text.uxListRemove
                0x00001440       0x4e FreeRTOS/src/list.o
                0x00001440                uxListRemove
 .text.prvSetupTimerInterrupt
                0x0000148e       0x18 FreeRTOS/src/port.o
 .text.pxPortInitialiseStack
                0x000014a6       0x2e FreeRTOS/src/port.o
                0x000014a6                pxPortInitialiseStack
 .text.xPortStartScheduler
                0x000014d4       0x64 FreeRTOS/src/port.o
                0x000014d4                xPortStartScheduler
 .text.vPortYield
                0x00001538       0xc2 FreeRTOS/src/port.o
                0x00001538                vPortYield
 .text.vPortYieldFromTick
                0x000015fa       0xca FreeRTOS/src/port.o
                0x000015fa                vPortYieldFromTick
 .text.__vector_12
                0x000016c4        0x4 FreeRTOS/src/port.o
                0x000016c4                __vector_12
 .text.prvGetDisinheritPriorityAfterTimeout
                0x000016c8       0x20 FreeRTOS/src/queue.o
 .text.prvIsQueueEmpty
                0x000016e8       0x1a FreeRTOS/src/queue.o
 .text.prvIsQueueFull
                0x00001702       0x1c FreeRTOS/src/queue.o
 .text.prvCopyDataToQueue
                0x0000171e       0xbe FreeRTOS/src/queue.o
 .text.prvCopyDataFromQueue
                0x000017dc       0x34 FreeRTOS/src/queue.o
 .text.prvUnlockQueue
                0x00001810       0x68 FreeRTOS/src/queue.o
 .text.xQueueGenericReset
                0x00001878       0x86 FreeRTOS/src/queue.o
                0x00001878                xQueueGenericReset
 .text.prvInitialiseNewQueue
                0x000018fe       0x24 FreeRTOS/src/queue.o
 .text.xQueueGenericCreate
                0x00001922       0x46 FreeRTOS/src/queue.o
                0x00001922                xQueueGenericCreate
 .text.xQueueGenericSend
                0x00001968      0x124 FreeRTOS/src/queue.o
                0x00001968                xQueueGenericSend
 .text.prvInitialiseMutex
                0x00001a8c       0x24 FreeRTOS/src/queue.o
 .text.xQueueCreateMutex
                0x00001ab0       0x18 FreeRTOS/src/queue.o
                0x00001ab0                xQueueCreateMutex
 .text.xQueueGenericSendFromISR
                0x00001ac8       0x76 FreeRTOS/src/queue.o
                0x00001ac8                xQueueGenericSendFromISR
 .text.xQueueReceive
                0x00001b3e      0x11e FreeRTOS/src/queue.o
                0x00001b3e                xQueueReceive
 .text.xQueueSemaphoreTake
                0x00001c5c      0x162 FreeRTOS/src/queue.o
                0x00001c5c                xQueueSemaphoreTake
 .text.vQueueWaitForMessageRestricted
                0x00001dbe       0x38 FreeRTOS/src/queue.o
                0x00001dbe                vQueueWaitForMessageRestricted
 .text.prvBytesInBuffer
                0x00001df6       0x26 FreeRTOS/src/stream_buffer.o
 .text.prvInitialiseNewStreamBuffer
                0x00001e1c       0x20 FreeRTOS/src/stream_buffer.o
 .text.prvWriteBytesToBuffer
                0x00001e3c       0x92 FreeRTOS/src/stream_buffer.o
 .text.prvWriteMessageToBuffer
                0x00001ece       0x86 FreeRTOS/src/stream_buffer.o
 .text.prvReadBytesFromBuffer
                0x00001f54       0x9e FreeRTOS/src/stream_buffer.o
 .text.prvReadMessageFromBuffer
                0x00001ff2       0x8a FreeRTOS/src/stream_buffer.o
 .text.xStreamBufferGenericCreate
                0x0000207c       0x64 FreeRTOS/src/stream_buffer.o
                0x0000207c                xStreamBufferGenericCreate
 .text.xStreamBufferReset
                0x000020e0       0x3c FreeRTOS/src/stream_buffer.o
                0x000020e0                xStreamBufferReset
 .text.xStreamBufferSpacesAvailable
                0x0000211c       0x24 FreeRTOS/src/stream_buffer.o
                0x0000211c                xStreamBufferSpacesAvailable
 .text.xStreamBufferSend
                0x00002140      0x18a FreeRTOS/src/stream_buffer.o
                0x00002140                xStreamBufferSend
 .text.xStreamBufferSendFromISR
                0x000022ca       0x88 FreeRTOS/src/stream_buffer.o
                0x000022ca                xStreamBufferSendFromISR
 .text.xStreamBufferReceive
                0x00002352      0x106 FreeRTOS/src/stream_buffer.o
                0x00002352                xStreamBufferReceive
 .text.prvResetNextTaskUnblockTime
                0x00002458       0x4e FreeRTOS/src/tasks.o
 .text.prvDeleteTCB
                0x000024a6       0x1a FreeRTOS/src/tasks.o
 .text.prvInitialiseNewTask
                0x000024c0       0xfc FreeRTOS/src/tasks.o
 .text.prvInitialiseTaskLists
                0x000025bc       0x60 FreeRTOS/src/tasks.o
 .text.prvAddNewTaskToReadyList
                0x0000261c       0xde FreeRTOS/src/tasks.o
 .text.prvCheckTasksWaitingTermination
                0x000026fa       0x4a FreeRTOS/src/tasks.o
 .text.prvAddCurrentTaskToDelayedList
                0x00002744      0x144 FreeRTOS/src/tasks.o
 .text.xTaskCreate
                0x00002888       0x98 FreeRTOS/src/tasks.o
                0x00002888                xTaskCreate
 .text.vTaskStartScheduler
                0x00002920       0x70 FreeRTOS/src/tasks.o
                0x00002920                vTaskStartScheduler
 .text.vTaskSuspendAll
                0x00002990        0xc FreeRTOS/src/tasks.o
                0x00002990                vTaskSuspendAll
 .text.xTaskGetTickCount
                0x0000299c       0x1c FreeRTOS/src/tasks.o
                0x0000299c                xTaskGetTickCount
 .text.xTaskIncrementTick
                0x000029b8      0x258 FreeRTOS/src/tasks.o
                0x000029b8                xTaskIncrementTick
 .text.xTaskResumeAll
                0x00002c10      0x1b8 FreeRTOS/src/tasks.o
                0x00002c10                xTaskResumeAll
 .text.xTaskDelayUntil
                0x00002dc8       0xca FreeRTOS/src/tasks.o
                0x00002dc8                xTaskDelayUntil
 .text.vTaskDelay
                0x00002e92       0x36 FreeRTOS/src/tasks.o
                0x00002e92                vTaskDelay
 .text.vTaskSwitchContext
                0x00002ec8       0xca FreeRTOS/src/tasks.o
                0x00002ec8                vTaskSwitchContext
 .text.vTaskPlaceOnEventList
                0x00002f92       0x2e FreeRTOS/src/tasks.o
                0x00002f92                vTaskPlaceOnEventList
 .text.vTaskPlaceOnUnorderedEventList
                0x00002fc0       0x94 FreeRTOS/src/tasks.o
                0x00002fc0                vTaskPlaceOnUnorderedEventList
 .text.vTaskPlaceOnEventListRestricted
                0x00003054       0x84 FreeRTOS/src/tasks.o
                0x00003054                vTaskPlaceOnEventListRestricted
 .text.xTaskRemoveFromEventList
                0x000030d8      0x15e FreeRTOS/src/tasks.o
                0x000030d8                xTaskRemoveFromEventList
 .text.vTaskRemoveFromUnorderedEventList
                0x00003236      0x134 FreeRTOS/src/tasks.o
                0x00003236                vTaskRemoveFromUnorderedEventList
 .text.vTaskSetTimeOutState
                0x0000336a       0x2c FreeRTOS/src/tasks.o
                0x0000336a                vTaskSetTimeOutState
 .text.vTaskInternalSetTimeOutState
                0x00003396       0x22 FreeRTOS/src/tasks.o
                0x00003396                vTaskInternalSetTimeOutState
 .text.xTaskCheckForTimeOut
                0x000033b8       0xcc FreeRTOS/src/tasks.o
                0x000033b8                xTaskCheckForTimeOut
 .text.vTaskMissedYield
                0x00003484        0x8 FreeRTOS/src/tasks.o
                0x00003484                vTaskMissedYield
 .text.xTaskGetCurrentTaskHandle
                0x0000348c        0xa FreeRTOS/src/tasks.o
                0x0000348c                xTaskGetCurrentTaskHandle
 .text.xTaskGetSchedulerState
                0x00003496       0x1c FreeRTOS/src/tasks.o
                0x00003496                xTaskGetSchedulerState
 .text.xTaskPriorityInherit
                0x000034b2      0x10e FreeRTOS/src/tasks.o
                0x000034b2                xTaskPriorityInherit
 .text.xTaskPriorityDisinherit
                0x000035c0       0xb6 FreeRTOS/src/tasks.o
                0x000035c0                xTaskPriorityDisinherit
 .text.vTaskPriorityDisinheritAfterTimeout
                0x00003676       0xce FreeRTOS/src/tasks.o
                0x00003676                vTaskPriorityDisinheritAfterTimeout
 .text.uxTaskResetEventItemValue
                0x00003744       0x54 FreeRTOS/src/tasks.o
                0x00003744                uxTaskResetEventItemValue
 .text.pvTaskIncrementMutexHeldCount
                0x00003798       0x24 FreeRTOS/src/tasks.o
                0x00003798                pvTaskIncrementMutexHeldCount
 .text.xTaskGenericNotifyWait
                0x000037bc      0x150 FreeRTOS/src/tasks.o
                0x000037bc                xTaskGenericNotifyWait
 .text.xTaskGenericNotify
                0x0000390c      0x1ee FreeRTOS/src/tasks.o
                0x0000390c                xTaskGenericNotify
 .text.xTaskGenericNotifyFromISR
                0x00003afa      0x244 FreeRTOS/src/tasks.o
                0x00003afa                xTaskGenericNotifyFromISR
 .text.xTaskGenericNotifyStateClear
                0x00003d3e       0x34 FreeRTOS/src/tasks.o
                0x00003d3e                xTaskGenericNotifyStateClear
 .text.prvGetNextExpireTime
                0x00003d72       0x30 FreeRTOS/src/timers.o
 .text.prvInsertTimerInActiveList
                0x00003da2       0x92 FreeRTOS/src/timers.o
 .text.prvCheckForValidListAndQueue
                0x00003e34       0x52 FreeRTOS/src/timers.o
 .text.xTimerCreateTimerTask
                0x00003e86       0x42 FreeRTOS/src/timers.o
                0x00003e86                xTimerCreateTimerTask
 .text.xTimerGenericCommand
                0x00003ec8       0xbc FreeRTOS/src/timers.o
                0x00003ec8                xTimerGenericCommand
 .text.prvSwitchTimerLists
                0x00003f84       0xd0 FreeRTOS/src/timers.o
 .text.prvSampleTimeNow
                0x00004054       0x5c FreeRTOS/src/timers.o
 .text.prvProcessExpiredTimer
                0x000040b0       0xac FreeRTOS/src/timers.o
 .text.prvProcessTimerOrBlockTask
                0x0000415c       0xae FreeRTOS/src/timers.o
 .text.prvProcessReceivedCommands
                0x0000420a      0x168 FreeRTOS/src/timers.o
 .text.vApplicationIdleHook
                0x00004372        0x2 FreeRTOS/src/variantHooks.o
                0x00004372                vApplicationIdleHook
 .text.prvSetMainLedOn
                0x00004374        0xe FreeRTOS/src/variantHooks.o
                0x00004374                prvSetMainLedOn
 .text.prvBlinkMainLed
                0x00004382        0x8 FreeRTOS/src/variantHooks.o
                0x00004382                prvBlinkMainLed
 .text.vApplicationMallocFailedHook
                0x0000438a       0x18 FreeRTOS/src/variantHooks.o
                0x0000438a                vApplicationMallocFailedHook
 .text.vApplicationStackOverflowHook
                0x000043a2       0x18 FreeRTOS/src/variantHooks.o
                0x000043a2                vApplicationStackOverflowHook
 .text.createTasksForSensors
                0x000043ba       0x80 main.o
                0x000043ba                createTasksForSensors
 .text.create_tasks_and_semaphores
                0x0000443a       0x82 main.o
                0x0000443a                create_tasks_and_semaphores
 .text.initializeSystem
                0x000044bc       0x34 main.o
                0x000044bc                initializeSystem
 .text.main     0x000044f0        0x8 main.o
                0x000044f0                main
 .text.avr-libc.fplib
                0x000044f8        0xa c:/program files (x86)/atmel/studio/7.0/toolchain/avr8/avr8-gnu-toolchain/bin/../lib/gcc/avr/5.4.0/../../../../avr/lib/avr6\libm.a(fixsfsi.o)
                0x000044f8                __fixsfsi
 .text.avr-libc.fplib
                0x00004502       0x58 c:/program files (x86)/atmel/studio/7.0/toolchain/avr8/avr8-gnu-toolchain/bin/../lib/gcc/avr/5.4.0/../../../../avr/lib/avr6\libm.a(fixunssfsi.o)
                0x00004502                __fixunssfsi
 .text.avr-libc.fplib
                0x0000455a       0x44 c:/program files (x86)/atmel/studio/7.0/toolchain/avr8/avr8-gnu-toolchain/bin/../lib/gcc/avr/5.4.0/../../../../avr/lib/avr6\libm.a(fp_split3.o)
                0x0000455a                __fp_split3
                0x0000456a                __fp_splitA
 .text.avr-libc.fplib
                0x0000459e        0xe c:/program files (x86)/atmel/studio/7.0/toolchain/avr8/avr8-gnu-toolchain/bin/../lib/gcc/avr/5.4.0/../../../../avr/lib/avr6\libm.a(fp_zero.o)
                0x0000459e                __fp_zero
                0x000045a0                __fp_szero
 .text.avr-libc.fplib
                0x000045ac       0x66 c:/program files (x86)/atmel/studio/7.0/toolchain/avr8/avr8-gnu-toolchain/bin/../lib/gcc/avr/5.4.0/../../../../avr/lib/avr6\libm.a(modf.o)
                0x000045ac                modf
                0x000045ac                modff
 .text.avr-libc.fplib
                0x00004612        0x4 c:/program files (x86)/atmel/studio/7.0/toolchain/avr8/avr8-gnu-toolchain/bin/../lib/gcc/avr/5.4.0/../../../../avr/lib/avr6\libm.a(mulsf3.o)
                0x00004612                __mulsf3
 .text.avr-libc.fplib
                0x00004616       0xc2 c:/program files (x86)/atmel/studio/7.0/toolchain/avr8/avr8-gnu-toolchain/bin/../lib/gcc/avr/5.4.0/../../../../avr/lib/avr6\libm.a(mulsf3x.o)
                0x0000462a                __mulsf3x
                0x0000462e                __mulsf3_pse
 .text.avr-libc.fplib
                0x000046d8        0xa c:/program files (x86)/atmel/studio/7.0/toolchain/avr8/avr8-gnu-toolchain/bin/../lib/gcc/avr/5.4.0/../../../../avr/lib/avr6\libm.a(addsf3.o)
                0x000046d8                __subsf3
                0x000046da                __addsf3
 .text.avr-libc.fplib
                0x000046e2       0xc0 c:/program files (x86)/atmel/studio/7.0/toolchain/avr8/avr8-gnu-toolchain/bin/../lib/gcc/avr/5.4.0/../../../../avr/lib/avr6\libm.a(addsf3x.o)
                0x000046fc                __addsf3x
 .text.avr-libc.fplib
                0x000047a2        0xc c:/program files (x86)/atmel/studio/7.0/toolchain/avr8/avr8-gnu-toolchain/bin/../lib/gcc/avr/5.4.0/../../../../avr/lib/avr6\libm.a(fp_inf.o)
                0x000047a2                __fp_inf
 .text.avr-libc.fplib
                0x000047ae        0x6 c:/program files (x86)/atmel/studio/7.0/toolchain/avr8/avr8-gnu-toolchain/bin/../lib/gcc/avr/5.4.0/../../../../avr/lib/avr6\libm.a(fp_nan.o)
                0x000047ae                __fp_nan
 .text.avr-libc.fplib
                0x000047b4        0xe c:/program files (x86)/atmel/studio/7.0/toolchain/avr8/avr8-gnu-toolchain/bin/../lib/gcc/avr/5.4.0/../../../../avr/lib/avr6\libm.a(fp_pscA.o)
                0x000047b4                __fp_pscA
 .text.avr-libc.fplib
                0x000047c2        0xe c:/program files (x86)/atmel/studio/7.0/toolchain/avr8/avr8-gnu-toolchain/bin/../lib/gcc/avr/5.4.0/../../../../avr/lib/avr6\libm.a(fp_pscB.o)
                0x000047c2                __fp_pscB
 .text.avr-libc.fplib
                0x000047d0       0x22 c:/program files (x86)/atmel/studio/7.0/toolchain/avr8/avr8-gnu-toolchain/bin/../lib/gcc/avr/5.4.0/../../../../avr/lib/avr6\libm.a(fp_round.o)
                0x000047d0                __fp_round
 .text._hihTwiCallback
                0x000047f2       0x5a ../drivers\libIotLibrary.a(hih8120.o)
 .text.hih8120_initialise
                0x0000484c       0x30 ../drivers\libIotLibrary.a(hih8120.o)
                0x0000484c                hih8120_initialise
 .text.hih8120_wakeup
                0x0000487c       0x2a ../drivers\libIotLibrary.a(hih8120.o)
                0x0000487c                hih8120_wakeup
 .text.hih8120_measure
                0x000048a6       0x22 ../drivers\libIotLibrary.a(hih8120.o)
                0x000048a6                hih8120_measure
 .text.hih8120_getHumidity
                0x000048c8       0x28 ../drivers\libIotLibrary.a(hih8120.o)
                0x000048c8                hih8120_getHumidity
 .text.hih8120_getHumidityPercent_x10
                0x000048f0       0x12 ../drivers\libIotLibrary.a(hih8120.o)
                0x000048f0                hih8120_getHumidityPercent_x10
 .text.hih8120_getTemperature
                0x00004902       0x32 ../drivers\libIotLibrary.a(hih8120.o)
                0x00004902                hih8120_getTemperature
 .text._serialCallBack
                0x00004934       0x8c ../drivers\libIotLibrary.a(lora_driver.o)
 .text._uploadMessage
                0x000049c0       0xb4 ../drivers\libIotLibrary.a(lora_driver.o)
 .text._reply2ReturnCode
                0x00004a74       0xea ../drivers\libIotLibrary.a(lora_driver.o)
 .text._uploadMessageRc
                0x00004b5e        0x6 ../drivers\libIotLibrary.a(lora_driver.o)
 .text.lora_driver_flushBuffers
                0x00004b64        0xe ../drivers\libIotLibrary.a(lora_driver.o)
                0x00004b64                lora_driver_flushBuffers
 .text.lora_driver_initialise
                0x00004b72       0x80 ../drivers\libIotLibrary.a(lora_driver.o)
                0x00004b72                lora_driver_initialise
 .text.lora_driver_resetRn2483
                0x00004bf2       0x1c ../drivers\libIotLibrary.a(lora_driver.o)
                0x00004bf2                lora_driver_resetRn2483
 .text.lora_driver_rn2483FactoryReset
                0x00004c0e       0x24 ../drivers\libIotLibrary.a(lora_driver.o)
                0x00004c0e                lora_driver_rn2483FactoryReset
 .text.lora_driver_getRn2483Hweui
                0x00004c32       0x38 ../drivers\libIotLibrary.a(lora_driver.o)
                0x00004c32                lora_driver_getRn2483Hweui
 .text.lora_driver_setDeviceIdentifier
                0x00004c6a       0x22 ../drivers\libIotLibrary.a(lora_driver.o)
                0x00004c6a                lora_driver_setDeviceIdentifier
 .text.lora_driver_setApplicationIdentifier
                0x00004c8c       0x22 ../drivers\libIotLibrary.a(lora_driver.o)
                0x00004c8c                lora_driver_setApplicationIdentifier
 .text.lora_driver_setApplicationKey
                0x00004cae       0x22 ../drivers\libIotLibrary.a(lora_driver.o)
                0x00004cae                lora_driver_setApplicationKey
 .text.lora_driver_saveMac
                0x00004cd0        0xc ../drivers\libIotLibrary.a(lora_driver.o)
                0x00004cd0                lora_driver_saveMac
 .text.lora_driver_join
                0x00004cdc       0x52 ../drivers\libIotLibrary.a(lora_driver.o)
                0x00004cdc                lora_driver_join
 .text.lora_driver_sendUploadMessage
                0x00004d2e      0x196 ../drivers\libIotLibrary.a(lora_driver.o)
                0x00004d2e                lora_driver_sendUploadMessage
 .text.lora_driver_setAdaptiveDataRate
                0x00004ec4       0x16 ../drivers\libIotLibrary.a(lora_driver.o)
                0x00004ec4                lora_driver_setAdaptiveDataRate
 .text.lora_driver_setReceiveDelay
                0x00004eda       0x30 ../drivers\libIotLibrary.a(lora_driver.o)
                0x00004eda                lora_driver_setReceiveDelay
 .text.lora_driver_configureToEu868
                0x00004f0a      0x1bc ../drivers\libIotLibrary.a(lora_driver.o)
                0x00004f0a                lora_driver_configureToEu868
 .text.lora_driver_setOtaaIdentity
                0x000050c6       0x42 ../drivers\libIotLibrary.a(lora_driver.o)
                0x000050c6                lora_driver_setOtaaIdentity
 .text.lora_driver_mapReturnCodeToText
                0x00005108       0x18 ../drivers\libIotLibrary.a(lora_driver.o)
                0x00005108                lora_driver_mapReturnCodeToText
 .text.decode_port_no
                0x00005120       0x58 ../drivers\libIotLibrary.a(lora_driver_utils.o)
                0x00005120                decode_port_no
 .text.decode_hexadecimal_string_bytes
                0x00005178       0x92 ../drivers\libIotLibrary.a(lora_driver_utils.o)
                0x00005178                decode_hexadecimal_string_bytes
 .text._serialCallBack
                0x0000520a       0xb6 ../drivers\libIotLibrary.a(mh_z19.o)
 .text.mh_z19_initialise
                0x000052c0       0x4a ../drivers\libIotLibrary.a(mh_z19.o)
                0x000052c0                mh_z19_initialise
 .text.mh_z19_injectCallBack
                0x0000530a        0xa ../drivers\libIotLibrary.a(mh_z19.o)
                0x0000530a                mh_z19_injectCallBack
 .text.mh_z19_takeMeassuring
                0x00005314       0x5e ../drivers\libIotLibrary.a(mh_z19.o)
                0x00005314                mh_z19_takeMeassuring
 .text.rc_servo_setPosition
                0x00005372       0x30 ../drivers\libIotLibrary.a(rc_servo.o)
                0x00005372                rc_servo_setPosition
 .text.rc_servo_initialise
                0x000053a2       0x38 ../drivers\libIotLibrary.a(rc_servo.o)
                0x000053a2                rc_servo_initialise
 .text.serial_create
                0x000053da      0x146 ../drivers\libIotLibrary.a(serial.o)
                0x000053da                serial_create
 .text.serial_sendByte
                0x00005520       0x56 ../drivers\libIotLibrary.a(serial.o)
                0x00005520                serial_sendByte
 .text.serial_sendBytes
                0x00005576       0xaa ../drivers\libIotLibrary.a(serial.o)
                0x00005576                serial_sendBytes
 .text.serial_getByte
                0x00005620       0x40 ../drivers\libIotLibrary.a(serial.o)
                0x00005620                serial_getByte
 .text.__vector_25
                0x00005660       0xa4 ../drivers\libIotLibrary.a(serial.o)
                0x00005660                __vector_25
 .text.__vector_26
                0x00005704       0x88 ../drivers\libIotLibrary.a(serial.o)
                0x00005704                __vector_26
 .text.__vector_36
                0x0000578c       0xa4 ../drivers\libIotLibrary.a(serial.o)
                0x0000578c                __vector_36
 .text.__vector_37
                0x00005830       0x88 ../drivers\libIotLibrary.a(serial.o)
                0x00005830                __vector_37
 .text.__vector_51
                0x000058b8       0xa4 ../drivers\libIotLibrary.a(serial.o)
                0x000058b8                __vector_51
 .text.__vector_52
                0x0000595c       0x88 ../drivers\libIotLibrary.a(serial.o)
                0x0000595c                __vector_52
 .text.__vector_54
                0x000059e4       0xa4 ../drivers\libIotLibrary.a(serial.o)
                0x000059e4                __vector_54
 .text.__vector_55
                0x00005a88       0x88 ../drivers\libIotLibrary.a(serial.o)
                0x00005a88                __vector_55
 .text.usart_getchar
                0x00005b10       0x2a ../drivers\libIotLibrary.a(stdio_driver.o)
 .text.usart_putchar
                0x00005b3a       0x12 ../drivers\libIotLibrary.a(stdio_driver.o)
 .text.stdio_initialise
                0x00005b4c       0x52 ../drivers\libIotLibrary.a(stdio_driver.o)
                0x00005b4c                stdio_initialise
 .text._callBack
                0x00005b9e       0x10 ../drivers\libIotLibrary.a(tsl2591.o)
 .text._tsl2591TwiCallback
                0x00005bae       0x88 ../drivers\libIotLibrary.a(tsl2591.o)
 .text._twiTransmit
                0x00005c36       0x26 ../drivers\libIotLibrary.a(tsl2591.o)
 .text.tsl2591_initialise
                0x00005c5c       0x36 ../drivers\libIotLibrary.a(tsl2591.o)
                0x00005c5c                tsl2591_initialise
 .text.tsl2591_enable
                0x00005c92       0x2a ../drivers\libIotLibrary.a(tsl2591.o)
                0x00005c92                tsl2591_enable
 .text.tsl2591_fetchData
                0x00005cbc       0x24 ../drivers\libIotLibrary.a(tsl2591.o)
                0x00005cbc                tsl2591_fetchData
 .text.tsl2591_getLux
                0x00005ce0      0x1be ../drivers\libIotLibrary.a(tsl2591.o)
                0x00005ce0                tsl2591_getLux
 .text._initTwiInterface
                0x00005e9e       0x22 ../drivers\libIotLibrary.a(twi.o)
 .text.twiCreate
                0x00005ec0       0x9a ../drivers\libIotLibrary.a(twi.o)
                0x00005ec0                twiCreate
 .text.twiIsBusy
                0x00005f5a        0x8 ../drivers\libIotLibrary.a(twi.o)
                0x00005f5a                twiIsBusy
 .text.twiTransmit
                0x00005f62       0x98 ../drivers\libIotLibrary.a(twi.o)
                0x00005f62                twiTransmit
 .text.twiReceive
                0x00005ffa       0x66 ../drivers\libIotLibrary.a(twi.o)
                0x00005ffa                twiReceive
 .text.__vector_39
                0x00006060      0x17a ../drivers\libIotLibrary.a(twi.o)
                0x00006060                __vector_39
 .text.fifo_init
                0x000061da       0x38 ../drivers\libIotLibrary.a(fifo.o)
                0x000061da                fifo_init
 .text.avr-libc
                0x00006212      0x712 c:/program files (x86)/atmel/studio/7.0/toolchain/avr8/avr8-gnu-toolchain/bin/../lib/gcc/avr/5.4.0/../../../../avr/lib/avr6\libprintf_flt.a(vfprintf_flt.o)
                0x00006212                vfprintf
 .text.avr-libc.fplib
                0x00006924        0x6 c:/program files (x86)/atmel/studio/7.0/toolchain/avr8/avr8-gnu-toolchain/bin/../lib/gcc/avr/5.4.0/../../../../avr/lib/avr6\libm.a(divsf3.o)
                0x00006924                __divsf3
 .text.avr-libc.fplib
                0x0000692a       0xdc c:/program files (x86)/atmel/studio/7.0/toolchain/avr8/avr8-gnu-toolchain/bin/../lib/gcc/avr/5.4.0/../../../../avr/lib/avr6\libm.a(divsf3x.o)
                0x0000694a                __divsf3x
                0x00006950                __divsf3_pse
 .text.avr-libc.fplib
                0x00006a06       0x7a c:/program files (x86)/atmel/studio/7.0/toolchain/avr8/avr8-gnu-toolchain/bin/../lib/gcc/avr/5.4.0/../../../../avr/lib/avr6\libm.a(floatsisf.o)
                0x00006a06                __floatunsisf
                0x00006a0a                __floatsisf
 .text.avr-libc.fplib
                0x00006a80        0x8 c:/program files (x86)/atmel/studio/7.0/toolchain/avr8/avr8-gnu-toolchain/bin/../lib/gcc/avr/5.4.0/../../../../avr/lib/avr6\libm.a(gesf2.o)
                0x00006a80                __gesf2
                0x00006a80                __gtsf2
 .text.avr-libc.fplib
                0x00006a88       0x48 c:/program files (x86)/atmel/studio/7.0/toolchain/avr8/avr8-gnu-toolchain/bin/../lib/gcc/avr/5.4.0/../../../../avr/lib/avr6\libm.a(fp_cmp.o)
                0x00006a88                __fp_cmp
 .text.libgcc.div
                0x00006ad0       0x44 c:/program files (x86)/atmel/studio/7.0/toolchain/avr8/avr8-gnu-toolchain/bin/../lib/gcc/avr/5.4.0/avr6\libgcc.a(_udivmodsi4.o)
                0x00006ad0                __udivmodsi4
 .text.libgcc   0x00006b14       0x10 c:/program files (x86)/atmel/studio/7.0/toolchain/avr8/avr8-gnu-toolchain/bin/../lib/gcc/avr/5.4.0/avr6\libgcc.a(_tablejump2.o)
                0x00006b14                __tablejump2__
 .text.libgcc.mul
                0x00006b24       0x1e c:/program files (x86)/atmel/studio/7.0/toolchain/avr8/avr8-gnu-toolchain/bin/../lib/gcc/avr/5.4.0/avr6\libgcc.a(_umulhisi3.o)
                0x00006b24                __umulhisi3
 .text.avr-libc
                0x00006b42       0x34 c:/program files (x86)/atmel/studio/7.0/toolchain/avr8/avr8-gnu-toolchain/bin/../lib/gcc/avr/5.4.0/../../../../avr/lib/avr6\libc.a(calloc.o)
                0x00006b42                calloc
 .text.avr-libc
                0x00006b76      0x242 c:/program files (x86)/atmel/studio/7.0/toolchain/avr8/avr8-gnu-toolchain/bin/../lib/gcc/avr/5.4.0/../../../../avr/lib/avr6\libc.a(malloc.o)
                0x00006b76                malloc
                0x00006ca6                free
 .text.avr-libc
                0x00006db8        0x8 c:/program files (x86)/atmel/studio/7.0/toolchain/avr8/avr8-gnu-toolchain/bin/../lib/gcc/avr/5.4.0/../../../../avr/lib/avr6\libc.a(abort.o)
                0x00006db8                abort
 .text.avr-libc
                0x00006dc0      0x1b0 c:/program files (x86)/atmel/studio/7.0/toolchain/avr8/avr8-gnu-toolchain/bin/../lib/gcc/avr/5.4.0/../../../../avr/lib/avr6\libc.a(ftoa_engine.o)
                0x00006dc0                __ftoa_engine
 .text.avr-libc
                0x00006f70       0x16 c:/program files (x86)/atmel/studio/7.0/toolchain/avr8/avr8-gnu-toolchain/bin/../lib/gcc/avr/5.4.0/../../../../avr/lib/avr6\libc.a(strnlen_P.o)
                0x00006f70                strnlen_P
 .text.avr-libc
                0x00006f86       0x12 c:/program files (x86)/atmel/studio/7.0/toolchain/avr8/avr8-gnu-toolchain/bin/../lib/gcc/avr/5.4.0/../../../../avr/lib/avr6\libc.a(memcpy.o)
                0x00006f86                memcpy
 .text.avr-libc
                0x00006f98        0xe c:/program files (x86)/atmel/studio/7.0/toolchain/avr8/avr8-gnu-toolchain/bin/../lib/gcc/avr/5.4.0/../../../../avr/lib/avr6\libc.a(memset.o)
                0x00006f98                memset
 .text.avr-libc
                0x00006fa6       0x4a c:/program files (x86)/atmel/studio/7.0/toolchain/avr8/avr8-gnu-toolchain/bin/../lib/gcc/avr/5.4.0/../../../../avr/lib/avr6\libc.a(strcasestr.o)
                0x00006fa6                strcasestr
 .text.avr-libc
                0x00006ff0       0x16 c:/program files (x86)/atmel/studio/7.0/toolchain/avr8/avr8-gnu-toolchain/bin/../lib/gcc/avr/5.4.0/../../../../avr/lib/avr6\libc.a(strcat.o)
                0x00006ff0                strcat
 .text.avr-libc
                0x00007006        0xe c:/program files (x86)/atmel/studio/7.0/toolchain/avr8/avr8-gnu-toolchain/bin/../lib/gcc/avr/5.4.0/../../../../avr/lib/avr6\libc.a(strcpy.o)
                0x00007006                strcpy
 .text.avr-libc
                0x00007014       0x30 c:/program files (x86)/atmel/studio/7.0/toolchain/avr8/avr8-gnu-toolchain/bin/../lib/gcc/avr/5.4.0/../../../../avr/lib/avr6\libc.a(strncasecmp.o)
                0x00007014                strncasecmp
 .text.avr-libc
                0x00007044       0x16 c:/program files (x86)/atmel/studio/7.0/toolchain/avr8/avr8-gnu-toolchain/bin/../lib/gcc/avr/5.4.0/../../../../avr/lib/avr6\libc.a(strnlen.o)
                0x00007044                strnlen
 .text.avr-libc
                0x0000705a       0x78 c:/program files (x86)/atmel/studio/7.0/toolchain/avr8/avr8-gnu-toolchain/bin/../lib/gcc/avr/5.4.0/../../../../avr/lib/avr6\libc.a(fputc.o)
                0x0000705a                fputc
 .text.avr-libc
                0x000070d2       0x26 c:/program files (x86)/atmel/studio/7.0/toolchain/avr8/avr8-gnu-toolchain/bin/../lib/gcc/avr/5.4.0/../../../../avr/lib/avr6\libc.a(printf.o)
                0x000070d2                printf
 .text.avr-libc
                0x000070f8       0x60 c:/program files (x86)/atmel/studio/7.0/toolchain/avr8/avr8-gnu-toolchain/bin/../lib/gcc/avr/5.4.0/../../../../avr/lib/avr6\libc.a(puts.o)
                0x000070f8                puts
 .text.avr-libc
                0x00007158       0x5c c:/program files (x86)/atmel/studio/7.0/toolchain/avr8/avr8-gnu-toolchain/bin/../lib/gcc/avr/5.4.0/../../../../avr/lib/avr6\libc.a(sprintf.o)
                0x00007158                sprintf
 .text.avr-libc
                0x000071b4        0xe c:/program files (x86)/atmel/studio/7.0/toolchain/avr8/avr8-gnu-toolchain/bin/../lib/gcc/avr/5.4.0/../../../../avr/lib/avr6\libc.a(vprintf.o)
                0x000071b4                vprintf
 .text.avr-libc
                0x000071c2       0xbc c:/program files (x86)/atmel/studio/7.0/toolchain/avr8/avr8-gnu-toolchain/bin/../lib/gcc/avr/5.4.0/../../../../avr/lib/avr6\libc.a(ultoa_invert.o)
                0x000071c2                __ultoa_invert
                0x0000727e                . = ALIGN (0x2)
 *(.fini9)
 .fini9         0x0000727e        0x0 c:/program files (x86)/atmel/studio/7.0/toolchain/avr8/avr8-gnu-toolchain/bin/../lib/gcc/avr/5.4.0/avr6\libgcc.a(_exit.o)
                0x0000727e                _exit
                0x0000727e                exit
 *(.fini9)
 *(.fini8)
 *(.fini8)
 *(.fini7)
 *(.fini7)
 *(.fini6)
 *(.fini6)
 *(.fini5)
 *(.fini5)
 *(.fini4)
 *(.fini4)
 *(.fini3)
 *(.fini3)
 *(.fini2)
 *(.fini2)
 *(.fini1)
 *(.fini1)
 *(.fini0)
 .fini0         0x0000727e        0x4 c:/program files (x86)/atmel/studio/7.0/toolchain/avr8/avr8-gnu-toolchain/bin/../lib/gcc/avr/5.4.0/avr6\libgcc.a(_exit.o)
 *(.fini0)
                0x00007282                _etext = .

.data           0x00800200      0x624 load address 0x00007282
                0x00800200                PROVIDE (__data_start, .)
 *(.data)
 .data          0x00800200        0x6 c:/program files (x86)/atmel/studio/7.0/toolchain/avr8/avr8-gnu-toolchain/bin/../lib/gcc/avr/5.4.0/../../../../avr/lib/avr6\libc.a(malloc.o)
                0x00800200                __malloc_heap_end
                0x00800202                __malloc_heap_start
                0x00800204                __malloc_margin
 *(.data*)
 .data.uxTopUsedPriority
                0x00800206        0x1 FreeRTOS/src/tasks.o
                0x00800206                uxTopUsedPriority
 .data._temp    0x00800207        0x2 ../drivers\libIotLibrary.a(hih8120.o)
 .data._hum     0x00800209        0x2 ../drivers\libIotLibrary.a(hih8120.o)
 .data._com_port_2_udr
                0x0080020b        0x8 ../drivers\libIotLibrary.a(serial.o)
                0x0080020b                _com_port_2_udr
 .data.mystdout.1882
                0x00800213        0xe ../drivers\libIotLibrary.a(stdio_driver.o)
 .data._twiCurrentState
                0x00800221        0x1 ../drivers\libIotLibrary.a(twi.o)
 *(.gnu.linkonce.d*)
 *(.rodata)
 .rodata        0x00800222       0x20 ../drivers\libIotLibrary.a(lora_driver.o)
 .rodata        0x00800242       0x2d ../drivers\libIotLibrary.a(mh_z19.o)
 *(.rodata*)
 .rodata.str1.1
                0x0080026f       0x30 CO2Handler.o
 .rodata.str1.1
                0x0080029f       0x6c DownlinkHandler.o
 .rodata.str1.1
                0x0080030b       0x60 LightHandler.o
 .rodata.str1.1
                0x0080036b       0x21 SharedSensorData.o
 .rodata.str1.1
                0x0080036b       0x44 TemperatureHandler.o
 .rodata.str1.1
                0x008003af      0x19b UplinkHandler.o
                                0x1bc (size before relaxing)
 .rodata.str1.1
                0x0080054a        0x5 FreeRTOS/src/tasks.o
 .rodata.str1.1
                0x0080054f        0x8 FreeRTOS/src/timers.o
 .rodata.str1.1
                0x00800557      0x295 ../drivers\libIotLibrary.a(lora_driver.o)
                                0x2a5 (size before relaxing)
 .rodata._joinMode
                0x008007ec        0x4 ../drivers\libIotLibrary.a(lora_driver.o)
 .rodata._returnCode
                0x008007f0       0x33 ../drivers\libIotLibrary.a(lora_driver.o)
                0x008007f0                _returnCode
 *(.gnu.linkonce.r*)
                0x00800824                . = ALIGN (0x2)
 *fill*         0x00800823        0x1 
                0x00800824                _edata = .
                0x00800824                PROVIDE (__data_end, .)

.bss            0x00800824      0xe23
                0x00800824                PROVIDE (__bss_start, .)
 *(.bss)
 *(.bss*)
 .bss.downlinkPayload
                0x00800824       0x16 DownlinkHandler.o
 .bss._uplink_payload
                0x0080083a       0x16 UplinkHandler.o
 .bss.xBlockAllocatedBit
                0x00800850        0x2 FreeRTOS/src/heap_4.o
 .bss.xNumberOfSuccessfulFrees
                0x00800852        0x2 FreeRTOS/src/heap_4.o
 .bss.xNumberOfSuccessfulAllocations
                0x00800854        0x2 FreeRTOS/src/heap_4.o
 .bss.xMinimumEverFreeBytesRemaining
                0x00800856        0x2 FreeRTOS/src/heap_4.o
 .bss.xFreeBytesRemaining
                0x00800858        0x2 FreeRTOS/src/heap_4.o
 .bss.pxEnd     0x0080085a        0x2 FreeRTOS/src/heap_4.o
 .bss.xStart    0x0080085c        0x4 FreeRTOS/src/heap_4.o
 .bss.ucHeap    0x00800860      0xbb8 FreeRTOS/src/heap_4.o
 .bss.uxSchedulerSuspended
                0x00801418        0x1 FreeRTOS/src/tasks.o
 .bss.xIdleTaskHandle
                0x00801419        0x2 FreeRTOS/src/tasks.o
 .bss.xNextTaskUnblockTime
                0x0080141b        0x4 FreeRTOS/src/tasks.o
 .bss.uxTaskNumber
                0x0080141f        0x1 FreeRTOS/src/tasks.o
 .bss.xNumOfOverflows
                0x00801420        0x1 FreeRTOS/src/tasks.o
 .bss.xYieldPending
                0x00801421        0x1 FreeRTOS/src/tasks.o
 .bss.xPendedTicks
                0x00801422        0x4 FreeRTOS/src/tasks.o
 .bss.xSchedulerRunning
                0x00801426        0x1 FreeRTOS/src/tasks.o
 .bss.uxTopReadyPriority
                0x00801427        0x1 FreeRTOS/src/tasks.o
 .bss.xTickCount
                0x00801428        0x4 FreeRTOS/src/tasks.o
 .bss.uxCurrentNumberOfTasks
                0x0080142c        0x1 FreeRTOS/src/tasks.o
 .bss.xSuspendedTaskList
                0x0080142d        0xb FreeRTOS/src/tasks.o
 .bss.uxDeletedTasksWaitingCleanUp
                0x00801438        0x1 FreeRTOS/src/tasks.o
 .bss.xTasksWaitingTermination
                0x00801439        0xb FreeRTOS/src/tasks.o
 .bss.xPendingReadyList
                0x00801444        0xb FreeRTOS/src/tasks.o
 .bss.pxOverflowDelayedTaskList
                0x0080144f        0x2 FreeRTOS/src/tasks.o
 .bss.pxDelayedTaskList
                0x00801451        0x2 FreeRTOS/src/tasks.o
 .bss.xDelayedTaskList2
                0x00801453        0xb FreeRTOS/src/tasks.o
 .bss.xDelayedTaskList1
                0x0080145e        0xb FreeRTOS/src/tasks.o
 .bss.pxReadyTasksLists
                0x00801469       0x6e FreeRTOS/src/tasks.o
 .bss.pxCurrentTCB
                0x008014d7        0x2 FreeRTOS/src/tasks.o
                0x008014d7                pxCurrentTCB
 .bss.xLastTime.2436
                0x008014d9        0x4 FreeRTOS/src/timers.o
 .bss.xTimerTaskHandle
                0x008014dd        0x2 FreeRTOS/src/timers.o
 .bss.xTimerQueue
                0x008014df        0x2 FreeRTOS/src/timers.o
 .bss.pxOverflowTimerList
                0x008014e1        0x2 FreeRTOS/src/timers.o
 .bss.pxCurrentTimerList
                0x008014e3        0x2 FreeRTOS/src/timers.o
 .bss.xActiveTimerList2
                0x008014e5        0xb FreeRTOS/src/timers.o
 .bss.xActiveTimerList1
                0x008014f0        0xb FreeRTOS/src/timers.o
 .bss.downLinkMessageBufferHandle
                0x008014fb        0x2 main.o
                0x008014fb                downLinkMessageBufferHandle
 .bss.taskReadyBits
                0x008014fd        0x2 main.o
                0x008014fd                taskReadyBits
 .bss._measuringIsReady
                0x008014ff        0x1 ../drivers\libIotLibrary.a(hih8120.o)
 .bss._hih8120Handler
                0x00801500        0x2 ../drivers\libIotLibrary.a(hih8120.o)
 .bss._tmp_buf.2871
                0x00801502       0x37 ../drivers\libIotLibrary.a(lora_driver.o)
 .bss.rec_buf_inp.2878
                0x00801539        0x1 ../drivers\libIotLibrary.a(lora_driver.o)
 .bss._downlinkMessageBuffer
                0x0080153a        0x2 ../drivers\libIotLibrary.a(lora_driver.o)
 .bss._serialReplyBufferHandle
                0x0080153c        0x2 ../drivers\libIotLibrary.a(lora_driver.o)
 .bss._rn2483_serial
                0x0080153e        0x2 ../drivers\libIotLibrary.a(lora_driver.o)
 .bss._downlinkPayload
                0x00801540       0x16 ../drivers\libIotLibrary.a(lora_driver.o)
 .bss._payLoadHexBytes
                0x00801556       0x15 ../drivers\libIotLibrary.a(lora_driver.o)
 .bss._recMessageBuf
                0x0080156b       0x2d ../drivers\libIotLibrary.a(lora_driver.o)
 .bss._sendMessage
                0x00801598       0x2d ../drivers\libIotLibrary.a(lora_driver.o)
 .bss._replyMess
                0x008015c5       0x2d ../drivers\libIotLibrary.a(lora_driver.o)
 .bss.data.1944
                0x008015f2        0x2 ../drivers\libIotLibrary.a(mh_z19.o)
 .bss.inDex.1943
                0x008015f4        0x1 ../drivers\libIotLibrary.a(mh_z19.o)
 .bss.crc_sum.1945
                0x008015f5        0x1 ../drivers\libIotLibrary.a(mh_z19.o)
 .bss._appCallBack
                0x008015f6        0x2 ../drivers\libIotLibrary.a(mh_z19.o)
 .bss._mh_state
                0x008015f8        0x1 ../drivers\libIotLibrary.a(mh_z19.o)
                0x008015f8                _mh_state
 .bss._ppm      0x008015f9        0x2 ../drivers\libIotLibrary.a(mh_z19.o)
 .bss._serial   0x008015fb        0x2 ../drivers\libIotLibrary.a(mh_z19.o)
 .bss._ser_handle
                0x008015fd        0x8 ../drivers\libIotLibrary.a(serial.o)
 .bss._com_serial_instance
                0x00801605        0x2 ../drivers\libIotLibrary.a(stdio_driver.o)
 .bss._infraredRaw
                0x00801607        0x2 ../drivers\libIotLibrary.a(tsl2591.o)
 .bss._fullSpectrumRaw
                0x00801609        0x2 ../drivers\libIotLibrary.a(tsl2591.o)
 .bss._deviceId
                0x0080160b        0x1 ../drivers\libIotLibrary.a(tsl2591.o)
 .bss._currentIntegrationTime
                0x0080160c        0x1 ../drivers\libIotLibrary.a(tsl2591.o)
 .bss._currentGain
                0x0080160d        0x1 ../drivers\libIotLibrary.a(tsl2591.o)
 .bss._nextState
                0x0080160e        0x1 ../drivers\libIotLibrary.a(tsl2591.o)
 .bss._callBackFunction
                0x0080160f        0x2 ../drivers\libIotLibrary.a(tsl2591.o)
 .bss._twiHandler
                0x00801611        0x2 ../drivers\libIotLibrary.a(tsl2591.o)
 .bss._index.1885
                0x00801613        0x1 ../drivers\libIotLibrary.a(twi.o)
 .bss._twiCurrentHandler
                0x00801614        0x2 ../drivers\libIotLibrary.a(twi.o)
 .bss._twiMessageLen
                0x00801616        0x1 ../drivers\libIotLibrary.a(twi.o)
 .bss._twiMessageBuffer
                0x00801617        0xa ../drivers\libIotLibrary.a(twi.o)
 .bss._twiIsInitiated
                0x00801621        0x1 ../drivers\libIotLibrary.a(twi.o)
 *(COMMON)
 COMMON         0x00801622        0xb CO2Handler.o
                0x00801622                rc
                0x00801623                ppm
                0x00801625                ready_bit
                0x00801629                xMutexSemaphore
                0x0080162b                group_start
 COMMON         0x0080162d        0x2 SharedPrintf.o
                0x0080162d                xMutexPrint
 COMMON         0x0080162f        0x2 SharedSensorData.o
                0x0080162f                tempHum
 COMMON         0x00801631        0x6 UplinkHandler.o
                0x00801631                light_handler
                0x00801633                co2
                0x00801635                temperatureAndHumidity
 COMMON         0x00801637        0x6 main.o
                0x00801637                temperature_sensor
                0x00801639                lighthandler
                0x0080163b                co2_sensor
 COMMON         0x0080163d        0x4 c:/program files (x86)/atmel/studio/7.0/toolchain/avr8/avr8-gnu-toolchain/bin/../lib/gcc/avr/5.4.0/../../../../avr/lib/avr6\libc.a(malloc.o)
                0x0080163d                __brkval
                0x0080163f                __flp
 COMMON         0x00801641        0x6 c:/program files (x86)/atmel/studio/7.0/toolchain/avr8/avr8-gnu-toolchain/bin/../lib/gcc/avr/5.4.0/../../../../avr/lib/avr6\libc.a(iob.o)
                0x00801641                __iob
                0x00801647                PROVIDE (__bss_end, .)
                0x00007282                __data_load_start = LOADADDR (.data)
                0x000078a6                __data_load_end = (__data_load_start + SIZEOF (.data))

.noinit         0x00801647        0x0
                [!provide]                PROVIDE (__noinit_start, .)
 *(.noinit*)
                [!provide]                PROVIDE (__noinit_end, .)
                0x00801647                _end = .
                0x00801647                PROVIDE (__heap_start, .)

.eeprom         0x00810000        0x0
 *(.eeprom*)
                0x00810000                __eeprom_end = .

.fuse
 *(.fuse)
 *(.lfuse)
 *(.hfuse)
 *(.efuse)

.lock
 *(.lock*)

.signature
 *(.signature*)

.user_signatures
 *(.user_signatures*)

.stab
 *(.stab)

.stabstr
 *(.stabstr)

.stab.excl
 *(.stab.excl)

.stab.exclstr
 *(.stab.exclstr)

.stab.index
 *(.stab.index)

.stab.indexstr
 *(.stab.indexstr)

.comment        0x00000000       0x5c
 *(.comment)
 .comment       0x00000000       0x30 CO2Handler.o
                                 0x31 (size before relaxing)
 .comment       0x00000030       0x31 DownlinkHandler.o
 .comment       0x00000030       0x31 LightHandler.o
 .comment       0x00000030       0x31 SharedPrintf.o
 .comment       0x00000030       0x31 SharedSensorData.o
 .comment       0x00000030       0x31 TemperatureHandler.o
 .comment       0x00000030       0x31 UplinkHandler.o
 .comment       0x00000030       0x31 FreeRTOS/src/event_groups.o
 .comment       0x00000030       0x31 FreeRTOS/src/heap_4.o
 .comment       0x00000030       0x31 FreeRTOS/src/list.o
 .comment       0x00000030       0x31 FreeRTOS/src/port.o
 .comment       0x00000030       0x31 FreeRTOS/src/queue.o
 .comment       0x00000030       0x31 FreeRTOS/src/stream_buffer.o
 .comment       0x00000030       0x31 FreeRTOS/src/tasks.o
 .comment       0x00000030       0x31 FreeRTOS/src/timers.o
 .comment       0x00000030       0x31 FreeRTOS/src/variantHooks.o
 .comment       0x00000030       0x31 main.o
 .comment       0x00000030       0x31 ../drivers\libIotLibrary.a(hih8120.o)
 .comment       0x00000030       0x31 ../drivers\libIotLibrary.a(lora_driver.o)
 .comment       0x00000030       0x31 ../drivers\libIotLibrary.a(lora_driver_utils.o)
 .comment       0x00000030       0x31 ../drivers\libIotLibrary.a(mh_z19.o)
 .comment       0x00000030       0x31 ../drivers\libIotLibrary.a(rc_servo.o)
 .comment       0x00000030       0x31 ../drivers\libIotLibrary.a(serial.o)
 .comment       0x00000030       0x31 ../drivers\libIotLibrary.a(stdio_driver.o)
 .comment       0x00000030       0x31 ../drivers\libIotLibrary.a(tsl2591.o)
 .comment       0x00000030       0x31 ../drivers\libIotLibrary.a(twi.o)
 .comment       0x00000030       0x31 ../drivers\libIotLibrary.a(fifo.o)
 .comment       0x00000030       0x2c c:/program files (x86)/atmel/studio/7.0/toolchain/avr8/avr8-gnu-toolchain/bin/../lib/gcc/avr/5.4.0/../../../../avr/lib/avr6\libprintf_flt.a(vfprintf_flt.o)
                                 0x2d (size before relaxing)
 .comment       0x0000005c       0x31 c:/program files (x86)/atmel/studio/7.0/toolchain/avr8/avr8-gnu-toolchain/bin/../lib/gcc/avr/5.4.0/../../../../avr/lib/avr6\libc.a(calloc.o)
 .comment       0x0000005c       0x31 c:/program files (x86)/atmel/studio/7.0/toolchain/avr8/avr8-gnu-toolchain/bin/../lib/gcc/avr/5.4.0/../../../../avr/lib/avr6\libc.a(malloc.o)
 .comment       0x0000005c       0x31 c:/program files (x86)/atmel/studio/7.0/toolchain/avr8/avr8-gnu-toolchain/bin/../lib/gcc/avr/5.4.0/../../../../avr/lib/avr6\libc.a(fputc.o)
 .comment       0x0000005c       0x31 c:/program files (x86)/atmel/studio/7.0/toolchain/avr8/avr8-gnu-toolchain/bin/../lib/gcc/avr/5.4.0/../../../../avr/lib/avr6\libc.a(iob.o)
 .comment       0x0000005c       0x31 c:/program files (x86)/atmel/studio/7.0/toolchain/avr8/avr8-gnu-toolchain/bin/../lib/gcc/avr/5.4.0/../../../../avr/lib/avr6\libc.a(printf.o)
 .comment       0x0000005c       0x31 c:/program files (x86)/atmel/studio/7.0/toolchain/avr8/avr8-gnu-toolchain/bin/../lib/gcc/avr/5.4.0/../../../../avr/lib/avr6\libc.a(puts.o)
 .comment       0x0000005c       0x31 c:/program files (x86)/atmel/studio/7.0/toolchain/avr8/avr8-gnu-toolchain/bin/../lib/gcc/avr/5.4.0/../../../../avr/lib/avr6\libc.a(sprintf.o)
 .comment       0x0000005c       0x31 c:/program files (x86)/atmel/studio/7.0/toolchain/avr8/avr8-gnu-toolchain/bin/../lib/gcc/avr/5.4.0/../../../../avr/lib/avr6\libc.a(vprintf.o)

.note.gnu.avr.deviceinfo
                0x00000000       0x40
 .note.gnu.avr.deviceinfo
                0x00000000       0x40 C:/Program Files (x86)/Atmel/Studio/7.0/Packs/atmel/ATmega_DFP/1.6.364/gcc/dev/atmega2560/avr6/crtatmega2560.o

.note.gnu.build-id
 *(.note.gnu.build-id)

.debug
 *(.debug)

.line
 *(.line)

.debug_srcinfo
 *(.debug_srcinfo)

.debug_sfnames
 *(.debug_sfnames)

.debug_aranges  0x00000000      0xbe0
 *(.debug_aranges)
 .debug_aranges
                0x00000000       0x40 CO2Handler.o
 .debug_aranges
                0x00000040       0x30 DownlinkHandler.o
 .debug_aranges
                0x00000070       0x48 LightHandler.o
 .debug_aranges
                0x000000b8       0x28 SharedPrintf.o
 .debug_aranges
                0x000000e0       0x38 SharedSensorData.o
 .debug_aranges
                0x00000118       0x50 TemperatureHandler.o
 .debug_aranges
                0x00000168       0x30 UplinkHandler.o
 .debug_aranges
                0x00000198       0x68 FreeRTOS/src/event_groups.o
 .debug_aranges
                0x00000200       0x58 FreeRTOS/src/heap_4.o
 .debug_aranges
                0x00000258       0x40 FreeRTOS/src/list.o
 .debug_aranges
                0x00000298       0x58 FreeRTOS/src/port.o
 .debug_aranges
                0x000002f0       0xf8 FreeRTOS/src/queue.o
 .debug_aranges
                0x000003e8       0xc0 FreeRTOS/src/stream_buffer.o
 .debug_aranges
                0x000004a8      0x1d0 FreeRTOS/src/tasks.o
 .debug_aranges
                0x00000678       0xc8 FreeRTOS/src/timers.o
 .debug_aranges
                0x00000740       0x40 FreeRTOS/src/variantHooks.o
 .debug_aranges
                0x00000780       0x38 main.o
 .debug_aranges
                0x000007b8       0x68 ../drivers\libIotLibrary.a(hih8120.o)
 .debug_aranges
                0x00000820      0x138 ../drivers\libIotLibrary.a(lora_driver.o)
 .debug_aranges
                0x00000958       0x28 ../drivers\libIotLibrary.a(lora_driver_utils.o)
 .debug_aranges
                0x00000980       0x58 ../drivers\libIotLibrary.a(mh_z19.o)
 .debug_aranges
                0x000009d8       0x28 ../drivers\libIotLibrary.a(rc_servo.o)
 .debug_aranges
                0x00000a00       0x90 ../drivers\libIotLibrary.a(serial.o)
 .debug_aranges
                0x00000a90       0x38 ../drivers\libIotLibrary.a(stdio_driver.o)
 .debug_aranges
                0x00000ac8       0xa8 ../drivers\libIotLibrary.a(tsl2591.o)
 .debug_aranges
                0x00000b70       0x50 ../drivers\libIotLibrary.a(twi.o)
 .debug_aranges
                0x00000bc0       0x20 ../drivers\libIotLibrary.a(fifo.o)

.debug_pubnames
 *(.debug_pubnames)

.debug_info     0x00000000     0xec0c
 *(.debug_info .gnu.linkonce.wi.*)
 .debug_info    0x00000000      0xbbc C:/Program Files (x86)/Atmel/Studio/7.0/Packs/atmel/ATmega_DFP/1.6.364/gcc/dev/atmega2560/avr6/crtatmega2560.o
 .debug_info    0x00000bbc      0x564 CO2Handler.o
 .debug_info    0x00001120      0x319 DownlinkHandler.o
 .debug_info    0x00001439      0x5c6 LightHandler.o
 .debug_info    0x000019ff      0x207 SharedPrintf.o
 .debug_info    0x00001c06      0x2ab SharedSensorData.o
 .debug_info    0x00001eb1      0x5d6 TemperatureHandler.o
 .debug_info    0x00002487      0x907 UplinkHandler.o
 .debug_info    0x00002d8e      0x971 FreeRTOS/src/event_groups.o
 .debug_info    0x000036ff      0x4e6 FreeRTOS/src/heap_4.o
 .debug_info    0x00003be5      0x2e7 FreeRTOS/src/list.o
 .debug_info    0x00003ecc      0x2ff FreeRTOS/src/port.o
 .debug_info    0x000041cb     0x17e6 FreeRTOS/src/queue.o
 .debug_info    0x000059b1     0x13df FreeRTOS/src/stream_buffer.o
 .debug_info    0x00006d90     0x2239 FreeRTOS/src/tasks.o
 .debug_info    0x00008fc9     0x10dd FreeRTOS/src/timers.o
 .debug_info    0x0000a0a6      0x20f FreeRTOS/src/variantHooks.o
 .debug_info    0x0000a2b5      0x4b4 main.o
 .debug_info    0x0000a769      0x3a9 ../drivers\libIotLibrary.a(hih8120.o)
 .debug_info    0x0000ab12     0x1747 ../drivers\libIotLibrary.a(lora_driver.o)
 .debug_info    0x0000c259      0x143 ../drivers\libIotLibrary.a(lora_driver_utils.o)
 .debug_info    0x0000c39c      0x556 ../drivers\libIotLibrary.a(mh_z19.o)
 .debug_info    0x0000c8f2      0x10f ../drivers\libIotLibrary.a(rc_servo.o)
 .debug_info    0x0000ca01      0xd9b ../drivers\libIotLibrary.a(serial.o)
 .debug_info    0x0000d79c      0x3b6 ../drivers\libIotLibrary.a(stdio_driver.o)
 .debug_info    0x0000db52      0x99a ../drivers\libIotLibrary.a(tsl2591.o)
 .debug_info    0x0000e4ec      0x55d ../drivers\libIotLibrary.a(twi.o)
 .debug_info    0x0000ea49      0x1c3 ../drivers\libIotLibrary.a(fifo.o)

.debug_abbrev   0x00000000     0x3b95
 *(.debug_abbrev)
 .debug_abbrev  0x00000000      0xb1a C:/Program Files (x86)/Atmel/Studio/7.0/Packs/atmel/ATmega_DFP/1.6.364/gcc/dev/atmega2560/avr6/crtatmega2560.o
 .debug_abbrev  0x00000b1a      0x217 CO2Handler.o
 .debug_abbrev  0x00000d31      0x15a DownlinkHandler.o
 .debug_abbrev  0x00000e8b      0x201 LightHandler.o
 .debug_abbrev  0x0000108c       0xf0 SharedPrintf.o
 .debug_abbrev  0x0000117c      0x10a SharedSensorData.o
 .debug_abbrev  0x00001286      0x208 TemperatureHandler.o
 .debug_abbrev  0x0000148e      0x1cc UplinkHandler.o
 .debug_abbrev  0x0000165a      0x1dc FreeRTOS/src/event_groups.o
 .debug_abbrev  0x00001836      0x200 FreeRTOS/src/heap_4.o
 .debug_abbrev  0x00001a36       0xff FreeRTOS/src/list.o
 .debug_abbrev  0x00001b35      0x179 FreeRTOS/src/port.o
 .debug_abbrev  0x00001cae      0x241 FreeRTOS/src/queue.o
 .debug_abbrev  0x00001eef      0x246 FreeRTOS/src/stream_buffer.o
 .debug_abbrev  0x00002135      0x2c8 FreeRTOS/src/tasks.o
 .debug_abbrev  0x000023fd      0x28c FreeRTOS/src/timers.o
 .debug_abbrev  0x00002689       0xff FreeRTOS/src/variantHooks.o
 .debug_abbrev  0x00002788      0x14f main.o
 .debug_abbrev  0x000028d7      0x184 ../drivers\libIotLibrary.a(hih8120.o)
 .debug_abbrev  0x00002a5b      0x33b ../drivers\libIotLibrary.a(lora_driver.o)
 .debug_abbrev  0x00002d96       0xc0 ../drivers\libIotLibrary.a(lora_driver_utils.o)
 .debug_abbrev  0x00002e56      0x238 ../drivers\libIotLibrary.a(mh_z19.o)
 .debug_abbrev  0x0000308e       0xbc ../drivers\libIotLibrary.a(rc_servo.o)
 .debug_abbrev  0x0000314a      0x355 ../drivers\libIotLibrary.a(serial.o)
 .debug_abbrev  0x0000349f      0x1b3 ../drivers\libIotLibrary.a(stdio_driver.o)
 .debug_abbrev  0x00003652      0x244 ../drivers\libIotLibrary.a(tsl2591.o)
 .debug_abbrev  0x00003896      0x217 ../drivers\libIotLibrary.a(twi.o)
 .debug_abbrev  0x00003aad       0xe8 ../drivers\libIotLibrary.a(fifo.o)

.debug_line     0x00000000     0x7406
 *(.debug_line .debug_line.* .debug_line_end)
 .debug_line    0x00000000      0x1fa C:/Program Files (x86)/Atmel/Studio/7.0/Packs/atmel/ATmega_DFP/1.6.364/gcc/dev/atmega2560/avr6/crtatmega2560.o
 .debug_line    0x000001fa      0x228 CO2Handler.o
 .debug_line    0x00000422      0x197 DownlinkHandler.o
 .debug_line    0x000005b9      0x25a LightHandler.o
 .debug_line    0x00000813      0x188 SharedPrintf.o
 .debug_line    0x0000099b      0x1a8 SharedSensorData.o
 .debug_line    0x00000b43      0x283 TemperatureHandler.o
 .debug_line    0x00000dc6      0x334 UplinkHandler.o
 .debug_line    0x000010fa      0x413 FreeRTOS/src/event_groups.o
 .debug_line    0x0000150d      0x41f FreeRTOS/src/heap_4.o
 .debug_line    0x0000192c      0x1db FreeRTOS/src/list.o
 .debug_line    0x00001b07      0x28a FreeRTOS/src/port.o
 .debug_line    0x00001d91      0xbe3 FreeRTOS/src/queue.o
 .debug_line    0x00002974      0x79a FreeRTOS/src/stream_buffer.o
 .debug_line    0x0000310e     0x15ba FreeRTOS/src/tasks.o
 .debug_line    0x000046c8      0x624 FreeRTOS/src/timers.o
 .debug_line    0x00004cec      0x1af FreeRTOS/src/variantHooks.o
 .debug_line    0x00004e9b      0x30d main.o
 .debug_line    0x000051a8      0x24a ../drivers\libIotLibrary.a(hih8120.o)
 .debug_line    0x000053f2      0x9aa ../drivers\libIotLibrary.a(lora_driver.o)
 .debug_line    0x00005d9c      0x195 ../drivers\libIotLibrary.a(lora_driver_utils.o)
 .debug_line    0x00005f31      0x2fc ../drivers\libIotLibrary.a(mh_z19.o)
 .debug_line    0x0000622d       0xfd ../drivers\libIotLibrary.a(rc_servo.o)
 .debug_line    0x0000632a      0x6a0 ../drivers\libIotLibrary.a(serial.o)
 .debug_line    0x000069ca      0x146 ../drivers\libIotLibrary.a(stdio_driver.o)
 .debug_line    0x00006b10      0x4bf ../drivers\libIotLibrary.a(tsl2591.o)
 .debug_line    0x00006fcf      0x31c ../drivers\libIotLibrary.a(twi.o)
 .debug_line    0x000072eb      0x11b ../drivers\libIotLibrary.a(fifo.o)

.debug_frame    0x00000000     0x2a88
 *(.debug_frame)
 .debug_frame   0x00000000       0xcc CO2Handler.o
 .debug_frame   0x000000cc       0xa0 DownlinkHandler.o
 .debug_frame   0x0000016c      0x118 LightHandler.o
 .debug_frame   0x00000284       0x48 SharedPrintf.o
 .debug_frame   0x000002cc       0x88 SharedSensorData.o
 .debug_frame   0x00000354       0xf8 TemperatureHandler.o
 .debug_frame   0x0000044c       0x84 UplinkHandler.o
 .debug_frame   0x000004d0      0x1dc FreeRTOS/src/event_groups.o
 .debug_frame   0x000006ac       0xfc FreeRTOS/src/heap_4.o
 .debug_frame   0x000007a8       0x90 FreeRTOS/src/list.o
 .debug_frame   0x00000838       0x94 FreeRTOS/src/port.o
 .debug_frame   0x000008cc      0x3a4 FreeRTOS/src/queue.o
 .debug_frame   0x00000c70      0x40c FreeRTOS/src/stream_buffer.o
 .debug_frame   0x0000107c      0x7a0 FreeRTOS/src/tasks.o
 .debug_frame   0x0000181c      0x3ac FreeRTOS/src/timers.o
 .debug_frame   0x00001bc8       0x64 FreeRTOS/src/variantHooks.o
 .debug_frame   0x00001c2c       0x6c main.o
 .debug_frame   0x00001c98       0xc0 ../drivers\libIotLibrary.a(hih8120.o)
 .debug_frame   0x00001d58      0x460 ../drivers\libIotLibrary.a(lora_driver.o)
 .debug_frame   0x000021b8       0x48 ../drivers\libIotLibrary.a(lora_driver_utils.o)
 .debug_frame   0x00002200      0x100 ../drivers\libIotLibrary.a(mh_z19.o)
 .debug_frame   0x00002300       0x34 ../drivers\libIotLibrary.a(rc_servo.o)
 .debug_frame   0x00002334      0x384 ../drivers\libIotLibrary.a(serial.o)
 .debug_frame   0x000026b8       0x94 ../drivers\libIotLibrary.a(stdio_driver.o)
 .debug_frame   0x0000274c      0x1ec ../drivers\libIotLibrary.a(tsl2591.o)
 .debug_frame   0x00002938      0x12c ../drivers\libIotLibrary.a(twi.o)
 .debug_frame   0x00002a64       0x24 ../drivers\libIotLibrary.a(fifo.o)

.debug_str      0x00000000     0x4a38
 *(.debug_str)
 .debug_str     0x00000000      0x3e6 C:/Program Files (x86)/Atmel/Studio/7.0/Packs/atmel/ATmega_DFP/1.6.364/gcc/dev/atmega2560/avr6/crtatmega2560.o
 .debug_str     0x000003e6      0x3d3 CO2Handler.o
                                0x437 (size before relaxing)
 .debug_str     0x000007b9      0x139 DownlinkHandler.o
                                0x2e7 (size before relaxing)
 .debug_str     0x000008f2      0x1d2 LightHandler.o
                                0x491 (size before relaxing)
 .debug_str     0x00000ac4       0x85 SharedPrintf.o
                                0x274 (size before relaxing)
 .debug_str     0x00000b49       0xb4 SharedSensorData.o
                                0x2d9 (size before relaxing)
 .debug_str     0x00000bfd      0x14e TemperatureHandler.o
                                0x470 (size before relaxing)
 .debug_str     0x00000d4b      0x3f0 UplinkHandler.o
                                0x759 (size before relaxing)
 .debug_str     0x0000113b      0x364 FreeRTOS/src/event_groups.o
                                0x59d (size before relaxing)
 .debug_str     0x0000149f      0x2ce FreeRTOS/src/heap_4.o
                                0x493 (size before relaxing)
 .debug_str     0x0000176d       0x89 FreeRTOS/src/list.o
                                0x2cf (size before relaxing)
 .debug_str     0x000017f6      0x147 FreeRTOS/src/port.o
                                0x304 (size before relaxing)
 .debug_str     0x0000193d      0x5f6 FreeRTOS/src/queue.o
                                0x943 (size before relaxing)
 .debug_str     0x00001f33      0x4b1 FreeRTOS/src/stream_buffer.o
                                0x7cc (size before relaxing)
 .debug_str     0x000023e4      0x88f FreeRTOS/src/tasks.o
                                0xf64 (size before relaxing)
 .debug_str     0x00002c73      0x414 FreeRTOS/src/timers.o
                                0x83a (size before relaxing)
 .debug_str     0x00003087       0x7a FreeRTOS/src/variantHooks.o
                                0x27b (size before relaxing)
 .debug_str     0x00003101       0xe5 main.o
                                0x463 (size before relaxing)
 .debug_str     0x000031e6      0x2e6 ../drivers\libIotLibrary.a(hih8120.o)
                                0x45c (size before relaxing)
 .debug_str     0x000034cc      0x68f ../drivers\libIotLibrary.a(lora_driver.o)
                                0xcdb (size before relaxing)
 .debug_str     0x00003b5b       0x4f ../drivers\libIotLibrary.a(lora_driver_utils.o)
                                0x206 (size before relaxing)
 .debug_str     0x00003baa      0x117 ../drivers\libIotLibrary.a(mh_z19.o)
                                0x489 (size before relaxing)
 .debug_str     0x00003cc1       0x3c ../drivers\libIotLibrary.a(rc_servo.o)
                                0x1e2 (size before relaxing)
 .debug_str     0x00003cfd      0x2e0 ../drivers\libIotLibrary.a(serial.o)
                                0x628 (size before relaxing)
 .debug_str     0x00003fdd       0xa6 ../drivers\libIotLibrary.a(stdio_driver.o)
                                0x37d (size before relaxing)
 .debug_str     0x00004083      0x6b3 ../drivers\libIotLibrary.a(tsl2591.o)
                                0xaaf (size before relaxing)
 .debug_str     0x00004736      0x2e0 ../drivers\libIotLibrary.a(twi.o)
                                0x5b4 (size before relaxing)
 .debug_str     0x00004a16       0x22 ../drivers\libIotLibrary.a(fifo.o)
                                0x239 (size before relaxing)

.debug_loc      0x00000000     0xd5b1
 *(.debug_loc)
 .debug_loc     0x00000000      0x317 CO2Handler.o
 .debug_loc     0x00000317      0x20f DownlinkHandler.o
 .debug_loc     0x00000526      0x47b LightHandler.o
 .debug_loc     0x000009a1       0x5d SharedPrintf.o
 .debug_loc     0x000009fe      0x127 SharedSensorData.o
 .debug_loc     0x00000b25      0x3a2 TemperatureHandler.o
 .debug_loc     0x00000ec7      0x3f4 UplinkHandler.o
 .debug_loc     0x000012bb      0xcc9 FreeRTOS/src/event_groups.o
 .debug_loc     0x00001f84      0x4be FreeRTOS/src/heap_4.o
 .debug_loc     0x00002442      0x17d FreeRTOS/src/list.o
 .debug_loc     0x000025bf       0xf6 FreeRTOS/src/port.o
 .debug_loc     0x000026b5     0x1abd FreeRTOS/src/queue.o
 .debug_loc     0x00004172     0x1daf FreeRTOS/src/stream_buffer.o
 .debug_loc     0x00005f21     0x2a07 FreeRTOS/src/tasks.o
 .debug_loc     0x00008928     0x10f3 FreeRTOS/src/timers.o
 .debug_loc     0x00009a1b       0xdc FreeRTOS/src/variantHooks.o
 .debug_loc     0x00009af7       0x5e main.o
 .debug_loc     0x00009b55       0x9f ../drivers\libIotLibrary.a(hih8120.o)
 .debug_loc     0x00009bf4     0x1216 ../drivers\libIotLibrary.a(lora_driver.o)
 .debug_loc     0x0000ae0a      0x1d2 ../drivers\libIotLibrary.a(lora_driver_utils.o)
 .debug_loc     0x0000afdc      0x37c ../drivers\libIotLibrary.a(mh_z19.o)
 .debug_loc     0x0000b358       0x2f ../drivers\libIotLibrary.a(rc_servo.o)
 .debug_loc     0x0000b387     0x114c ../drivers\libIotLibrary.a(serial.o)
 .debug_loc     0x0000c4d3      0x18c ../drivers\libIotLibrary.a(stdio_driver.o)
 .debug_loc     0x0000c65f      0x87f ../drivers\libIotLibrary.a(tsl2591.o)
 .debug_loc     0x0000cede      0x575 ../drivers\libIotLibrary.a(twi.o)
 .debug_loc     0x0000d453      0x15e ../drivers\libIotLibrary.a(fifo.o)

.debug_macinfo
 *(.debug_macinfo)

.debug_weaknames
 *(.debug_weaknames)

.debug_funcnames
 *(.debug_funcnames)

.debug_typenames
 *(.debug_typenames)

.debug_varnames
 *(.debug_varnames)

.debug_pubtypes
 *(.debug_pubtypes)

.debug_ranges   0x00000000      0xb00
 *(.debug_ranges)
 .debug_ranges  0x00000000       0x30 CO2Handler.o
 .debug_ranges  0x00000030       0x20 DownlinkHandler.o
 .debug_ranges  0x00000050       0x38 LightHandler.o
 .debug_ranges  0x00000088       0x18 SharedPrintf.o
 .debug_ranges  0x000000a0       0x28 SharedSensorData.o
 .debug_ranges  0x000000c8       0x40 TemperatureHandler.o
 .debug_ranges  0x00000108       0x20 UplinkHandler.o
 .debug_ranges  0x00000128       0x70 FreeRTOS/src/event_groups.o
 .debug_ranges  0x00000198       0x48 FreeRTOS/src/heap_4.o
 .debug_ranges  0x000001e0       0x30 FreeRTOS/src/list.o
 .debug_ranges  0x00000210       0x48 FreeRTOS/src/port.o
 .debug_ranges  0x00000258      0x130 FreeRTOS/src/queue.o
 .debug_ranges  0x00000388       0xb0 FreeRTOS/src/stream_buffer.o
 .debug_ranges  0x00000438      0x200 FreeRTOS/src/tasks.o
 .debug_ranges  0x00000638       0xb8 FreeRTOS/src/timers.o
 .debug_ranges  0x000006f0       0x30 FreeRTOS/src/variantHooks.o
 .debug_ranges  0x00000720       0x28 main.o
 .debug_ranges  0x00000748       0x58 ../drivers\libIotLibrary.a(hih8120.o)
 .debug_ranges  0x000007a0      0x128 ../drivers\libIotLibrary.a(lora_driver.o)
 .debug_ranges  0x000008c8       0x30 ../drivers\libIotLibrary.a(lora_driver_utils.o)
 .debug_ranges  0x000008f8       0x48 ../drivers\libIotLibrary.a(mh_z19.o)
 .debug_ranges  0x00000940       0x18 ../drivers\libIotLibrary.a(rc_servo.o)
 .debug_ranges  0x00000958       0x98 ../drivers\libIotLibrary.a(serial.o)
 .debug_ranges  0x000009f0       0x28 ../drivers\libIotLibrary.a(stdio_driver.o)
 .debug_ranges  0x00000a18       0x98 ../drivers\libIotLibrary.a(tsl2591.o)
 .debug_ranges  0x00000ab0       0x40 ../drivers\libIotLibrary.a(twi.o)
 .debug_ranges  0x00000af0       0x10 ../drivers\libIotLibrary.a(fifo.o)

.debug_macro
 *(.debug_macro)
OUTPUT(IoT.elf elf32-avr)
LOAD linker stubs
