Archive member included to satisfy reference by file (symbol)

c:/program files (x86)/atmel/studio/7.0/toolchain/avr8/avr8-gnu-toolchain/bin/../lib/gcc/avr/5.4.0/../../../../avr/lib/avr6\libm.a(cmpsf2.o)
                              UplinkHandler.o (__eqsf2)
c:/program files (x86)/atmel/studio/7.0/toolchain/avr8/avr8-gnu-toolchain/bin/../lib/gcc/avr/5.4.0/../../../../avr/lib/avr6\libm.a(fixsfsi.o)
                              UplinkHandler.o (__fixsfsi)
c:/program files (x86)/atmel/studio/7.0/toolchain/avr8/avr8-gnu-toolchain/bin/../lib/gcc/avr/5.4.0/../../../../avr/lib/avr6\libm.a(fixunssfsi.o)
                              LightHandler.o (__fixunssfsi)
c:/program files (x86)/atmel/studio/7.0/toolchain/avr8/avr8-gnu-toolchain/bin/../lib/gcc/avr/5.4.0/../../../../avr/lib/avr6\libm.a(fp_cmp.o)
                              c:/program files (x86)/atmel/studio/7.0/toolchain/avr8/avr8-gnu-toolchain/bin/../lib/gcc/avr/5.4.0/../../../../avr/lib/avr6\libm.a(cmpsf2.o) (__fp_cmp)
c:/program files (x86)/atmel/studio/7.0/toolchain/avr8/avr8-gnu-toolchain/bin/../lib/gcc/avr/5.4.0/../../../../avr/lib/avr6\libm.a(fp_split3.o)
                              c:/program files (x86)/atmel/studio/7.0/toolchain/avr8/avr8-gnu-toolchain/bin/../lib/gcc/avr/5.4.0/../../../../avr/lib/avr6\libm.a(fixunssfsi.o) (__fp_splitA)
c:/program files (x86)/atmel/studio/7.0/toolchain/avr8/avr8-gnu-toolchain/bin/../lib/gcc/avr/5.4.0/../../../../avr/lib/avr6\libm.a(fp_zero.o)
                              c:/program files (x86)/atmel/studio/7.0/toolchain/avr8/avr8-gnu-toolchain/bin/../lib/gcc/avr/5.4.0/../../../../avr/lib/avr6\libm.a(fixunssfsi.o) (__fp_zero)
c:/program files (x86)/atmel/studio/7.0/toolchain/avr8/avr8-gnu-toolchain/bin/../lib/gcc/avr/5.4.0/../../../../avr/lib/avr6\libm.a(modf.o)
                              UplinkHandler.o (modf)
c:/program files (x86)/atmel/studio/7.0/toolchain/avr8/avr8-gnu-toolchain/bin/../lib/gcc/avr/5.4.0/../../../../avr/lib/avr6\libm.a(mulsf3.o)
                              UplinkHandler.o (__mulsf3)
c:/program files (x86)/atmel/studio/7.0/toolchain/avr8/avr8-gnu-toolchain/bin/../lib/gcc/avr/5.4.0/../../../../avr/lib/avr6\libm.a(mulsf3x.o)
                              c:/program files (x86)/atmel/studio/7.0/toolchain/avr8/avr8-gnu-toolchain/bin/../lib/gcc/avr/5.4.0/../../../../avr/lib/avr6\libm.a(mulsf3.o) (__mulsf3x)
c:/program files (x86)/atmel/studio/7.0/toolchain/avr8/avr8-gnu-toolchain/bin/../lib/gcc/avr/5.4.0/../../../../avr/lib/avr6\libm.a(addsf3.o)
                              c:/program files (x86)/atmel/studio/7.0/toolchain/avr8/avr8-gnu-toolchain/bin/../lib/gcc/avr/5.4.0/../../../../avr/lib/avr6\libm.a(modf.o) (__subsf3)
c:/program files (x86)/atmel/studio/7.0/toolchain/avr8/avr8-gnu-toolchain/bin/../lib/gcc/avr/5.4.0/../../../../avr/lib/avr6\libm.a(addsf3x.o)
                              c:/program files (x86)/atmel/studio/7.0/toolchain/avr8/avr8-gnu-toolchain/bin/../lib/gcc/avr/5.4.0/../../../../avr/lib/avr6\libm.a(addsf3.o) (__addsf3x)
c:/program files (x86)/atmel/studio/7.0/toolchain/avr8/avr8-gnu-toolchain/bin/../lib/gcc/avr/5.4.0/../../../../avr/lib/avr6\libm.a(fp_inf.o)
                              c:/program files (x86)/atmel/studio/7.0/toolchain/avr8/avr8-gnu-toolchain/bin/../lib/gcc/avr/5.4.0/../../../../avr/lib/avr6\libm.a(mulsf3x.o) (__fp_inf)
c:/program files (x86)/atmel/studio/7.0/toolchain/avr8/avr8-gnu-toolchain/bin/../lib/gcc/avr/5.4.0/../../../../avr/lib/avr6\libm.a(fp_nan.o)
                              c:/program files (x86)/atmel/studio/7.0/toolchain/avr8/avr8-gnu-toolchain/bin/../lib/gcc/avr/5.4.0/../../../../avr/lib/avr6\libm.a(mulsf3x.o) (__fp_nan)
c:/program files (x86)/atmel/studio/7.0/toolchain/avr8/avr8-gnu-toolchain/bin/../lib/gcc/avr/5.4.0/../../../../avr/lib/avr6\libm.a(fp_pscA.o)
                              c:/program files (x86)/atmel/studio/7.0/toolchain/avr8/avr8-gnu-toolchain/bin/../lib/gcc/avr/5.4.0/../../../../avr/lib/avr6\libm.a(mulsf3x.o) (__fp_pscA)
c:/program files (x86)/atmel/studio/7.0/toolchain/avr8/avr8-gnu-toolchain/bin/../lib/gcc/avr/5.4.0/../../../../avr/lib/avr6\libm.a(fp_pscB.o)
                              c:/program files (x86)/atmel/studio/7.0/toolchain/avr8/avr8-gnu-toolchain/bin/../lib/gcc/avr/5.4.0/../../../../avr/lib/avr6\libm.a(mulsf3x.o) (__fp_pscB)
c:/program files (x86)/atmel/studio/7.0/toolchain/avr8/avr8-gnu-toolchain/bin/../lib/gcc/avr/5.4.0/../../../../avr/lib/avr6\libm.a(fp_round.o)
                              c:/program files (x86)/atmel/studio/7.0/toolchain/avr8/avr8-gnu-toolchain/bin/../lib/gcc/avr/5.4.0/../../../../avr/lib/avr6\libm.a(mulsf3.o) (__fp_round)
../drivers\libIotLibrary.a(hih8120.o)
                              TemperatureHandler.o (hih8120_initialise)
../drivers\libIotLibrary.a(lora_driver.o)
                              UplinkHandler.o (lora_driver_flushBuffers)
../drivers\libIotLibrary.a(lora_driver_utils.o)
                              ../drivers\libIotLibrary.a(lora_driver.o) (decode_port_no)
[...]
Memory Configuration

Name             Origin             Length             Attributes
text             0x00000000         0x00040000         xr
data             0x00800200         0x00002000         rw !x
eeprom           0x00810000         0x00001000         rw !x
fuse             0x00820000         0x00000003         rw !x
lock             0x00830000         0x00000400         rw !x
signature        0x00840000         0x00000400         rw !x
user_signatures  0x00850000         0x00000400         rw !x
*default*        0x00000000         0xffffffff

Linker script and memory map

Address of section .data set to 0x800200
LOAD C:/Program Files (x86)/Atmel/Studio/7.0/Packs/atmel/ATmega_DFP/1.6.364/gcc/dev/atmega2560/avr6/crtatmega2560.o
LOAD CO2Handler.o
LOAD DownlinkHandler.o
LOAD LightHandler.o
LOAD SharedPrintf.o
LOAD SharedSensorData.o
LOAD TemperatureHandler.o
LOAD UplinkHandler.o
LOAD FreeRTOS/FreeRTOSTraceDriver/FreeRTOSTraceDriver.o
LOAD FreeRTOS/src/croutine.o
LOAD FreeRTOS/src/event_groups.o
LOAD FreeRTOS/src/heap_4.o
LOAD FreeRTOS/src/list.o
LOAD FreeRTOS/src/port.o
LOAD FreeRTOS/src/queue.o
LOAD FreeRTOS/src/stream_buffer.o
LOAD FreeRTOS/src/tasks.o
LOAD FreeRTOS/src/timers.o
LOAD FreeRTOS/src/variantHooks.o
LOAD main.o
START GROUP
LOAD c:/program files (x86)/atmel/studio/7.0/toolchain/avr8/avr8-gnu-toolchain/bin/../lib/gcc/avr/5.4.0/../../../../avr/lib/avr6\libm.a
LOAD ../drivers\libIotLibrary.a
LOAD c:/program files (x86)/atmel/studio/7.0/toolchain/avr8/avr8-gnu-toolchain/bin/../lib/gcc/avr/5.4.0/../../../../avr/lib/avr6\libprintf_flt.a
END GROUP
START GROUP
LOAD c:/program files (x86)/atmel/studio/7.0/toolchain/avr8/avr8-gnu-toolchain/bin/../lib/gcc/avr/5.4.0/avr6\libgcc.a
LOAD c:/program files (x86)/atmel/studio/7.0/toolchain/avr8/avr8-gnu-toolchain/bin/../lib/gcc/avr/5.4.0/../../../../avr/lib/avr6\libm.a
LOAD c:/program files (x86)/atmel/studio/7.0/toolchain/avr8/avr8-gnu-toolchain/bin/../lib/gcc/avr/5.4.0/../../../../avr/lib/avr6\libc.a
LOAD C:/Program Files (x86)/Atmel/Studio/7.0/Packs/atmel/ATmega_DFP/1.6.364/gcc/dev/atmega2560/avr6\libatmega2560.a
END GROUP
                0x00000000                __TEXT_REGION_ORIGIN__ = DEFINED (__TEXT_REGION_ORIGIN__)?__TEXT_REGION_ORIGIN__:0x0
                [0x00800200]                __DATA_REGION_ORIGIN__ = DEFINED (__DATA_REGION_ORIGIN__)?__DATA_REGION_ORIGIN__:0x800200
                [0x00040000]                __TEXT_REGION_LENGTH__ = DEFINED (__TEXT_REGION_LENGTH__)?__TEXT_REGION_LENGTH__:0x100000
                [0x00002000]                __DATA_REGION_LENGTH__ = DEFINED (__DATA_REGION_LENGTH__)?__DATA_REGION_LENGTH__:0xfe00
                [0x00001000]                __EEPROM_REGION_LENGTH__ = DEFINED (__EEPROM_REGION_LENGTH__)?__EEPROM_REGION_LENGTH__:0x10000
                [0x00000003]                __FUSE_REGION_LENGTH__ = DEFINED (__FUSE_REGION_LENGTH__)?__FUSE_REGION_LENGTH__:0x400
                0x00000400                __LOCK_REGION_LENGTH__ = DEFINED (__LOCK_REGION_LENGTH__)?__LOCK_REGION_LENGTH__:0x400
                0x00000400                __SIGNATURE_REGION_LENGTH__ = DEFINED (__SIGNATURE_REGION_LENGTH__)?__SIGNATURE_REGION_LENGTH__:0x400
                0x00000400                __USER_SIGNATURE_REGION_LENGTH__ = DEFINED (__USER_SIGNATURE_REGION_LENGTH__)?__USER_SIGNATURE_REGION_LENGTH__:0x400

.hash
 *(.hash)

.dynsym
 *(.dynsym)

.dynstr
 *(.dynstr)

.gnu.version
 *(.gnu.version)

.gnu.version_d
 *(.gnu.version_d)

.gnu.version_r
 *(.gnu.version_r)

.rel.init
 *(.rel.init)

.rela.init
 *(.rela.init)

.rel.text
 *(.rel.text)
 *(.rel.text.*)
 *(.rel.gnu.linkonce.t*)

.rela.text
 *(.rela.text)
 *(.rela.text.*)
 *(.rela.gnu.linkonce.t*)

.rel.fini
 *(.rel.fini)

.rela.fini
 *(.rela.fini)

.rel.rodata
 *(.rel.rodata)
 *(.rel.rodata.*)
 *(.rel.gnu.linkonce.r*)

.rela.rodata
 *(.rela.rodata)
 *(.rela.rodata.*)
 *(.rela.gnu.linkonce.r*)

.rel.data
 *(.rel.data)
 *(.rel.data.*)
 *(.rel.gnu.linkonce.d*)

.rela.data
 *(.rela.data)
 *(.rela.data.*)
 *(.rela.gnu.linkonce.d*)

.rel.ctors
 *(.rel.ctors)

.rela.ctors
 *(.rela.ctors)

.rel.dtors
 *(.rel.dtors)

.rela.dtors
 *(.rela.dtors)

.rel.got
 *(.rel.got)

.rela.got
 *(.rela.got)

.rel.bss
 *(.rel.bss)

.rela.bss
 *(.rela.bss)

.rel.plt
 *(.rel.plt)

.rela.plt
 *(.rela.plt)

.text           0x00000000     0x7280
 *(.vectors)
 .vectors       0x00000000       0xe4 C:/Program Files (x86)/Atmel/Studio/7.0/Packs/atmel/ATmega_DFP/1.6.364/gcc/dev/atmega2560/avr6/crtatmega2560.o
                0x00000000                __vector_default
                0x00000000                __vectors
 *(.vectors)
 *(.progmem.gcc*)
 .progmem.gcc_sw_table.prvProcessReceivedCommands
                0x000000e4       0x14 FreeRTOS/src/timers.o
 .progmem.gcc_sw_table.__vector_39
                0x000000f8       0xa2 ../drivers\libIotLibrary.a(twi.o)
                0x0000019a                . = ALIGN (0x2)
                0x0000019a                __trampolines_start = .
 *(.trampolines)
 .trampolines   0x0000019a        0x0 linker stubs
 *(.trampolines*)
                0x0000019a                __trampolines_end = .
 *libprintf_flt.a:*(.progmem.data)
 .progmem.data  0x0000019a        0x8 c:/program files (x86)/atmel/studio/7.0/toolchain/avr8/avr8-gnu-toolchain/bin/../lib/gcc/avr/5.4.0/../../../../avr/lib/avr6\libprintf_flt.a(vfprintf_flt.o)
 *libc.a:*(.progmem.data)
 .progmem.data  0x000001a2       0xfa c:/program files (x86)/atmel/studio/7.0/toolchain/avr8/avr8-gnu-toolchain/bin/../lib/gcc/avr/5.4.0/../../../../avr/lib/avr6\libc.a(ftoa_engine.o)
 *(.progmem*)
                0x0000029c                . = ALIGN (0x2)
 *(.jumptables)
 *(.jumptables*)
 *(.lowtext)
 .lowtext       0x0000029c       0x16 FreeRTOS/src/tasks.o
 .lowtext       0x000002b2       0x1e FreeRTOS/src/timers.o
 *(.lowtext*)
                0x000002d0                __ctors_start = .
 *(.ctors)
                0x000002d0                __ctors_end = .
                0x000002d0                __dtors_start = .
 *(.dtors)
                0x000002d0                __dtors_end = .
 SORT(*)(.ctors)
 SORT(*)(.dtors)
 *(.init0)
 .init0         0x000002d0        0x0 C:/Program Files (x86)/Atmel/Studio/7.0/Packs/atmel/ATmega_DFP/1.6.364/gcc/dev/atmega2560/avr6/crtatmega2560.o
                0x000002d0                __init
 *(.init0)
 *(.init1)
 *(.init1)
 *(.init2)
 .init2         0x000002d0       0x10 C:/Program Files (x86)/Atmel/Studio/7.0/Packs/atmel/ATmega_DFP/1.6.364/gcc/dev/atmega2560/avr6/crtatmega2560.o
 *(.init2)
 *(.init3)
 *(.init3)
 *(.init4)
 .init4         0x000002e0       0x1a c:/program files (x86)/atmel/studio/7.0/toolchain/avr8/avr8-gnu-toolchain/bin/../lib/gcc/avr/5.4.0/avr6\libgcc.a(_copy_data.o)
                0x000002e0                __do_copy_data
 .init4         0x000002fa       0x10 c:/program files (x86)/atmel/studio/7.0/toolchain/avr8/avr8-gnu-toolchain/bin/../lib/gcc/avr/5.4.0/avr6\libgcc.a(_clear_bss.o)
                0x000002fa                __do_clear_bss
 *(.init4)
 *(.init5)
 *(.init5)
 *(.init6)
 *(.init6)
 *(.init7)
 *(.init7)
 *(.init8)
 *(.init8)
 *(.init9)
 .init9         0x0000030a        0x8 C:/Program Files (x86)/Atmel/Studio/7.0/Packs/atmel/ATmega_DFP/1.6.364/gcc/dev/atmega2560/avr6/crtatmega2560.o
 *(.init9)
 *(.text)
 .text          0x00000312        0x2 C:/Program Files (x86)/Atmel/Studio/7.0/Packs/atmel/ATmega_DFP/1.6.364/gcc/dev/atmega2560/avr6/crtatmega2560.o
                0x00000312                __vector_38
                0x00000312                __vector_22
                0x00000312                __vector_28
                0x00000312                __vector_1
                0x00000312                __vector_32
                0x00000312                __vector_34
                0x00000312                __vector_24
                0x00000312                __vector_46
                0x00000312                __bad_interrupt
                0x00000312                __vector_6
                0x00000312                __vector_31
                0x00000312                __vector_35
                0x00000312                __vector_3
                0x00000312                __vector_23
                0x00000312                __vector_30
                0x00000312                __vector_45
                0x00000312                __vector_11
                0x00000312                __vector_13
                0x00000312                __vector_17
                0x00000312                __vector_19
                0x00000312                __vector_56
                0x00000312                __vector_7
                0x00000312                __vector_49
                0x00000312                __vector_41
                0x00000312                __vector_43
                0x00000312                __vector_27
                0x00000312                __vector_5
                0x00000312                __vector_33
                0x00000312                __vector_47
                0x00000312                __vector_4
                0x00000312                __vector_44
                0x00000312                __vector_9
                0x00000312                __vector_2
                0x00000312                __vector_21
                0x00000312                __vector_15
                0x00000312                __vector_29
                0x00000312                __vector_40
                0x00000312                __vector_8
                0x00000312                __vector_48
                0x00000312                __vector_14
                0x00000312                __vector_53
                0x00000312                __vector_10
                0x00000312                __vector_50
                0x00000312                __vector_16
                0x00000312                __vector_18
                0x00000312                __vector_20
                0x00000312                __vector_42
                0x00000314                . = ALIGN (0x2)
 *(.text.*)
 .text.CO2_callback
                0x00000314        0xa CO2Handler.o
                0x00000314                CO2_callback
 .text.startReadingCO2
                0x0000031e       0x84 CO2Handler.o
                0x0000031e                startReadingCO2
 .text.CO2_handler_init
                0x000003a2       0x4a CO2Handler.o
                0x000003a2                CO2_handler_init
 .text.createCO2
                0x000003ec       0x88 CO2Handler.o
                0x000003ec                createCO2
 .text.getCO2   0x00000474        0x8 CO2Handler.o
                0x00000474                getCO2
 .text.set_co2  0x0000047c       0x10 CO2Handler.o
                0x0000047c                set_co2
 .text.DownLinkHandler_Create
                0x0000048c       0x26 DownlinkHandler.o
                0x0000048c                DownLinkHandler_Create
 .text.lora_DownLinkHandler_StartTask
                0x000004b2       0x84 DownlinkHandler.o
                0x000004b2                lora_DownLinkHandler_StartTask
 .text.lora_downlink_handler_task
                0x00000536        0x8 DownlinkHandler.o
                0x00000536                lora_downlink_handler_task
 .text.tsl2591Callback
                0x0000053e       0x54 LightHandler.o
                0x0000053e                tsl2591Callback
 .text.createLightTask
                0x00000592       0x4a LightHandler.o
                0x00000592                createLightTask
 .text.createLightSensor
                0x000005dc       0x8a LightHandler.o
                0x000005dc                createLightSensor
 .text.measure_light
                0x00000666       0x7e LightHandler.o
                0x00000666                measure_light
 .text.startReadingLight
                0x000006e4       0x30 LightHandler.o
                0x000006e4                startReadingLight
 .text.getLight
                0x00000714        0x8 LightHandler.o
                0x00000714                getLight
 .text.setLight
                0x0000071c       0x10 LightHandler.o
                0x0000071c                setLight
 .text.create_shared_printf
                0x0000072c       0x1c SharedPrintf.o
                0x0000072c                create_shared_printf
 .text.print_sharedf
                0x00000748       0x58 SharedPrintf.o
                0x00000748                print_sharedf
 .text.create_semaphore_mutex_and_sensors
                0x000007a0       0x52 SharedSensorData.o
                0x000007a0                create_semaphore_mutex_and_sensors
 .text.set_temp_hum_mutex
                0x000007f2       0x50 SharedSensorData.o
                0x000007f2                set_temp_hum_mutex
 .text.get_humidity_val
                0x00000842       0x64 SharedSensorData.o
                0x00000842                get_humidity_val
 .text.get_temp_val
                0x000008a6       0x80 SharedSensorData.o
                0x000008a6                get_temp_val
 .text.set_co2_mutex
                0x00000926       0x50 SharedSensorData.o
                0x00000926                set_co2_mutex
 .text.get_co2_mutex
                0x00000976       0x64 SharedSensorData.o
                0x00000976                get_co2_mutex
 .text.set_light_mutex
                0x000009da       0x50 SharedSensorData.o
                0x000009da                set_light_mutex
 .text.get_light_mutex
                0x00000a2a       0x62 SharedSensorData.o
                0x00000a2a                get_light_mutex
 .text.temperature_handler_init
                0x00000a8c       0x4a TemperatureHandler.o
                0x00000a8c                temperature_handler_init
 .text.createTemp
                0x00000ad6       0x8a TemperatureHandler.o
                0x00000ad6                createTemp
 .text.measureTempAndHum
                0x00000b60        0x4 TemperatureHandler.o
                0x00000b60                measureTempAndHum
 .text.startReading
                0x00000b64       0xae TemperatureHandler.o
                0x00000b64                startReading
 .text.getTemperature
                0x00000c12        0xc TemperatureHandler.o
                0x00000c12                getTemperature
 .text.getHumidity
                0x00000c1e        0x8 TemperatureHandler.o
                0x00000c1e                getHumidity
 .text.temp_hum_set
                0x00000c26       0x50 TemperatureHandler.o
                0x00000c26                temp_hum_set
 .text._lora_setup
                0x00000c76       0xc2 UplinkHandler.o
 .text.lora_handler_task
                0x00000d38      0x18a UplinkHandler.o
                0x00000d38                lora_handler_task
 .text.lora_handler_initialize
                0x00000ec2       0x28 UplinkHandler.o
                0x00000ec2                lora_handler_initialize
 .text.prvTestWaitCondition
                0x00000eea       0x42 FreeRTOS/src/event_groups.o
 .text.xEventGroupCreate
                0x00000f2c       0x26 FreeRTOS/src/event_groups.o
                0x00000f2c                xEventGroupCreate
 .text.xEventGroupWaitBits
                0x00000f52      0x140 FreeRTOS/src/event_groups.o
                0x00000f52                xEventGroupWaitBits
 .text.xEventGroupSetBits
                0x00001092      0x11c FreeRTOS/src/event_groups.o
                0x00001092                xEventGroupSetBits
 .text.prvHeapInit
                0x000011ae       0x52 FreeRTOS/src/heap_4.o
 .text.prvInsertBlockIntoFreeList
                0x00001200       0x94 FreeRTOS/src/heap_4.o
 .text.pvPortMalloc
                0x00001294      0x152 FreeRTOS/src/heap_4.o
                0x00001294                pvPortMalloc
 .text.vPortFree
                0x000013e6       0x7a FreeRTOS/src/heap_4.o
                0x000013e6                vPortFree
 .text.vListInitialise
                0x00001460       0x22 FreeRTOS/src/list.o
                0x00001460                vListInitialise
 .text.vListInitialiseItem
                0x00001482        0x8 FreeRTOS/src/list.o
                0x00001482                vListInitialiseItem
 .text.vListInsert
                0x0000148a       0x7a FreeRTOS/src/list.o
                0x0000148a                vListInsert
 .text.uxListRemove
                0x00001504       0x4e FreeRTOS/src/list.o
                0x00001504                uxListRemove
 .text.prvSetupTimerInterrupt
                0x00001552       0x18 FreeRTOS/src/port.o
 .text.pxPortInitialiseStack
                0x0000156a       0x2e FreeRTOS/src/port.o
                0x0000156a                pxPortInitialiseStack
 .text.xPortStartScheduler
                0x00001598       0x64 FreeRTOS/src/port.o
                0x00001598                xPortStartScheduler
 .text.vPortYield
                0x000015fc       0xc2 FreeRTOS/src/port.o
                0x000015fc                vPortYield
 .text.vPortYieldFromTick
                0x000016be       0xca FreeRTOS/src/port.o
                0x000016be                vPortYieldFromTick
 .text.__vector_12
                0x00001788        0x4 FreeRTOS/src/port.o
                0x00001788                __vector_12
 .text.prvGetDisinheritPriorityAfterTimeout
                0x0000178c       0x20 FreeRTOS/src/queue.o
 .text.prvIsQueueEmpty
                0x000017ac       0x1a FreeRTOS/src/queue.o
 .text.prvIsQueueFull
                0x000017c6       0x1c FreeRTOS/src/queue.o
 .text.prvCopyDataToQueue
                0x000017e2       0xbe FreeRTOS/src/queue.o
 .text.prvCopyDataFromQueue
                0x000018a0       0x34 FreeRTOS/src/queue.o
 .text.prvUnlockQueue
                0x000018d4       0x68 FreeRTOS/src/queue.o
 .text.xQueueGenericReset
                0x0000193c       0x86 FreeRTOS/src/queue.o
                0x0000193c                xQueueGenericReset
 .text.prvInitialiseNewQueue
                0x000019c2       0x24 FreeRTOS/src/queue.o
 .text.xQueueGenericCreate
                0x000019e6       0x46 FreeRTOS/src/queue.o
                0x000019e6                xQueueGenericCreate
 .text.xQueueGenericSend
                0x00001a2c      0x124 FreeRTOS/src/queue.o
                0x00001a2c                xQueueGenericSend
 .text.prvInitialiseMutex
                0x00001b50       0x24 FreeRTOS/src/queue.o
 .text.xQueueCreateMutex
                0x00001b74       0x18 FreeRTOS/src/queue.o
                0x00001b74                xQueueCreateMutex
 .text.xQueueGenericSendFromISR
                0x00001b8c       0x76 FreeRTOS/src/queue.o
                0x00001b8c                xQueueGenericSendFromISR
 .text.xQueueReceive
                0x00001c02      0x11e FreeRTOS/src/queue.o
                0x00001c02                xQueueReceive
 .text.xQueueSemaphoreTake
                0x00001d20      0x162 FreeRTOS/src/queue.o
                0x00001d20                xQueueSemaphoreTake
 .text.vQueueWaitForMessageRestricted
                0x00001e82       0x38 FreeRTOS/src/queue.o
                0x00001e82                vQueueWaitForMessageRestricted
 .text.prvBytesInBuffer
                0x00001eba       0x26 FreeRTOS/src/stream_buffer.o
 .text.prvInitialiseNewStreamBuffer
                0x00001ee0       0x20 FreeRTOS/src/stream_buffer.o
 .text.prvWriteBytesToBuffer
                0x00001f00       0x92 FreeRTOS/src/stream_buffer.o
 .text.prvWriteMessageToBuffer
                0x00001f92       0x86 FreeRTOS/src/stream_buffer.o
 .text.prvReadBytesFromBuffer
                0x00002018       0x9e FreeRTOS/src/stream_buffer.o
 .text.prvReadMessageFromBuffer
                0x000020b6       0x8a FreeRTOS/src/stream_buffer.o
 .text.xStreamBufferGenericCreate
                0x00002140       0x64 FreeRTOS/src/stream_buffer.o
                0x00002140                xStreamBufferGenericCreate
 .text.xStreamBufferReset
                0x000021a4       0x3c FreeRTOS/src/stream_buffer.o
                0x000021a4                xStreamBufferReset
 .text.xStreamBufferSpacesAvailable
                0x000021e0       0x24 FreeRTOS/src/stream_buffer.o
                0x000021e0                xStreamBufferSpacesAvailable
 .text.xStreamBufferSend
                0x00002204      0x18a FreeRTOS/src/stream_buffer.o
                0x00002204                xStreamBufferSend
 .text.xStreamBufferSendFromISR
                0x0000238e       0x88 FreeRTOS/src/stream_buffer.o
                0x0000238e                xStreamBufferSendFromISR
 .text.xStreamBufferReceive
                0x00002416      0x106 FreeRTOS/src/stream_buffer.o
                0x00002416                xStreamBufferReceive
 .text.prvResetNextTaskUnblockTime
                0x0000251c       0x4e FreeRTOS/src/tasks.o
 .text.prvDeleteTCB
                0x0000256a       0x1a FreeRTOS/src/tasks.o
 .text.prvInitialiseNewTask
                0x00002584       0xfc FreeRTOS/src/tasks.o
 .text.prvInitialiseTaskLists
                0x00002680       0x60 FreeRTOS/src/tasks.o
 .text.prvAddNewTaskToReadyList
                0x000026e0       0xde FreeRTOS/src/tasks.o
 .text.prvCheckTasksWaitingTermination
                0x000027be       0x4a FreeRTOS/src/tasks.o
 .text.prvAddCurrentTaskToDelayedList
                0x00002808      0x144 FreeRTOS/src/tasks.o
 .text.xTaskCreate
                0x0000294c       0x98 FreeRTOS/src/tasks.o
                0x0000294c                xTaskCreate
 .text.vTaskStartScheduler
                0x000029e4       0x70 FreeRTOS/src/tasks.o
                0x000029e4                vTaskStartScheduler
 .text.vTaskSuspendAll
                0x00002a54        0xc FreeRTOS/src/tasks.o
                0x00002a54                vTaskSuspendAll
 .text.xTaskGetTickCount
                0x00002a60       0x1c FreeRTOS/src/tasks.o
                0x00002a60                xTaskGetTickCount
 .text.xTaskIncrementTick
                0x00002a7c      0x258 FreeRTOS/src/tasks.o
                0x00002a7c                xTaskIncrementTick
 .text.xTaskResumeAll
                0x00002cd4      0x1b8 FreeRTOS/src/tasks.o
                0x00002cd4                xTaskResumeAll
 .text.xTaskDelayUntil
                0x00002e8c       0xca FreeRTOS/src/tasks.o
                0x00002e8c                xTaskDelayUntil
 .text.vTaskDelay
                0x00002f56       0x36 FreeRTOS/src/tasks.o
                0x00002f56                vTaskDelay
 .text.vTaskSwitchContext
                0x00002f8c       0xca FreeRTOS/src/tasks.o
                0x00002f8c                vTaskSwitchContext
 .text.vTaskPlaceOnEventList
                0x00003056       0x2e FreeRTOS/src/tasks.o
                0x00003056                vTaskPlaceOnEventList
 .text.vTaskPlaceOnUnorderedEventList
                0x00003084       0x94 FreeRTOS/src/tasks.o
                0x00003084                vTaskPlaceOnUnorderedEventList
 .text.vTaskPlaceOnEventListRestricted
                0x00003118       0x84 FreeRTOS/src/tasks.o
                0x00003118                vTaskPlaceOnEventListRestricted
 .text.xTaskRemoveFromEventList
                0x0000319c      0x15e FreeRTOS/src/tasks.o
                0x0000319c                xTaskRemoveFromEventList
 .text.vTaskRemoveFromUnorderedEventList
                0x000032fa      0x134 FreeRTOS/src/tasks.o
                0x000032fa                vTaskRemoveFromUnorderedEventList
 .text.vTaskSetTimeOutState
                0x0000342e       0x2c FreeRTOS/src/tasks.o
                0x0000342e                vTaskSetTimeOutState
 .text.vTaskInternalSetTimeOutState
                0x0000345a       0x22 FreeRTOS/src/tasks.o
                0x0000345a                vTaskInternalSetTimeOutState
 .text.xTaskCheckForTimeOut
                0x0000347c       0xcc FreeRTOS/src/tasks.o
                0x0000347c                xTaskCheckForTimeOut
 .text.vTaskMissedYield
                0x00003548        0x8 FreeRTOS/src/tasks.o
                0x00003548                vTaskMissedYield
 .text.xTaskGetCurrentTaskHandle
                0x00003550        0xa FreeRTOS/src/tasks.o
                0x00003550                xTaskGetCurrentTaskHandle
 .text.xTaskGetSchedulerState
                0x0000355a       0x1c FreeRTOS/src/tasks.o
                0x0000355a                xTaskGetSchedulerState
 .text.xTaskPriorityInherit
                0x00003576      0x10e FreeRTOS/src/tasks.o
                0x00003576                xTaskPriorityInherit
 .text.xTaskPriorityDisinherit
                0x00003684       0xb6 FreeRTOS/src/tasks.o
                0x00003684                xTaskPriorityDisinherit
 .text.vTaskPriorityDisinheritAfterTimeout
                0x0000373a       0xce FreeRTOS/src/tasks.o
                0x0000373a                vTaskPriorityDisinheritAfterTimeout
 .text.uxTaskResetEventItemValue
                0x00003808       0x54 FreeRTOS/src/tasks.o
                0x00003808                uxTaskResetEventItemValue
 .text.pvTaskIncrementMutexHeldCount
                0x0000385c       0x24 FreeRTOS/src/tasks.o
                0x0000385c                pvTaskIncrementMutexHeldCount
 .text.xTaskGenericNotifyWait
                0x00003880      0x150 FreeRTOS/src/tasks.o
                0x00003880                xTaskGenericNotifyWait
 .text.xTaskGenericNotify
                0x000039d0      0x1ee FreeRTOS/src/tasks.o
                0x000039d0                xTaskGenericNotify
 .text.xTaskGenericNotifyFromISR
                0x00003bbe      0x244 FreeRTOS/src/tasks.o
                0x00003bbe                xTaskGenericNotifyFromISR
 .text.xTaskGenericNotifyStateClear
                0x00003e02       0x34 FreeRTOS/src/tasks.o
                0x00003e02                xTaskGenericNotifyStateClear
 .text.prvGetNextExpireTime
                0x00003e36       0x30 FreeRTOS/src/timers.o
 .text.prvInsertTimerInActiveList
                0x00003e66       0x92 FreeRTOS/src/timers.o
 .text.prvCheckForValidListAndQueue
                0x00003ef8       0x52 FreeRTOS/src/timers.o
 .text.xTimerCreateTimerTask
                0x00003f4a       0x42 FreeRTOS/src/timers.o
                0x00003f4a                xTimerCreateTimerTask
 .text.xTimerGenericCommand
                0x00003f8c       0xbc FreeRTOS/src/timers.o
                0x00003f8c                xTimerGenericCommand
 .text.prvSwitchTimerLists
                0x00004048       0xd0 FreeRTOS/src/timers.o
 .text.prvSampleTimeNow
                0x00004118       0x5c FreeRTOS/src/timers.o
 .text.prvProcessExpiredTimer
                0x00004174       0xac FreeRTOS/src/timers.o
 .text.prvProcessTimerOrBlockTask
                0x00004220       0xae FreeRTOS/src/timers.o
 .text.prvProcessReceivedCommands
                0x000042ce      0x168 FreeRTOS/src/timers.o
 .text.vApplicationIdleHook
                0x00004436        0x2 FreeRTOS/src/variantHooks.o
                0x00004436                vApplicationIdleHook
 .text.prvSetMainLedOn
                0x00004438        0xe FreeRTOS/src/variantHooks.o
                0x00004438                prvSetMainLedOn
 .text.prvBlinkMainLed
                0x00004446        0x8 FreeRTOS/src/variantHooks.o
                0x00004446                prvBlinkMainLed
 .text.vApplicationMallocFailedHook
                0x0000444e       0x18 FreeRTOS/src/variantHooks.o
                0x0000444e                vApplicationMallocFailedHook
 .text.vApplicationStackOverflowHook
                0x00004466       0x18 FreeRTOS/src/variantHooks.o
                0x00004466                vApplicationStackOverflowHook
 .text.createTasksForSensors
                0x0000447e       0x60 main.o
                0x0000447e                createTasksForSensors
 .text.create_tasks_and_semaphores
                0x000044de       0x4c main.o
                0x000044de                create_tasks_and_semaphores
 .text.initializeSystem
                0x0000452a       0x34 main.o
                0x0000452a                initializeSystem
 .text.main     0x0000455e        0x8 main.o
                0x0000455e                main
 .text.avr-libc.fplib
                0x00004566        0x8 c:/program files (x86)/atmel/studio/7.0/toolchain/avr8/avr8-gnu-toolchain/bin/../lib/gcc/avr/5.4.0/../../../../avr/lib/avr6\libm.a(cmpsf2.o)
                0x00004566                __nesf2
                0x00004566                __eqsf2
                0x00004566                __cmpsf2
                0x00004566                __ltsf2
                0x00004566                __lesf2
 .text.avr-libc.fplib
                0x0000456e        0xa c:/program files (x86)/atmel/studio/7.0/toolchain/avr8/avr8-gnu-toolchain/bin/../lib/gcc/avr/5.4.0/../../../../avr/lib/avr6\libm.a(fixsfsi.o)
                0x0000456e                __fixsfsi
 .text.avr-libc.fplib
                0x00004578       0x58 c:/program files (x86)/atmel/studio/7.0/toolchain/avr8/avr8-gnu-toolchain/bin/../lib/gcc/avr/5.4.0/../../../../avr/lib/avr6\libm.a(fixunssfsi.o)
                0x00004578                __fixunssfsi
 .text.avr-libc.fplib
                0x000045d0       0x48 c:/program files (x86)/atmel/studio/7.0/toolchain/avr8/avr8-gnu-toolchain/bin/../lib/gcc/avr/5.4.0/../../../../avr/lib/avr6\libm.a(fp_cmp.o)
                0x000045d0                __fp_cmp
 .text.avr-libc.fplib
                0x00004618       0x44 c:/program files (x86)/atmel/studio/7.0/toolchain/avr8/avr8-gnu-toolchain/bin/../lib/gcc/avr/5.4.0/../../../../avr/lib/avr6\libm.a(fp_split3.o)
                0x00004618                __fp_split3
                0x00004628                __fp_splitA
 .text.avr-libc.fplib
                0x0000465c        0xe c:/program files (x86)/atmel/studio/7.0/toolchain/avr8/avr8-gnu-toolchain/bin/../lib/gcc/avr/5.4.0/../../../../avr/lib/avr6\libm.a(fp_zero.o)
                0x0000465c                __fp_zero
                0x0000465e                __fp_szero
 .text.avr-libc.fplib
                0x0000466a       0x66 c:/program files (x86)/atmel/studio/7.0/toolchain/avr8/avr8-gnu-toolchain/bin/../lib/gcc/avr/5.4.0/../../../../avr/lib/avr6\libm.a(modf.o)
                0x0000466a                modf
                0x0000466a                modff
 .text.avr-libc.fplib
                0x000046d0        0x4 c:/program files (x86)/atmel/studio/7.0/toolchain/avr8/avr8-gnu-toolchain/bin/../lib/gcc/avr/5.4.0/../../../../avr/lib/avr6\libm.a(mulsf3.o)
                0x000046d0                __mulsf3
 .text.avr-libc.fplib
                0x000046d4       0xc2 c:/program files (x86)/atmel/studio/7.0/toolchain/avr8/avr8-gnu-toolchain/bin/../lib/gcc/avr/5.4.0/../../../../avr/lib/avr6\libm.a(mulsf3x.o)
                0x000046e8                __mulsf3x
                0x000046ec                __mulsf3_pse
 .text.avr-libc.fplib
                0x00004796        0xa c:/program files (x86)/atmel/studio/7.0/toolchain/avr8/avr8-gnu-toolchain/bin/../lib/gcc/avr/5.4.0/../../../../avr/lib/avr6\libm.a(addsf3.o)
                0x00004796                __subsf3
                0x00004798                __addsf3
 .text.avr-libc.fplib
                0x000047a0       0xc0 c:/program files (x86)/atmel/studio/7.0/toolchain/avr8/avr8-gnu-toolchain/bin/../lib/gcc/avr/5.4.0/../../../../avr/lib/avr6\libm.a(addsf3x.o)
                0x000047ba                __addsf3x
 .text.avr-libc.fplib
                0x00004860        0xc c:/program files (x86)/atmel/studio/7.0/toolchain/avr8/avr8-gnu-toolchain/bin/../lib/gcc/avr/5.4.0/../../../../avr/lib/avr6\libm.a(fp_inf.o)
                0x00004860                __fp_inf
 .text.avr-libc.fplib
                0x0000486c        0x6 c:/program files (x86)/atmel/studio/7.0/toolchain/avr8/avr8-gnu-toolchain/bin/../lib/gcc/avr/5.4.0/../../../../avr/lib/avr6\libm.a(fp_nan.o)
                0x0000486c                __fp_nan
 .text.avr-libc.fplib
                0x00004872        0xe c:/program files (x86)/atmel/studio/7.0/toolchain/avr8/avr8-gnu-toolchain/bin/../lib/gcc/avr/5.4.0/../../../../avr/lib/avr6\libm.a(fp_pscA.o)
                0x00004872                __fp_pscA
 .text.avr-libc.fplib
                0x00004880        0xe c:/program files (x86)/atmel/studio/7.0/toolchain/avr8/avr8-gnu-toolchain/bin/../lib/gcc/avr/5.4.0/../../../../avr/lib/avr6\libm.a(fp_pscB.o)
                0x00004880                __fp_pscB
 .text.avr-libc.fplib
                0x0000488e       0x22 c:/program files (x86)/atmel/studio/7.0/toolchain/avr8/avr8-gnu-toolchain/bin/../lib/gcc/avr/5.4.0/../../../../avr/lib/avr6\libm.a(fp_round.o)
                0x0000488e                __fp_round
 .text._hihTwiCallback
                0x000048b0       0x5a ../drivers\libIotLibrary.a(hih8120.o)
 .text.hih8120_initialise
                0x0000490a       0x30 ../drivers\libIotLibrary.a(hih8120.o)
                0x0000490a                hih8120_initialise
 .text.hih8120_wakeup
                0x0000493a       0x2a ../drivers\libIotLibrary.a(hih8120.o)
                0x0000493a                hih8120_wakeup
 .text.hih8120_measure
                0x00004964       0x22 ../drivers\libIotLibrary.a(hih8120.o)
                0x00004964                hih8120_measure
 .text.hih8120_getHumidity
                0x00004986       0x28 ../drivers\libIotLibrary.a(hih8120.o)
                0x00004986                hih8120_getHumidity
 .text.hih8120_getHumidityPercent_x10
                0x000049ae       0x12 ../drivers\libIotLibrary.a(hih8120.o)
                0x000049ae                hih8120_getHumidityPercent_x10
 .text.hih8120_getTemperature
                0x000049c0       0x32 ../drivers\libIotLibrary.a(hih8120.o)
                0x000049c0                hih8120_getTemperature
 .text._serialCallBack
                0x000049f2       0x8c ../drivers\libIotLibrary.a(lora_driver.o)
 .text._uploadMessage
                0x00004a7e       0xb4 ../drivers\libIotLibrary.a(lora_driver.o)
 .text._reply2ReturnCode
                0x00004b32       0xea ../drivers\libIotLibrary.a(lora_driver.o)
 .text._uploadMessageRc
                0x00004c1c        0x6 ../drivers\libIotLibrary.a(lora_driver.o)
 .text.lora_driver_flushBuffers
                0x00004c22        0xe ../drivers\libIotLibrary.a(lora_driver.o)
                0x00004c22                lora_driver_flushBuffers
 .text.lora_driver_initialise
                0x00004c30       0x80 ../drivers\libIotLibrary.a(lora_driver.o)
                0x00004c30                lora_driver_initialise
 .text.lora_driver_resetRn2483
                0x00004cb0       0x1c ../drivers\libIotLibrary.a(lora_driver.o)
                0x00004cb0                lora_driver_resetRn2483
 .text.lora_driver_rn2483FactoryReset
                0x00004ccc       0x24 ../drivers\libIotLibrary.a(lora_driver.o)
                0x00004ccc                lora_driver_rn2483FactoryReset
 .text.lora_driver_getRn2483Hweui
                0x00004cf0       0x38 ../drivers\libIotLibrary.a(lora_driver.o)
                0x00004cf0                lora_driver_getRn2483Hweui
 .text.lora_driver_setDeviceIdentifier
                0x00004d28       0x22 ../drivers\libIotLibrary.a(lora_driver.o)
                0x00004d28                lora_driver_setDeviceIdentifier
 .text.lora_driver_setApplicationIdentifier
                0x00004d4a       0x22 ../drivers\libIotLibrary.a(lora_driver.o)
                0x00004d4a                lora_driver_setApplicationIdentifier
 .text.lora_driver_setApplicationKey
                0x00004d6c       0x22 ../drivers\libIotLibrary.a(lora_driver.o)
                0x00004d6c                lora_driver_setApplicationKey
 .text.lora_driver_saveMac
                0x00004d8e        0xc ../drivers\libIotLibrary.a(lora_driver.o)
                0x00004d8e                lora_driver_saveMac
 .text.lora_driver_join
                0x00004d9a       0x52 ../drivers\libIotLibrary.a(lora_driver.o)
                0x00004d9a                lora_driver_join
 .text.lora_driver_sendUploadMessage
                0x00004dec      0x196 ../drivers\libIotLibrary.a(lora_driver.o)
                0x00004dec                lora_driver_sendUploadMessage
 .text.lora_driver_setAdaptiveDataRate
                0x00004f82       0x16 ../drivers\libIotLibrary.a(lora_driver.o)
                0x00004f82                lora_driver_setAdaptiveDataRate
 .text.lora_driver_setReceiveDelay
                0x00004f98       0x30 ../drivers\libIotLibrary.a(lora_driver.o)
                0x00004f98                lora_driver_setReceiveDelay
 .text.lora_driver_configureToEu868
                0x00004fc8      0x1bc ../drivers\libIotLibrary.a(lora_driver.o)
                0x00004fc8                lora_driver_configureToEu868
 .text.lora_driver_setOtaaIdentity
                0x00005184       0x42 ../drivers\libIotLibrary.a(lora_driver.o)
                0x00005184                lora_driver_setOtaaIdentity
 .text.lora_driver_mapReturnCodeToText
                0x000051c6       0x18 ../drivers\libIotLibrary.a(lora_driver.o)
                0x000051c6                lora_driver_mapReturnCodeToText
 .text.decode_port_no
                0x000051de       0x58 ../drivers\libIotLibrary.a(lora_driver_utils.o)
                0x000051de                decode_port_no
 .text.decode_hexadecimal_string_bytes
                0x00005236       0x92 ../drivers\libIotLibrary.a(lora_driver_utils.o)
                0x00005236                decode_hexadecimal_string_bytes
 .text._serialCallBack
                0x000052c8       0xb6 ../drivers\libIotLibrary.a(mh_z19.o)
 .text.mh_z19_initialise
                0x0000537e       0x4a ../drivers\libIotLibrary.a(mh_z19.o)
                0x0000537e                mh_z19_initialise
 .text.mh_z19_injectCallBack
                0x000053c8        0xa ../drivers\libIotLibrary.a(mh_z19.o)
                0x000053c8                mh_z19_injectCallBack
 .text.mh_z19_takeMeassuring
                0x000053d2       0x5e ../drivers\libIotLibrary.a(mh_z19.o)
                0x000053d2                mh_z19_takeMeassuring
 .text.rc_servo_setPosition
                0x00005430       0x30 ../drivers\libIotLibrary.a(rc_servo.o)
                0x00005430                rc_servo_setPosition
 .text.rc_servo_initialise
                0x00005460       0x38 ../drivers\libIotLibrary.a(rc_servo.o)
                0x00005460                rc_servo_initialise
 .text.serial_create
                0x00005498      0x148 ../drivers\libIotLibrary.a(serial.o)
                0x00005498                serial_create
 .text.serial_sendByte
                0x000055e0       0x56 ../drivers\libIotLibrary.a(serial.o)
                0x000055e0                serial_sendByte
 .text.serial_sendBytes
                0x00005636       0xaa ../drivers\libIotLibrary.a(serial.o)
                0x00005636                serial_sendBytes
 .text.serial_getByte
                0x000056e0       0x40 ../drivers\libIotLibrary.a(serial.o)
                0x000056e0                serial_getByte
 .text.__vector_25
                0x00005720       0xa4 ../drivers\libIotLibrary.a(serial.o)
                0x00005720                __vector_25
 .text.__vector_26
                0x000057c4       0x88 ../drivers\libIotLibrary.a(serial.o)
                0x000057c4                __vector_26
 .text.__vector_36
                0x0000584c       0xa4 ../drivers\libIotLibrary.a(serial.o)
                0x0000584c                __vector_36
 .text.__vector_37
                0x000058f0       0x88 ../drivers\libIotLibrary.a(serial.o)
                0x000058f0                __vector_37
 .text.__vector_51
                0x00005978       0xa4 ../drivers\libIotLibrary.a(serial.o)
                0x00005978                __vector_51
 .text.__vector_52
                0x00005a1c       0x88 ../drivers\libIotLibrary.a(serial.o)
                0x00005a1c                __vector_52
 .text.__vector_54
                0x00005aa4       0xa4 ../drivers\libIotLibrary.a(serial.o)
                0x00005aa4                __vector_54
 .text.__vector_55
                0x00005b48       0x88 ../drivers\libIotLibrary.a(serial.o)
                0x00005b48                __vector_55
 .text.usart_getchar
                0x00005bd0       0x2a ../drivers\libIotLibrary.a(stdio_driver.o)
 .text.usart_putchar
                0x00005bfa       0x12 ../drivers\libIotLibrary.a(stdio_driver.o)
 .text.stdio_initialise
                0x00005c0c       0x52 ../drivers\libIotLibrary.a(stdio_driver.o)
                0x00005c0c                stdio_initialise
 .text._callBack
                0x00005c5e       0x10 ../drivers\libIotLibrary.a(tsl2591.o)
 .text._tsl2591TwiCallback
                0x00005c6e       0x88 ../drivers\libIotLibrary.a(tsl2591.o)
 .text._twiTransmit
                0x00005cf6       0x26 ../drivers\libIotLibrary.a(tsl2591.o)
 .text.tsl2591_initialise
                0x00005d1c       0x36 ../drivers\libIotLibrary.a(tsl2591.o)
                0x00005d1c                tsl2591_initialise
 .text.tsl2591_enable
                0x00005d52       0x2a ../drivers\libIotLibrary.a(tsl2591.o)
                0x00005d52                tsl2591_enable
 .text.tsl2591_fetchData
                0x00005d7c       0x24 ../drivers\libIotLibrary.a(tsl2591.o)
                0x00005d7c                tsl2591_fetchData
 .text.tsl2591_getLux
                0x00005da0      0x1be ../drivers\libIotLibrary.a(tsl2591.o)
                0x00005da0                tsl2591_getLux
 .text._initTwiInterface
                0x00005f5e       0x22 ../drivers\libIotLibrary.a(twi.o)
 .text.twiCreate
                0x00005f80       0x9a ../drivers\libIotLibrary.a(twi.o)
                0x00005f80                twiCreate
 .text.twiIsBusy
                0x0000601a        0x8 ../drivers\libIotLibrary.a(twi.o)
                0x0000601a                twiIsBusy
 .text.twiTransmit
                0x00006022       0x98 ../drivers\libIotLibrary.a(twi.o)
                0x00006022                twiTransmit
 .text.twiReceive
                0x000060ba       0x66 ../drivers\libIotLibrary.a(twi.o)
                0x000060ba                twiReceive
 .text.__vector_39
                0x00006120      0x17a ../drivers\libIotLibrary.a(twi.o)
                0x00006120                __vector_39
 .text.fifo_init
                0x0000629a       0x38 ../drivers\libIotLibrary.a(fifo.o)
                0x0000629a                fifo_init
 .text.avr-libc
                0x000062d2      0x712 c:/program files (x86)/atmel/studio/7.0/toolchain/avr8/avr8-gnu-toolchain/bin/../lib/gcc/avr/5.4.0/../../../../avr/lib/avr6\libprintf_flt.a(vfprintf_flt.o)
                0x000062d2                vfprintf
 .text.avr-libc.fplib
                0x000069e4        0x6 c:/program files (x86)/atmel/studio/7.0/toolchain/avr8/avr8-gnu-toolchain/bin/../lib/gcc/avr/5.4.0/../../../../avr/lib/avr6\libm.a(divsf3.o)
                0x000069e4                __divsf3
 .text.avr-libc.fplib
                0x000069ea       0xdc c:/program files (x86)/atmel/studio/7.0/toolchain/avr8/avr8-gnu-toolchain/bin/../lib/gcc/avr/5.4.0/../../../../avr/lib/avr6\libm.a(divsf3x.o)
                0x00006a0a                __divsf3x
                0x00006a10                __divsf3_pse
 .text.avr-libc.fplib
                0x00006ac6       0x7a c:/program files (x86)/atmel/studio/7.0/toolchain/avr8/avr8-gnu-toolchain/bin/../lib/gcc/avr/5.4.0/../../../../avr/lib/avr6\libm.a(floatsisf.o)
                0x00006ac6                __floatunsisf
                0x00006aca                __floatsisf
 .text.avr-libc.fplib
                0x00006b40        0xa c:/program files (x86)/atmel/studio/7.0/toolchain/avr8/avr8-gnu-toolchain/bin/../lib/gcc/avr/5.4.0/../../../../avr/lib/avr6\libm.a(gesf2.o)
                0x00006b40                __gesf2
                0x00006b40                __gtsf2
 .text.libgcc.div
                0x00006b4a       0x44 c:/program files (x86)/atmel/studio/7.0/toolchain/avr8/avr8-gnu-toolchain/bin/../lib/gcc/avr/5.4.0/avr6\libgcc.a(_udivmodsi4.o)
                0x00006b4a                __udivmodsi4
 .text.libgcc   0x00006b8e       0x10 c:/program files (x86)/atmel/studio/7.0/toolchain/avr8/avr8-gnu-toolchain/bin/../lib/gcc/avr/5.4.0/avr6\libgcc.a(_tablejump2.o)
                0x00006b8e                __tablejump2__
 .text.libgcc.mul
                0x00006b9e       0x1e c:/program files (x86)/atmel/studio/7.0/toolchain/avr8/avr8-gnu-toolchain/bin/../lib/gcc/avr/5.4.0/avr6\libgcc.a(_umulhisi3.o)
                0x00006b9e                __umulhisi3
 .text.avr-libc
                0x00006bbc       0x34 c:/program files (x86)/atmel/studio/7.0/toolchain/avr8/avr8-gnu-toolchain/bin/../lib/gcc/avr/5.4.0/../../../../avr/lib/avr6\libc.a(calloc.o)
                0x00006bbc                calloc
 .text.avr-libc
                0x00006bf0      0x242 c:/program files (x86)/atmel/studio/7.0/toolchain/avr8/avr8-gnu-toolchain/bin/../lib/gcc/avr/5.4.0/../../../../avr/lib/avr6\libc.a(malloc.o)
                0x00006bf0                malloc
                0x00006d20                free
 .text.avr-libc
                0x00006e32        0x8 c:/program files (x86)/atmel/studio/7.0/toolchain/avr8/avr8-gnu-toolchain/bin/../lib/gcc/avr/5.4.0/../../../../avr/lib/avr6\libc.a(abort.o)
                0x00006e32                abort
 .text.avr-libc
                0x00006e3a      0x1b0 c:/program files (x86)/atmel/studio/7.0/toolchain/avr8/avr8-gnu-toolchain/bin/../lib/gcc/avr/5.4.0/../../../../avr/lib/avr6\libc.a(ftoa_engine.o)
                0x00006e3a                __ftoa_engine
 .text.avr-libc
                0x00006fea       0x16 c:/program files (x86)/atmel/studio/7.0/toolchain/avr8/avr8-gnu-toolchain/bin/../lib/gcc/avr/5.4.0/../../../../avr/lib/avr6\libc.a(strnlen_P.o)
                0x00006fea                strnlen_P
 .text.avr-libc
                0x00007000       0x12 c:/program files (x86)/atmel/studio/7.0/toolchain/avr8/avr8-gnu-toolchain/bin/../lib/gcc/avr/5.4.0/../../../../avr/lib/avr6\libc.a(memcpy.o)
                0x00007000                memcpy
 .text.avr-libc
                0x00007012        0xe c:/program files (x86)/atmel/studio/7.0/toolchain/avr8/avr8-gnu-toolchain/bin/../lib/gcc/avr/5.4.0/../../../../avr/lib/avr6\libc.a(memset.o)
                0x00007012                memset
 .text.avr-libc
                0x00007020       0x4a c:/program files (x86)/atmel/studio/7.0/toolchain/avr8/avr8-gnu-toolchain/bin/../lib/gcc/avr/5.4.0/../../../../avr/lib/avr6\libc.a(strcasestr.o)
                0x00007020                strcasestr
 .text.avr-libc
                0x0000706a       0x16 c:/program files (x86)/atmel/studio/7.0/toolchain/avr8/avr8-gnu-toolchain/bin/../lib/gcc/avr/5.4.0/../../../../avr/lib/avr6\libc.a(strcat.o)
                0x0000706a                strcat
 .text.avr-libc
                0x00007080        0xe c:/program files (x86)/atmel/studio/7.0/toolchain/avr8/avr8-gnu-toolchain/bin/../lib/gcc/avr/5.4.0/../../../../avr/lib/avr6\libc.a(strcpy.o)
                0x00007080                strcpy
 .text.avr-libc
                0x0000708e       0x30 c:/program files (x86)/atmel/studio/7.0/toolchain/avr8/avr8-gnu-toolchain/bin/../lib/gcc/avr/5.4.0/../../../../avr/lib/avr6\libc.a(strncasecmp.o)
                0x0000708e                strncasecmp
 .text.avr-libc
                0x000070be       0x16 c:/program files (x86)/atmel/studio/7.0/toolchain/avr8/avr8-gnu-toolchain/bin/../lib/gcc/avr/5.4.0/../../../../avr/lib/avr6\libc.a(strnlen.o)
                0x000070be                strnlen
 .text.avr-libc
                0x000070d4       0x78 c:/program files (x86)/atmel/studio/7.0/toolchain/avr8/avr8-gnu-toolchain/bin/../lib/gcc/avr/5.4.0/../../../../avr/lib/avr6\libc.a(fputc.o)
                0x000070d4                fputc
 .text.avr-libc
                0x0000714c        0xa c:/program files (x86)/atmel/studio/7.0/toolchain/avr8/avr8-gnu-toolchain/bin/../lib/gcc/avr/5.4.0/../../../../avr/lib/avr6\libc.a(putchar.o)
                0x0000714c                putchar
 .text.avr-libc
                0x00007156       0x5c c:/program files (x86)/atmel/studio/7.0/toolchain/avr8/avr8-gnu-toolchain/bin/../lib/gcc/avr/5.4.0/../../../../avr/lib/avr6\libc.a(sprintf.o)
                0x00007156                sprintf
 .text.avr-libc
                0x000071b2        0xe c:/program files (x86)/atmel/studio/7.0/toolchain/avr8/avr8-gnu-toolchain/bin/../lib/gcc/avr/5.4.0/../../../../avr/lib/avr6\libc.a(vprintf.o)
                0x000071b2                vprintf
 .text.avr-libc
                0x000071c0       0xbc c:/program files (x86)/atmel/studio/7.0/toolchain/avr8/avr8-gnu-toolchain/bin/../lib/gcc/avr/5.4.0/../../../../avr/lib/avr6\libc.a(ultoa_invert.o)
                0x000071c0                __ultoa_invert
                0x0000727c                . = ALIGN (0x2)
 *(.fini9)
 .fini9         0x0000727c        0x0 c:/program files (x86)/atmel/studio/7.0/toolchain/avr8/avr8-gnu-toolchain/bin/../lib/gcc/avr/5.4.0/avr6\libgcc.a(_exit.o)
                0x0000727c                _exit
                0x0000727c                exit
 *(.fini9)
 *(.fini8)
 *(.fini8)
 *(.fini7)
 *(.fini7)
 *(.fini6)
 *(.fini6)
 *(.fini5)
 *(.fini5)
 *(.fini4)
 *(.fini4)
 *(.fini3)
 *(.fini3)
 *(.fini2)
 *(.fini2)
 *(.fini1)
 *(.fini1)
 *(.fini0)
 .fini0         0x0000727c        0x4 c:/program files (x86)/atmel/studio/7.0/toolchain/avr8/avr8-gnu-toolchain/bin/../lib/gcc/avr/5.4.0/avr6\libgcc.a(_exit.o)
 *(.fini0)
                0x00007280                _etext = .

.data           0x00800200      0x5b0 load address 0x00007280
                0x00800200                PROVIDE (__data_start, .)
 *(.data)
 .data          0x00800200        0x6 c:/program files (x86)/atmel/studio/7.0/toolchain/avr8/avr8-gnu-toolchain/bin/../lib/gcc/avr/5.4.0/../../../../avr/lib/avr6\libc.a(malloc.o)
                0x00800200                __malloc_heap_end
                0x00800202                __malloc_heap_start
                0x00800204                __malloc_margin
 *(.data*)
 .data.uxTopUsedPriority
                0x00800206        0x1 FreeRTOS/src/tasks.o
                0x00800206                uxTopUsedPriority
 .data._temp    0x00800207        0x2 ../drivers\libIotLibrary.a(hih8120.o)
 .data._hum     0x00800209        0x2 ../drivers\libIotLibrary.a(hih8120.o)
 .data._com_port_2_udr
                0x0080020b        0x8 ../drivers\libIotLibrary.a(serial.o)
                0x0080020b                _com_port_2_udr
 .data.mystdout.1882
                0x00800213        0xe ../drivers\libIotLibrary.a(stdio_driver.o)
 .data._twiCurrentState
                0x00800221        0x1 ../drivers\libIotLibrary.a(twi.o)
 *(.gnu.linkonce.d*)
 *(.rodata)
 .rodata        0x00800222       0x20 ../drivers\libIotLibrary.a(lora_driver.o)
 .rodata        0x00800242       0x2d ../drivers\libIotLibrary.a(mh_z19.o)
 *(.rodata*)
 .rodata.str1.1
                0x0080026f       0x1f CO2Handler.o
 .rodata.str1.1
                0x0080028e       0x67 DownlinkHandler.o
 .rodata.str1.1
                0x008002f5       0x55 LightHandler.o
 .rodata.str1.1
                0x0080034a       0x21 SharedSensorData.o
 .rodata.str1.1
                0x0080036b       0x58 TemperatureHandler.o
 .rodata.str1.1
                0x008003c3      0x105 UplinkHandler.o
 .rodata.str1.1
                0x008004c8        0x5 FreeRTOS/src/tasks.o
 .rodata.str1.1
                0x008004cd        0x8 FreeRTOS/src/timers.o
 .rodata.str1.1
                0x008004d5        0xf main.o
 .rodata.str1.1
                0x008004e4      0x295 ../drivers\libIotLibrary.a(lora_driver.o)
                                0x2a5 (size before relaxing)
 .rodata._joinMode
                0x00800779        0x4 ../drivers\libIotLibrary.a(lora_driver.o)
 .rodata._returnCode
                0x0080077d       0x33 ../drivers\libIotLibrary.a(lora_driver.o)
                0x0080077d                _returnCode
 *(.gnu.linkonce.r*)
                0x008007b0                . = ALIGN (0x2)
                0x008007b0                _edata = .
                0x008007b0                PROVIDE (__data_end, .)

.bss            0x008007b0      0xe23
                0x008007b0                PROVIDE (__bss_start, .)
 *(.bss)
 *(.bss*)
 .bss.downlinkPayload
                0x008007b0       0x16 DownlinkHandler.o
 .bss.lux_val   0x008007c6        0x2 LightHandler.o
                0x008007c6                lux_val
 .bss._uplink_payload
                0x008007c8       0x16 UplinkHandler.o
 .bss.xBlockAllocatedBit
                0x008007de        0x2 FreeRTOS/src/heap_4.o
 .bss.xNumberOfSuccessfulFrees
                0x008007e0        0x2 FreeRTOS/src/heap_4.o
 .bss.xNumberOfSuccessfulAllocations
                0x008007e2        0x2 FreeRTOS/src/heap_4.o
 .bss.xMinimumEverFreeBytesRemaining
                0x008007e4        0x2 FreeRTOS/src/heap_4.o
 .bss.xFreeBytesRemaining
                0x008007e6        0x2 FreeRTOS/src/heap_4.o
 .bss.pxEnd     0x008007e8        0x2 FreeRTOS/src/heap_4.o
 .bss.xStart    0x008007ea        0x4 FreeRTOS/src/heap_4.o
 .bss.ucHeap    0x008007ee      0xbb8 FreeRTOS/src/heap_4.o
 .bss.uxSchedulerSuspended
                0x008013a6        0x1 FreeRTOS/src/tasks.o
 .bss.xIdleTaskHandle
                0x008013a7        0x2 FreeRTOS/src/tasks.o
 .bss.xNextTaskUnblockTime
                0x008013a9        0x4 FreeRTOS/src/tasks.o
 .bss.uxTaskNumber
                0x008013ad        0x1 FreeRTOS/src/tasks.o
 .bss.xNumOfOverflows
                0x008013ae        0x1 FreeRTOS/src/tasks.o
 .bss.xYieldPending
                0x008013af        0x1 FreeRTOS/src/tasks.o
 .bss.xPendedTicks
                0x008013b0        0x4 FreeRTOS/src/tasks.o
 .bss.xSchedulerRunning
                0x008013b4        0x1 FreeRTOS/src/tasks.o
 .bss.uxTopReadyPriority
                0x008013b5        0x1 FreeRTOS/src/tasks.o
 .bss.xTickCount
                0x008013b6        0x4 FreeRTOS/src/tasks.o
 .bss.uxCurrentNumberOfTasks
                0x008013ba        0x1 FreeRTOS/src/tasks.o
 .bss.xSuspendedTaskList
                0x008013bb        0xb FreeRTOS/src/tasks.o
 .bss.uxDeletedTasksWaitingCleanUp
                0x008013c6        0x1 FreeRTOS/src/tasks.o
 .bss.xTasksWaitingTermination
                0x008013c7        0xb FreeRTOS/src/tasks.o
 .bss.xPendingReadyList
                0x008013d2        0xb FreeRTOS/src/tasks.o
 .bss.pxOverflowDelayedTaskList
                0x008013dd        0x2 FreeRTOS/src/tasks.o
 .bss.pxDelayedTaskList
                0x008013df        0x2 FreeRTOS/src/tasks.o
 .bss.xDelayedTaskList2
                0x008013e1        0xb FreeRTOS/src/tasks.o
 .bss.xDelayedTaskList1
                0x008013ec        0xb FreeRTOS/src/tasks.o
 .bss.pxReadyTasksLists
                0x008013f7       0x6e FreeRTOS/src/tasks.o
 .bss.pxCurrentTCB
                0x00801465        0x2 FreeRTOS/src/tasks.o
                0x00801465                pxCurrentTCB
 .bss.xLastTime.2436
                0x00801467        0x4 FreeRTOS/src/timers.o
 .bss.xTimerTaskHandle
                0x0080146b        0x2 FreeRTOS/src/timers.o
 .bss.xTimerQueue
                0x0080146d        0x2 FreeRTOS/src/timers.o
 .bss.pxOverflowTimerList
                0x0080146f        0x2 FreeRTOS/src/timers.o
 .bss.pxCurrentTimerList
                0x00801471        0x2 FreeRTOS/src/timers.o
 .bss.xActiveTimerList2
                0x00801473        0xb FreeRTOS/src/timers.o
 .bss.xActiveTimerList1
                0x0080147e        0xb FreeRTOS/src/timers.o
 .bss.downLinkMessageBufferHandle
                0x00801489        0x2 main.o
                0x00801489                downLinkMessageBufferHandle
 .bss.taskReadyBits
                0x0080148b        0x2 main.o
                0x0080148b                taskReadyBits
 .bss._measuringIsReady
                0x0080148d        0x1 ../drivers\libIotLibrary.a(hih8120.o)
 .bss._hih8120Handler
                0x0080148e        0x2 ../drivers\libIotLibrary.a(hih8120.o)
 .bss._tmp_buf.2871
                0x00801490       0x37 ../drivers\libIotLibrary.a(lora_driver.o)
 .bss.rec_buf_inp.2878
                0x008014c7        0x1 ../drivers\libIotLibrary.a(lora_driver.o)
 .bss._downlinkMessageBuffer
                0x008014c8        0x2 ../drivers\libIotLibrary.a(lora_driver.o)
 .bss._serialReplyBufferHandle
                0x008014ca        0x2 ../drivers\libIotLibrary.a(lora_driver.o)
 .bss._rn2483_serial
                0x008014cc        0x2 ../drivers\libIotLibrary.a(lora_driver.o)
 .bss._downlinkPayload
                0x008014ce       0x16 ../drivers\libIotLibrary.a(lora_driver.o)
 .bss._payLoadHexBytes
                0x008014e4       0x15 ../drivers\libIotLibrary.a(lora_driver.o)
 .bss._recMessageBuf
                0x008014f9       0x2d ../drivers\libIotLibrary.a(lora_driver.o)
 .bss._sendMessage
                0x00801526       0x2d ../drivers\libIotLibrary.a(lora_driver.o)
 .bss._replyMess
                0x00801553       0x2d ../drivers\libIotLibrary.a(lora_driver.o)
 .bss.data.1944
                0x00801580        0x2 ../drivers\libIotLibrary.a(mh_z19.o)
 .bss.inDex.1943
                0x00801582        0x1 ../drivers\libIotLibrary.a(mh_z19.o)
 .bss.crc_sum.1945
                0x00801583        0x1 ../drivers\libIotLibrary.a(mh_z19.o)
 .bss._appCallBack
                0x00801584        0x2 ../drivers\libIotLibrary.a(mh_z19.o)
 .bss._mh_state
                0x00801586        0x1 ../drivers\libIotLibrary.a(mh_z19.o)
                0x00801586                _mh_state
 .bss._ppm      0x00801587        0x2 ../drivers\libIotLibrary.a(mh_z19.o)
 .bss._serial   0x00801589        0x2 ../drivers\libIotLibrary.a(mh_z19.o)
 .bss._ser_handle
                0x0080158b        0x8 ../drivers\libIotLibrary.a(serial.o)
 .bss._com_serial_instance
                0x00801593        0x2 ../drivers\libIotLibrary.a(stdio_driver.o)
 .bss._infraredRaw
                0x00801595        0x2 ../drivers\libIotLibrary.a(tsl2591.o)
 .bss._fullSpectrumRaw
                0x00801597        0x2 ../drivers\libIotLibrary.a(tsl2591.o)
 .bss._deviceId
                0x00801599        0x1 ../drivers\libIotLibrary.a(tsl2591.o)
 .bss._currentIntegrationTime
                0x0080159a        0x1 ../drivers\libIotLibrary.a(tsl2591.o)
 .bss._currentGain
                0x0080159b        0x1 ../drivers\libIotLibrary.a(tsl2591.o)
 .bss._nextState
                0x0080159c        0x1 ../drivers\libIotLibrary.a(tsl2591.o)
 .bss._callBackFunction
                0x0080159d        0x2 ../drivers\libIotLibrary.a(tsl2591.o)
 .bss._twiHandler
                0x0080159f        0x2 ../drivers\libIotLibrary.a(tsl2591.o)
 .bss._index.1885
                0x008015a1        0x1 ../drivers\libIotLibrary.a(twi.o)
 .bss._twiCurrentHandler
                0x008015a2        0x2 ../drivers\libIotLibrary.a(twi.o)
 .bss._twiMessageLen
                0x008015a4        0x1 ../drivers\libIotLibrary.a(twi.o)
 .bss._twiMessageBuffer
                0x008015a5        0xa ../drivers\libIotLibrary.a(twi.o)
 .bss._twiIsInitiated
                0x008015af        0x1 ../drivers\libIotLibrary.a(twi.o)
 *(COMMON)
 COMMON         0x008015b0        0x9 CO2Handler.o
                0x008015b0                rc
                0x008015b1                ppm
                0x008015b3                ready_bit
                0x008015b7                group_start
 COMMON         0x008015b9        0x2 SharedPrintf.o
                0x008015b9                xMutexPrint
 COMMON         0x008015bb        0x8 SharedSensorData.o
                0x008015bb                tempHum
                0x008015bd                co2
                0x008015bf                light
                0x008015c1                xMutexSemaphore
 COMMON         0x008015c3        0x6 main.o
                0x008015c3                temperature_sensor
                0x008015c5                lighthandler
                0x008015c7                co2_sensor
 COMMON         0x008015c9        0x4 c:/program files (x86)/atmel/studio/7.0/toolchain/avr8/avr8-gnu-toolchain/bin/../lib/gcc/avr/5.4.0/../../../../avr/lib/avr6\libc.a(malloc.o)
                0x008015c9                __brkval
                0x008015cb                __flp
 COMMON         0x008015cd        0x6 c:/program files (x86)/atmel/studio/7.0/toolchain/avr8/avr8-gnu-toolchain/bin/../lib/gcc/avr/5.4.0/../../../../avr/lib/avr6\libc.a(iob.o)
                0x008015cd                __iob
                0x008015d3                PROVIDE (__bss_end, .)
                0x00007280                __data_load_start = LOADADDR (.data)
                0x00007830                __data_load_end = (__data_load_start + SIZEOF (.data))

.noinit         0x008015d3        0x0
                [!provide]                PROVIDE (__noinit_start, .)
 *(.noinit*)
                [!provide]                PROVIDE (__noinit_end, .)
                0x008015d3                _end = .
                0x008015d3                PROVIDE (__heap_start, .)

.eeprom         0x00810000        0x0
 *(.eeprom*)
                0x00810000                __eeprom_end = .

.fuse
 *(.fuse)
 *(.lfuse)
 *(.hfuse)
 *(.efuse)

.lock
 *(.lock*)

.signature
 *(.signature*)

.user_signatures
 *(.user_signatures*)

.stab
 *(.stab)

.stabstr
 *(.stabstr)

.stab.excl
 *(.stab.excl)

.stab.exclstr
 *(.stab.exclstr)

.stab.index
 *(.stab.index)

.stab.indexstr
 *(.stab.indexstr)

.comment        0x00000000       0x5c
 *(.comment)
 .comment       0x00000000       0x30 CO2Handler.o
                                 0x31 (size before relaxing)
 .comment       0x00000030       0x31 DownlinkHandler.o
 .comment       0x00000030       0x31 LightHandler.o
 .comment       0x00000030       0x31 SharedPrintf.o
 .comment       0x00000030       0x31 SharedSensorData.o
 .comment       0x00000030       0x31 TemperatureHandler.o
 .comment       0x00000030       0x31 UplinkHandler.o
 .comment       0x00000030       0x31 FreeRTOS/src/event_groups.o
 .comment       0x00000030       0x31 FreeRTOS/src/heap_4.o
 .comment       0x00000030       0x31 FreeRTOS/src/list.o
 .comment       0x00000030       0x31 FreeRTOS/src/port.o
 .comment       0x00000030       0x31 FreeRTOS/src/queue.o
 .comment       0x00000030       0x31 FreeRTOS/src/stream_buffer.o
 .comment       0x00000030       0x31 FreeRTOS/src/tasks.o
 .comment       0x00000030       0x31 FreeRTOS/src/timers.o
 .comment       0x00000030       0x31 FreeRTOS/src/variantHooks.o
 .comment       0x00000030       0x31 main.o
 .comment       0x00000030       0x31 ../drivers\libIotLibrary.a(hih8120.o)
 .comment       0x00000030       0x31 ../drivers\libIotLibrary.a(lora_driver.o)
 .comment       0x00000030       0x31 ../drivers\libIotLibrary.a(lora_driver_utils.o)
 .comment       0x00000030       0x31 ../drivers\libIotLibrary.a(mh_z19.o)
 .comment       0x00000030       0x31 ../drivers\libIotLibrary.a(rc_servo.o)
 .comment       0x00000030       0x31 ../drivers\libIotLibrary.a(serial.o)
 .comment       0x00000030       0x31 ../drivers\libIotLibrary.a(stdio_driver.o)
 .comment       0x00000030       0x31 ../drivers\libIotLibrary.a(tsl2591.o)
 .comment       0x00000030       0x31 ../drivers\libIotLibrary.a(twi.o)
 .comment       0x00000030       0x31 ../drivers\libIotLibrary.a(fifo.o)
 .comment       0x00000030       0x2c c:/program files (x86)/atmel/studio/7.0/toolchain/avr8/avr8-gnu-toolchain/bin/../lib/gcc/avr/5.4.0/../../../../avr/lib/avr6\libprintf_flt.a(vfprintf_flt.o)
                                 0x2d (size before relaxing)
 .comment       0x0000005c       0x31 c:/program files (x86)/atmel/studio/7.0/toolchain/avr8/avr8-gnu-toolchain/bin/../lib/gcc/avr/5.4.0/../../../../avr/lib/avr6\libc.a(calloc.o)
 .comment       0x0000005c       0x31 c:/program files (x86)/atmel/studio/7.0/toolchain/avr8/avr8-gnu-toolchain/bin/../lib/gcc/avr/5.4.0/../../../../avr/lib/avr6\libc.a(malloc.o)
 .comment       0x0000005c       0x31 c:/program files (x86)/atmel/studio/7.0/toolchain/avr8/avr8-gnu-toolchain/bin/../lib/gcc/avr/5.4.0/../../../../avr/lib/avr6\libc.a(fputc.o)
 .comment       0x0000005c       0x31 c:/program files (x86)/atmel/studio/7.0/toolchain/avr8/avr8-gnu-toolchain/bin/../lib/gcc/avr/5.4.0/../../../../avr/lib/avr6\libc.a(iob.o)
 .comment       0x0000005c       0x31 c:/program files (x86)/atmel/studio/7.0/toolchain/avr8/avr8-gnu-toolchain/bin/../lib/gcc/avr/5.4.0/../../../../avr/lib/avr6\libc.a(putchar.o)
 .comment       0x0000005c       0x31 c:/program files (x86)/atmel/studio/7.0/toolchain/avr8/avr8-gnu-toolchain/bin/../lib/gcc/avr/5.4.0/../../../../avr/lib/avr6\libc.a(sprintf.o)
 .comment       0x0000005c       0x31 c:/program files (x86)/atmel/studio/7.0/toolchain/avr8/avr8-gnu-toolchain/bin/../lib/gcc/avr/5.4.0/../../../../avr/lib/avr6\libc.a(vprintf.o)

.note.gnu.avr.deviceinfo
                0x00000000       0x40
 .note.gnu.avr.deviceinfo
                0x00000000       0x40 C:/Program Files (x86)/Atmel/Studio/7.0/Packs/atmel/ATmega_DFP/1.6.364/gcc/dev/atmega2560/avr6/crtatmega2560.o

.note.gnu.build-id
 *(.note.gnu.build-id)

.debug
 *(.debug)

.line
 *(.line)

.debug_srcinfo
 *(.debug_srcinfo)

.debug_sfnames
 *(.debug_sfnames)

.debug_aranges  0x00000000      0xc10
 *(.debug_aranges)
 .debug_aranges
                0x00000000       0x48 CO2Handler.o
 .debug_aranges
                0x00000048       0x30 DownlinkHandler.o
 .debug_aranges
                0x00000078       0x50 LightHandler.o
 .debug_aranges
                0x000000c8       0x28 SharedPrintf.o
 .debug_aranges
                0x000000f0       0x58 SharedSensorData.o
 .debug_aranges
                0x00000148       0x50 TemperatureHandler.o
 .debug_aranges
                0x00000198       0x30 UplinkHandler.o
 .debug_aranges
                0x000001c8       0x68 FreeRTOS/src/event_groups.o
 .debug_aranges
                0x00000230       0x58 FreeRTOS/src/heap_4.o
 .debug_aranges
                0x00000288       0x40 FreeRTOS/src/list.o
 .debug_aranges
                0x000002c8       0x58 FreeRTOS/src/port.o
 .debug_aranges
                0x00000320       0xf8 FreeRTOS/src/queue.o
 .debug_aranges
                0x00000418       0xc0 FreeRTOS/src/stream_buffer.o
 .debug_aranges
                0x000004d8      0x1d0 FreeRTOS/src/tasks.o
 .debug_aranges
                0x000006a8       0xc8 FreeRTOS/src/timers.o
 .debug_aranges
                0x00000770       0x40 FreeRTOS/src/variantHooks.o
 .debug_aranges
                0x000007b0       0x38 main.o
 .debug_aranges
                0x000007e8       0x68 ../drivers\libIotLibrary.a(hih8120.o)
 .debug_aranges
                0x00000850      0x138 ../drivers\libIotLibrary.a(lora_driver.o)
 .debug_aranges
                0x00000988       0x28 ../drivers\libIotLibrary.a(lora_driver_utils.o)
 .debug_aranges
                0x000009b0       0x58 ../drivers\libIotLibrary.a(mh_z19.o)
 .debug_aranges
                0x00000a08       0x28 ../drivers\libIotLibrary.a(rc_servo.o)
 .debug_aranges
                0x00000a30       0x90 ../drivers\libIotLibrary.a(serial.o)
 .debug_aranges
                0x00000ac0       0x38 ../drivers\libIotLibrary.a(stdio_driver.o)
 .debug_aranges
                0x00000af8       0xa8 ../drivers\libIotLibrary.a(tsl2591.o)
 .debug_aranges
                0x00000ba0       0x50 ../drivers\libIotLibrary.a(twi.o)
 .debug_aranges
                0x00000bf0       0x20 ../drivers\libIotLibrary.a(fifo.o)

.debug_pubnames
 *(.debug_pubnames)

.debug_info     0x00000000     0xeb92
 *(.debug_info .gnu.linkonce.wi.*)
 .debug_info    0x00000000      0xbbc C:/Program Files (x86)/Atmel/Studio/7.0/Packs/atmel/ATmega_DFP/1.6.364/gcc/dev/atmega2560/avr6/crtatmega2560.o
 .debug_info    0x00000bbc      0x4e3 CO2Handler.o
 .debug_info    0x0000109f      0x2d6 DownlinkHandler.o
 .debug_info    0x00001375      0x578 LightHandler.o
 .debug_info    0x000018ed      0x230 SharedPrintf.o
 .debug_info    0x00001b1d      0x5f3 SharedSensorData.o
 .debug_info    0x00002110      0x55c TemperatureHandler.o
 .debug_info    0x0000266c      0x782 UplinkHandler.o
 .debug_info    0x00002dee      0x971 FreeRTOS/src/event_groups.o
 .debug_info    0x0000375f      0x4e6 FreeRTOS/src/heap_4.o
 .debug_info    0x00003c45      0x2e7 FreeRTOS/src/list.o
 .debug_info    0x00003f2c      0x2ff FreeRTOS/src/port.o
 .debug_info    0x0000422b     0x17e6 FreeRTOS/src/queue.o
 .debug_info    0x00005a11     0x13df FreeRTOS/src/stream_buffer.o
 .debug_info    0x00006df0     0x2239 FreeRTOS/src/tasks.o
 .debug_info    0x00009029     0x10dd FreeRTOS/src/timers.o
 .debug_info    0x0000a106      0x20f FreeRTOS/src/variantHooks.o
 .debug_info    0x0000a315      0x3da main.o
 .debug_info    0x0000a6ef      0x3a9 ../drivers\libIotLibrary.a(hih8120.o)
 .debug_info    0x0000aa98     0x1747 ../drivers\libIotLibrary.a(lora_driver.o)
 .debug_info    0x0000c1df      0x143 ../drivers\libIotLibrary.a(lora_driver_utils.o)
 .debug_info    0x0000c322      0x556 ../drivers\libIotLibrary.a(mh_z19.o)
 .debug_info    0x0000c878      0x10f ../drivers\libIotLibrary.a(rc_servo.o)
 .debug_info    0x0000c987      0xd9b ../drivers\libIotLibrary.a(serial.o)
 .debug_info    0x0000d722      0x3b6 ../drivers\libIotLibrary.a(stdio_driver.o)
 .debug_info    0x0000dad8      0x99a ../drivers\libIotLibrary.a(tsl2591.o)
 .debug_info    0x0000e472      0x55d ../drivers\libIotLibrary.a(twi.o)
 .debug_info    0x0000e9cf      0x1c3 ../drivers\libIotLibrary.a(fifo.o)

.debug_abbrev   0x00000000     0x3b38
 *(.debug_abbrev)
 .debug_abbrev  0x00000000      0xb1a C:/Program Files (x86)/Atmel/Studio/7.0/Packs/atmel/ATmega_DFP/1.6.364/gcc/dev/atmega2560/avr6/crtatmega2560.o
 .debug_abbrev  0x00000b1a      0x1f2 CO2Handler.o
 .debug_abbrev  0x00000d0c      0x139 DownlinkHandler.o
 .debug_abbrev  0x00000e45      0x1f0 LightHandler.o
 .debug_abbrev  0x00001035      0x105 SharedPrintf.o
 .debug_abbrev  0x0000113a      0x12a SharedSensorData.o
 .debug_abbrev  0x00001264      0x1fd TemperatureHandler.o
 .debug_abbrev  0x00001461      0x1cc UplinkHandler.o
 .debug_abbrev  0x0000162d      0x1dc FreeRTOS/src/event_groups.o
 .debug_abbrev  0x00001809      0x200 FreeRTOS/src/heap_4.o
 .debug_abbrev  0x00001a09       0xff FreeRTOS/src/list.o
 .debug_abbrev  0x00001b08      0x179 FreeRTOS/src/port.o
 .debug_abbrev  0x00001c81      0x241 FreeRTOS/src/queue.o
 .debug_abbrev  0x00001ec2      0x246 FreeRTOS/src/stream_buffer.o
 .debug_abbrev  0x00002108      0x2c8 FreeRTOS/src/tasks.o
 .debug_abbrev  0x000023d0      0x28c FreeRTOS/src/timers.o
 .debug_abbrev  0x0000265c       0xff FreeRTOS/src/variantHooks.o
 .debug_abbrev  0x0000275b      0x11f main.o
 .debug_abbrev  0x0000287a      0x184 ../drivers\libIotLibrary.a(hih8120.o)
 .debug_abbrev  0x000029fe      0x33b ../drivers\libIotLibrary.a(lora_driver.o)
 .debug_abbrev  0x00002d39       0xc0 ../drivers\libIotLibrary.a(lora_driver_utils.o)
 .debug_abbrev  0x00002df9      0x238 ../drivers\libIotLibrary.a(mh_z19.o)
 .debug_abbrev  0x00003031       0xbc ../drivers\libIotLibrary.a(rc_servo.o)
 .debug_abbrev  0x000030ed      0x355 ../drivers\libIotLibrary.a(serial.o)
 .debug_abbrev  0x00003442      0x1b3 ../drivers\libIotLibrary.a(stdio_driver.o)
 .debug_abbrev  0x000035f5      0x244 ../drivers\libIotLibrary.a(tsl2591.o)
 .debug_abbrev  0x00003839      0x217 ../drivers\libIotLibrary.a(twi.o)
 .debug_abbrev  0x00003a50       0xe8 ../drivers\libIotLibrary.a(fifo.o)

.debug_line     0x00000000     0x74af
 *(.debug_line .debug_line.* .debug_line_end)
 .debug_line    0x00000000      0x1fa C:/Program Files (x86)/Atmel/Studio/7.0/Packs/atmel/ATmega_DFP/1.6.364/gcc/dev/atmega2560/avr6/crtatmega2560.o
 .debug_line    0x000001fa      0x22d CO2Handler.o
 .debug_line    0x00000427      0x19e DownlinkHandler.o
 .debug_line    0x000005c5      0x269 LightHandler.o
 .debug_line    0x0000082e      0x19c SharedPrintf.o
 .debug_line    0x000009ca      0x2c4 SharedSensorData.o
 .debug_line    0x00000c8e      0x278 TemperatureHandler.o
 .debug_line    0x00000f06      0x2ce UplinkHandler.o
 .debug_line    0x000011d4      0x413 FreeRTOS/src/event_groups.o
 .debug_line    0x000015e7      0x41f FreeRTOS/src/heap_4.o
 .debug_line    0x00001a06      0x1db FreeRTOS/src/list.o
 .debug_line    0x00001be1      0x28a FreeRTOS/src/port.o
 .debug_line    0x00001e6b      0xbe3 FreeRTOS/src/queue.o
 .debug_line    0x00002a4e      0x79a FreeRTOS/src/stream_buffer.o
 .debug_line    0x000031e8     0x15ba FreeRTOS/src/tasks.o
 .debug_line    0x000047a2      0x624 FreeRTOS/src/timers.o
 .debug_line    0x00004dc6      0x1af FreeRTOS/src/variantHooks.o
 .debug_line    0x00004f75      0x2dc main.o
 .debug_line    0x00005251      0x24a ../drivers\libIotLibrary.a(hih8120.o)
 .debug_line    0x0000549b      0x9aa ../drivers\libIotLibrary.a(lora_driver.o)
 .debug_line    0x00005e45      0x195 ../drivers\libIotLibrary.a(lora_driver_utils.o)
 .debug_line    0x00005fda      0x2fc ../drivers\libIotLibrary.a(mh_z19.o)
 .debug_line    0x000062d6       0xfd ../drivers\libIotLibrary.a(rc_servo.o)
 .debug_line    0x000063d3      0x6a0 ../drivers\libIotLibrary.a(serial.o)
 .debug_line    0x00006a73      0x146 ../drivers\libIotLibrary.a(stdio_driver.o)
 .debug_line    0x00006bb9      0x4bf ../drivers\libIotLibrary.a(tsl2591.o)
 .debug_line    0x00007078      0x31c ../drivers\libIotLibrary.a(twi.o)
 .debug_line    0x00007394      0x11b ../drivers\libIotLibrary.a(fifo.o)

.debug_frame    0x00000000     0x2b48
 *(.debug_frame)
 .debug_frame   0x00000000       0xdc CO2Handler.o
 .debug_frame   0x000000dc       0x90 DownlinkHandler.o
 .debug_frame   0x0000016c      0x120 LightHandler.o
 .debug_frame   0x0000028c       0x48 SharedPrintf.o
 .debug_frame   0x000002d4      0x150 SharedSensorData.o
 .debug_frame   0x00000424       0xf8 TemperatureHandler.o
 .debug_frame   0x0000051c       0x80 UplinkHandler.o
 .debug_frame   0x0000059c      0x1dc FreeRTOS/src/event_groups.o
 .debug_frame   0x00000778       0xfc FreeRTOS/src/heap_4.o
 .debug_frame   0x00000874       0x90 FreeRTOS/src/list.o
 .debug_frame   0x00000904       0x94 FreeRTOS/src/port.o
 .debug_frame   0x00000998      0x3a4 FreeRTOS/src/queue.o
 .debug_frame   0x00000d3c      0x40c FreeRTOS/src/stream_buffer.o
 .debug_frame   0x00001148      0x7a0 FreeRTOS/src/tasks.o
 .debug_frame   0x000018e8      0x3ac FreeRTOS/src/timers.o
 .debug_frame   0x00001c94       0x64 FreeRTOS/src/variantHooks.o
 .debug_frame   0x00001cf8       0x60 main.o
 .debug_frame   0x00001d58       0xc0 ../drivers\libIotLibrary.a(hih8120.o)
 .debug_frame   0x00001e18      0x460 ../drivers\libIotLibrary.a(lora_driver.o)
 .debug_frame   0x00002278       0x48 ../drivers\libIotLibrary.a(lora_driver_utils.o)
 .debug_frame   0x000022c0      0x100 ../drivers\libIotLibrary.a(mh_z19.o)
 .debug_frame   0x000023c0       0x34 ../drivers\libIotLibrary.a(rc_servo.o)
 .debug_frame   0x000023f4      0x384 ../drivers\libIotLibrary.a(serial.o)
 .debug_frame   0x00002778       0x94 ../drivers\libIotLibrary.a(stdio_driver.o)
 .debug_frame   0x0000280c      0x1ec ../drivers\libIotLibrary.a(tsl2591.o)
 .debug_frame   0x000029f8      0x12c ../drivers\libIotLibrary.a(twi.o)
 .debug_frame   0x00002b24       0x24 ../drivers\libIotLibrary.a(fifo.o)

.debug_str      0x00000000     0x4a85
 *(.debug_str)
 .debug_str     0x00000000      0x3e6 C:/Program Files (x86)/Atmel/Studio/7.0/Packs/atmel/ATmega_DFP/1.6.364/gcc/dev/atmega2560/avr6/crtatmega2560.o
 .debug_str     0x000003e6      0x390 CO2Handler.o
                                0x3ed (size before relaxing)
 .debug_str     0x00000776      0x139 DownlinkHandler.o
                                0x2ee (size before relaxing)
 .debug_str     0x000008af      0x1e4 LightHandler.o
                                0x45f (size before relaxing)
 .debug_str     0x00000a93       0xda SharedPrintf.o
                                0x28e (size before relaxing)
 .debug_str     0x00000b6d       0xf8 SharedSensorData.o
                                0x39b (size before relaxing)
 .debug_str     0x00000c65      0x14e TemperatureHandler.o
                                0x43c (size before relaxing)
 .debug_str     0x00000db3      0x3dd UplinkHandler.o
                                0x6b4 (size before relaxing)
 .debug_str     0x00001190      0x364 FreeRTOS/src/event_groups.o
                                0x59d (size before relaxing)
 .debug_str     0x000014f4      0x2ce FreeRTOS/src/heap_4.o
                                0x493 (size before relaxing)
 .debug_str     0x000017c2       0x89 FreeRTOS/src/list.o
                                0x2cf (size before relaxing)
 .debug_str     0x0000184b      0x147 FreeRTOS/src/port.o
                                0x304 (size before relaxing)
 .debug_str     0x00001992      0x5f6 FreeRTOS/src/queue.o
                                0x943 (size before relaxing)
 .debug_str     0x00001f88      0x4b1 FreeRTOS/src/stream_buffer.o
                                0x7cc (size before relaxing)
 .debug_str     0x00002439      0x88f FreeRTOS/src/tasks.o
                                0xf64 (size before relaxing)
 .debug_str     0x00002cc8      0x414 FreeRTOS/src/timers.o
                                0x83a (size before relaxing)
 .debug_str     0x000030dc       0x7a FreeRTOS/src/variantHooks.o
                                0x27b (size before relaxing)
 .debug_str     0x00003156       0xe5 main.o
                                0x3f6 (size before relaxing)
 .debug_str     0x0000323b      0x2e6 ../drivers\libIotLibrary.a(hih8120.o)
                                0x45c (size before relaxing)
 .debug_str     0x00003521      0x68f ../drivers\libIotLibrary.a(lora_driver.o)
                                0xcdb (size before relaxing)
 .debug_str     0x00003bb0       0x47 ../drivers\libIotLibrary.a(lora_driver_utils.o)
                                0x206 (size before relaxing)
 .debug_str     0x00003bf7      0x117 ../drivers\libIotLibrary.a(mh_z19.o)
                                0x489 (size before relaxing)
 .debug_str     0x00003d0e       0x3c ../drivers\libIotLibrary.a(rc_servo.o)
                                0x1e2 (size before relaxing)
 .debug_str     0x00003d4a      0x2e0 ../drivers\libIotLibrary.a(serial.o)
                                0x628 (size before relaxing)
 .debug_str     0x0000402a       0xa6 ../drivers\libIotLibrary.a(stdio_driver.o)
                                0x37d (size before relaxing)
 .debug_str     0x000040d0      0x6b3 ../drivers\libIotLibrary.a(tsl2591.o)
                                0xaaf (size before relaxing)
 .debug_str     0x00004783      0x2e0 ../drivers\libIotLibrary.a(twi.o)
                                0x5b4 (size before relaxing)
 .debug_str     0x00004a63       0x22 ../drivers\libIotLibrary.a(fifo.o)
                                0x239 (size before relaxing)

.debug_loc      0x00000000     0xd6ba
 *(.debug_loc)
 .debug_loc     0x00000000      0x31a CO2Handler.o
 .debug_loc     0x0000031a      0x1d8 DownlinkHandler.o
 .debug_loc     0x000004f2      0x463 LightHandler.o
 .debug_loc     0x00000955       0x5d SharedPrintf.o
 .debug_loc     0x000009b2      0x47b SharedSensorData.o
 .debug_loc     0x00000e2d      0x3a7 TemperatureHandler.o
 .debug_loc     0x000011d4      0x212 UplinkHandler.o
 .debug_loc     0x000013e6      0xcc9 FreeRTOS/src/event_groups.o
 .debug_loc     0x000020af      0x4be FreeRTOS/src/heap_4.o
 .debug_loc     0x0000256d      0x17d FreeRTOS/src/list.o
 .debug_loc     0x000026ea       0xf6 FreeRTOS/src/port.o
 .debug_loc     0x000027e0     0x1abd FreeRTOS/src/queue.o
 .debug_loc     0x0000429d     0x1daf FreeRTOS/src/stream_buffer.o
 .debug_loc     0x0000604c     0x2a07 FreeRTOS/src/tasks.o
 .debug_loc     0x00008a53     0x10f3 FreeRTOS/src/timers.o
 .debug_loc     0x00009b46       0xdc FreeRTOS/src/variantHooks.o
 .debug_loc     0x00009c22       0x3c main.o
 .debug_loc     0x00009c5e       0x9f ../drivers\libIotLibrary.a(hih8120.o)
 .debug_loc     0x00009cfd     0x1216 ../drivers\libIotLibrary.a(lora_driver.o)
 .debug_loc     0x0000af13      0x1d2 ../drivers\libIotLibrary.a(lora_driver_utils.o)
 .debug_loc     0x0000b0e5      0x37c ../drivers\libIotLibrary.a(mh_z19.o)
 .debug_loc     0x0000b461       0x2f ../drivers\libIotLibrary.a(rc_servo.o)
 .debug_loc     0x0000b490     0x114c ../drivers\libIotLibrary.a(serial.o)
 .debug_loc     0x0000c5dc      0x18c ../drivers\libIotLibrary.a(stdio_driver.o)
 .debug_loc     0x0000c768      0x87f ../drivers\libIotLibrary.a(tsl2591.o)
 .debug_loc     0x0000cfe7      0x575 ../drivers\libIotLibrary.a(twi.o)
 .debug_loc     0x0000d55c      0x15e ../drivers\libIotLibrary.a(fifo.o)

.debug_macinfo
 *(.debug_macinfo)

.debug_weaknames
 *(.debug_weaknames)

.debug_funcnames
 *(.debug_funcnames)

.debug_typenames
 *(.debug_typenames)

.debug_varnames
 *(.debug_varnames)

.debug_pubtypes
 *(.debug_pubtypes)

.debug_ranges   0x00000000      0xb30
 *(.debug_ranges)
 .debug_ranges  0x00000000       0x38 CO2Handler.o
 .debug_ranges  0x00000038       0x20 DownlinkHandler.o
 .debug_ranges  0x00000058       0x40 LightHandler.o
 .debug_ranges  0x00000098       0x18 SharedPrintf.o
 .debug_ranges  0x000000b0       0x48 SharedSensorData.o
 .debug_ranges  0x000000f8       0x40 TemperatureHandler.o
 .debug_ranges  0x00000138       0x20 UplinkHandler.o
 .debug_ranges  0x00000158       0x70 FreeRTOS/src/event_groups.o
 .debug_ranges  0x000001c8       0x48 FreeRTOS/src/heap_4.o
 .debug_ranges  0x00000210       0x30 FreeRTOS/src/list.o
 .debug_ranges  0x00000240       0x48 FreeRTOS/src/port.o
 .debug_ranges  0x00000288      0x130 FreeRTOS/src/queue.o
 .debug_ranges  0x000003b8       0xb0 FreeRTOS/src/stream_buffer.o
 .debug_ranges  0x00000468      0x200 FreeRTOS/src/tasks.o
 .debug_ranges  0x00000668       0xb8 FreeRTOS/src/timers.o
 .debug_ranges  0x00000720       0x30 FreeRTOS/src/variantHooks.o
 .debug_ranges  0x00000750       0x28 main.o
 .debug_ranges  0x00000778       0x58 ../drivers\libIotLibrary.a(hih8120.o)
 .debug_ranges  0x000007d0      0x128 ../drivers\libIotLibrary.a(lora_driver.o)
 .debug_ranges  0x000008f8       0x30 ../drivers\libIotLibrary.a(lora_driver_utils.o)
 .debug_ranges  0x00000928       0x48 ../drivers\libIotLibrary.a(mh_z19.o)
 .debug_ranges  0x00000970       0x18 ../drivers\libIotLibrary.a(rc_servo.o)
 .debug_ranges  0x00000988       0x98 ../drivers\libIotLibrary.a(serial.o)
 .debug_ranges  0x00000a20       0x28 ../drivers\libIotLibrary.a(stdio_driver.o)
 .debug_ranges  0x00000a48       0x98 ../drivers\libIotLibrary.a(tsl2591.o)
 .debug_ranges  0x00000ae0       0x40 ../drivers\libIotLibrary.a(twi.o)
 .debug_ranges  0x00000b20       0x10 ../drivers\libIotLibrary.a(fifo.o)

.debug_macro
 *(.debug_macro)
OUTPUT(IoT.elf elf32-avr)
LOAD linker stubs
