Archive member included to satisfy reference by file (symbol)

c:/program files (x86)/atmel/studio/7.0/toolchain/avr8/avr8-gnu-toolchain/bin/../lib/gcc/avr/5.4.0/../../../../avr/lib/avr6\libm.a(addsf3.o)
                              TemperatureHandler.o (__addsf3)
c:/program files (x86)/atmel/studio/7.0/toolchain/avr8/avr8-gnu-toolchain/bin/../lib/gcc/avr/5.4.0/../../../../avr/lib/avr6\libm.a(addsf3x.o)
                              c:/program files (x86)/atmel/studio/7.0/toolchain/avr8/avr8-gnu-toolchain/bin/../lib/gcc/avr/5.4.0/../../../../avr/lib/avr6\libm.a(addsf3.o) (__addsf3x)
c:/program files (x86)/atmel/studio/7.0/toolchain/avr8/avr8-gnu-toolchain/bin/../lib/gcc/avr/5.4.0/../../../../avr/lib/avr6\libm.a(fp_inf.o)
                              c:/program files (x86)/atmel/studio/7.0/toolchain/avr8/avr8-gnu-toolchain/bin/../lib/gcc/avr/5.4.0/../../../../avr/lib/avr6\libm.a(addsf3x.o) (__fp_inf)
c:/program files (x86)/atmel/studio/7.0/toolchain/avr8/avr8-gnu-toolchain/bin/../lib/gcc/avr/5.4.0/../../../../avr/lib/avr6\libm.a(fp_nan.o)
                              c:/program files (x86)/atmel/studio/7.0/toolchain/avr8/avr8-gnu-toolchain/bin/../lib/gcc/avr/5.4.0/../../../../avr/lib/avr6\libm.a(addsf3x.o) (__fp_nan)
c:/program files (x86)/atmel/studio/7.0/toolchain/avr8/avr8-gnu-toolchain/bin/../lib/gcc/avr/5.4.0/../../../../avr/lib/avr6\libm.a(fp_pscA.o)
                              c:/program files (x86)/atmel/studio/7.0/toolchain/avr8/avr8-gnu-toolchain/bin/../lib/gcc/avr/5.4.0/../../../../avr/lib/avr6\libm.a(addsf3x.o) (__fp_pscA)
c:/program files (x86)/atmel/studio/7.0/toolchain/avr8/avr8-gnu-toolchain/bin/../lib/gcc/avr/5.4.0/../../../../avr/lib/avr6\libm.a(fp_pscB.o)
                              c:/program files (x86)/atmel/studio/7.0/toolchain/avr8/avr8-gnu-toolchain/bin/../lib/gcc/avr/5.4.0/../../../../avr/lib/avr6\libm.a(addsf3x.o) (__fp_pscB)
c:/program files (x86)/atmel/studio/7.0/toolchain/avr8/avr8-gnu-toolchain/bin/../lib/gcc/avr/5.4.0/../../../../avr/lib/avr6\libm.a(fp_round.o)
                              c:/program files (x86)/atmel/studio/7.0/toolchain/avr8/avr8-gnu-toolchain/bin/../lib/gcc/avr/5.4.0/../../../../avr/lib/avr6\libm.a(addsf3.o) (__fp_round)
c:/program files (x86)/atmel/studio/7.0/toolchain/avr8/avr8-gnu-toolchain/bin/../lib/gcc/avr/5.4.0/../../../../avr/lib/avr6\libm.a(fp_split3.o)
                              c:/program files (x86)/atmel/studio/7.0/toolchain/avr8/avr8-gnu-toolchain/bin/../lib/gcc/avr/5.4.0/../../../../avr/lib/avr6\libm.a(addsf3x.o) (__fp_split3)
c:/program files (x86)/atmel/studio/7.0/toolchain/avr8/avr8-gnu-toolchain/bin/../lib/gcc/avr/5.4.0/../../../../avr/lib/avr6\libm.a(fp_zero.o)
                              c:/program files (x86)/atmel/studio/7.0/toolchain/avr8/avr8-gnu-toolchain/bin/../lib/gcc/avr/5.4.0/../../../../avr/lib/avr6\libm.a(addsf3x.o) (__fp_zero)
../drivers\libIotLibrary.a(hih8120.o)
                              TemperatureHandler.o (hih8120_initialise)
../drivers\libIotLibrary.a(lora_driver.o)
                              LoRaWANHandler.o (lora_driver_flushBuffers)
../drivers\libIotLibrary.a(lora_driver_utils.o)
                              ../drivers\libIotLibrary.a(lora_driver.o) (decode_port_no)
../drivers\libIotLibrary.a(serial.o)
                              ../drivers\libIotLibrary.a(lora_driver.o) (serial_create)
../drivers\libIotLibrary.a(stdio_driver.o)
                              main.o (stdio_initialise)
../drivers\libIotLibrary.a(status_leds.o)
                              LoRaWANHandler.o (status_leds_slowBlink)
../drivers\libIotLibrary.a(twi.o)
                              ../drivers\libIotLibrary.a(hih8120.o) (twiCreate)
../drivers\libIotLibrary.a(fifo.o)
                              ../drivers\libIotLibrary.a(serial.o) (fifo_init)
c:/program files (x86)/atmel/studio/7.0/toolchain/avr8/avr8-gnu-toolchain/bin/../lib/gcc/avr/5.4.0/../../../../avr/lib/avr6\libprintf_flt.a(vfprintf_flt.o)
                              (vfprintf)
c:/program files (x86)/atmel/studio/7.0/toolchain/avr8/avr8-gnu-toolchain/bin/../lib/gcc/avr/5.4.0/../../../../avr/lib/avr6\libm.a(divsf3.o)
                              ../drivers\libIotLibrary.a(hih8120.o) (__divsf3)
c:/program files (x86)/atmel/studio/7.0/toolchain/avr8/avr8-gnu-toolchain/bin/../lib/gcc/avr/5.4.0/../../../../avr/lib/avr6\libm.a(divsf3x.o)
                              c:/program files (x86)/atmel/studio/7.0/toolchain/avr8/avr8-gnu-toolchain/bin/../lib/gcc/avr/5.4.0/../../../../avr/lib/avr6\libm.a(divsf3.o) (__divsf3x)
c:/program files (x86)/atmel/studio/7.0/toolchain/avr8/avr8-gnu-toolchain/bin/../lib/gcc/avr/5.4.0/../../../../avr/lib/avr6\libm.a(fixsfsi.o)
                              ../drivers\libIotLibrary.a(hih8120.o) (__fixsfsi)
c:/program files (x86)/atmel/studio/7.0/toolchain/avr8/avr8-gnu-toolchain/bin/../lib/gcc/avr/5.4.0/../../../../avr/lib/avr6\libm.a(fixunssfsi.o)
                              ../drivers\libIotLibrary.a(hih8120.o) (__fixunssfsi)
[...]
Memory Configuration

Name             Origin             Length             Attributes
text             0x00000000         0x00040000         xr
data             0x00800200         0x00002000         rw !x
eeprom           0x00810000         0x00001000         rw !x
fuse             0x00820000         0x00000003         rw !x
lock             0x00830000         0x00000400         rw !x
signature        0x00840000         0x00000400         rw !x
user_signatures  0x00850000         0x00000400         rw !x
*default*        0x00000000         0xffffffff

Linker script and memory map

Address of section .data set to 0x800200
LOAD C:/Program Files (x86)/Atmel/Studio/7.0/Packs/atmel/ATmega_DFP/1.6.364/gcc/dev/atmega2560/avr6/crtatmega2560.o
LOAD LoraReceiveHandler.o
LOAD TemperatureHandler.o
LOAD FreeRTOS/FreeRTOSTraceDriver/FreeRTOSTraceDriver.o
LOAD FreeRTOS/src/croutine.o
LOAD FreeRTOS/src/event_groups.o
LOAD FreeRTOS/src/heap_4.o
LOAD FreeRTOS/src/list.o
LOAD FreeRTOS/src/port.o
LOAD FreeRTOS/src/queue.o
LOAD FreeRTOS/src/stream_buffer.o
LOAD FreeRTOS/src/tasks.o
LOAD FreeRTOS/src/timers.o
LOAD FreeRTOS/src/variantHooks.o
LOAD LoRaWANHandler.o
LOAD main.o
START GROUP
LOAD c:/program files (x86)/atmel/studio/7.0/toolchain/avr8/avr8-gnu-toolchain/bin/../lib/gcc/avr/5.4.0/../../../../avr/lib/avr6\libm.a
LOAD ../drivers\libIotLibrary.a
LOAD c:/program files (x86)/atmel/studio/7.0/toolchain/avr8/avr8-gnu-toolchain/bin/../lib/gcc/avr/5.4.0/../../../../avr/lib/avr6\libprintf_flt.a
END GROUP
START GROUP
LOAD c:/program files (x86)/atmel/studio/7.0/toolchain/avr8/avr8-gnu-toolchain/bin/../lib/gcc/avr/5.4.0/avr6\libgcc.a
LOAD c:/program files (x86)/atmel/studio/7.0/toolchain/avr8/avr8-gnu-toolchain/bin/../lib/gcc/avr/5.4.0/../../../../avr/lib/avr6\libm.a
LOAD c:/program files (x86)/atmel/studio/7.0/toolchain/avr8/avr8-gnu-toolchain/bin/../lib/gcc/avr/5.4.0/../../../../avr/lib/avr6\libc.a
LOAD C:/Program Files (x86)/Atmel/Studio/7.0/Packs/atmel/ATmega_DFP/1.6.364/gcc/dev/atmega2560/avr6\libatmega2560.a
END GROUP
                0x00000000                __TEXT_REGION_ORIGIN__ = DEFINED (__TEXT_REGION_ORIGIN__)?__TEXT_REGION_ORIGIN__:0x0
                [0x00800200]                __DATA_REGION_ORIGIN__ = DEFINED (__DATA_REGION_ORIGIN__)?__DATA_REGION_ORIGIN__:0x800200
                [0x00040000]                __TEXT_REGION_LENGTH__ = DEFINED (__TEXT_REGION_LENGTH__)?__TEXT_REGION_LENGTH__:0x100000
                [0x00002000]                __DATA_REGION_LENGTH__ = DEFINED (__DATA_REGION_LENGTH__)?__DATA_REGION_LENGTH__:0xfe00
                [0x00001000]                __EEPROM_REGION_LENGTH__ = DEFINED (__EEPROM_REGION_LENGTH__)?__EEPROM_REGION_LENGTH__:0x10000
                [0x00000003]                __FUSE_REGION_LENGTH__ = DEFINED (__FUSE_REGION_LENGTH__)?__FUSE_REGION_LENGTH__:0x400
                0x00000400                __LOCK_REGION_LENGTH__ = DEFINED (__LOCK_REGION_LENGTH__)?__LOCK_REGION_LENGTH__:0x400
                0x00000400                __SIGNATURE_REGION_LENGTH__ = DEFINED (__SIGNATURE_REGION_LENGTH__)?__SIGNATURE_REGION_LENGTH__:0x400
                0x00000400                __USER_SIGNATURE_REGION_LENGTH__ = DEFINED (__USER_SIGNATURE_REGION_LENGTH__)?__USER_SIGNATURE_REGION_LENGTH__:0x400

.hash
 *(.hash)

.dynsym
 *(.dynsym)

.dynstr
 *(.dynstr)

.gnu.version
 *(.gnu.version)

.gnu.version_d
 *(.gnu.version_d)

.gnu.version_r
 *(.gnu.version_r)

.rel.init
 *(.rel.init)

.rela.init
 *(.rela.init)

.rel.text
 *(.rel.text)
 *(.rel.text.*)
 *(.rel.gnu.linkonce.t*)

.rela.text
 *(.rela.text)
 *(.rela.text.*)
 *(.rela.gnu.linkonce.t*)

.rel.fini
 *(.rel.fini)

.rela.fini
 *(.rela.fini)

.rel.rodata
 *(.rel.rodata)
 *(.rel.rodata.*)
 *(.rel.gnu.linkonce.r*)

.rela.rodata
 *(.rela.rodata)
 *(.rela.rodata.*)
 *(.rela.gnu.linkonce.r*)

.rel.data
 *(.rel.data)
 *(.rel.data.*)
 *(.rel.gnu.linkonce.d*)

.rela.data
 *(.rela.data)
 *(.rela.data.*)
 *(.rela.gnu.linkonce.d*)

.rel.ctors
 *(.rel.ctors)

.rela.ctors
 *(.rela.ctors)

.rel.dtors
 *(.rel.dtors)

.rela.dtors
 *(.rela.dtors)

.rel.got
 *(.rel.got)

.rela.got
 *(.rela.got)

.rel.bss
 *(.rel.bss)

.rela.bss
 *(.rela.bss)

.rel.plt
 *(.rel.plt)

.rela.plt
 *(.rela.plt)

.text           0x00000000     0x41f6
 *(.vectors)
 .vectors       0x00000000       0xe4 C:/Program Files (x86)/Atmel/Studio/7.0/Packs/atmel/ATmega_DFP/1.6.364/gcc/dev/atmega2560/avr6/crtatmega2560.o
                0x00000000                __vector_default
                0x00000000                __vectors
 *(.vectors)
 *(.progmem.gcc*)
 .progmem.gcc_sw_table.prvProcessReceivedCommands
                0x000000e4       0x14 FreeRTOS/src/timers.o
 .progmem.gcc_sw_table.__vector_39
                0x000000f8       0xa2 ../drivers\libIotLibrary.a(twi.o)
                0x0000019a                . = ALIGN (0x2)
                0x0000019a                __trampolines_start = .
 *(.trampolines)
 .trampolines   0x0000019a        0x0 linker stubs
 *(.trampolines*)
                0x0000019a                __trampolines_end = .
 *libprintf_flt.a:*(.progmem.data)
 .progmem.data  0x0000019a        0x8 c:/program files (x86)/atmel/studio/7.0/toolchain/avr8/avr8-gnu-toolchain/bin/../lib/gcc/avr/5.4.0/../../../../avr/lib/avr6\libprintf_flt.a(vfprintf_flt.o)
 *libc.a:*(.progmem.data)
 .progmem.data  0x000001a2       0xfa c:/program files (x86)/atmel/studio/7.0/toolchain/avr8/avr8-gnu-toolchain/bin/../lib/gcc/avr/5.4.0/../../../../avr/lib/avr6\libc.a(ftoa_engine.o)
 *(.progmem*)
                0x0000029c                . = ALIGN (0x2)
 *(.jumptables)
 *(.jumptables*)
 *(.lowtext)
 .lowtext       0x0000029c       0x12 FreeRTOS/src/tasks.o
 .lowtext       0x000002ae       0x1e FreeRTOS/src/timers.o
 *(.lowtext*)
                0x000002cc                __ctors_start = .
 *(.ctors)
                0x000002cc                __ctors_end = .
                0x000002cc                __dtors_start = .
 *(.dtors)
                0x000002cc                __dtors_end = .
 SORT(*)(.ctors)
 SORT(*)(.dtors)
 *(.init0)
 .init0         0x000002cc        0x0 C:/Program Files (x86)/Atmel/Studio/7.0/Packs/atmel/ATmega_DFP/1.6.364/gcc/dev/atmega2560/avr6/crtatmega2560.o
                0x000002cc                __init
 *(.init0)
 *(.init1)
 *(.init1)
 *(.init2)
 .init2         0x000002cc       0x10 C:/Program Files (x86)/Atmel/Studio/7.0/Packs/atmel/ATmega_DFP/1.6.364/gcc/dev/atmega2560/avr6/crtatmega2560.o
 *(.init2)
 *(.init3)
 *(.init3)
 *(.init4)
 .init4         0x000002dc       0x1a c:/program files (x86)/atmel/studio/7.0/toolchain/avr8/avr8-gnu-toolchain/bin/../lib/gcc/avr/5.4.0/avr6\libgcc.a(_copy_data.o)
                0x000002dc                __do_copy_data
 .init4         0x000002f6       0x10 c:/program files (x86)/atmel/studio/7.0/toolchain/avr8/avr8-gnu-toolchain/bin/../lib/gcc/avr/5.4.0/avr6\libgcc.a(_clear_bss.o)
                0x000002f6                __do_clear_bss
 *(.init4)
 *(.init5)
 *(.init5)
 *(.init6)
 *(.init6)
 *(.init7)
 *(.init7)
 *(.init8)
 *(.init8)
 *(.init9)
 .init9         0x00000306        0x8 C:/Program Files (x86)/Atmel/Studio/7.0/Packs/atmel/ATmega_DFP/1.6.364/gcc/dev/atmega2560/avr6/crtatmega2560.o
 *(.init9)
 *(.text)
 .text          0x0000030e        0x2 C:/Program Files (x86)/Atmel/Studio/7.0/Packs/atmel/ATmega_DFP/1.6.364/gcc/dev/atmega2560/avr6/crtatmega2560.o
                0x0000030e                __vector_38
                0x0000030e                __vector_22
                0x0000030e                __vector_28
                0x0000030e                __vector_1
                0x0000030e                __vector_32
                0x0000030e                __vector_34
                0x0000030e                __vector_24
                0x0000030e                __vector_46
                0x0000030e                __bad_interrupt
                0x0000030e                __vector_6
                0x0000030e                __vector_31
                0x0000030e                __vector_35
                0x0000030e                __vector_3
                0x0000030e                __vector_23
                0x0000030e                __vector_30
                0x0000030e                __vector_45
                0x0000030e                __vector_11
                0x0000030e                __vector_13
                0x0000030e                __vector_17
                0x0000030e                __vector_19
                0x0000030e                __vector_56
                0x0000030e                __vector_7
                0x0000030e                __vector_49
                0x0000030e                __vector_41
                0x0000030e                __vector_43
                0x0000030e                __vector_27
                0x0000030e                __vector_5
                0x0000030e                __vector_33
                0x0000030e                __vector_47
                0x0000030e                __vector_4
                0x0000030e                __vector_44
                0x0000030e                __vector_9
                0x0000030e                __vector_2
                0x0000030e                __vector_21
                0x0000030e                __vector_15
                0x0000030e                __vector_29
                0x0000030e                __vector_40
                0x0000030e                __vector_8
                0x0000030e                __vector_48
                0x0000030e                __vector_14
                0x0000030e                __vector_53
                0x0000030e                __vector_10
                0x0000030e                __vector_50
                0x0000030e                __vector_16
                0x0000030e                __vector_18
                0x0000030e                __vector_20
                0x0000030e                __vector_42
                0x00000310                . = ALIGN (0x2)
 *(.text.*)
 .text.measureTemp
                0x00000310       0x50 TemperatureHandler.o
                0x00000310                measureTemp
 .text.startReading
                0x00000360       0x5a TemperatureHandler.o
                0x00000360                startReading
 .text.temperature_handler_init
                0x000003ba       0x24 TemperatureHandler.o
                0x000003ba                temperature_handler_init
 .text.createTemp
                0x000003de       0x3e TemperatureHandler.o
                0x000003de                createTemp
 .text.prvHeapInit
                0x0000041c       0x52 FreeRTOS/src/heap_4.o
 .text.prvInsertBlockIntoFreeList
                0x0000046e       0x94 FreeRTOS/src/heap_4.o
 .text.pvPortMalloc
                0x00000502      0x150 FreeRTOS/src/heap_4.o
                0x00000502                pvPortMalloc
 .text.vPortFree
                0x00000652       0x78 FreeRTOS/src/heap_4.o
                0x00000652                vPortFree
 .text.vListInitialise
                0x000006ca       0x22 FreeRTOS/src/list.o
                0x000006ca                vListInitialise
 .text.vListInitialiseItem
                0x000006ec        0x8 FreeRTOS/src/list.o
                0x000006ec                vListInitialiseItem
 .text.vListInsert
                0x000006f4       0x7a FreeRTOS/src/list.o
                0x000006f4                vListInsert
 .text.uxListRemove
                0x0000076e       0x4e FreeRTOS/src/list.o
                0x0000076e                uxListRemove
 .text.prvSetupTimerInterrupt
                0x000007bc       0x18 FreeRTOS/src/port.o
 .text.pxPortInitialiseStack
                0x000007d4       0x2e FreeRTOS/src/port.o
                0x000007d4                pxPortInitialiseStack
 .text.xPortStartScheduler
                0x00000802       0x64 FreeRTOS/src/port.o
                0x00000802                xPortStartScheduler
 .text.vPortYield
                0x00000866       0xc2 FreeRTOS/src/port.o
                0x00000866                vPortYield
 .text.vPortYieldFromTick
                0x00000928       0xc8 FreeRTOS/src/port.o
                0x00000928                vPortYieldFromTick
 .text.__vector_12
                0x000009f0        0x4 FreeRTOS/src/port.o
                0x000009f0                __vector_12
 .text.prvIsQueueEmpty
                0x000009f4       0x1a FreeRTOS/src/queue.o
 .text.prvIsQueueFull
                0x00000a0e       0x1c FreeRTOS/src/queue.o
 .text.prvCopyDataToQueue
                0x00000a2a       0xbe FreeRTOS/src/queue.o
 .text.prvCopyDataFromQueue
                0x00000ae8       0x34 FreeRTOS/src/queue.o
 .text.prvUnlockQueue
                0x00000b1c       0x66 FreeRTOS/src/queue.o
 .text.xQueueGenericReset
                0x00000b82       0x84 FreeRTOS/src/queue.o
                0x00000b82                xQueueGenericReset
 .text.prvInitialiseNewQueue
                0x00000c06       0x24 FreeRTOS/src/queue.o
 .text.xQueueGenericCreate
                0x00000c2a       0x46 FreeRTOS/src/queue.o
                0x00000c2a                xQueueGenericCreate
 .text.xQueueGenericSend
                0x00000c70      0x116 FreeRTOS/src/queue.o
                0x00000c70                xQueueGenericSend
 .text.prvInitialiseMutex
                0x00000d86       0x24 FreeRTOS/src/queue.o
 .text.xQueueCreateMutex
                0x00000daa       0x18 FreeRTOS/src/queue.o
                0x00000daa                xQueueCreateMutex
 .text.xQueueGenericSendFromISR
                0x00000dc2       0x74 FreeRTOS/src/queue.o
                0x00000dc2                xQueueGenericSendFromISR
 .text.xQueueReceive
                0x00000e36      0x116 FreeRTOS/src/queue.o
                0x00000e36                xQueueReceive
 .text.vQueueWaitForMessageRestricted
                0x00000f4c       0x36 FreeRTOS/src/queue.o
                0x00000f4c                vQueueWaitForMessageRestricted
 .text.prvResetNextTaskUnblockTime
                0x00000f82       0x4e FreeRTOS/src/tasks.o
 .text.prvDeleteTCB
                0x00000fd0       0x16 FreeRTOS/src/tasks.o
 .text.prvInitialiseNewTask
                0x00000fe6       0xf6 FreeRTOS/src/tasks.o
 .text.prvInitialiseTaskLists
                0x000010dc       0x54 FreeRTOS/src/tasks.o
 .text.prvAddNewTaskToReadyList
                0x00001130       0xdc FreeRTOS/src/tasks.o
 .text.prvCheckTasksWaitingTermination
                0x0000120c       0x48 FreeRTOS/src/tasks.o
 .text.prvAddCurrentTaskToDelayedList
                0x00001254      0x13e FreeRTOS/src/tasks.o
 .text.xTaskCreate
                0x00001392       0x92 FreeRTOS/src/tasks.o
                0x00001392                xTaskCreate
 .text.vTaskStartScheduler
                0x00001424       0x6c FreeRTOS/src/tasks.o
                0x00001424                vTaskStartScheduler
 .text.vTaskSuspendAll
                0x00001490        0xc FreeRTOS/src/tasks.o
                0x00001490                vTaskSuspendAll
 .text.xTaskGetTickCount
                0x0000149c       0x1c FreeRTOS/src/tasks.o
                0x0000149c                xTaskGetTickCount
 .text.xTaskIncrementTick
                0x000014b8      0x258 FreeRTOS/src/tasks.o
                0x000014b8                xTaskIncrementTick
 .text.xTaskResumeAll
                0x00001710      0x1b8 FreeRTOS/src/tasks.o
                0x00001710                xTaskResumeAll
 .text.xTaskDelayUntil
                0x000018c8       0xca FreeRTOS/src/tasks.o
                0x000018c8                xTaskDelayUntil
 .text.vTaskDelay
                0x00001992       0x36 FreeRTOS/src/tasks.o
                0x00001992                vTaskDelay
 .text.vTaskSwitchContext
                0x000019c8       0xc8 FreeRTOS/src/tasks.o
                0x000019c8                vTaskSwitchContext
 .text.vTaskPlaceOnEventList
                0x00001a90       0x2e FreeRTOS/src/tasks.o
                0x00001a90                vTaskPlaceOnEventList
 .text.vTaskPlaceOnEventListRestricted
                0x00001abe       0x84 FreeRTOS/src/tasks.o
                0x00001abe                vTaskPlaceOnEventListRestricted
 .text.xTaskRemoveFromEventList
                0x00001b42      0x15e FreeRTOS/src/tasks.o
                0x00001b42                xTaskRemoveFromEventList
 .text.vTaskInternalSetTimeOutState
                0x00001ca0       0x22 FreeRTOS/src/tasks.o
                0x00001ca0                vTaskInternalSetTimeOutState
 .text.xTaskCheckForTimeOut
                0x00001cc2       0xcc FreeRTOS/src/tasks.o
                0x00001cc2                xTaskCheckForTimeOut
 .text.vTaskMissedYield
                0x00001d8e        0x8 FreeRTOS/src/tasks.o
                0x00001d8e                vTaskMissedYield
 .text.xTaskGetSchedulerState
                0x00001d96       0x1c FreeRTOS/src/tasks.o
                0x00001d96                xTaskGetSchedulerState
 .text.xTaskPriorityDisinherit
                0x00001db2       0xb6 FreeRTOS/src/tasks.o
                0x00001db2                xTaskPriorityDisinherit
 .text.prvGetNextExpireTime
                0x00001e68       0x30 FreeRTOS/src/timers.o
 .text.prvInsertTimerInActiveList
                0x00001e98       0x92 FreeRTOS/src/timers.o
 .text.prvCheckForValidListAndQueue
                0x00001f2a       0x52 FreeRTOS/src/timers.o
 .text.xTimerCreateTimerTask
                0x00001f7c       0x40 FreeRTOS/src/timers.o
                0x00001f7c                xTimerCreateTimerTask
 .text.xTimerGenericCommand
                0x00001fbc       0xbc FreeRTOS/src/timers.o
                0x00001fbc                xTimerGenericCommand
 .text.prvSwitchTimerLists
                0x00002078       0xd0 FreeRTOS/src/timers.o
 .text.prvSampleTimeNow
                0x00002148       0x5a FreeRTOS/src/timers.o
 .text.prvProcessExpiredTimer
                0x000021a2       0xac FreeRTOS/src/timers.o
 .text.prvProcessTimerOrBlockTask
                0x0000224e       0xa6 FreeRTOS/src/timers.o
 .text.prvProcessReceivedCommands
                0x000022f4      0x168 FreeRTOS/src/timers.o
 .text.vApplicationIdleHook
                0x0000245c        0x2 FreeRTOS/src/variantHooks.o
                0x0000245c                vApplicationIdleHook
 .text.prvSetMainLedOn
                0x0000245e        0xe FreeRTOS/src/variantHooks.o
                0x0000245e                prvSetMainLedOn
 .text.prvBlinkMainLed
                0x0000246c        0x8 FreeRTOS/src/variantHooks.o
                0x0000246c                prvBlinkMainLed
 .text.vApplicationMallocFailedHook
                0x00002474       0x18 FreeRTOS/src/variantHooks.o
                0x00002474                vApplicationMallocFailedHook
 .text.vApplicationStackOverflowHook
                0x0000248c       0x18 FreeRTOS/src/variantHooks.o
                0x0000248c                vApplicationStackOverflowHook
 .text.createTasksForSensors
                0x000024a4        0xe main.o
                0x000024a4                createTasksForSensors
 .text.create_tasks_and_semaphores
                0x000024b2       0x36 main.o
                0x000024b2                create_tasks_and_semaphores
 .text.initializeSystem
                0x000024e8        0x8 main.o
                0x000024e8                initializeSystem
 .text.main     0x000024f0        0x8 main.o
                0x000024f0                main
 .text.avr-libc.fplib
                0x000024f8        0xa c:/program files (x86)/atmel/studio/7.0/toolchain/avr8/avr8-gnu-toolchain/bin/../lib/gcc/avr/5.4.0/../../../../avr/lib/avr6\libm.a(addsf3.o)
                0x000024f8                __subsf3
                0x000024fa                __addsf3
 .text.avr-libc.fplib
                0x00002502       0xc0 c:/program files (x86)/atmel/studio/7.0/toolchain/avr8/avr8-gnu-toolchain/bin/../lib/gcc/avr/5.4.0/../../../../avr/lib/avr6\libm.a(addsf3x.o)
                0x0000251c                __addsf3x
 .text.avr-libc.fplib
                0x000025c2        0xc c:/program files (x86)/atmel/studio/7.0/toolchain/avr8/avr8-gnu-toolchain/bin/../lib/gcc/avr/5.4.0/../../../../avr/lib/avr6\libm.a(fp_inf.o)
                0x000025c2                __fp_inf
 .text.avr-libc.fplib
                0x000025ce        0x6 c:/program files (x86)/atmel/studio/7.0/toolchain/avr8/avr8-gnu-toolchain/bin/../lib/gcc/avr/5.4.0/../../../../avr/lib/avr6\libm.a(fp_nan.o)
                0x000025ce                __fp_nan
 .text.avr-libc.fplib
                0x000025d4        0xe c:/program files (x86)/atmel/studio/7.0/toolchain/avr8/avr8-gnu-toolchain/bin/../lib/gcc/avr/5.4.0/../../../../avr/lib/avr6\libm.a(fp_pscA.o)
                0x000025d4                __fp_pscA
 .text.avr-libc.fplib
                0x000025e2        0xe c:/program files (x86)/atmel/studio/7.0/toolchain/avr8/avr8-gnu-toolchain/bin/../lib/gcc/avr/5.4.0/../../../../avr/lib/avr6\libm.a(fp_pscB.o)
                0x000025e2                __fp_pscB
 .text.avr-libc.fplib
                0x000025f0       0x22 c:/program files (x86)/atmel/studio/7.0/toolchain/avr8/avr8-gnu-toolchain/bin/../lib/gcc/avr/5.4.0/../../../../avr/lib/avr6\libm.a(fp_round.o)
                0x000025f0                __fp_round
 .text.avr-libc.fplib
                0x00002612       0x44 c:/program files (x86)/atmel/studio/7.0/toolchain/avr8/avr8-gnu-toolchain/bin/../lib/gcc/avr/5.4.0/../../../../avr/lib/avr6\libm.a(fp_split3.o)
                0x00002612                __fp_split3
                0x00002622                __fp_splitA
 .text.avr-libc.fplib
                0x00002656        0xe c:/program files (x86)/atmel/studio/7.0/toolchain/avr8/avr8-gnu-toolchain/bin/../lib/gcc/avr/5.4.0/../../../../avr/lib/avr6\libm.a(fp_zero.o)
                0x00002656                __fp_zero
                0x00002658                __fp_szero
 .text._hihTwiCallback
                0x00002664       0x5a ../drivers\libIotLibrary.a(hih8120.o)
 .text.hih8120_initialise
                0x000026be       0x2e ../drivers\libIotLibrary.a(hih8120.o)
                0x000026be                hih8120_initialise
 .text.hih8120_wakeup
                0x000026ec       0x28 ../drivers\libIotLibrary.a(hih8120.o)
                0x000026ec                hih8120_wakeup
 .text.hih8120_measure
                0x00002714       0x20 ../drivers\libIotLibrary.a(hih8120.o)
                0x00002714                hih8120_measure
 .text.hih8120_getTemperature
                0x00002734       0x34 ../drivers\libIotLibrary.a(hih8120.o)
                0x00002734                hih8120_getTemperature
 .text.serial_create
                0x00002768      0x14a ../drivers\libIotLibrary.a(serial.o)
                0x00002768                serial_create
 .text.serial_sendByte
                0x000028b2       0x56 ../drivers\libIotLibrary.a(serial.o)
                0x000028b2                serial_sendByte
 .text.serial_getByte
                0x00002908       0x40 ../drivers\libIotLibrary.a(serial.o)
                0x00002908                serial_getByte
 .text.__vector_25
                0x00002948       0xa4 ../drivers\libIotLibrary.a(serial.o)
                0x00002948                __vector_25
 .text.__vector_26
                0x000029ec       0x88 ../drivers\libIotLibrary.a(serial.o)
                0x000029ec                __vector_26
 .text.__vector_36
                0x00002a74       0xa4 ../drivers\libIotLibrary.a(serial.o)
                0x00002a74                __vector_36
 .text.__vector_37
                0x00002b18       0x88 ../drivers\libIotLibrary.a(serial.o)
                0x00002b18                __vector_37
 .text.__vector_51
                0x00002ba0       0xa4 ../drivers\libIotLibrary.a(serial.o)
                0x00002ba0                __vector_51
 .text.__vector_52
                0x00002c44       0x88 ../drivers\libIotLibrary.a(serial.o)
                0x00002c44                __vector_52
 .text.__vector_54
                0x00002ccc       0xa4 ../drivers\libIotLibrary.a(serial.o)
                0x00002ccc                __vector_54
 .text.__vector_55
                0x00002d70       0x88 ../drivers\libIotLibrary.a(serial.o)
                0x00002d70                __vector_55
 .text.usart_getchar
                0x00002df8       0x2a ../drivers\libIotLibrary.a(stdio_driver.o)
 .text.usart_putchar
                0x00002e22       0x12 ../drivers\libIotLibrary.a(stdio_driver.o)
 .text.stdio_initialise
                0x00002e34       0x52 ../drivers\libIotLibrary.a(stdio_driver.o)
                0x00002e34                stdio_initialise
 .text._initTwiInterface
                0x00002e86       0x22 ../drivers\libIotLibrary.a(twi.o)
 .text.twiCreate
                0x00002ea8       0x9a ../drivers\libIotLibrary.a(twi.o)
                0x00002ea8                twiCreate
 .text.twiIsBusy
                0x00002f42        0x8 ../drivers\libIotLibrary.a(twi.o)
                0x00002f42                twiIsBusy
 .text.twiTransmit
                0x00002f4a       0x98 ../drivers\libIotLibrary.a(twi.o)
                0x00002f4a                twiTransmit
 .text.twiReceive
                0x00002fe2       0x66 ../drivers\libIotLibrary.a(twi.o)
                0x00002fe2                twiReceive
 .text.__vector_39
                0x00003048      0x17a ../drivers\libIotLibrary.a(twi.o)
                0x00003048                __vector_39
 .text.fifo_init
                0x000031c2       0x38 ../drivers\libIotLibrary.a(fifo.o)
                0x000031c2                fifo_init
 .text.avr-libc
                0x000031fa      0x712 c:/program files (x86)/atmel/studio/7.0/toolchain/avr8/avr8-gnu-toolchain/bin/../lib/gcc/avr/5.4.0/../../../../avr/lib/avr6\libprintf_flt.a(vfprintf_flt.o)
                0x000031fa                vfprintf
 .text.avr-libc.fplib
                0x0000390c        0x6 c:/program files (x86)/atmel/studio/7.0/toolchain/avr8/avr8-gnu-toolchain/bin/../lib/gcc/avr/5.4.0/../../../../avr/lib/avr6\libm.a(divsf3.o)
                0x0000390c                __divsf3
 .text.avr-libc.fplib
                0x00003912       0xdc c:/program files (x86)/atmel/studio/7.0/toolchain/avr8/avr8-gnu-toolchain/bin/../lib/gcc/avr/5.4.0/../../../../avr/lib/avr6\libm.a(divsf3x.o)
                0x00003932                __divsf3x
                0x00003938                __divsf3_pse
 .text.avr-libc.fplib
                0x000039ee       0x5e c:/program files (x86)/atmel/studio/7.0/toolchain/avr8/avr8-gnu-toolchain/bin/../lib/gcc/avr/5.4.0/../../../../avr/lib/avr6\libm.a(fixunssfsi.o)
                0x000039ee                __fixunssfsi
 .text.avr-libc.fplib
                0x00003a4c       0x7a c:/program files (x86)/atmel/studio/7.0/toolchain/avr8/avr8-gnu-toolchain/bin/../lib/gcc/avr/5.4.0/../../../../avr/lib/avr6\libm.a(floatsisf.o)
                0x00003a4c                __floatunsisf
                0x00003a50                __floatsisf
 .text.avr-libc.fplib
                0x00003ac6        0x6 c:/program files (x86)/atmel/studio/7.0/toolchain/avr8/avr8-gnu-toolchain/bin/../lib/gcc/avr/5.4.0/../../../../avr/lib/avr6\libm.a(mulsf3.o)
                0x00003ac6                __mulsf3
 .text.avr-libc.fplib
                0x00003acc       0xd2 c:/program files (x86)/atmel/studio/7.0/toolchain/avr8/avr8-gnu-toolchain/bin/../lib/gcc/avr/5.4.0/../../../../avr/lib/avr6\libm.a(mulsf3x.o)
                0x00003aea                __mulsf3x
                0x00003af0                __mulsf3_pse
 .text.libgcc.div
                0x00003b9e       0x44 c:/program files (x86)/atmel/studio/7.0/toolchain/avr8/avr8-gnu-toolchain/bin/../lib/gcc/avr/5.4.0/avr6\libgcc.a(_udivmodsi4.o)
                0x00003b9e                __udivmodsi4
 .text.libgcc   0x00003be2       0x10 c:/program files (x86)/atmel/studio/7.0/toolchain/avr8/avr8-gnu-toolchain/bin/../lib/gcc/avr/5.4.0/avr6\libgcc.a(_tablejump2.o)
                0x00003be2                __tablejump2__
 .text.avr-libc
                0x00003bf2      0x242 c:/program files (x86)/atmel/studio/7.0/toolchain/avr8/avr8-gnu-toolchain/bin/../lib/gcc/avr/5.4.0/../../../../avr/lib/avr6\libc.a(malloc.o)
                0x00003bf2                malloc
                0x00003d22                free
 .text.avr-libc
                0x00003e34        0x8 c:/program files (x86)/atmel/studio/7.0/toolchain/avr8/avr8-gnu-toolchain/bin/../lib/gcc/avr/5.4.0/../../../../avr/lib/avr6\libc.a(abort.o)
                0x00003e34                abort
 .text.avr-libc
                0x00003e3c      0x1b0 c:/program files (x86)/atmel/studio/7.0/toolchain/avr8/avr8-gnu-toolchain/bin/../lib/gcc/avr/5.4.0/../../../../avr/lib/avr6\libc.a(ftoa_engine.o)
                0x00003e3c                __ftoa_engine
 .text.avr-libc
                0x00003fec       0x16 c:/program files (x86)/atmel/studio/7.0/toolchain/avr8/avr8-gnu-toolchain/bin/../lib/gcc/avr/5.4.0/../../../../avr/lib/avr6\libc.a(strnlen_P.o)
                0x00003fec                strnlen_P
 .text.avr-libc
                0x00004002       0x12 c:/program files (x86)/atmel/studio/7.0/toolchain/avr8/avr8-gnu-toolchain/bin/../lib/gcc/avr/5.4.0/../../../../avr/lib/avr6\libc.a(memcpy.o)
                0x00004002                memcpy
 .text.avr-libc
                0x00004014        0xe c:/program files (x86)/atmel/studio/7.0/toolchain/avr8/avr8-gnu-toolchain/bin/../lib/gcc/avr/5.4.0/../../../../avr/lib/avr6\libc.a(memset.o)
                0x00004014                memset
 .text.avr-libc
                0x00004022       0x16 c:/program files (x86)/atmel/studio/7.0/toolchain/avr8/avr8-gnu-toolchain/bin/../lib/gcc/avr/5.4.0/../../../../avr/lib/avr6\libc.a(strnlen.o)
                0x00004022                strnlen
 .text.avr-libc
                0x00004038       0x78 c:/program files (x86)/atmel/studio/7.0/toolchain/avr8/avr8-gnu-toolchain/bin/../lib/gcc/avr/5.4.0/../../../../avr/lib/avr6\libc.a(fputc.o)
                0x00004038                fputc
 .text.avr-libc
                0x000040b0       0x26 c:/program files (x86)/atmel/studio/7.0/toolchain/avr8/avr8-gnu-toolchain/bin/../lib/gcc/avr/5.4.0/../../../../avr/lib/avr6\libc.a(printf.o)
                0x000040b0                printf
 .text.avr-libc
                0x000040d6       0x60 c:/program files (x86)/atmel/studio/7.0/toolchain/avr8/avr8-gnu-toolchain/bin/../lib/gcc/avr/5.4.0/../../../../avr/lib/avr6\libc.a(puts.o)
                0x000040d6                puts
 .text.avr-libc
                0x00004136       0xbc c:/program files (x86)/atmel/studio/7.0/toolchain/avr8/avr8-gnu-toolchain/bin/../lib/gcc/avr/5.4.0/../../../../avr/lib/avr6\libc.a(ultoa_invert.o)
                0x00004136                __ultoa_invert
                0x000041f2                . = ALIGN (0x2)
 *(.fini9)
 .fini9         0x000041f2        0x0 c:/program files (x86)/atmel/studio/7.0/toolchain/avr8/avr8-gnu-toolchain/bin/../lib/gcc/avr/5.4.0/avr6\libgcc.a(_exit.o)
                0x000041f2                _exit
                0x000041f2                exit
 *(.fini9)
 *(.fini8)
 *(.fini8)
 *(.fini7)
 *(.fini7)
 *(.fini6)
 *(.fini6)
 *(.fini5)
 *(.fini5)
 *(.fini4)
 *(.fini4)
 *(.fini3)
 *(.fini3)
 *(.fini2)
 *(.fini2)
 *(.fini1)
 *(.fini1)
 *(.fini0)
 .fini0         0x000041f2        0x4 c:/program files (x86)/atmel/studio/7.0/toolchain/avr8/avr8-gnu-toolchain/bin/../lib/gcc/avr/5.4.0/avr6\libgcc.a(_exit.o)
 *(.fini0)
                0x000041f6                _etext = .

.data           0x00800200       0x78 load address 0x000041f6
                0x00800200                PROVIDE (__data_start, .)
 *(.data)
 .data          0x00800200        0x6 c:/program files (x86)/atmel/studio/7.0/toolchain/avr8/avr8-gnu-toolchain/bin/../lib/gcc/avr/5.4.0/../../../../avr/lib/avr6\libc.a(malloc.o)
                0x00800200                __malloc_heap_end
                0x00800202                __malloc_heap_start
                0x00800204                __malloc_margin
 *(.data*)
 .data.uxTopUsedPriority
                0x00800206        0x1 FreeRTOS/src/tasks.o
                0x00800206                uxTopUsedPriority
 .data._temp    0x00800207        0x2 ../drivers\libIotLibrary.a(hih8120.o)
 .data._hum     0x00800209        0x2 ../drivers\libIotLibrary.a(hih8120.o)
 .data._com_port_2_udr
                0x0080020b        0x8 ../drivers\libIotLibrary.a(serial.o)
                0x0080020b                _com_port_2_udr
 .data.mystdout.1882
                0x00800213        0xe ../drivers\libIotLibrary.a(stdio_driver.o)
 .data._twiCurrentState
                0x00800221        0x1 ../drivers\libIotLibrary.a(twi.o)
 *(.gnu.linkonce.d*)
 *(.rodata)
 *(.rodata*)
 .rodata.str1.1
                0x00800222       0x48 TemperatureHandler.o
 .rodata.str1.1
                0x0080026a        0x5 FreeRTOS/src/tasks.o
 .rodata.str1.1
                0x0080026f        0x8 FreeRTOS/src/timers.o
 *(.gnu.linkonce.r*)
                0x00800278                . = ALIGN (0x2)
 *fill*         0x00800277        0x1 
                0x00800278                _edata = .
                0x00800278                PROVIDE (__data_end, .)

.bss            0x00800278      0xae1
                0x00800278                PROVIDE (__bss_start, .)
 *(.bss)
 *(.bss*)
 .bss.xBlockAllocatedBit
                0x00800278        0x2 FreeRTOS/src/heap_4.o
 .bss.xNumberOfSuccessfulFrees
                0x0080027a        0x2 FreeRTOS/src/heap_4.o
 .bss.xNumberOfSuccessfulAllocations
                0x0080027c        0x2 FreeRTOS/src/heap_4.o
 .bss.xMinimumEverFreeBytesRemaining
                0x0080027e        0x2 FreeRTOS/src/heap_4.o
 .bss.xFreeBytesRemaining
                0x00800280        0x2 FreeRTOS/src/heap_4.o
 .bss.pxEnd     0x00800282        0x2 FreeRTOS/src/heap_4.o
 .bss.xStart    0x00800284        0x4 FreeRTOS/src/heap_4.o
 .bss.ucHeap    0x00800288      0x9c4 FreeRTOS/src/heap_4.o
 .bss.uxSchedulerSuspended
                0x00800c4c        0x1 FreeRTOS/src/tasks.o
 .bss.xIdleTaskHandle
                0x00800c4d        0x2 FreeRTOS/src/tasks.o
 .bss.xNextTaskUnblockTime
                0x00800c4f        0x4 FreeRTOS/src/tasks.o
 .bss.uxTaskNumber
                0x00800c53        0x1 FreeRTOS/src/tasks.o
 .bss.xNumOfOverflows
                0x00800c54        0x1 FreeRTOS/src/tasks.o
 .bss.xYieldPending
                0x00800c55        0x1 FreeRTOS/src/tasks.o
 .bss.xPendedTicks
                0x00800c56        0x4 FreeRTOS/src/tasks.o
 .bss.xSchedulerRunning
                0x00800c5a        0x1 FreeRTOS/src/tasks.o
 .bss.uxTopReadyPriority
                0x00800c5b        0x1 FreeRTOS/src/tasks.o
 .bss.xTickCount
                0x00800c5c        0x4 FreeRTOS/src/tasks.o
 .bss.uxCurrentNumberOfTasks
                0x00800c60        0x1 FreeRTOS/src/tasks.o
 .bss.xSuspendedTaskList
                0x00800c61        0xb FreeRTOS/src/tasks.o
 .bss.uxDeletedTasksWaitingCleanUp
                0x00800c6c        0x1 FreeRTOS/src/tasks.o
 .bss.xTasksWaitingTermination
                0x00800c6d        0xb FreeRTOS/src/tasks.o
 .bss.xPendingReadyList
                0x00800c78        0xb FreeRTOS/src/tasks.o
 .bss.pxOverflowDelayedTaskList
                0x00800c83        0x2 FreeRTOS/src/tasks.o
 .bss.pxDelayedTaskList
                0x00800c85        0x2 FreeRTOS/src/tasks.o
 .bss.xDelayedTaskList2
                0x00800c87        0xb FreeRTOS/src/tasks.o
 .bss.xDelayedTaskList1
                0x00800c92        0xb FreeRTOS/src/tasks.o
 .bss.pxReadyTasksLists
                0x00800c9d       0x6e FreeRTOS/src/tasks.o
 .bss.pxCurrentTCB
                0x00800d0b        0x2 FreeRTOS/src/tasks.o
                0x00800d0b                pxCurrentTCB
 .bss.xLastTime.2436
                0x00800d0d        0x4 FreeRTOS/src/timers.o
 .bss.xTimerTaskHandle
                0x00800d11        0x2 FreeRTOS/src/timers.o
 .bss.xTimerQueue
                0x00800d13        0x2 FreeRTOS/src/timers.o
 .bss.pxOverflowTimerList
                0x00800d15        0x2 FreeRTOS/src/timers.o
 .bss.pxCurrentTimerList
                0x00800d17        0x2 FreeRTOS/src/timers.o
 .bss.xActiveTimerList2
                0x00800d19        0xb FreeRTOS/src/timers.o
 .bss.xActiveTimerList1
                0x00800d24        0xb FreeRTOS/src/timers.o
 .bss._measuringIsReady
                0x00800d2f        0x1 ../drivers\libIotLibrary.a(hih8120.o)
 .bss._hih8120Handler
                0x00800d30        0x2 ../drivers\libIotLibrary.a(hih8120.o)
 .bss._ser_handle
                0x00800d32        0x8 ../drivers\libIotLibrary.a(serial.o)
 .bss._com_serial_instance
                0x00800d3a        0x2 ../drivers\libIotLibrary.a(stdio_driver.o)
 .bss._index.1885
                0x00800d3c        0x1 ../drivers\libIotLibrary.a(twi.o)
 .bss._twiCurrentHandler
                0x00800d3d        0x2 ../drivers\libIotLibrary.a(twi.o)
 .bss._twiMessageLen
                0x00800d3f        0x1 ../drivers\libIotLibrary.a(twi.o)
 .bss._twiMessageBuffer
                0x00800d40        0xa ../drivers\libIotLibrary.a(twi.o)
 .bss._twiIsInitiated
                0x00800d4a        0x1 ../drivers\libIotLibrary.a(twi.o)
 *(COMMON)
 COMMON         0x00800d4b        0x4 main.o
                0x00800d4b                temperature_sensor
                0x00800d4d                xTestSemaphore
 COMMON         0x00800d4f        0x4 c:/program files (x86)/atmel/studio/7.0/toolchain/avr8/avr8-gnu-toolchain/bin/../lib/gcc/avr/5.4.0/../../../../avr/lib/avr6\libc.a(malloc.o)
                0x00800d4f                __brkval
                0x00800d51                __flp
 COMMON         0x00800d53        0x6 c:/program files (x86)/atmel/studio/7.0/toolchain/avr8/avr8-gnu-toolchain/bin/../lib/gcc/avr/5.4.0/../../../../avr/lib/avr6\libc.a(iob.o)
                0x00800d53                __iob
                0x00800d59                PROVIDE (__bss_end, .)
                0x000041f6                __data_load_start = LOADADDR (.data)
                0x0000426e                __data_load_end = (__data_load_start + SIZEOF (.data))

.noinit         0x00800d59        0x0
                [!provide]                PROVIDE (__noinit_start, .)
 *(.noinit*)
                [!provide]                PROVIDE (__noinit_end, .)
                0x00800d59                _end = .
                0x00800d59                PROVIDE (__heap_start, .)

.eeprom         0x00810000        0x0
 *(.eeprom*)
                0x00810000                __eeprom_end = .

.fuse
 *(.fuse)
 *(.lfuse)
 *(.hfuse)
 *(.efuse)

.lock
 *(.lock*)

.signature
 *(.signature*)

.user_signatures
 *(.user_signatures*)

.stab
 *(.stab)

.stabstr
 *(.stabstr)

.stab.excl
 *(.stab.excl)

.stab.exclstr
 *(.stab.exclstr)

.stab.index
 *(.stab.index)

.stab.indexstr
 *(.stab.indexstr)

.comment        0x00000000       0x5c
 *(.comment)
 .comment       0x00000000       0x30 TemperatureHandler.o
                                 0x31 (size before relaxing)
 .comment       0x00000030       0x31 FreeRTOS/src/heap_4.o
 .comment       0x00000030       0x31 FreeRTOS/src/list.o
 .comment       0x00000030       0x31 FreeRTOS/src/port.o
 .comment       0x00000030       0x31 FreeRTOS/src/queue.o
 .comment       0x00000030       0x31 FreeRTOS/src/tasks.o
 .comment       0x00000030       0x31 FreeRTOS/src/timers.o
 .comment       0x00000030       0x31 FreeRTOS/src/variantHooks.o
 .comment       0x00000030       0x31 main.o
 .comment       0x00000030       0x31 ../drivers\libIotLibrary.a(hih8120.o)
 .comment       0x00000030       0x31 ../drivers\libIotLibrary.a(serial.o)
 .comment       0x00000030       0x31 ../drivers\libIotLibrary.a(stdio_driver.o)
 .comment       0x00000030       0x31 ../drivers\libIotLibrary.a(twi.o)
 .comment       0x00000030       0x31 ../drivers\libIotLibrary.a(fifo.o)
 .comment       0x00000030       0x2c c:/program files (x86)/atmel/studio/7.0/toolchain/avr8/avr8-gnu-toolchain/bin/../lib/gcc/avr/5.4.0/../../../../avr/lib/avr6\libprintf_flt.a(vfprintf_flt.o)
                                 0x2d (size before relaxing)
 .comment       0x0000005c       0x31 c:/program files (x86)/atmel/studio/7.0/toolchain/avr8/avr8-gnu-toolchain/bin/../lib/gcc/avr/5.4.0/../../../../avr/lib/avr6\libc.a(malloc.o)
 .comment       0x0000005c       0x31 c:/program files (x86)/atmel/studio/7.0/toolchain/avr8/avr8-gnu-toolchain/bin/../lib/gcc/avr/5.4.0/../../../../avr/lib/avr6\libc.a(fputc.o)
 .comment       0x0000005c       0x31 c:/program files (x86)/atmel/studio/7.0/toolchain/avr8/avr8-gnu-toolchain/bin/../lib/gcc/avr/5.4.0/../../../../avr/lib/avr6\libc.a(iob.o)
 .comment       0x0000005c       0x31 c:/program files (x86)/atmel/studio/7.0/toolchain/avr8/avr8-gnu-toolchain/bin/../lib/gcc/avr/5.4.0/../../../../avr/lib/avr6\libc.a(printf.o)
 .comment       0x0000005c       0x31 c:/program files (x86)/atmel/studio/7.0/toolchain/avr8/avr8-gnu-toolchain/bin/../lib/gcc/avr/5.4.0/../../../../avr/lib/avr6\libc.a(puts.o)

.note.gnu.avr.deviceinfo
                0x00000000       0x40
 .note.gnu.avr.deviceinfo
                0x00000000       0x40 C:/Program Files (x86)/Atmel/Studio/7.0/Packs/atmel/ATmega_DFP/1.6.364/gcc/dev/atmega2560/avr6/crtatmega2560.o

.note.gnu.build-id
 *(.note.gnu.build-id)

.debug
 *(.debug)

.line
 *(.line)

.debug_srcinfo
 *(.debug_srcinfo)

.debug_sfnames
 *(.debug_sfnames)

.debug_aranges  0x00000000      0x6d8
 *(.debug_aranges)
 .debug_aranges
                0x00000000       0x40 TemperatureHandler.o
 .debug_aranges
                0x00000040       0x58 FreeRTOS/src/heap_4.o
 .debug_aranges
                0x00000098       0x40 FreeRTOS/src/list.o
 .debug_aranges
                0x000000d8       0x58 FreeRTOS/src/port.o
 .debug_aranges
                0x00000130       0xf8 FreeRTOS/src/queue.o
 .debug_aranges
                0x00000228      0x1d0 FreeRTOS/src/tasks.o
 .debug_aranges
                0x000003f8       0xc8 FreeRTOS/src/timers.o
 .debug_aranges
                0x000004c0       0x40 FreeRTOS/src/variantHooks.o
 .debug_aranges
                0x00000500       0x38 main.o
 .debug_aranges
                0x00000538       0x68 ../drivers\libIotLibrary.a(hih8120.o)
 .debug_aranges
                0x000005a0       0x90 ../drivers\libIotLibrary.a(serial.o)
 .debug_aranges
                0x00000630       0x38 ../drivers\libIotLibrary.a(stdio_driver.o)
 .debug_aranges
                0x00000668       0x50 ../drivers\libIotLibrary.a(twi.o)
 .debug_aranges
                0x000006b8       0x20 ../drivers\libIotLibrary.a(fifo.o)

.debug_pubnames
 *(.debug_pubnames)

.debug_info     0x00000000     0x8611
 *(.debug_info .gnu.linkonce.wi.*)
 .debug_info    0x00000000      0xbbc C:/Program Files (x86)/Atmel/Studio/7.0/Packs/atmel/ATmega_DFP/1.6.364/gcc/dev/atmega2560/avr6/crtatmega2560.o
 .debug_info    0x00000bbc      0x3f4 TemperatureHandler.o
 .debug_info    0x00000fb0      0x4e6 FreeRTOS/src/heap_4.o
 .debug_info    0x00001496      0x2e7 FreeRTOS/src/list.o
 .debug_info    0x0000177d      0x2ff FreeRTOS/src/port.o
 .debug_info    0x00001a7c     0x17e6 FreeRTOS/src/queue.o
 .debug_info    0x00003262     0x2239 FreeRTOS/src/tasks.o
 .debug_info    0x0000549b     0x10dd FreeRTOS/src/timers.o
 .debug_info    0x00006578      0x20f FreeRTOS/src/variantHooks.o
 .debug_info    0x00006787      0x270 main.o
 .debug_info    0x000069f7      0x3a9 ../drivers\libIotLibrary.a(hih8120.o)
 .debug_info    0x00006da0      0xd9b ../drivers\libIotLibrary.a(serial.o)
 .debug_info    0x00007b3b      0x3b6 ../drivers\libIotLibrary.a(stdio_driver.o)
 .debug_info    0x00007ef1      0x55d ../drivers\libIotLibrary.a(twi.o)
 .debug_info    0x0000844e      0x1c3 ../drivers\libIotLibrary.a(fifo.o)

.debug_abbrev   0x00000000     0x2491
 *(.debug_abbrev)
 .debug_abbrev  0x00000000      0xb1a C:/Program Files (x86)/Atmel/Studio/7.0/Packs/atmel/ATmega_DFP/1.6.364/gcc/dev/atmega2560/avr6/crtatmega2560.o
 .debug_abbrev  0x00000b1a      0x1bb TemperatureHandler.o
 .debug_abbrev  0x00000cd5      0x200 FreeRTOS/src/heap_4.o
 .debug_abbrev  0x00000ed5       0xff FreeRTOS/src/list.o
 .debug_abbrev  0x00000fd4      0x179 FreeRTOS/src/port.o
 .debug_abbrev  0x0000114d      0x241 FreeRTOS/src/queue.o
 .debug_abbrev  0x0000138e      0x2c8 FreeRTOS/src/tasks.o
 .debug_abbrev  0x00001656      0x28c FreeRTOS/src/timers.o
 .debug_abbrev  0x000018e2       0xff FreeRTOS/src/variantHooks.o
 .debug_abbrev  0x000019e1      0x125 main.o
 .debug_abbrev  0x00001b06      0x184 ../drivers\libIotLibrary.a(hih8120.o)
 .debug_abbrev  0x00001c8a      0x355 ../drivers\libIotLibrary.a(serial.o)
 .debug_abbrev  0x00001fdf      0x1b3 ../drivers\libIotLibrary.a(stdio_driver.o)
 .debug_abbrev  0x00002192      0x217 ../drivers\libIotLibrary.a(twi.o)
 .debug_abbrev  0x000023a9       0xe8 ../drivers\libIotLibrary.a(fifo.o)

.debug_line     0x00000000     0x45c8
 *(.debug_line .debug_line.* .debug_line_end)
 .debug_line    0x00000000      0x1fa C:/Program Files (x86)/Atmel/Studio/7.0/Packs/atmel/ATmega_DFP/1.6.364/gcc/dev/atmega2560/avr6/crtatmega2560.o
 .debug_line    0x000001fa      0x1e5 TemperatureHandler.o
 .debug_line    0x000003df      0x41f FreeRTOS/src/heap_4.o
 .debug_line    0x000007fe      0x1db FreeRTOS/src/list.o
 .debug_line    0x000009d9      0x28a FreeRTOS/src/port.o
 .debug_line    0x00000c63      0xbe3 FreeRTOS/src/queue.o
 .debug_line    0x00001846     0x15ba FreeRTOS/src/tasks.o
 .debug_line    0x00002e00      0x624 FreeRTOS/src/timers.o
 .debug_line    0x00003424      0x1af FreeRTOS/src/variantHooks.o
 .debug_line    0x000035d3      0x18e main.o
 .debug_line    0x00003761      0x24a ../drivers\libIotLibrary.a(hih8120.o)
 .debug_line    0x000039ab      0x6a0 ../drivers\libIotLibrary.a(serial.o)
 .debug_line    0x0000404b      0x146 ../drivers\libIotLibrary.a(stdio_driver.o)
 .debug_line    0x00004191      0x31c ../drivers\libIotLibrary.a(twi.o)
 .debug_line    0x000044ad      0x11b ../drivers\libIotLibrary.a(fifo.o)

.debug_frame    0x00000000     0x18a8
 *(.debug_frame)
 .debug_frame   0x00000000       0xb0 TemperatureHandler.o
 .debug_frame   0x000000b0       0xfc FreeRTOS/src/heap_4.o
 .debug_frame   0x000001ac       0x90 FreeRTOS/src/list.o
 .debug_frame   0x0000023c       0x94 FreeRTOS/src/port.o
 .debug_frame   0x000002d0      0x3a4 FreeRTOS/src/queue.o
 .debug_frame   0x00000674      0x7a0 FreeRTOS/src/tasks.o
 .debug_frame   0x00000e14      0x3ac FreeRTOS/src/timers.o
 .debug_frame   0x000011c0       0x64 FreeRTOS/src/variantHooks.o
 .debug_frame   0x00001224       0x5c main.o
 .debug_frame   0x00001280       0xc0 ../drivers\libIotLibrary.a(hih8120.o)
 .debug_frame   0x00001340      0x384 ../drivers\libIotLibrary.a(serial.o)
 .debug_frame   0x000016c4       0x94 ../drivers\libIotLibrary.a(stdio_driver.o)
 .debug_frame   0x00001758      0x12c ../drivers\libIotLibrary.a(twi.o)
 .debug_frame   0x00001884       0x24 ../drivers\libIotLibrary.a(fifo.o)

.debug_str      0x00000000     0x2d2e
 *(.debug_str)
 .debug_str     0x00000000      0x3e6 C:/Program Files (x86)/Atmel/Studio/7.0/Packs/atmel/ATmega_DFP/1.6.364/gcc/dev/atmega2560/avr6/crtatmega2560.o
 .debug_str     0x000003e6      0x2fa TemperatureHandler.o
                                0x333 (size before relaxing)
 .debug_str     0x000006e0      0x30c FreeRTOS/src/heap_4.o
                                0x492 (size before relaxing)
 .debug_str     0x000009ec      0x135 FreeRTOS/src/list.o
                                0x2ce (size before relaxing)
 .debug_str     0x00000b21      0x16e FreeRTOS/src/port.o
                                0x303 (size before relaxing)
 .debug_str     0x00000c8f      0x672 FreeRTOS/src/queue.o
                                0x942 (size before relaxing)
 .debug_str     0x00001301      0x9c2 FreeRTOS/src/tasks.o
                                0xf63 (size before relaxing)
 .debug_str     0x00001cc3      0x414 FreeRTOS/src/timers.o
                                0x839 (size before relaxing)
 .debug_str     0x000020d7       0x81 FreeRTOS/src/variantHooks.o
                                0x27a (size before relaxing)
 .debug_str     0x00002158       0xc5 main.o
                                0x2d7 (size before relaxing)
 .debug_str     0x0000221d      0x311 ../drivers\libIotLibrary.a(hih8120.o)
                                0x45c (size before relaxing)
 .debug_str     0x0000252e      0x448 ../drivers\libIotLibrary.a(serial.o)
                                0x628 (size before relaxing)
 .debug_str     0x00002976       0xa6 ../drivers\libIotLibrary.a(stdio_driver.o)
                                0x37d (size before relaxing)
 .debug_str     0x00002a1c      0x2f0 ../drivers\libIotLibrary.a(twi.o)
                                0x5b4 (size before relaxing)
 .debug_str     0x00002d0c       0x22 ../drivers\libIotLibrary.a(fifo.o)
                                0x239 (size before relaxing)

.debug_loc      0x00000000     0x7a49
 *(.debug_loc)
 .debug_loc     0x00000000      0x219 TemperatureHandler.o
 .debug_loc     0x00000219      0x4be FreeRTOS/src/heap_4.o
 .debug_loc     0x000006d7      0x17d FreeRTOS/src/list.o
 .debug_loc     0x00000854       0xf6 FreeRTOS/src/port.o
 .debug_loc     0x0000094a     0x1abd FreeRTOS/src/queue.o
 .debug_loc     0x00002407     0x2a07 FreeRTOS/src/tasks.o
 .debug_loc     0x00004e0e     0x10f3 FreeRTOS/src/timers.o
 .debug_loc     0x00005f01       0xdc FreeRTOS/src/variantHooks.o
 .debug_loc     0x00005fdd       0x22 main.o
 .debug_loc     0x00005fff       0x9f ../drivers\libIotLibrary.a(hih8120.o)
 .debug_loc     0x0000609e     0x114c ../drivers\libIotLibrary.a(serial.o)
 .debug_loc     0x000071ea      0x18c ../drivers\libIotLibrary.a(stdio_driver.o)
 .debug_loc     0x00007376      0x575 ../drivers\libIotLibrary.a(twi.o)
 .debug_loc     0x000078eb      0x15e ../drivers\libIotLibrary.a(fifo.o)

.debug_macinfo
 *(.debug_macinfo)

.debug_weaknames
 *(.debug_weaknames)

.debug_funcnames
 *(.debug_funcnames)

.debug_typenames
 *(.debug_typenames)

.debug_varnames
 *(.debug_varnames)

.debug_pubtypes
 *(.debug_pubtypes)

.debug_ranges   0x00000000      0x698
 *(.debug_ranges)
 .debug_ranges  0x00000000       0x30 TemperatureHandler.o
 .debug_ranges  0x00000030       0x48 FreeRTOS/src/heap_4.o
 .debug_ranges  0x00000078       0x30 FreeRTOS/src/list.o
 .debug_ranges  0x000000a8       0x48 FreeRTOS/src/port.o
 .debug_ranges  0x000000f0      0x130 FreeRTOS/src/queue.o
 .debug_ranges  0x00000220      0x200 FreeRTOS/src/tasks.o
 .debug_ranges  0x00000420       0xb8 FreeRTOS/src/timers.o
 .debug_ranges  0x000004d8       0x30 FreeRTOS/src/variantHooks.o
 .debug_ranges  0x00000508       0x28 main.o
 .debug_ranges  0x00000530       0x58 ../drivers\libIotLibrary.a(hih8120.o)
 .debug_ranges  0x00000588       0x98 ../drivers\libIotLibrary.a(serial.o)
 .debug_ranges  0x00000620       0x28 ../drivers\libIotLibrary.a(stdio_driver.o)
 .debug_ranges  0x00000648       0x40 ../drivers\libIotLibrary.a(twi.o)
 .debug_ranges  0x00000688       0x10 ../drivers\libIotLibrary.a(fifo.o)

.debug_macro
 *(.debug_macro)
OUTPUT(IoT.elf elf32-avr)
LOAD linker stubs
