Archive member included to satisfy reference by file (symbol)

c:/program files (x86)/atmel/studio/7.0/toolchain/avr8/avr8-gnu-toolchain/bin/../lib/gcc/avr/5.4.0/../../../../avr/lib/avr6\libm.a(modf.o)
                              UplinkHandler.o (modf)
c:/program files (x86)/atmel/studio/7.0/toolchain/avr8/avr8-gnu-toolchain/bin/../lib/gcc/avr/5.4.0/../../../../avr/lib/avr6\libm.a(addsf3.o)
                              c:/program files (x86)/atmel/studio/7.0/toolchain/avr8/avr8-gnu-toolchain/bin/../lib/gcc/avr/5.4.0/../../../../avr/lib/avr6\libm.a(modf.o) (__subsf3)
c:/program files (x86)/atmel/studio/7.0/toolchain/avr8/avr8-gnu-toolchain/bin/../lib/gcc/avr/5.4.0/../../../../avr/lib/avr6\libm.a(addsf3x.o)
                              c:/program files (x86)/atmel/studio/7.0/toolchain/avr8/avr8-gnu-toolchain/bin/../lib/gcc/avr/5.4.0/../../../../avr/lib/avr6\libm.a(addsf3.o) (__addsf3x)
c:/program files (x86)/atmel/studio/7.0/toolchain/avr8/avr8-gnu-toolchain/bin/../lib/gcc/avr/5.4.0/../../../../avr/lib/avr6\libm.a(fp_inf.o)
                              c:/program files (x86)/atmel/studio/7.0/toolchain/avr8/avr8-gnu-toolchain/bin/../lib/gcc/avr/5.4.0/../../../../avr/lib/avr6\libm.a(addsf3x.o) (__fp_inf)
c:/program files (x86)/atmel/studio/7.0/toolchain/avr8/avr8-gnu-toolchain/bin/../lib/gcc/avr/5.4.0/../../../../avr/lib/avr6\libm.a(fp_nan.o)
                              c:/program files (x86)/atmel/studio/7.0/toolchain/avr8/avr8-gnu-toolchain/bin/../lib/gcc/avr/5.4.0/../../../../avr/lib/avr6\libm.a(addsf3x.o) (__fp_nan)
c:/program files (x86)/atmel/studio/7.0/toolchain/avr8/avr8-gnu-toolchain/bin/../lib/gcc/avr/5.4.0/../../../../avr/lib/avr6\libm.a(fp_pscA.o)
                              c:/program files (x86)/atmel/studio/7.0/toolchain/avr8/avr8-gnu-toolchain/bin/../lib/gcc/avr/5.4.0/../../../../avr/lib/avr6\libm.a(addsf3x.o) (__fp_pscA)
c:/program files (x86)/atmel/studio/7.0/toolchain/avr8/avr8-gnu-toolchain/bin/../lib/gcc/avr/5.4.0/../../../../avr/lib/avr6\libm.a(fp_pscB.o)
                              c:/program files (x86)/atmel/studio/7.0/toolchain/avr8/avr8-gnu-toolchain/bin/../lib/gcc/avr/5.4.0/../../../../avr/lib/avr6\libm.a(addsf3x.o) (__fp_pscB)
c:/program files (x86)/atmel/studio/7.0/toolchain/avr8/avr8-gnu-toolchain/bin/../lib/gcc/avr/5.4.0/../../../../avr/lib/avr6\libm.a(fp_round.o)
                              c:/program files (x86)/atmel/studio/7.0/toolchain/avr8/avr8-gnu-toolchain/bin/../lib/gcc/avr/5.4.0/../../../../avr/lib/avr6\libm.a(addsf3.o) (__fp_round)
c:/program files (x86)/atmel/studio/7.0/toolchain/avr8/avr8-gnu-toolchain/bin/../lib/gcc/avr/5.4.0/../../../../avr/lib/avr6\libm.a(fp_split3.o)
                              c:/program files (x86)/atmel/studio/7.0/toolchain/avr8/avr8-gnu-toolchain/bin/../lib/gcc/avr/5.4.0/../../../../avr/lib/avr6\libm.a(addsf3x.o) (__fp_split3)
c:/program files (x86)/atmel/studio/7.0/toolchain/avr8/avr8-gnu-toolchain/bin/../lib/gcc/avr/5.4.0/../../../../avr/lib/avr6\libm.a(fp_zero.o)
                              c:/program files (x86)/atmel/studio/7.0/toolchain/avr8/avr8-gnu-toolchain/bin/../lib/gcc/avr/5.4.0/../../../../avr/lib/avr6\libm.a(addsf3x.o) (__fp_zero)
../drivers\libIotLibrary.a(hih8120.o)
                              TemperatureHandler.o (hih8120_initialise)
../drivers\libIotLibrary.a(lora_driver.o)
                              UplinkHandler.o (lora_driver_flushBuffers)
../drivers\libIotLibrary.a(lora_driver_utils.o)
                              ../drivers\libIotLibrary.a(lora_driver.o) (decode_port_no)
../drivers\libIotLibrary.a(mh_z19.o)
                              CO2Handler.o (mh_z19_initialise)
../drivers\libIotLibrary.a(serial.o)
                              ../drivers\libIotLibrary.a(lora_driver.o) (serial_create)
../drivers\libIotLibrary.a(stdio_driver.o)
                              main.o (stdio_initialise)
../drivers\libIotLibrary.a(status_leds.o)
                              LoRaWANHandler.o (status_leds_slowBlink)
../drivers\libIotLibrary.a(twi.o)
                              ../drivers\libIotLibrary.a(hih8120.o) (twiCreate)
../drivers\libIotLibrary.a(fifo.o)
                              ../drivers\libIotLibrary.a(serial.o) (fifo_init)
c:/program files (x86)/atmel/studio/7.0/toolchain/avr8/avr8-gnu-toolchain/bin/../lib/gcc/avr/5.4.0/../../../../avr/lib/avr6\libprintf_flt.a(vfprintf_flt.o)
                              (vfprintf)
c:/program files (x86)/atmel/studio/7.0/toolchain/avr8/avr8-gnu-toolchain/bin/../lib/gcc/avr/5.4.0/../../../../avr/lib/avr6\libm.a(divsf3.o)
                              ../drivers\libIotLibrary.a(hih8120.o) (__divsf3)
c:/program files (x86)/atmel/studio/7.0/toolchain/avr8/avr8-gnu-toolchain/bin/../lib/gcc/avr/5.4.0/../../../../avr/lib/avr6\libm.a(divsf3x.o)
                              c:/program files (x86)/atmel/studio/7.0/toolchain/avr8/avr8-gnu-toolchain/bin/../lib/gcc/avr/5.4.0/../../../../avr/lib/avr6\libm.a(divsf3.o) (__divsf3x)
[...]
Memory Configuration

Name             Origin             Length             Attributes
text             0x00000000         0x00040000         xr
data             0x00800200         0x00002000         rw !x
eeprom           0x00810000         0x00001000         rw !x
fuse             0x00820000         0x00000003         rw !x
lock             0x00830000         0x00000400         rw !x
signature        0x00840000         0x00000400         rw !x
user_signatures  0x00850000         0x00000400         rw !x
*default*        0x00000000         0xffffffff

Linker script and memory map

Address of section .data set to 0x800200
LOAD C:/Program Files (x86)/Atmel/Studio/7.0/Packs/atmel/ATmega_DFP/1.6.364/gcc/dev/atmega2560/avr6/crtatmega2560.o
LOAD CO2Handler.o
LOAD TemperatureHandler.o
LOAD UplinkHandler.o
LOAD FreeRTOS/FreeRTOSTraceDriver/FreeRTOSTraceDriver.o
LOAD FreeRTOS/src/croutine.o
LOAD FreeRTOS/src/event_groups.o
LOAD FreeRTOS/src/heap_4.o
LOAD FreeRTOS/src/list.o
LOAD FreeRTOS/src/port.o
LOAD FreeRTOS/src/queue.o
LOAD FreeRTOS/src/stream_buffer.o
LOAD FreeRTOS/src/tasks.o
LOAD FreeRTOS/src/timers.o
LOAD FreeRTOS/src/variantHooks.o
LOAD LoRaWANHandler.o
LOAD main.o
START GROUP
LOAD c:/program files (x86)/atmel/studio/7.0/toolchain/avr8/avr8-gnu-toolchain/bin/../lib/gcc/avr/5.4.0/../../../../avr/lib/avr6\libm.a
LOAD ../drivers\libIotLibrary.a
LOAD c:/program files (x86)/atmel/studio/7.0/toolchain/avr8/avr8-gnu-toolchain/bin/../lib/gcc/avr/5.4.0/../../../../avr/lib/avr6\libprintf_flt.a
END GROUP
START GROUP
LOAD c:/program files (x86)/atmel/studio/7.0/toolchain/avr8/avr8-gnu-toolchain/bin/../lib/gcc/avr/5.4.0/avr6\libgcc.a
LOAD c:/program files (x86)/atmel/studio/7.0/toolchain/avr8/avr8-gnu-toolchain/bin/../lib/gcc/avr/5.4.0/../../../../avr/lib/avr6\libm.a
LOAD c:/program files (x86)/atmel/studio/7.0/toolchain/avr8/avr8-gnu-toolchain/bin/../lib/gcc/avr/5.4.0/../../../../avr/lib/avr6\libc.a
LOAD C:/Program Files (x86)/Atmel/Studio/7.0/Packs/atmel/ATmega_DFP/1.6.364/gcc/dev/atmega2560/avr6\libatmega2560.a
END GROUP
                0x00000000                __TEXT_REGION_ORIGIN__ = DEFINED (__TEXT_REGION_ORIGIN__)?__TEXT_REGION_ORIGIN__:0x0
                [0x00800200]                __DATA_REGION_ORIGIN__ = DEFINED (__DATA_REGION_ORIGIN__)?__DATA_REGION_ORIGIN__:0x800200
                [0x00040000]                __TEXT_REGION_LENGTH__ = DEFINED (__TEXT_REGION_LENGTH__)?__TEXT_REGION_LENGTH__:0x100000
                [0x00002000]                __DATA_REGION_LENGTH__ = DEFINED (__DATA_REGION_LENGTH__)?__DATA_REGION_LENGTH__:0xfe00
                [0x00001000]                __EEPROM_REGION_LENGTH__ = DEFINED (__EEPROM_REGION_LENGTH__)?__EEPROM_REGION_LENGTH__:0x10000
                [0x00000003]                __FUSE_REGION_LENGTH__ = DEFINED (__FUSE_REGION_LENGTH__)?__FUSE_REGION_LENGTH__:0x400
                0x00000400                __LOCK_REGION_LENGTH__ = DEFINED (__LOCK_REGION_LENGTH__)?__LOCK_REGION_LENGTH__:0x400
                0x00000400                __SIGNATURE_REGION_LENGTH__ = DEFINED (__SIGNATURE_REGION_LENGTH__)?__SIGNATURE_REGION_LENGTH__:0x400
                0x00000400                __USER_SIGNATURE_REGION_LENGTH__ = DEFINED (__USER_SIGNATURE_REGION_LENGTH__)?__USER_SIGNATURE_REGION_LENGTH__:0x400

.hash
 *(.hash)

.dynsym
 *(.dynsym)

.dynstr
 *(.dynstr)

.gnu.version
 *(.gnu.version)

.gnu.version_d
 *(.gnu.version_d)

.gnu.version_r
 *(.gnu.version_r)

.rel.init
 *(.rel.init)

.rela.init
 *(.rela.init)

.rel.text
 *(.rel.text)
 *(.rel.text.*)
 *(.rel.gnu.linkonce.t*)

.rela.text
 *(.rela.text)
 *(.rela.text.*)
 *(.rela.gnu.linkonce.t*)

.rel.fini
 *(.rel.fini)

.rela.fini
 *(.rela.fini)

.rel.rodata
 *(.rel.rodata)
 *(.rel.rodata.*)
 *(.rel.gnu.linkonce.r*)

.rela.rodata
 *(.rela.rodata)
 *(.rela.rodata.*)
 *(.rela.gnu.linkonce.r*)

.rel.data
 *(.rel.data)
 *(.rel.data.*)
 *(.rel.gnu.linkonce.d*)

.rela.data
 *(.rela.data)
 *(.rela.data.*)
 *(.rela.gnu.linkonce.d*)

.rel.ctors
 *(.rel.ctors)

.rela.ctors
 *(.rela.ctors)

.rel.dtors
 *(.rel.dtors)

.rela.dtors
 *(.rela.dtors)

.rel.got
 *(.rel.got)

.rela.got
 *(.rela.got)

.rel.bss
 *(.rel.bss)

.rela.bss
 *(.rela.bss)

.rel.plt
 *(.rel.plt)

.rela.plt
 *(.rela.plt)

.text           0x00000000     0x6090
 *(.vectors)
 .vectors       0x00000000       0xe4 C:/Program Files (x86)/Atmel/Studio/7.0/Packs/atmel/ATmega_DFP/1.6.364/gcc/dev/atmega2560/avr6/crtatmega2560.o
                0x00000000                __vector_default
                0x00000000                __vectors
 *(.vectors)
 *(.progmem.gcc*)
 .progmem.gcc_sw_table.prvProcessReceivedCommands
                0x000000e4       0x14 FreeRTOS/src/timers.o
 .progmem.gcc_sw_table.__vector_39
                0x000000f8       0xa2 ../drivers\libIotLibrary.a(twi.o)
                0x0000019a                . = ALIGN (0x2)
                0x0000019a                __trampolines_start = .
 *(.trampolines)
 .trampolines   0x0000019a        0x0 linker stubs
 *(.trampolines*)
                0x0000019a                __trampolines_end = .
 *libprintf_flt.a:*(.progmem.data)
 .progmem.data  0x0000019a        0x8 c:/program files (x86)/atmel/studio/7.0/toolchain/avr8/avr8-gnu-toolchain/bin/../lib/gcc/avr/5.4.0/../../../../avr/lib/avr6\libprintf_flt.a(vfprintf_flt.o)
 *libc.a:*(.progmem.data)
 .progmem.data  0x000001a2       0xfa c:/program files (x86)/atmel/studio/7.0/toolchain/avr8/avr8-gnu-toolchain/bin/../lib/gcc/avr/5.4.0/../../../../avr/lib/avr6\libc.a(ftoa_engine.o)
 *(.progmem*)
                0x0000029c                . = ALIGN (0x2)
 *(.jumptables)
 *(.jumptables*)
 *(.lowtext)
 .lowtext       0x0000029c       0x14 FreeRTOS/src/tasks.o
 .lowtext       0x000002b0       0x1e FreeRTOS/src/timers.o
 *(.lowtext*)
                0x000002ce                __ctors_start = .
 *(.ctors)
                0x000002ce                __ctors_end = .
                0x000002ce                __dtors_start = .
 *(.dtors)
                0x000002ce                __dtors_end = .
 SORT(*)(.ctors)
 SORT(*)(.dtors)
 *(.init0)
 .init0         0x000002ce        0x0 C:/Program Files (x86)/Atmel/Studio/7.0/Packs/atmel/ATmega_DFP/1.6.364/gcc/dev/atmega2560/avr6/crtatmega2560.o
                0x000002ce                __init
 *(.init0)
 *(.init1)
 *(.init1)
 *(.init2)
 .init2         0x000002ce       0x10 C:/Program Files (x86)/Atmel/Studio/7.0/Packs/atmel/ATmega_DFP/1.6.364/gcc/dev/atmega2560/avr6/crtatmega2560.o
 *(.init2)
 *(.init3)
 *(.init3)
 *(.init4)
 .init4         0x000002de       0x1a c:/program files (x86)/atmel/studio/7.0/toolchain/avr8/avr8-gnu-toolchain/bin/../lib/gcc/avr/5.4.0/avr6\libgcc.a(_copy_data.o)
                0x000002de                __do_copy_data
 .init4         0x000002f8       0x10 c:/program files (x86)/atmel/studio/7.0/toolchain/avr8/avr8-gnu-toolchain/bin/../lib/gcc/avr/5.4.0/avr6\libgcc.a(_clear_bss.o)
                0x000002f8                __do_clear_bss
 *(.init4)
 *(.init5)
 *(.init5)
 *(.init6)
 *(.init6)
 *(.init7)
 *(.init7)
 *(.init8)
 *(.init8)
 *(.init9)
 .init9         0x00000308        0x8 C:/Program Files (x86)/Atmel/Studio/7.0/Packs/atmel/ATmega_DFP/1.6.364/gcc/dev/atmega2560/avr6/crtatmega2560.o
 *(.init9)
 *(.text)
 .text          0x00000310        0x2 C:/Program Files (x86)/Atmel/Studio/7.0/Packs/atmel/ATmega_DFP/1.6.364/gcc/dev/atmega2560/avr6/crtatmega2560.o
                0x00000310                __vector_38
                0x00000310                __vector_22
                0x00000310                __vector_28
                0x00000310                __vector_1
                0x00000310                __vector_32
                0x00000310                __vector_34
                0x00000310                __vector_24
                0x00000310                __vector_46
                0x00000310                __bad_interrupt
                0x00000310                __vector_6
                0x00000310                __vector_31
                0x00000310                __vector_35
                0x00000310                __vector_3
                0x00000310                __vector_23
                0x00000310                __vector_30
                0x00000310                __vector_45
                0x00000310                __vector_11
                0x00000310                __vector_13
                0x00000310                __vector_17
                0x00000310                __vector_19
                0x00000310                __vector_56
                0x00000310                __vector_7
                0x00000310                __vector_49
                0x00000310                __vector_41
                0x00000310                __vector_43
                0x00000310                __vector_27
                0x00000310                __vector_5
                0x00000310                __vector_33
                0x00000310                __vector_47
                0x00000310                __vector_4
                0x00000310                __vector_44
                0x00000310                __vector_9
                0x00000310                __vector_2
                0x00000310                __vector_21
                0x00000310                __vector_15
                0x00000310                __vector_29
                0x00000310                __vector_40
                0x00000310                __vector_8
                0x00000310                __vector_48
                0x00000310                __vector_14
                0x00000310                __vector_53
                0x00000310                __vector_10
                0x00000310                __vector_50
                0x00000310                __vector_16
                0x00000310                __vector_18
                0x00000310                __vector_20
                0x00000310                __vector_42
                0x00000312                . = ALIGN (0x2)
 *(.text.*)
 .text.CO2_callback
                0x00000312        0xa CO2Handler.o
                0x00000312                CO2_callback
 .text.startReadingCO2
                0x0000031c       0x8c CO2Handler.o
                0x0000031c                startReadingCO2
 .text.getCO2   0x000003a8        0x8 CO2Handler.o
                0x000003a8                getCO2
 .text.CO2_handler_init
                0x000003b0       0x52 CO2Handler.o
                0x000003b0                CO2_handler_init
 .text.createCO2
                0x00000402       0x7a CO2Handler.o
                0x00000402                createCO2
 .text.measureTempAndHum
                0x0000047c       0x20 TemperatureHandler.o
                0x0000047c                measureTempAndHum
 .text.startReading
                0x0000049c       0x80 TemperatureHandler.o
                0x0000049c                startReading
 .text.temperature_handler_init
                0x0000051c       0x4a TemperatureHandler.o
                0x0000051c                temperature_handler_init
 .text.createTemp
                0x00000566       0x84 TemperatureHandler.o
                0x00000566                createTemp
 .text.getTemperature
                0x000005ea        0xc TemperatureHandler.o
                0x000005ea                getTemperature
 .text.getHumidity
                0x000005f6        0x8 TemperatureHandler.o
                0x000005f6                getHumidity
 .text._lora_setup
                0x000005fe      0x18a UplinkHandler.o
 .text.lora_handler_task
                0x00000788       0xd2 UplinkHandler.o
                0x00000788                lora_handler_task
 .text.lora_handler_initialize
                0x0000085a       0x38 UplinkHandler.o
                0x0000085a                lora_handler_initialize
 .text.prvTestWaitCondition
                0x00000892       0x42 FreeRTOS/src/event_groups.o
 .text.xEventGroupCreate
                0x000008d4       0x26 FreeRTOS/src/event_groups.o
                0x000008d4                xEventGroupCreate
 .text.xEventGroupWaitBits
                0x000008fa      0x140 FreeRTOS/src/event_groups.o
                0x000008fa                xEventGroupWaitBits
 .text.xEventGroupSetBits
                0x00000a3a      0x11c FreeRTOS/src/event_groups.o
                0x00000a3a                xEventGroupSetBits
 .text.prvHeapInit
                0x00000b56       0x52 FreeRTOS/src/heap_4.o
 .text.prvInsertBlockIntoFreeList
                0x00000ba8       0x94 FreeRTOS/src/heap_4.o
 .text.pvPortMalloc
                0x00000c3c      0x152 FreeRTOS/src/heap_4.o
                0x00000c3c                pvPortMalloc
 .text.vPortFree
                0x00000d8e       0x7a FreeRTOS/src/heap_4.o
                0x00000d8e                vPortFree
 .text.vListInitialise
                0x00000e08       0x22 FreeRTOS/src/list.o
                0x00000e08                vListInitialise
 .text.vListInitialiseItem
                0x00000e2a        0x8 FreeRTOS/src/list.o
                0x00000e2a                vListInitialiseItem
 .text.vListInsert
                0x00000e32       0x7a FreeRTOS/src/list.o
                0x00000e32                vListInsert
 .text.uxListRemove
                0x00000eac       0x4e FreeRTOS/src/list.o
                0x00000eac                uxListRemove
 .text.prvSetupTimerInterrupt
                0x00000efa       0x18 FreeRTOS/src/port.o
 .text.pxPortInitialiseStack
                0x00000f12       0x2e FreeRTOS/src/port.o
                0x00000f12                pxPortInitialiseStack
 .text.xPortStartScheduler
                0x00000f40       0x64 FreeRTOS/src/port.o
                0x00000f40                xPortStartScheduler
 .text.vPortYield
                0x00000fa4       0xc2 FreeRTOS/src/port.o
                0x00000fa4                vPortYield
 .text.vPortYieldFromTick
                0x00001066       0xca FreeRTOS/src/port.o
                0x00001066                vPortYieldFromTick
 .text.__vector_12
                0x00001130        0x4 FreeRTOS/src/port.o
                0x00001130                __vector_12
 .text.prvIsQueueEmpty
                0x00001134       0x1a FreeRTOS/src/queue.o
 .text.prvIsQueueFull
                0x0000114e       0x1c FreeRTOS/src/queue.o
 .text.prvCopyDataToQueue
                0x0000116a       0xbe FreeRTOS/src/queue.o
 .text.prvCopyDataFromQueue
                0x00001228       0x34 FreeRTOS/src/queue.o
 .text.prvUnlockQueue
                0x0000125c       0x68 FreeRTOS/src/queue.o
 .text.xQueueGenericReset
                0x000012c4       0x86 FreeRTOS/src/queue.o
                0x000012c4                xQueueGenericReset
 .text.prvInitialiseNewQueue
                0x0000134a       0x24 FreeRTOS/src/queue.o
 .text.xQueueGenericCreate
                0x0000136e       0x46 FreeRTOS/src/queue.o
                0x0000136e                xQueueGenericCreate
 .text.xQueueGenericSend
                0x000013b4      0x11e FreeRTOS/src/queue.o
                0x000013b4                xQueueGenericSend
 .text.prvInitialiseMutex
                0x000014d2       0x24 FreeRTOS/src/queue.o
 .text.xQueueCreateMutex
                0x000014f6       0x18 FreeRTOS/src/queue.o
                0x000014f6                xQueueCreateMutex
 .text.xQueueGenericSendFromISR
                0x0000150e       0x76 FreeRTOS/src/queue.o
                0x0000150e                xQueueGenericSendFromISR
 .text.xQueueReceive
                0x00001584      0x11e FreeRTOS/src/queue.o
                0x00001584                xQueueReceive
 .text.vQueueWaitForMessageRestricted
                0x000016a2       0x38 FreeRTOS/src/queue.o
                0x000016a2                vQueueWaitForMessageRestricted
 .text.prvBytesInBuffer
                0x000016da       0x26 FreeRTOS/src/stream_buffer.o
 .text.prvInitialiseNewStreamBuffer
                0x00001700       0x20 FreeRTOS/src/stream_buffer.o
 .text.prvWriteBytesToBuffer
                0x00001720       0x92 FreeRTOS/src/stream_buffer.o
 .text.prvWriteMessageToBuffer
                0x000017b2       0x86 FreeRTOS/src/stream_buffer.o
 .text.prvReadBytesFromBuffer
                0x00001838       0x9e FreeRTOS/src/stream_buffer.o
 .text.prvReadMessageFromBuffer
                0x000018d6       0x8a FreeRTOS/src/stream_buffer.o
 .text.xStreamBufferGenericCreate
                0x00001960       0x64 FreeRTOS/src/stream_buffer.o
                0x00001960                xStreamBufferGenericCreate
 .text.xStreamBufferReset
                0x000019c4       0x3c FreeRTOS/src/stream_buffer.o
                0x000019c4                xStreamBufferReset
 .text.xStreamBufferSpacesAvailable
                0x00001a00       0x24 FreeRTOS/src/stream_buffer.o
                0x00001a00                xStreamBufferSpacesAvailable
 .text.xStreamBufferSendFromISR
                0x00001a24       0x88 FreeRTOS/src/stream_buffer.o
                0x00001a24                xStreamBufferSendFromISR
 .text.xStreamBufferReceive
                0x00001aac      0x106 FreeRTOS/src/stream_buffer.o
                0x00001aac                xStreamBufferReceive
 .text.prvResetNextTaskUnblockTime
                0x00001bb2       0x4e FreeRTOS/src/tasks.o
 .text.prvDeleteTCB
                0x00001c00       0x16 FreeRTOS/src/tasks.o
 .text.prvInitialiseNewTask
                0x00001c16       0xf6 FreeRTOS/src/tasks.o
 .text.prvInitialiseTaskLists
                0x00001d0c       0x54 FreeRTOS/src/tasks.o
 .text.prvAddNewTaskToReadyList
                0x00001d60       0xdc FreeRTOS/src/tasks.o
 .text.prvCheckTasksWaitingTermination
                0x00001e3c       0x48 FreeRTOS/src/tasks.o
 .text.prvAddCurrentTaskToDelayedList
                0x00001e84      0x144 FreeRTOS/src/tasks.o
 .text.xTaskCreate
                0x00001fc8       0x98 FreeRTOS/src/tasks.o
                0x00001fc8                xTaskCreate
 .text.vTaskStartScheduler
                0x00002060       0x70 FreeRTOS/src/tasks.o
                0x00002060                vTaskStartScheduler
 .text.vTaskSuspendAll
                0x000020d0        0xc FreeRTOS/src/tasks.o
                0x000020d0                vTaskSuspendAll
 .text.xTaskGetTickCount
                0x000020dc       0x1c FreeRTOS/src/tasks.o
                0x000020dc                xTaskGetTickCount
 .text.xTaskIncrementTick
                0x000020f8      0x258 FreeRTOS/src/tasks.o
                0x000020f8                xTaskIncrementTick
 .text.xTaskResumeAll
                0x00002350      0x1b8 FreeRTOS/src/tasks.o
                0x00002350                xTaskResumeAll
 .text.xTaskDelayUntil
                0x00002508       0xca FreeRTOS/src/tasks.o
                0x00002508                xTaskDelayUntil
 .text.vTaskDelay
                0x000025d2       0x36 FreeRTOS/src/tasks.o
                0x000025d2                vTaskDelay
 .text.vTaskSwitchContext
                0x00002608       0xca FreeRTOS/src/tasks.o
                0x00002608                vTaskSwitchContext
 .text.vTaskPlaceOnEventList
                0x000026d2       0x2e FreeRTOS/src/tasks.o
                0x000026d2                vTaskPlaceOnEventList
 .text.vTaskPlaceOnUnorderedEventList
                0x00002700       0x94 FreeRTOS/src/tasks.o
                0x00002700                vTaskPlaceOnUnorderedEventList
 .text.vTaskPlaceOnEventListRestricted
                0x00002794       0x84 FreeRTOS/src/tasks.o
                0x00002794                vTaskPlaceOnEventListRestricted
 .text.xTaskRemoveFromEventList
                0x00002818      0x15e FreeRTOS/src/tasks.o
                0x00002818                xTaskRemoveFromEventList
 .text.vTaskRemoveFromUnorderedEventList
                0x00002976      0x134 FreeRTOS/src/tasks.o
                0x00002976                vTaskRemoveFromUnorderedEventList
 .text.vTaskInternalSetTimeOutState
                0x00002aaa       0x22 FreeRTOS/src/tasks.o
                0x00002aaa                vTaskInternalSetTimeOutState
 .text.xTaskCheckForTimeOut
                0x00002acc       0xcc FreeRTOS/src/tasks.o
                0x00002acc                xTaskCheckForTimeOut
 .text.vTaskMissedYield
                0x00002b98        0x8 FreeRTOS/src/tasks.o
                0x00002b98                vTaskMissedYield
 .text.xTaskGetCurrentTaskHandle
                0x00002ba0        0xa FreeRTOS/src/tasks.o
                0x00002ba0                xTaskGetCurrentTaskHandle
 .text.xTaskGetSchedulerState
                0x00002baa       0x1c FreeRTOS/src/tasks.o
                0x00002baa                xTaskGetSchedulerState
 .text.xTaskPriorityDisinherit
                0x00002bc6       0xb6 FreeRTOS/src/tasks.o
                0x00002bc6                xTaskPriorityDisinherit
 .text.uxTaskResetEventItemValue
                0x00002c7c       0x54 FreeRTOS/src/tasks.o
                0x00002c7c                uxTaskResetEventItemValue
 .text.xTaskGenericNotifyWait
                0x00002cd0      0x14e FreeRTOS/src/tasks.o
                0x00002cd0                xTaskGenericNotifyWait
 .text.xTaskGenericNotify
                0x00002e1e      0x1ee FreeRTOS/src/tasks.o
                0x00002e1e                xTaskGenericNotify
 .text.xTaskGenericNotifyFromISR
                0x0000300c      0x244 FreeRTOS/src/tasks.o
                0x0000300c                xTaskGenericNotifyFromISR
 .text.xTaskGenericNotifyStateClear
                0x00003250       0x34 FreeRTOS/src/tasks.o
                0x00003250                xTaskGenericNotifyStateClear
 .text.prvGetNextExpireTime
                0x00003284       0x30 FreeRTOS/src/timers.o
 .text.prvInsertTimerInActiveList
                0x000032b4       0x92 FreeRTOS/src/timers.o
 .text.prvCheckForValidListAndQueue
                0x00003346       0x52 FreeRTOS/src/timers.o
 .text.xTimerCreateTimerTask
                0x00003398       0x42 FreeRTOS/src/timers.o
                0x00003398                xTimerCreateTimerTask
 .text.xTimerGenericCommand
                0x000033da       0xbc FreeRTOS/src/timers.o
                0x000033da                xTimerGenericCommand
 .text.prvSwitchTimerLists
                0x00003496       0xd0 FreeRTOS/src/timers.o
 .text.prvSampleTimeNow
                0x00003566       0x5c FreeRTOS/src/timers.o
 .text.prvProcessExpiredTimer
                0x000035c2       0xac FreeRTOS/src/timers.o
 .text.prvProcessTimerOrBlockTask
                0x0000366e       0xae FreeRTOS/src/timers.o
 .text.prvProcessReceivedCommands
                0x0000371c      0x168 FreeRTOS/src/timers.o
 .text.vApplicationIdleHook
                0x00003884        0x2 FreeRTOS/src/variantHooks.o
                0x00003884                vApplicationIdleHook
 .text.prvSetMainLedOn
                0x00003886        0xe FreeRTOS/src/variantHooks.o
                0x00003886                prvSetMainLedOn
 .text.prvBlinkMainLed
                0x00003894        0x8 FreeRTOS/src/variantHooks.o
                0x00003894                prvBlinkMainLed
 .text.vApplicationMallocFailedHook
                0x0000389c       0x18 FreeRTOS/src/variantHooks.o
                0x0000389c                vApplicationMallocFailedHook
 .text.vApplicationStackOverflowHook
                0x000038b4       0x18 FreeRTOS/src/variantHooks.o
                0x000038b4                vApplicationStackOverflowHook
 .text.createTasksForSensors
                0x000038cc       0x42 main.o
                0x000038cc                createTasksForSensors
 .text.create_tasks_and_semaphores
                0x0000390e       0x4e main.o
                0x0000390e                create_tasks_and_semaphores
 .text.initializeSystem
                0x0000395c       0x1e main.o
                0x0000395c                initializeSystem
 .text.main     0x0000397a        0x8 main.o
                0x0000397a                main
 .text.avr-libc.fplib
                0x00003982       0x66 c:/program files (x86)/atmel/studio/7.0/toolchain/avr8/avr8-gnu-toolchain/bin/../lib/gcc/avr/5.4.0/../../../../avr/lib/avr6\libm.a(modf.o)
                0x00003982                modf
                0x00003982                modff
 .text.avr-libc.fplib
                0x000039e8        0xa c:/program files (x86)/atmel/studio/7.0/toolchain/avr8/avr8-gnu-toolchain/bin/../lib/gcc/avr/5.4.0/../../../../avr/lib/avr6\libm.a(addsf3.o)
                0x000039e8                __subsf3
                0x000039ea                __addsf3
 .text.avr-libc.fplib
                0x000039f2       0xc0 c:/program files (x86)/atmel/studio/7.0/toolchain/avr8/avr8-gnu-toolchain/bin/../lib/gcc/avr/5.4.0/../../../../avr/lib/avr6\libm.a(addsf3x.o)
                0x00003a0c                __addsf3x
 .text.avr-libc.fplib
                0x00003ab2        0xc c:/program files (x86)/atmel/studio/7.0/toolchain/avr8/avr8-gnu-toolchain/bin/../lib/gcc/avr/5.4.0/../../../../avr/lib/avr6\libm.a(fp_inf.o)
                0x00003ab2                __fp_inf
 .text.avr-libc.fplib
                0x00003abe        0x6 c:/program files (x86)/atmel/studio/7.0/toolchain/avr8/avr8-gnu-toolchain/bin/../lib/gcc/avr/5.4.0/../../../../avr/lib/avr6\libm.a(fp_nan.o)
                0x00003abe                __fp_nan
 .text.avr-libc.fplib
                0x00003ac4        0xe c:/program files (x86)/atmel/studio/7.0/toolchain/avr8/avr8-gnu-toolchain/bin/../lib/gcc/avr/5.4.0/../../../../avr/lib/avr6\libm.a(fp_pscA.o)
                0x00003ac4                __fp_pscA
 .text.avr-libc.fplib
                0x00003ad2        0xe c:/program files (x86)/atmel/studio/7.0/toolchain/avr8/avr8-gnu-toolchain/bin/../lib/gcc/avr/5.4.0/../../../../avr/lib/avr6\libm.a(fp_pscB.o)
                0x00003ad2                __fp_pscB
 .text.avr-libc.fplib
                0x00003ae0       0x22 c:/program files (x86)/atmel/studio/7.0/toolchain/avr8/avr8-gnu-toolchain/bin/../lib/gcc/avr/5.4.0/../../../../avr/lib/avr6\libm.a(fp_round.o)
                0x00003ae0                __fp_round
 .text.avr-libc.fplib
                0x00003b02       0x44 c:/program files (x86)/atmel/studio/7.0/toolchain/avr8/avr8-gnu-toolchain/bin/../lib/gcc/avr/5.4.0/../../../../avr/lib/avr6\libm.a(fp_split3.o)
                0x00003b02                __fp_split3
                0x00003b12                __fp_splitA
 .text.avr-libc.fplib
                0x00003b46        0xe c:/program files (x86)/atmel/studio/7.0/toolchain/avr8/avr8-gnu-toolchain/bin/../lib/gcc/avr/5.4.0/../../../../avr/lib/avr6\libm.a(fp_zero.o)
                0x00003b46                __fp_zero
                0x00003b48                __fp_szero
 .text._hihTwiCallback
                0x00003b54       0x5a ../drivers\libIotLibrary.a(hih8120.o)
 .text.hih8120_initialise
                0x00003bae       0x30 ../drivers\libIotLibrary.a(hih8120.o)
                0x00003bae                hih8120_initialise
 .text.hih8120_wakeup
                0x00003bde       0x2a ../drivers\libIotLibrary.a(hih8120.o)
                0x00003bde                hih8120_wakeup
 .text.hih8120_measure
                0x00003c08       0x22 ../drivers\libIotLibrary.a(hih8120.o)
                0x00003c08                hih8120_measure
 .text.hih8120_getHumidity
                0x00003c2a       0x2a ../drivers\libIotLibrary.a(hih8120.o)
                0x00003c2a                hih8120_getHumidity
 .text.hih8120_getHumidityPercent_x10
                0x00003c54       0x16 ../drivers\libIotLibrary.a(hih8120.o)
                0x00003c54                hih8120_getHumidityPercent_x10
 .text.hih8120_getTemperature
                0x00003c6a       0x34 ../drivers\libIotLibrary.a(hih8120.o)
                0x00003c6a                hih8120_getTemperature
 .text._serialCallBack
                0x00003c9e       0x8c ../drivers\libIotLibrary.a(lora_driver.o)
 .text._uploadMessage
                0x00003d2a       0xb4 ../drivers\libIotLibrary.a(lora_driver.o)
 .text._reply2ReturnCode
                0x00003dde       0xea ../drivers\libIotLibrary.a(lora_driver.o)
 .text._uploadMessageRc
                0x00003ec8        0x6 ../drivers\libIotLibrary.a(lora_driver.o)
 .text.lora_driver_flushBuffers
                0x00003ece        0xe ../drivers\libIotLibrary.a(lora_driver.o)
                0x00003ece                lora_driver_flushBuffers
 .text.lora_driver_initialise
                0x00003edc       0x80 ../drivers\libIotLibrary.a(lora_driver.o)
                0x00003edc                lora_driver_initialise
 .text.lora_driver_resetRn2483
                0x00003f5c       0x1c ../drivers\libIotLibrary.a(lora_driver.o)
                0x00003f5c                lora_driver_resetRn2483
 .text.lora_driver_rn2483FactoryReset
                0x00003f78       0x24 ../drivers\libIotLibrary.a(lora_driver.o)
                0x00003f78                lora_driver_rn2483FactoryReset
 .text.lora_driver_getRn2483Hweui
                0x00003f9c       0x38 ../drivers\libIotLibrary.a(lora_driver.o)
                0x00003f9c                lora_driver_getRn2483Hweui
 .text.lora_driver_setDeviceIdentifier
                0x00003fd4       0x22 ../drivers\libIotLibrary.a(lora_driver.o)
                0x00003fd4                lora_driver_setDeviceIdentifier
 .text.lora_driver_setApplicationIdentifier
                0x00003ff6       0x22 ../drivers\libIotLibrary.a(lora_driver.o)
                0x00003ff6                lora_driver_setApplicationIdentifier
 .text.lora_driver_setApplicationKey
                0x00004018       0x22 ../drivers\libIotLibrary.a(lora_driver.o)
                0x00004018                lora_driver_setApplicationKey
 .text.lora_driver_saveMac
                0x0000403a        0xc ../drivers\libIotLibrary.a(lora_driver.o)
                0x0000403a                lora_driver_saveMac
 .text.lora_driver_join
                0x00004046       0x52 ../drivers\libIotLibrary.a(lora_driver.o)
                0x00004046                lora_driver_join
 .text.lora_driver_setAdaptiveDataRate
                0x00004098       0x16 ../drivers\libIotLibrary.a(lora_driver.o)
                0x00004098                lora_driver_setAdaptiveDataRate
 .text.lora_driver_setReceiveDelay
                0x000040ae       0x30 ../drivers\libIotLibrary.a(lora_driver.o)
                0x000040ae                lora_driver_setReceiveDelay
 .text.lora_driver_configureToEu868
                0x000040de      0x1bc ../drivers\libIotLibrary.a(lora_driver.o)
                0x000040de                lora_driver_configureToEu868
 .text.lora_driver_setOtaaIdentity
                0x0000429a       0x42 ../drivers\libIotLibrary.a(lora_driver.o)
                0x0000429a                lora_driver_setOtaaIdentity
 .text.lora_driver_mapReturnCodeToText
                0x000042dc       0x18 ../drivers\libIotLibrary.a(lora_driver.o)
                0x000042dc                lora_driver_mapReturnCodeToText
 .text._serialCallBack
                0x000042f4       0xb6 ../drivers\libIotLibrary.a(mh_z19.o)
 .text.mh_z19_initialise
                0x000043aa       0x4a ../drivers\libIotLibrary.a(mh_z19.o)
                0x000043aa                mh_z19_initialise
 .text.mh_z19_injectCallBack
                0x000043f4        0xa ../drivers\libIotLibrary.a(mh_z19.o)
                0x000043f4                mh_z19_injectCallBack
 .text.mh_z19_takeMeassuring
                0x000043fe       0x5e ../drivers\libIotLibrary.a(mh_z19.o)
                0x000043fe                mh_z19_takeMeassuring
 .text.serial_create
                0x0000445c      0x14a ../drivers\libIotLibrary.a(serial.o)
                0x0000445c                serial_create
 .text.serial_sendByte
                0x000045a6       0x56 ../drivers\libIotLibrary.a(serial.o)
                0x000045a6                serial_sendByte
 .text.serial_sendBytes
                0x000045fc       0xaa ../drivers\libIotLibrary.a(serial.o)
                0x000045fc                serial_sendBytes
 .text.serial_getByte
                0x000046a6       0x40 ../drivers\libIotLibrary.a(serial.o)
                0x000046a6                serial_getByte
 .text.__vector_25
                0x000046e6       0xa4 ../drivers\libIotLibrary.a(serial.o)
                0x000046e6                __vector_25
 .text.__vector_26
                0x0000478a       0x88 ../drivers\libIotLibrary.a(serial.o)
                0x0000478a                __vector_26
 .text.__vector_36
                0x00004812       0xa4 ../drivers\libIotLibrary.a(serial.o)
                0x00004812                __vector_36
 .text.__vector_37
                0x000048b6       0x88 ../drivers\libIotLibrary.a(serial.o)
                0x000048b6                __vector_37
 .text.__vector_51
                0x0000493e       0xa4 ../drivers\libIotLibrary.a(serial.o)
                0x0000493e                __vector_51
 .text.__vector_52
                0x000049e2       0x88 ../drivers\libIotLibrary.a(serial.o)
                0x000049e2                __vector_52
 .text.__vector_54
                0x00004a6a       0xa4 ../drivers\libIotLibrary.a(serial.o)
                0x00004a6a                __vector_54
 .text.__vector_55
                0x00004b0e       0x88 ../drivers\libIotLibrary.a(serial.o)
                0x00004b0e                __vector_55
 .text.usart_getchar
                0x00004b96       0x2a ../drivers\libIotLibrary.a(stdio_driver.o)
 .text.usart_putchar
                0x00004bc0       0x12 ../drivers\libIotLibrary.a(stdio_driver.o)
 .text.stdio_initialise
                0x00004bd2       0x52 ../drivers\libIotLibrary.a(stdio_driver.o)
                0x00004bd2                stdio_initialise
 .text._initTwiInterface
                0x00004c24       0x22 ../drivers\libIotLibrary.a(twi.o)
 .text.twiCreate
                0x00004c46       0x9a ../drivers\libIotLibrary.a(twi.o)
                0x00004c46                twiCreate
 .text.twiIsBusy
                0x00004ce0        0x8 ../drivers\libIotLibrary.a(twi.o)
                0x00004ce0                twiIsBusy
 .text.twiTransmit
                0x00004ce8       0x98 ../drivers\libIotLibrary.a(twi.o)
                0x00004ce8                twiTransmit
 .text.twiReceive
                0x00004d80       0x66 ../drivers\libIotLibrary.a(twi.o)
                0x00004d80                twiReceive
 .text.__vector_39
                0x00004de6      0x17a ../drivers\libIotLibrary.a(twi.o)
                0x00004de6                __vector_39
 .text.fifo_init
                0x00004f60       0x38 ../drivers\libIotLibrary.a(fifo.o)
                0x00004f60                fifo_init
 .text.avr-libc
                0x00004f98      0x712 c:/program files (x86)/atmel/studio/7.0/toolchain/avr8/avr8-gnu-toolchain/bin/../lib/gcc/avr/5.4.0/../../../../avr/lib/avr6\libprintf_flt.a(vfprintf_flt.o)
                0x00004f98                vfprintf
 .text.avr-libc.fplib
                0x000056aa        0x6 c:/program files (x86)/atmel/studio/7.0/toolchain/avr8/avr8-gnu-toolchain/bin/../lib/gcc/avr/5.4.0/../../../../avr/lib/avr6\libm.a(divsf3.o)
                0x000056aa                __divsf3
 .text.avr-libc.fplib
                0x000056b0       0xdc c:/program files (x86)/atmel/studio/7.0/toolchain/avr8/avr8-gnu-toolchain/bin/../lib/gcc/avr/5.4.0/../../../../avr/lib/avr6\libm.a(divsf3x.o)
                0x000056d0                __divsf3x
                0x000056d6                __divsf3_pse
 .text.avr-libc.fplib
                0x0000578c       0x5e c:/program files (x86)/atmel/studio/7.0/toolchain/avr8/avr8-gnu-toolchain/bin/../lib/gcc/avr/5.4.0/../../../../avr/lib/avr6\libm.a(fixunssfsi.o)
                0x0000578c                __fixunssfsi
 .text.avr-libc.fplib
                0x000057ea       0x7a c:/program files (x86)/atmel/studio/7.0/toolchain/avr8/avr8-gnu-toolchain/bin/../lib/gcc/avr/5.4.0/../../../../avr/lib/avr6\libm.a(floatsisf.o)
                0x000057ea                __floatunsisf
                0x000057ee                __floatsisf
 .text.avr-libc.fplib
                0x00005864        0x6 c:/program files (x86)/atmel/studio/7.0/toolchain/avr8/avr8-gnu-toolchain/bin/../lib/gcc/avr/5.4.0/../../../../avr/lib/avr6\libm.a(mulsf3.o)
                0x00005864                __mulsf3
 .text.avr-libc.fplib
                0x0000586a       0xd2 c:/program files (x86)/atmel/studio/7.0/toolchain/avr8/avr8-gnu-toolchain/bin/../lib/gcc/avr/5.4.0/../../../../avr/lib/avr6\libm.a(mulsf3x.o)
                0x00005888                __mulsf3x
                0x0000588e                __mulsf3_pse
 .text.libgcc.div
                0x0000593c       0x44 c:/program files (x86)/atmel/studio/7.0/toolchain/avr8/avr8-gnu-toolchain/bin/../lib/gcc/avr/5.4.0/avr6\libgcc.a(_udivmodsi4.o)
                0x0000593c                __udivmodsi4
 .text.libgcc   0x00005980       0x10 c:/program files (x86)/atmel/studio/7.0/toolchain/avr8/avr8-gnu-toolchain/bin/../lib/gcc/avr/5.4.0/avr6\libgcc.a(_tablejump2.o)
                0x00005980                __tablejump2__
 .text.avr-libc
                0x00005990      0x242 c:/program files (x86)/atmel/studio/7.0/toolchain/avr8/avr8-gnu-toolchain/bin/../lib/gcc/avr/5.4.0/../../../../avr/lib/avr6\libc.a(malloc.o)
                0x00005990                malloc
                0x00005ac0                free
 .text.avr-libc
                0x00005bd2        0x8 c:/program files (x86)/atmel/studio/7.0/toolchain/avr8/avr8-gnu-toolchain/bin/../lib/gcc/avr/5.4.0/../../../../avr/lib/avr6\libc.a(abort.o)
                0x00005bd2                abort
 .text.avr-libc
                0x00005bda      0x1b0 c:/program files (x86)/atmel/studio/7.0/toolchain/avr8/avr8-gnu-toolchain/bin/../lib/gcc/avr/5.4.0/../../../../avr/lib/avr6\libc.a(ftoa_engine.o)
                0x00005bda                __ftoa_engine
 .text.avr-libc
                0x00005d8a       0x16 c:/program files (x86)/atmel/studio/7.0/toolchain/avr8/avr8-gnu-toolchain/bin/../lib/gcc/avr/5.4.0/../../../../avr/lib/avr6\libc.a(strnlen_P.o)
                0x00005d8a                strnlen_P
 .text.avr-libc
                0x00005da0       0x12 c:/program files (x86)/atmel/studio/7.0/toolchain/avr8/avr8-gnu-toolchain/bin/../lib/gcc/avr/5.4.0/../../../../avr/lib/avr6\libc.a(memcpy.o)
                0x00005da0                memcpy
 .text.avr-libc
                0x00005db2        0xe c:/program files (x86)/atmel/studio/7.0/toolchain/avr8/avr8-gnu-toolchain/bin/../lib/gcc/avr/5.4.0/../../../../avr/lib/avr6\libc.a(memset.o)
                0x00005db2                memset
 .text.avr-libc
                0x00005dc0       0x4a c:/program files (x86)/atmel/studio/7.0/toolchain/avr8/avr8-gnu-toolchain/bin/../lib/gcc/avr/5.4.0/../../../../avr/lib/avr6\libc.a(strcasestr.o)
                0x00005dc0                strcasestr
 .text.avr-libc
                0x00005e0a       0x16 c:/program files (x86)/atmel/studio/7.0/toolchain/avr8/avr8-gnu-toolchain/bin/../lib/gcc/avr/5.4.0/../../../../avr/lib/avr6\libc.a(strcat.o)
                0x00005e0a                strcat
 .text.avr-libc
                0x00005e20        0xe c:/program files (x86)/atmel/studio/7.0/toolchain/avr8/avr8-gnu-toolchain/bin/../lib/gcc/avr/5.4.0/../../../../avr/lib/avr6\libc.a(strcpy.o)
                0x00005e20                strcpy
 .text.avr-libc
                0x00005e2e       0x30 c:/program files (x86)/atmel/studio/7.0/toolchain/avr8/avr8-gnu-toolchain/bin/../lib/gcc/avr/5.4.0/../../../../avr/lib/avr6\libc.a(strncasecmp.o)
                0x00005e2e                strncasecmp
 .text.avr-libc
                0x00005e5e       0x16 c:/program files (x86)/atmel/studio/7.0/toolchain/avr8/avr8-gnu-toolchain/bin/../lib/gcc/avr/5.4.0/../../../../avr/lib/avr6\libc.a(strnlen.o)
                0x00005e5e                strnlen
 .text.avr-libc
                0x00005e74       0x78 c:/program files (x86)/atmel/studio/7.0/toolchain/avr8/avr8-gnu-toolchain/bin/../lib/gcc/avr/5.4.0/../../../../avr/lib/avr6\libc.a(fputc.o)
                0x00005e74                fputc
 .text.avr-libc
                0x00005eec       0x26 c:/program files (x86)/atmel/studio/7.0/toolchain/avr8/avr8-gnu-toolchain/bin/../lib/gcc/avr/5.4.0/../../../../avr/lib/avr6\libc.a(printf.o)
                0x00005eec                printf
 .text.avr-libc
                0x00005f12       0x60 c:/program files (x86)/atmel/studio/7.0/toolchain/avr8/avr8-gnu-toolchain/bin/../lib/gcc/avr/5.4.0/../../../../avr/lib/avr6\libc.a(puts.o)
                0x00005f12                puts
 .text.avr-libc
                0x00005f72       0x5e c:/program files (x86)/atmel/studio/7.0/toolchain/avr8/avr8-gnu-toolchain/bin/../lib/gcc/avr/5.4.0/../../../../avr/lib/avr6\libc.a(sprintf.o)
                0x00005f72                sprintf
 .text.avr-libc
                0x00005fd0       0xbc c:/program files (x86)/atmel/studio/7.0/toolchain/avr8/avr8-gnu-toolchain/bin/../lib/gcc/avr/5.4.0/../../../../avr/lib/avr6\libc.a(ultoa_invert.o)
                0x00005fd0                __ultoa_invert
                0x0000608c                . = ALIGN (0x2)
 *(.fini9)
 .fini9         0x0000608c        0x0 c:/program files (x86)/atmel/studio/7.0/toolchain/avr8/avr8-gnu-toolchain/bin/../lib/gcc/avr/5.4.0/avr6\libgcc.a(_exit.o)
                0x0000608c                _exit
                0x0000608c                exit
 *(.fini9)
 *(.fini8)
 *(.fini8)
 *(.fini7)
 *(.fini7)
 *(.fini6)
 *(.fini6)
 *(.fini5)
 *(.fini5)
 *(.fini4)
 *(.fini4)
 *(.fini3)
 *(.fini3)
 *(.fini2)
 *(.fini2)
 *(.fini1)
 *(.fini1)
 *(.fini0)
 .fini0         0x0000608c        0x4 c:/program files (x86)/atmel/studio/7.0/toolchain/avr8/avr8-gnu-toolchain/bin/../lib/gcc/avr/5.4.0/avr6\libgcc.a(_exit.o)
 *(.fini0)
                0x00006090                _etext = .

.data           0x00800200      0x506 load address 0x00006090
                0x00800200                PROVIDE (__data_start, .)
 *(.data)
 .data          0x00800200        0x6 c:/program files (x86)/atmel/studio/7.0/toolchain/avr8/avr8-gnu-toolchain/bin/../lib/gcc/avr/5.4.0/../../../../avr/lib/avr6\libc.a(malloc.o)
                0x00800200                __malloc_heap_end
                0x00800202                __malloc_heap_start
                0x00800204                __malloc_margin
 *(.data*)
 .data.uxTopUsedPriority
                0x00800206        0x1 FreeRTOS/src/tasks.o
                0x00800206                uxTopUsedPriority
 .data._temp    0x00800207        0x2 ../drivers\libIotLibrary.a(hih8120.o)
 .data._hum     0x00800209        0x2 ../drivers\libIotLibrary.a(hih8120.o)
 .data._com_port_2_udr
                0x0080020b        0x8 ../drivers\libIotLibrary.a(serial.o)
                0x0080020b                _com_port_2_udr
 .data.mystdout.1882
                0x00800213        0xe ../drivers\libIotLibrary.a(stdio_driver.o)
 .data._twiCurrentState
                0x00800221        0x1 ../drivers\libIotLibrary.a(twi.o)
 *(.gnu.linkonce.d*)
 *(.rodata)
 .rodata        0x00800222       0x20 ../drivers\libIotLibrary.a(lora_driver.o)
 .rodata        0x00800242       0x2d ../drivers\libIotLibrary.a(mh_z19.o)
 *(.rodata*)
 .rodata.str1.1
                0x0080026f       0x1f CO2Handler.o
 .rodata.str1.1
                0x0080028e       0x44 TemperatureHandler.o
 .rodata.str1.1
                0x008002d2      0x15b UplinkHandler.o
 .rodata.str1.1
                0x0080042d        0x5 FreeRTOS/src/tasks.o
 .rodata.str1.1
                0x00800432        0x8 FreeRTOS/src/timers.o
 .rodata.str1.1
                0x0080043a      0x295 ../drivers\libIotLibrary.a(lora_driver.o)
                                0x2a5 (size before relaxing)
 .rodata._joinMode
                0x008006cf        0x4 ../drivers\libIotLibrary.a(lora_driver.o)
 .rodata._returnCode
                0x008006d3       0x33 ../drivers\libIotLibrary.a(lora_driver.o)
                0x008006d3                _returnCode
 *(.gnu.linkonce.r*)
                0x00800706                . = ALIGN (0x2)
                0x00800706                _edata = .
                0x00800706                PROVIDE (__data_end, .)

.bss            0x00800706      0xbc2
                0x00800706                PROVIDE (__bss_start, .)
 *(.bss)
 *(.bss*)
 .bss.xBlockAllocatedBit
                0x00800706        0x2 FreeRTOS/src/heap_4.o
 .bss.xNumberOfSuccessfulFrees
                0x00800708        0x2 FreeRTOS/src/heap_4.o
 .bss.xNumberOfSuccessfulAllocations
                0x0080070a        0x2 FreeRTOS/src/heap_4.o
 .bss.xMinimumEverFreeBytesRemaining
                0x0080070c        0x2 FreeRTOS/src/heap_4.o
 .bss.xFreeBytesRemaining
                0x0080070e        0x2 FreeRTOS/src/heap_4.o
 .bss.pxEnd     0x00800710        0x2 FreeRTOS/src/heap_4.o
 .bss.xStart    0x00800712        0x4 FreeRTOS/src/heap_4.o
 .bss.ucHeap    0x00800716      0x9c4 FreeRTOS/src/heap_4.o
 .bss.uxSchedulerSuspended
                0x008010da        0x1 FreeRTOS/src/tasks.o
 .bss.xIdleTaskHandle
                0x008010db        0x2 FreeRTOS/src/tasks.o
 .bss.xNextTaskUnblockTime
                0x008010dd        0x4 FreeRTOS/src/tasks.o
 .bss.uxTaskNumber
                0x008010e1        0x1 FreeRTOS/src/tasks.o
 .bss.xNumOfOverflows
                0x008010e2        0x1 FreeRTOS/src/tasks.o
 .bss.xYieldPending
                0x008010e3        0x1 FreeRTOS/src/tasks.o
 .bss.xPendedTicks
                0x008010e4        0x4 FreeRTOS/src/tasks.o
 .bss.xSchedulerRunning
                0x008010e8        0x1 FreeRTOS/src/tasks.o
 .bss.uxTopReadyPriority
                0x008010e9        0x1 FreeRTOS/src/tasks.o
 .bss.xTickCount
                0x008010ea        0x4 FreeRTOS/src/tasks.o
 .bss.uxCurrentNumberOfTasks
                0x008010ee        0x1 FreeRTOS/src/tasks.o
 .bss.xSuspendedTaskList
                0x008010ef        0xb FreeRTOS/src/tasks.o
 .bss.uxDeletedTasksWaitingCleanUp
                0x008010fa        0x1 FreeRTOS/src/tasks.o
 .bss.xTasksWaitingTermination
                0x008010fb        0xb FreeRTOS/src/tasks.o
 .bss.xPendingReadyList
                0x00801106        0xb FreeRTOS/src/tasks.o
 .bss.pxOverflowDelayedTaskList
                0x00801111        0x2 FreeRTOS/src/tasks.o
 .bss.pxDelayedTaskList
                0x00801113        0x2 FreeRTOS/src/tasks.o
 .bss.xDelayedTaskList2
                0x00801115        0xb FreeRTOS/src/tasks.o
 .bss.xDelayedTaskList1
                0x00801120        0xb FreeRTOS/src/tasks.o
 .bss.pxReadyTasksLists
                0x0080112b       0x6e FreeRTOS/src/tasks.o
 .bss.pxCurrentTCB
                0x00801199        0x2 FreeRTOS/src/tasks.o
                0x00801199                pxCurrentTCB
 .bss.xLastTime.2436
                0x0080119b        0x4 FreeRTOS/src/timers.o
 .bss.xTimerTaskHandle
                0x0080119f        0x2 FreeRTOS/src/timers.o
 .bss.xTimerQueue
                0x008011a1        0x2 FreeRTOS/src/timers.o
 .bss.pxOverflowTimerList
                0x008011a3        0x2 FreeRTOS/src/timers.o
 .bss.pxCurrentTimerList
                0x008011a5        0x2 FreeRTOS/src/timers.o
 .bss.xActiveTimerList2
                0x008011a7        0xb FreeRTOS/src/timers.o
 .bss.xActiveTimerList1
                0x008011b2        0xb FreeRTOS/src/timers.o
 .bss.taskReadyBits
                0x008011bd        0x2 main.o
                0x008011bd                taskReadyBits
 .bss._measuringIsReady
                0x008011bf        0x1 ../drivers\libIotLibrary.a(hih8120.o)
 .bss._hih8120Handler
                0x008011c0        0x2 ../drivers\libIotLibrary.a(hih8120.o)
 .bss._tmp_buf.2871
                0x008011c2       0x37 ../drivers\libIotLibrary.a(lora_driver.o)
 .bss.rec_buf_inp.2878
                0x008011f9        0x1 ../drivers\libIotLibrary.a(lora_driver.o)
 .bss._downlinkMessageBuffer
                0x008011fa        0x2 ../drivers\libIotLibrary.a(lora_driver.o)
 .bss._serialReplyBufferHandle
                0x008011fc        0x2 ../drivers\libIotLibrary.a(lora_driver.o)
 .bss._rn2483_serial
                0x008011fe        0x2 ../drivers\libIotLibrary.a(lora_driver.o)
 .bss._recMessageBuf
                0x00801200       0x2d ../drivers\libIotLibrary.a(lora_driver.o)
 .bss._sendMessage
                0x0080122d       0x2d ../drivers\libIotLibrary.a(lora_driver.o)
 .bss._replyMess
                0x0080125a       0x2d ../drivers\libIotLibrary.a(lora_driver.o)
 .bss.data.1944
                0x00801287        0x2 ../drivers\libIotLibrary.a(mh_z19.o)
 .bss.inDex.1943
                0x00801289        0x1 ../drivers\libIotLibrary.a(mh_z19.o)
 .bss.crc_sum.1945
                0x0080128a        0x1 ../drivers\libIotLibrary.a(mh_z19.o)
 .bss._appCallBack
                0x0080128b        0x2 ../drivers\libIotLibrary.a(mh_z19.o)
 .bss._mh_state
                0x0080128d        0x1 ../drivers\libIotLibrary.a(mh_z19.o)
                0x0080128d                _mh_state
 .bss._ppm      0x0080128e        0x2 ../drivers\libIotLibrary.a(mh_z19.o)
 .bss._serial   0x00801290        0x2 ../drivers\libIotLibrary.a(mh_z19.o)
 .bss._ser_handle
                0x00801292        0x8 ../drivers\libIotLibrary.a(serial.o)
 .bss._com_serial_instance
                0x0080129a        0x2 ../drivers\libIotLibrary.a(stdio_driver.o)
 .bss._index.1885
                0x0080129c        0x1 ../drivers\libIotLibrary.a(twi.o)
 .bss._twiCurrentHandler
                0x0080129d        0x2 ../drivers\libIotLibrary.a(twi.o)
 .bss._twiMessageLen
                0x0080129f        0x1 ../drivers\libIotLibrary.a(twi.o)
 .bss._twiMessageBuffer
                0x008012a0        0xa ../drivers\libIotLibrary.a(twi.o)
 .bss._twiIsInitiated
                0x008012aa        0x1 ../drivers\libIotLibrary.a(twi.o)
 *(COMMON)
 COMMON         0x008012ab        0x9 CO2Handler.o
                0x008012ab                rc
                0x008012ac                ppm
                0x008012ae                ready_bit
                0x008012b2                group_start
 COMMON         0x008012b4        0x4 UplinkHandler.o
                0x008012b4                co2
                0x008012b6                temperatureAndHumidity
 COMMON         0x008012b8        0x6 main.o
                0x008012b8                temperature_sensor
                0x008012ba                xTestSemaphore
                0x008012bc                co2_sensor
 COMMON         0x008012be        0x4 c:/program files (x86)/atmel/studio/7.0/toolchain/avr8/avr8-gnu-toolchain/bin/../lib/gcc/avr/5.4.0/../../../../avr/lib/avr6\libc.a(malloc.o)
                0x008012be                __brkval
                0x008012c0                __flp
 COMMON         0x008012c2        0x6 c:/program files (x86)/atmel/studio/7.0/toolchain/avr8/avr8-gnu-toolchain/bin/../lib/gcc/avr/5.4.0/../../../../avr/lib/avr6\libc.a(iob.o)
                0x008012c2                __iob
                0x008012c8                PROVIDE (__bss_end, .)
                0x00006090                __data_load_start = LOADADDR (.data)
                0x00006596                __data_load_end = (__data_load_start + SIZEOF (.data))

.noinit         0x008012c8        0x0
                [!provide]                PROVIDE (__noinit_start, .)
 *(.noinit*)
                [!provide]                PROVIDE (__noinit_end, .)
                0x008012c8                _end = .
                0x008012c8                PROVIDE (__heap_start, .)

.eeprom         0x00810000        0x0
 *(.eeprom*)
                0x00810000                __eeprom_end = .

.fuse
 *(.fuse)
 *(.lfuse)
 *(.hfuse)
 *(.efuse)

.lock
 *(.lock*)

.signature
 *(.signature*)

.user_signatures
 *(.user_signatures*)

.stab
 *(.stab)

.stabstr
 *(.stabstr)

.stab.excl
 *(.stab.excl)

.stab.exclstr
 *(.stab.exclstr)

.stab.index
 *(.stab.index)

.stab.indexstr
 *(.stab.indexstr)

.comment        0x00000000       0x5c
 *(.comment)
 .comment       0x00000000       0x30 CO2Handler.o
                                 0x31 (size before relaxing)
 .comment       0x00000030       0x31 TemperatureHandler.o
 .comment       0x00000030       0x31 UplinkHandler.o
 .comment       0x00000030       0x31 FreeRTOS/src/event_groups.o
 .comment       0x00000030       0x31 FreeRTOS/src/heap_4.o
 .comment       0x00000030       0x31 FreeRTOS/src/list.o
 .comment       0x00000030       0x31 FreeRTOS/src/port.o
 .comment       0x00000030       0x31 FreeRTOS/src/queue.o
 .comment       0x00000030       0x31 FreeRTOS/src/stream_buffer.o
 .comment       0x00000030       0x31 FreeRTOS/src/tasks.o
 .comment       0x00000030       0x31 FreeRTOS/src/timers.o
 .comment       0x00000030       0x31 FreeRTOS/src/variantHooks.o
 .comment       0x00000030       0x31 main.o
 .comment       0x00000030       0x31 ../drivers\libIotLibrary.a(hih8120.o)
 .comment       0x00000030       0x31 ../drivers\libIotLibrary.a(lora_driver.o)
 .comment       0x00000030       0x31 ../drivers\libIotLibrary.a(mh_z19.o)
 .comment       0x00000030       0x31 ../drivers\libIotLibrary.a(serial.o)
 .comment       0x00000030       0x31 ../drivers\libIotLibrary.a(stdio_driver.o)
 .comment       0x00000030       0x31 ../drivers\libIotLibrary.a(twi.o)
 .comment       0x00000030       0x31 ../drivers\libIotLibrary.a(fifo.o)
 .comment       0x00000030       0x2c c:/program files (x86)/atmel/studio/7.0/toolchain/avr8/avr8-gnu-toolchain/bin/../lib/gcc/avr/5.4.0/../../../../avr/lib/avr6\libprintf_flt.a(vfprintf_flt.o)
                                 0x2d (size before relaxing)
 .comment       0x0000005c       0x31 c:/program files (x86)/atmel/studio/7.0/toolchain/avr8/avr8-gnu-toolchain/bin/../lib/gcc/avr/5.4.0/../../../../avr/lib/avr6\libc.a(malloc.o)
 .comment       0x0000005c       0x31 c:/program files (x86)/atmel/studio/7.0/toolchain/avr8/avr8-gnu-toolchain/bin/../lib/gcc/avr/5.4.0/../../../../avr/lib/avr6\libc.a(fputc.o)
 .comment       0x0000005c       0x31 c:/program files (x86)/atmel/studio/7.0/toolchain/avr8/avr8-gnu-toolchain/bin/../lib/gcc/avr/5.4.0/../../../../avr/lib/avr6\libc.a(iob.o)
 .comment       0x0000005c       0x31 c:/program files (x86)/atmel/studio/7.0/toolchain/avr8/avr8-gnu-toolchain/bin/../lib/gcc/avr/5.4.0/../../../../avr/lib/avr6\libc.a(printf.o)
 .comment       0x0000005c       0x31 c:/program files (x86)/atmel/studio/7.0/toolchain/avr8/avr8-gnu-toolchain/bin/../lib/gcc/avr/5.4.0/../../../../avr/lib/avr6\libc.a(puts.o)
 .comment       0x0000005c       0x31 c:/program files (x86)/atmel/studio/7.0/toolchain/avr8/avr8-gnu-toolchain/bin/../lib/gcc/avr/5.4.0/../../../../avr/lib/avr6\libc.a(sprintf.o)

.note.gnu.avr.deviceinfo
                0x00000000       0x40
 .note.gnu.avr.deviceinfo
                0x00000000       0x40 C:/Program Files (x86)/Atmel/Studio/7.0/Packs/atmel/ATmega_DFP/1.6.364/gcc/dev/atmega2560/avr6/crtatmega2560.o

.note.gnu.build-id
 *(.note.gnu.build-id)

.debug
 *(.debug)

.line
 *(.line)

.debug_srcinfo
 *(.debug_srcinfo)

.debug_sfnames
 *(.debug_sfnames)

.debug_aranges  0x00000000      0xa08
 *(.debug_aranges)
 .debug_aranges
                0x00000000       0x40 CO2Handler.o
 .debug_aranges
                0x00000040       0x48 TemperatureHandler.o
 .debug_aranges
                0x00000088       0x30 UplinkHandler.o
 .debug_aranges
                0x000000b8       0x68 FreeRTOS/src/event_groups.o
 .debug_aranges
                0x00000120       0x58 FreeRTOS/src/heap_4.o
 .debug_aranges
                0x00000178       0x40 FreeRTOS/src/list.o
 .debug_aranges
                0x000001b8       0x58 FreeRTOS/src/port.o
 .debug_aranges
                0x00000210       0xf8 FreeRTOS/src/queue.o
 .debug_aranges
                0x00000308       0xc0 FreeRTOS/src/stream_buffer.o
 .debug_aranges
                0x000003c8      0x1d0 FreeRTOS/src/tasks.o
 .debug_aranges
                0x00000598       0xc8 FreeRTOS/src/timers.o
 .debug_aranges
                0x00000660       0x40 FreeRTOS/src/variantHooks.o
 .debug_aranges
                0x000006a0       0x38 main.o
 .debug_aranges
                0x000006d8       0x68 ../drivers\libIotLibrary.a(hih8120.o)
 .debug_aranges
                0x00000740      0x138 ../drivers\libIotLibrary.a(lora_driver.o)
 .debug_aranges
                0x00000878       0x58 ../drivers\libIotLibrary.a(mh_z19.o)
 .debug_aranges
                0x000008d0       0x90 ../drivers\libIotLibrary.a(serial.o)
 .debug_aranges
                0x00000960       0x38 ../drivers\libIotLibrary.a(stdio_driver.o)
 .debug_aranges
                0x00000998       0x50 ../drivers\libIotLibrary.a(twi.o)
 .debug_aranges
                0x000009e8       0x20 ../drivers\libIotLibrary.a(fifo.o)

.debug_pubnames
 *(.debug_pubnames)

.debug_info     0x00000000     0xcea7
 *(.debug_info .gnu.linkonce.wi.*)
 .debug_info    0x00000000      0xbbc C:/Program Files (x86)/Atmel/Studio/7.0/Packs/atmel/ATmega_DFP/1.6.364/gcc/dev/atmega2560/avr6/crtatmega2560.o
 .debug_info    0x00000bbc      0x4da CO2Handler.o
 .debug_info    0x00001096      0x553 TemperatureHandler.o
 .debug_info    0x000015e9      0x76d UplinkHandler.o
 .debug_info    0x00001d56      0x971 FreeRTOS/src/event_groups.o
 .debug_info    0x000026c7      0x4e6 FreeRTOS/src/heap_4.o
 .debug_info    0x00002bad      0x2e7 FreeRTOS/src/list.o
 .debug_info    0x00002e94      0x2ff FreeRTOS/src/port.o
 .debug_info    0x00003193     0x17e6 FreeRTOS/src/queue.o
 .debug_info    0x00004979     0x13df FreeRTOS/src/stream_buffer.o
 .debug_info    0x00005d58     0x2239 FreeRTOS/src/tasks.o
 .debug_info    0x00007f91     0x10dd FreeRTOS/src/timers.o
 .debug_info    0x0000906e      0x20f FreeRTOS/src/variantHooks.o
 .debug_info    0x0000927d      0x373 main.o
 .debug_info    0x000095f0      0x3a9 ../drivers\libIotLibrary.a(hih8120.o)
 .debug_info    0x00009999     0x1747 ../drivers\libIotLibrary.a(lora_driver.o)
 .debug_info    0x0000b0e0      0x556 ../drivers\libIotLibrary.a(mh_z19.o)
 .debug_info    0x0000b636      0xd9b ../drivers\libIotLibrary.a(serial.o)
 .debug_info    0x0000c3d1      0x3b6 ../drivers\libIotLibrary.a(stdio_driver.o)
 .debug_info    0x0000c787      0x55d ../drivers\libIotLibrary.a(twi.o)
 .debug_info    0x0000cce4      0x1c3 ../drivers\libIotLibrary.a(fifo.o)

.debug_abbrev   0x00000000     0x3254
 *(.debug_abbrev)
 .debug_abbrev  0x00000000      0xb1a C:/Program Files (x86)/Atmel/Studio/7.0/Packs/atmel/ATmega_DFP/1.6.364/gcc/dev/atmega2560/avr6/crtatmega2560.o
 .debug_abbrev  0x00000b1a      0x217 CO2Handler.o
 .debug_abbrev  0x00000d31      0x1ee TemperatureHandler.o
 .debug_abbrev  0x00000f1f      0x1d9 UplinkHandler.o
 .debug_abbrev  0x000010f8      0x1dc FreeRTOS/src/event_groups.o
 .debug_abbrev  0x000012d4      0x200 FreeRTOS/src/heap_4.o
 .debug_abbrev  0x000014d4       0xff FreeRTOS/src/list.o
 .debug_abbrev  0x000015d3      0x179 FreeRTOS/src/port.o
 .debug_abbrev  0x0000174c      0x241 FreeRTOS/src/queue.o
 .debug_abbrev  0x0000198d      0x246 FreeRTOS/src/stream_buffer.o
 .debug_abbrev  0x00001bd3      0x2c8 FreeRTOS/src/tasks.o
 .debug_abbrev  0x00001e9b      0x28c FreeRTOS/src/timers.o
 .debug_abbrev  0x00002127       0xff FreeRTOS/src/variantHooks.o
 .debug_abbrev  0x00002226      0x130 main.o
 .debug_abbrev  0x00002356      0x184 ../drivers\libIotLibrary.a(hih8120.o)
 .debug_abbrev  0x000024da      0x33b ../drivers\libIotLibrary.a(lora_driver.o)
 .debug_abbrev  0x00002815      0x238 ../drivers\libIotLibrary.a(mh_z19.o)
 .debug_abbrev  0x00002a4d      0x355 ../drivers\libIotLibrary.a(serial.o)
 .debug_abbrev  0x00002da2      0x1b3 ../drivers\libIotLibrary.a(stdio_driver.o)
 .debug_abbrev  0x00002f55      0x217 ../drivers\libIotLibrary.a(twi.o)
 .debug_abbrev  0x0000316c       0xe8 ../drivers\libIotLibrary.a(fifo.o)

.debug_line     0x00000000     0x6318
 *(.debug_line .debug_line.* .debug_line_end)
 .debug_line    0x00000000      0x1fa C:/Program Files (x86)/Atmel/Studio/7.0/Packs/atmel/ATmega_DFP/1.6.364/gcc/dev/atmega2560/avr6/crtatmega2560.o
 .debug_line    0x000001fa      0x1f7 CO2Handler.o
 .debug_line    0x000003f1      0x239 TemperatureHandler.o
 .debug_line    0x0000062a      0x253 UplinkHandler.o
 .debug_line    0x0000087d      0x413 FreeRTOS/src/event_groups.o
 .debug_line    0x00000c90      0x41f FreeRTOS/src/heap_4.o
 .debug_line    0x000010af      0x1db FreeRTOS/src/list.o
 .debug_line    0x0000128a      0x28a FreeRTOS/src/port.o
 .debug_line    0x00001514      0xbe3 FreeRTOS/src/queue.o
 .debug_line    0x000020f7      0x79a FreeRTOS/src/stream_buffer.o
 .debug_line    0x00002891     0x15ba FreeRTOS/src/tasks.o
 .debug_line    0x00003e4b      0x624 FreeRTOS/src/timers.o
 .debug_line    0x0000446f      0x1af FreeRTOS/src/variantHooks.o
 .debug_line    0x0000461e      0x1ed main.o
 .debug_line    0x0000480b      0x24a ../drivers\libIotLibrary.a(hih8120.o)
 .debug_line    0x00004a55      0x9aa ../drivers\libIotLibrary.a(lora_driver.o)
 .debug_line    0x000053ff      0x2fc ../drivers\libIotLibrary.a(mh_z19.o)
 .debug_line    0x000056fb      0x6a0 ../drivers\libIotLibrary.a(serial.o)
 .debug_line    0x00005d9b      0x146 ../drivers\libIotLibrary.a(stdio_driver.o)
 .debug_line    0x00005ee1      0x31c ../drivers\libIotLibrary.a(twi.o)
 .debug_line    0x000061fd      0x11b ../drivers\libIotLibrary.a(fifo.o)

.debug_frame    0x00000000     0x2564
 *(.debug_frame)
 .debug_frame   0x00000000       0xc4 CO2Handler.o
 .debug_frame   0x000000c4       0xe0 TemperatureHandler.o
 .debug_frame   0x000001a4       0x80 UplinkHandler.o
 .debug_frame   0x00000224      0x1dc FreeRTOS/src/event_groups.o
 .debug_frame   0x00000400       0xfc FreeRTOS/src/heap_4.o
 .debug_frame   0x000004fc       0x90 FreeRTOS/src/list.o
 .debug_frame   0x0000058c       0x94 FreeRTOS/src/port.o
 .debug_frame   0x00000620      0x3a4 FreeRTOS/src/queue.o
 .debug_frame   0x000009c4      0x40c FreeRTOS/src/stream_buffer.o
 .debug_frame   0x00000dd0      0x7a0 FreeRTOS/src/tasks.o
 .debug_frame   0x00001570      0x3ac FreeRTOS/src/timers.o
 .debug_frame   0x0000191c       0x64 FreeRTOS/src/variantHooks.o
 .debug_frame   0x00001980       0x5c main.o
 .debug_frame   0x000019dc       0xc0 ../drivers\libIotLibrary.a(hih8120.o)
 .debug_frame   0x00001a9c      0x460 ../drivers\libIotLibrary.a(lora_driver.o)
 .debug_frame   0x00001efc      0x100 ../drivers\libIotLibrary.a(mh_z19.o)
 .debug_frame   0x00001ffc      0x384 ../drivers\libIotLibrary.a(serial.o)
 .debug_frame   0x00002380       0x94 ../drivers\libIotLibrary.a(stdio_driver.o)
 .debug_frame   0x00002414      0x12c ../drivers\libIotLibrary.a(twi.o)
 .debug_frame   0x00002540       0x24 ../drivers\libIotLibrary.a(fifo.o)

.debug_str      0x00000000     0x3f83
 *(.debug_str)
 .debug_str     0x00000000      0x3e6 C:/Program Files (x86)/Atmel/Studio/7.0/Packs/atmel/ATmega_DFP/1.6.364/gcc/dev/atmega2560/avr6/crtatmega2560.o
 .debug_str     0x000003e6      0x382 CO2Handler.o
                                0x3e6 (size before relaxing)
 .debug_str     0x00000768      0x175 TemperatureHandler.o
                                0x424 (size before relaxing)
 .debug_str     0x000008dd      0x40f UplinkHandler.o
                                0x676 (size before relaxing)
 .debug_str     0x00000cec      0x370 FreeRTOS/src/event_groups.o
                                0x5ae (size before relaxing)
 .debug_str     0x0000105c      0x2ce FreeRTOS/src/heap_4.o
                                0x4a4 (size before relaxing)
 .debug_str     0x0000132a       0x89 FreeRTOS/src/list.o
                                0x2e0 (size before relaxing)
 .debug_str     0x000013b3      0x14d FreeRTOS/src/port.o
                                0x315 (size before relaxing)
 .debug_str     0x00001500      0x652 FreeRTOS/src/queue.o
                                0x954 (size before relaxing)
 .debug_str     0x00001b52      0x4ed FreeRTOS/src/stream_buffer.o
                                0x7dd (size before relaxing)
 .debug_str     0x0000203f      0x88f FreeRTOS/src/tasks.o
                                0xf75 (size before relaxing)
 .debug_str     0x000028ce      0x414 FreeRTOS/src/timers.o
                                0x84b (size before relaxing)
 .debug_str     0x00002ce2       0x7a FreeRTOS/src/variantHooks.o
                                0x28c (size before relaxing)
 .debug_str     0x00002d5c       0xc9 main.o
                                0x381 (size before relaxing)
 .debug_str     0x00002e25      0x2f2 ../drivers\libIotLibrary.a(hih8120.o)
                                0x45c (size before relaxing)
 .debug_str     0x00003117      0x6c3 ../drivers\libIotLibrary.a(lora_driver.o)
                                0xcdb (size before relaxing)
 .debug_str     0x000037da      0x117 ../drivers\libIotLibrary.a(mh_z19.o)
                                0x489 (size before relaxing)
 .debug_str     0x000038f1      0x2e0 ../drivers\libIotLibrary.a(serial.o)
                                0x628 (size before relaxing)
 .debug_str     0x00003bd1       0xa6 ../drivers\libIotLibrary.a(stdio_driver.o)
                                0x37d (size before relaxing)
 .debug_str     0x00003c77      0x2ea ../drivers\libIotLibrary.a(twi.o)
                                0x5b4 (size before relaxing)
 .debug_str     0x00003f61       0x22 ../drivers\libIotLibrary.a(fifo.o)
                                0x239 (size before relaxing)

.debug_loc      0x00000000     0xc0d8
 *(.debug_loc)
 .debug_loc     0x00000000      0x2d7 CO2Handler.o
 .debug_loc     0x000002d7      0x33c TemperatureHandler.o
 .debug_loc     0x00000613      0x28b UplinkHandler.o
 .debug_loc     0x0000089e      0xcc9 FreeRTOS/src/event_groups.o
 .debug_loc     0x00001567      0x4be FreeRTOS/src/heap_4.o
 .debug_loc     0x00001a25      0x17d FreeRTOS/src/list.o
 .debug_loc     0x00001ba2       0xf6 FreeRTOS/src/port.o
 .debug_loc     0x00001c98     0x1abd FreeRTOS/src/queue.o
 .debug_loc     0x00003755     0x1daf FreeRTOS/src/stream_buffer.o
 .debug_loc     0x00005504     0x2a07 FreeRTOS/src/tasks.o
 .debug_loc     0x00007f0b     0x10f3 FreeRTOS/src/timers.o
 .debug_loc     0x00008ffe       0xdc FreeRTOS/src/variantHooks.o
 .debug_loc     0x000090da       0x22 main.o
 .debug_loc     0x000090fc       0x9f ../drivers\libIotLibrary.a(hih8120.o)
 .debug_loc     0x0000919b     0x1216 ../drivers\libIotLibrary.a(lora_driver.o)
 .debug_loc     0x0000a3b1      0x37c ../drivers\libIotLibrary.a(mh_z19.o)
 .debug_loc     0x0000a72d     0x114c ../drivers\libIotLibrary.a(serial.o)
 .debug_loc     0x0000b879      0x18c ../drivers\libIotLibrary.a(stdio_driver.o)
 .debug_loc     0x0000ba05      0x575 ../drivers\libIotLibrary.a(twi.o)
 .debug_loc     0x0000bf7a      0x15e ../drivers\libIotLibrary.a(fifo.o)

.debug_macinfo
 *(.debug_macinfo)

.debug_weaknames
 *(.debug_weaknames)

.debug_funcnames
 *(.debug_funcnames)

.debug_typenames
 *(.debug_typenames)

.debug_varnames
 *(.debug_varnames)

.debug_pubtypes
 *(.debug_pubtypes)

.debug_ranges   0x00000000      0x980
 *(.debug_ranges)
 .debug_ranges  0x00000000       0x30 CO2Handler.o
 .debug_ranges  0x00000030       0x38 TemperatureHandler.o
 .debug_ranges  0x00000068       0x20 UplinkHandler.o
 .debug_ranges  0x00000088       0x70 FreeRTOS/src/event_groups.o
 .debug_ranges  0x000000f8       0x48 FreeRTOS/src/heap_4.o
 .debug_ranges  0x00000140       0x30 FreeRTOS/src/list.o
 .debug_ranges  0x00000170       0x48 FreeRTOS/src/port.o
 .debug_ranges  0x000001b8      0x130 FreeRTOS/src/queue.o
 .debug_ranges  0x000002e8       0xb0 FreeRTOS/src/stream_buffer.o
 .debug_ranges  0x00000398      0x200 FreeRTOS/src/tasks.o
 .debug_ranges  0x00000598       0xb8 FreeRTOS/src/timers.o
 .debug_ranges  0x00000650       0x30 FreeRTOS/src/variantHooks.o
 .debug_ranges  0x00000680       0x28 main.o
 .debug_ranges  0x000006a8       0x58 ../drivers\libIotLibrary.a(hih8120.o)
 .debug_ranges  0x00000700      0x128 ../drivers\libIotLibrary.a(lora_driver.o)
 .debug_ranges  0x00000828       0x48 ../drivers\libIotLibrary.a(mh_z19.o)
 .debug_ranges  0x00000870       0x98 ../drivers\libIotLibrary.a(serial.o)
 .debug_ranges  0x00000908       0x28 ../drivers\libIotLibrary.a(stdio_driver.o)
 .debug_ranges  0x00000930       0x40 ../drivers\libIotLibrary.a(twi.o)
 .debug_ranges  0x00000970       0x10 ../drivers\libIotLibrary.a(fifo.o)

.debug_macro
 *(.debug_macro)
OUTPUT(IoT.elf elf32-avr)
LOAD linker stubs
